###############################################################################
#
# IAR ELF Linker V9.60.3.422/W64 for ARM                  26/Aug/2025  18:28:23
# Copyright 2007-2024 IAR Systems AB.
#
#    Output file  =
#        C:\Users\Admin\Desktop\Dispenser\Gateway\EWARM\Gateway_407\Exe\Gateway_407.out
#    Map file     =
#        C:\Users\Admin\Desktop\Dispenser\Gateway\EWARM\Gateway_407\List\Gateway_407.map
#    Command line =
#        -f
#        C:\Users\Admin\Desktop\Dispenser\Gateway\EWARM\Gateway_407\Exe\Gateway_407.out.rsp
#        (C:\Users\Admin\Desktop\Dispenser\Gateway\EWARM\Gateway_407\Obj\portable_7947777220660125680.dir\BufferAllocation_2.o
#        C:\Users\Admin\Desktop\Dispenser\Gateway\EWARM\Gateway_407\Obj\FreeRTOS_15068288790229095433.dir\event_groups.o
#        C:\Users\Admin\Desktop\Dispenser\Gateway\EWARM\Gateway_407\Obj\FreeRTOS-Plus-TCP_16686340316780321206.dir\FreeRTOS_ARP.o
#        C:\Users\Admin\Desktop\Dispenser\Gateway\EWARM\Gateway_407\Obj\FreeRTOS-Plus-TCP_16686340316780321206.dir\FreeRTOS_BitConfig.o
#        C:\Users\Admin\Desktop\Dispenser\Gateway\EWARM\Gateway_407\Obj\FreeRTOS-Plu-Cli_11501085631675054166.dir\FreeRTOS_CLI.o
#        C:\Users\Admin\Desktop\Dispenser\Gateway\EWARM\Gateway_407\Obj\FreeRTOS-Plus-TCP_16686340316780321206.dir\FreeRTOS_DHCP.o
#        C:\Users\Admin\Desktop\Dispenser\Gateway\EWARM\Gateway_407\Obj\FreeRTOS-Plus-TCP_16686340316780321206.dir\FreeRTOS_DHCPv6.o
#        C:\Users\Admin\Desktop\Dispenser\Gateway\EWARM\Gateway_407\Obj\FreeRTOS-Plus-TCP_16686340316780321206.dir\FreeRTOS_DNS.o
#        C:\Users\Admin\Desktop\Dispenser\Gateway\EWARM\Gateway_407\Obj\FreeRTOS-Plus-TCP_16686340316780321206.dir\FreeRTOS_DNS_Cache.o
#        C:\Users\Admin\Desktop\Dispenser\Gateway\EWARM\Gateway_407\Obj\FreeRTOS-Plus-TCP_16686340316780321206.dir\FreeRTOS_DNS_Callback.o
#        C:\Users\Admin\Desktop\Dispenser\Gateway\EWARM\Gateway_407\Obj\FreeRTOS-Plus-TCP_16686340316780321206.dir\FreeRTOS_DNS_Networking.o
#        C:\Users\Admin\Desktop\Dispenser\Gateway\EWARM\Gateway_407\Obj\FreeRTOS-Plus-TCP_16686340316780321206.dir\FreeRTOS_DNS_Parser.o
#        C:\Users\Admin\Desktop\Dispenser\Gateway\EWARM\Gateway_407\Obj\FreeRTOS-Plus-TCP_16686340316780321206.dir\FreeRTOS_ICMP.o
#        C:\Users\Admin\Desktop\Dispenser\Gateway\EWARM\Gateway_407\Obj\FreeRTOS-Plus-TCP_16686340316780321206.dir\FreeRTOS_IP.o
#        C:\Users\Admin\Desktop\Dispenser\Gateway\EWARM\Gateway_407\Obj\FreeRTOS-Plus-TCP_16686340316780321206.dir\FreeRTOS_IP_Timers.o
#        C:\Users\Admin\Desktop\Dispenser\Gateway\EWARM\Gateway_407\Obj\FreeRTOS-Plus-TCP_16686340316780321206.dir\FreeRTOS_IP_Utils.o
#        C:\Users\Admin\Desktop\Dispenser\Gateway\EWARM\Gateway_407\Obj\FreeRTOS-Plus-TCP_16686340316780321206.dir\FreeRTOS_IPv4.o
#        C:\Users\Admin\Desktop\Dispenser\Gateway\EWARM\Gateway_407\Obj\FreeRTOS-Plus-TCP_16686340316780321206.dir\FreeRTOS_IPv4_Sockets.o
#        C:\Users\Admin\Desktop\Dispenser\Gateway\EWARM\Gateway_407\Obj\FreeRTOS-Plus-TCP_16686340316780321206.dir\FreeRTOS_IPv4_Utils.o
#        C:\Users\Admin\Desktop\Dispenser\Gateway\EWARM\Gateway_407\Obj\FreeRTOS-Plus-TCP_16686340316780321206.dir\FreeRTOS_IPv6.o
#        C:\Users\Admin\Desktop\Dispenser\Gateway\EWARM\Gateway_407\Obj\FreeRTOS-Plus-TCP_16686340316780321206.dir\FreeRTOS_IPv6_Sockets.o
#        C:\Users\Admin\Desktop\Dispenser\Gateway\EWARM\Gateway_407\Obj\FreeRTOS-Plus-TCP_16686340316780321206.dir\FreeRTOS_IPv6_Utils.o
#        C:\Users\Admin\Desktop\Dispenser\Gateway\EWARM\Gateway_407\Obj\FreeRTOS-Plus-TCP_16686340316780321206.dir\FreeRTOS_ND.o
#        C:\Users\Admin\Desktop\Dispenser\Gateway\EWARM\Gateway_407\Obj\FreeRTOS-Plus-TCP_16686340316780321206.dir\FreeRTOS_RA.o
#        C:\Users\Admin\Desktop\Dispenser\Gateway\EWARM\Gateway_407\Obj\FreeRTOS-Plus-TCP_16686340316780321206.dir\FreeRTOS_Routing.o
#        C:\Users\Admin\Desktop\Dispenser\Gateway\EWARM\Gateway_407\Obj\FreeRTOS-Plus-TCP_16686340316780321206.dir\FreeRTOS_Sockets.o
#        C:\Users\Admin\Desktop\Dispenser\Gateway\EWARM\Gateway_407\Obj\FreeRTOS-Plus-TCP_16686340316780321206.dir\FreeRTOS_Stream_Buffer.o
#        C:\Users\Admin\Desktop\Dispenser\Gateway\EWARM\Gateway_407\Obj\FreeRTOS-Plus-TCP_16686340316780321206.dir\FreeRTOS_TCP_IP.o
#        C:\Users\Admin\Desktop\Dispenser\Gateway\EWARM\Gateway_407\Obj\FreeRTOS-Plus-TCP_16686340316780321206.dir\FreeRTOS_TCP_IP_IPv4.o
#        C:\Users\Admin\Desktop\Dispenser\Gateway\EWARM\Gateway_407\Obj\FreeRTOS-Plus-TCP_16686340316780321206.dir\FreeRTOS_TCP_IP_IPv6.o
#        C:\Users\Admin\Desktop\Dispenser\Gateway\EWARM\Gateway_407\Obj\FreeRTOS-Plus-TCP_16686340316780321206.dir\FreeRTOS_TCP_Reception.o
#        C:\Users\Admin\Desktop\Dispenser\Gateway\EWARM\Gateway_407\Obj\FreeRTOS-Plus-TCP_16686340316780321206.dir\FreeRTOS_TCP_State_Handling.o
#        C:\Users\Admin\Desktop\Dispenser\Gateway\EWARM\Gateway_407\Obj\FreeRTOS-Plus-TCP_16686340316780321206.dir\FreeRTOS_TCP_State_Handling_IPv4.o
#        C:\Users\Admin\Desktop\Dispenser\Gateway\EWARM\Gateway_407\Obj\FreeRTOS-Plus-TCP_16686340316780321206.dir\FreeRTOS_TCP_State_Handling_IPv6.o
#        C:\Users\Admin\Desktop\Dispenser\Gateway\EWARM\Gateway_407\Obj\FreeRTOS-Plus-TCP_16686340316780321206.dir\FreeRTOS_TCP_Transmission.o
#        C:\Users\Admin\Desktop\Dispenser\Gateway\EWARM\Gateway_407\Obj\FreeRTOS-Plus-TCP_16686340316780321206.dir\FreeRTOS_TCP_Transmission_IPv4.o
#        C:\Users\Admin\Desktop\Dispenser\Gateway\EWARM\Gateway_407\Obj\FreeRTOS-Plus-TCP_16686340316780321206.dir\FreeRTOS_TCP_Transmission_IPv6.o
#        C:\Users\Admin\Desktop\Dispenser\Gateway\EWARM\Gateway_407\Obj\FreeRTOS-Plus-TCP_16686340316780321206.dir\FreeRTOS_TCP_Utils.o
#        C:\Users\Admin\Desktop\Dispenser\Gateway\EWARM\Gateway_407\Obj\FreeRTOS-Plus-TCP_16686340316780321206.dir\FreeRTOS_TCP_Utils_IPv4.o
#        C:\Users\Admin\Desktop\Dispenser\Gateway\EWARM\Gateway_407\Obj\FreeRTOS-Plus-TCP_16686340316780321206.dir\FreeRTOS_TCP_Utils_IPv6.o
#        C:\Users\Admin\Desktop\Dispenser\Gateway\EWARM\Gateway_407\Obj\FreeRTOS-Plus-TCP_16686340316780321206.dir\FreeRTOS_TCP_WIN.o
#        C:\Users\Admin\Desktop\Dispenser\Gateway\EWARM\Gateway_407\Obj\FreeRTOS-Plus-TCP_16686340316780321206.dir\FreeRTOS_Tiny_TCP.o
#        C:\Users\Admin\Desktop\Dispenser\Gateway\EWARM\Gateway_407\Obj\FreeRTOS-Plus-TCP_16686340316780321206.dir\FreeRTOS_UDP_IP.o
#        C:\Users\Admin\Desktop\Dispenser\Gateway\EWARM\Gateway_407\Obj\FreeRTOS-Plus-TCP_16686340316780321206.dir\FreeRTOS_UDP_IPv4.o
#        C:\Users\Admin\Desktop\Dispenser\Gateway\EWARM\Gateway_407\Obj\FreeRTOS-Plus-TCP_16686340316780321206.dir\FreeRTOS_UDP_IPv6.o
#        C:\Users\Admin\Desktop\Dispenser\Gateway\EWARM\Gateway_407\Obj\Core_13247989168731456611.dir\gpio.o
#        C:\Users\Admin\Desktop\Dispenser\Gateway\EWARM\Gateway_407\Obj\portable_15954926109208205999.dir\heap_4.o
#        C:\Users\Admin\Desktop\Dispenser\Gateway\EWARM\Gateway_407\Obj\FreeRTOS_15068288790229095433.dir\list.o
#        C:\Users\Admin\Desktop\Dispenser\Gateway\EWARM\Gateway_407\Obj\Core_13247989168731456611.dir\main.o
#        C:\Users\Admin\Desktop\Dispenser\Gateway\EWARM\Gateway_407\Obj\portable_7947777220660125680.dir\NetworkInterface.o
#        C:\Users\Admin\Desktop\Dispenser\Gateway\EWARM\Gateway_407\Obj\portable_7947777220660125680.dir\phyHandling.o
#        C:\Users\Admin\Desktop\Dispenser\Gateway\EWARM\Gateway_407\Obj\portable_15954926109208205999.dir\port.o
#        C:\Users\Admin\Desktop\Dispenser\Gateway\EWARM\Gateway_407\Obj\portable_15954926109208205999.dir\portasm.o
#        C:\Users\Admin\Desktop\Dispenser\Gateway\EWARM\Gateway_407\Obj\FreeRTOS_15068288790229095433.dir\queue.o
#        C:\Users\Admin\Desktop\Dispenser\Gateway\EWARM\Gateway_407\Obj\Core_13247989168731456611.dir\spi.o
#        C:\Users\Admin\Desktop\Dispenser\Gateway\EWARM\Gateway_407\Obj\EWARM_18443280873093131863.dir\startup_stm32f407xx.o
#        C:\Users\Admin\Desktop\Dispenser\Gateway\EWARM\Gateway_407\Obj\STM32F4xx_HAL_Driver_1244631019742807970.dir\stm32f4xx_hal.o
#        C:\Users\Admin\Desktop\Dispenser\Gateway\EWARM\Gateway_407\Obj\STM32F4xx_HAL_Driver_1244631019742807970.dir\stm32f4xx_hal_cortex.o
#        C:\Users\Admin\Desktop\Dispenser\Gateway\EWARM\Gateway_407\Obj\STM32F4xx_HAL_Driver_1244631019742807970.dir\stm32f4xx_hal_dma.o
#        C:\Users\Admin\Desktop\Dispenser\Gateway\EWARM\Gateway_407\Obj\STM32F4xx_HAL_Driver_1244631019742807970.dir\stm32f4xx_hal_dma_ex.o
#        C:\Users\Admin\Desktop\Dispenser\Gateway\EWARM\Gateway_407\Obj\STM32F4xx_HAL_Driver_1244631019742807970.dir\stm32f4xx_hal_exti.o
#        C:\Users\Admin\Desktop\Dispenser\Gateway\EWARM\Gateway_407\Obj\STM32F4xx_HAL_Driver_1244631019742807970.dir\stm32f4xx_hal_flash.o
#        C:\Users\Admin\Desktop\Dispenser\Gateway\EWARM\Gateway_407\Obj\STM32F4xx_HAL_Driver_1244631019742807970.dir\stm32f4xx_hal_flash_ex.o
#        C:\Users\Admin\Desktop\Dispenser\Gateway\EWARM\Gateway_407\Obj\STM32F4xx_HAL_Driver_1244631019742807970.dir\stm32f4xx_hal_flash_ramfunc.o
#        C:\Users\Admin\Desktop\Dispenser\Gateway\EWARM\Gateway_407\Obj\STM32F4xx_HAL_Driver_1244631019742807970.dir\stm32f4xx_hal_gpio.o
#        C:\Users\Admin\Desktop\Dispenser\Gateway\EWARM\Gateway_407\Obj\Core_13247989168731456611.dir\stm32f4xx_hal_msp.o
#        C:\Users\Admin\Desktop\Dispenser\Gateway\EWARM\Gateway_407\Obj\STM32F4xx_HAL_Driver_1244631019742807970.dir\stm32f4xx_hal_pcd.o
#        C:\Users\Admin\Desktop\Dispenser\Gateway\EWARM\Gateway_407\Obj\STM32F4xx_HAL_Driver_1244631019742807970.dir\stm32f4xx_hal_pcd_ex.o
#        C:\Users\Admin\Desktop\Dispenser\Gateway\EWARM\Gateway_407\Obj\STM32F4xx_HAL_Driver_1244631019742807970.dir\stm32f4xx_hal_pwr.o
#        C:\Users\Admin\Desktop\Dispenser\Gateway\EWARM\Gateway_407\Obj\STM32F4xx_HAL_Driver_1244631019742807970.dir\stm32f4xx_hal_pwr_ex.o
#        C:\Users\Admin\Desktop\Dispenser\Gateway\EWARM\Gateway_407\Obj\STM32F4xx_HAL_Driver_1244631019742807970.dir\stm32f4xx_hal_rcc.o
#        C:\Users\Admin\Desktop\Dispenser\Gateway\EWARM\Gateway_407\Obj\STM32F4xx_HAL_Driver_1244631019742807970.dir\stm32f4xx_hal_rcc_ex.o
#        C:\Users\Admin\Desktop\Dispenser\Gateway\EWARM\Gateway_407\Obj\STM32F4xx_HAL_Driver_1244631019742807970.dir\stm32f4xx_hal_spi.o
#        C:\Users\Admin\Desktop\Dispenser\Gateway\EWARM\Gateway_407\Obj\STM32F4xx_HAL_Driver_1244631019742807970.dir\stm32f4xx_hal_tim.o
#        C:\Users\Admin\Desktop\Dispenser\Gateway\EWARM\Gateway_407\Obj\STM32F4xx_HAL_Driver_1244631019742807970.dir\stm32f4xx_hal_tim_ex.o
#        C:\Users\Admin\Desktop\Dispenser\Gateway\EWARM\Gateway_407\Obj\Core_13247989168731456611.dir\stm32f4xx_hal_timebase_tim.o
#        C:\Users\Admin\Desktop\Dispenser\Gateway\EWARM\Gateway_407\Obj\Core_13247989168731456611.dir\stm32f4xx_it.o
#        C:\Users\Admin\Desktop\Dispenser\Gateway\EWARM\Gateway_407\Obj\STM32F4xx_HAL_Driver_1244631019742807970.dir\stm32f4xx_ll_dma.o
#        C:\Users\Admin\Desktop\Dispenser\Gateway\EWARM\Gateway_407\Obj\STM32F4xx_HAL_Driver_1244631019742807970.dir\stm32f4xx_ll_exti.o
#        C:\Users\Admin\Desktop\Dispenser\Gateway\EWARM\Gateway_407\Obj\STM32F4xx_HAL_Driver_1244631019742807970.dir\stm32f4xx_ll_gpio.o
#        C:\Users\Admin\Desktop\Dispenser\Gateway\EWARM\Gateway_407\Obj\STM32F4xx_HAL_Driver_1244631019742807970.dir\stm32f4xx_ll_rcc.o
#        C:\Users\Admin\Desktop\Dispenser\Gateway\EWARM\Gateway_407\Obj\STM32F4xx_HAL_Driver_1244631019742807970.dir\stm32f4xx_ll_spi.o
#        C:\Users\Admin\Desktop\Dispenser\Gateway\EWARM\Gateway_407\Obj\STM32F4xx_HAL_Driver_1244631019742807970.dir\stm32f4xx_ll_tim.o
#        C:\Users\Admin\Desktop\Dispenser\Gateway\EWARM\Gateway_407\Obj\STM32F4xx_HAL_Driver_1244631019742807970.dir\stm32f4xx_ll_usb.o
#        C:\Users\Admin\Desktop\Dispenser\Gateway\EWARM\Gateway_407\Obj\STM32F4xx_HAL_Driver_1244631019742807970.dir\stm32f4xx_ll_utils.o
#        C:\Users\Admin\Desktop\Dispenser\Gateway\EWARM\Gateway_407\Obj\portable_7947777220660125680.dir\stm32fxx_hal_eth.o
#        C:\Users\Admin\Desktop\Dispenser\Gateway\EWARM\Gateway_407\Obj\FreeRTOS_15068288790229095433.dir\stream_buffer.o
#        C:\Users\Admin\Desktop\Dispenser\Gateway\EWARM\Gateway_407\Obj\CMSIS_6603591812247902717.dir\system_stm32f4xx.o
#        C:\Users\Admin\Desktop\Dispenser\Gateway\EWARM\Gateway_407\Obj\FreeRTOS_15068288790229095433.dir\tasks.o
#        C:\Users\Admin\Desktop\Dispenser\Gateway\EWARM\Gateway_407\Obj\Core_13247989168731456611.dir\tim.o
#        C:\Users\Admin\Desktop\Dispenser\Gateway\EWARM\Gateway_407\Obj\FreeRTOS_15068288790229095433.dir\timers.o
#        C:\Users\Admin\Desktop\Dispenser\Gateway\EWARM\Gateway_407\Obj\App_6048373297342892631.dir\usb_device.o
#        C:\Users\Admin\Desktop\Dispenser\Gateway\EWARM\Gateway_407\Obj\USB_Device_Library_15009154495834662892.dir\usbd_cdc.o
#        C:\Users\Admin\Desktop\Dispenser\Gateway\EWARM\Gateway_407\Obj\App_6048373297342892631.dir\usbd_cdc_if.o
#        C:\Users\Admin\Desktop\Dispenser\Gateway\EWARM\Gateway_407\Obj\Target_2794460481546860895.dir\usbd_conf.o
#        C:\Users\Admin\Desktop\Dispenser\Gateway\EWARM\Gateway_407\Obj\USB_Device_Library_15009154495834662892.dir\usbd_core.o
#        C:\Users\Admin\Desktop\Dispenser\Gateway\EWARM\Gateway_407\Obj\USB_Device_Library_15009154495834662892.dir\usbd_ctlreq.o
#        C:\Users\Admin\Desktop\Dispenser\Gateway\EWARM\Gateway_407\Obj\App_6048373297342892631.dir\usbd_desc.o
#        C:\Users\Admin\Desktop\Dispenser\Gateway\EWARM\Gateway_407\Obj\USB_Device_Library_15009154495834662892.dir\usbd_ioreq.o
#        --no_out_extension -o
#        C:\Users\Admin\Desktop\Dispenser\Gateway\EWARM\Gateway_407\Exe\Gateway_407.out
#        --redirect _Printf=_PrintfFullNoMb --redirect _Scanf=_ScanfFullNoMb
#        --map
#        C:\Users\Admin\Desktop\Dispenser\Gateway\EWARM\Gateway_407\List\Gateway_407.map
#        --config
#        C:\Users\Admin\Desktop\Dispenser\Gateway\EWARM/stm32f407xx_flash.icf
#        --semihosting --entry __iar_program_start --vfe --text_out locale
#        --cpu=Cortex-M4 --fpu=VFPv4_sp) --dependencies=n
#        C:\Users\Admin\Desktop\Dispenser\Gateway\EWARM\Gateway_407\Exe\Gateway_407.out.iar_deps
#
###############################################################################

*******************************************************************************
*** RUNTIME MODEL ATTRIBUTES
***

CppFlavor       = *
__CPP_Runtime   = 1
__SystemLibrary = DLib
__dlib_version  = 6


*******************************************************************************
*** HEAP SELECTION
***

The basic heap was selected because --advanced_heap
was not specified and the application did not appear to
be primarily optimized for speed.


*******************************************************************************
*** PLACEMENT SUMMARY
***

"A0":  place at address 0x800'0000 { ro section .intvec };
"P1":  place in [from 0x800'0000 to 0x80f'ffff] { ro };
define block CSTACK with size = 1K, alignment = 8 { };
define block HEAP with size = 512, alignment = 8 { };
"P2":  place in [from 0x2000'0000 to 0x2001'ffff] {
          rw, block CSTACK, block HEAP };
initialize by copy { rw };

  Section            Kind         Address  Alignment    Size  Object
  -------            ----         -------  ---------    ----  ------
"A0":                                                  0x188
  .intvec            ro code   0x800'0000          4   0x188  startup_stm32f407xx.o [4]
                             - 0x800'0188              0x188

"P1":                                                 0x4136
  .text              ro code   0x800'0188          4   0x9ec  stm32f4xx_ll_usb.o [8]
  .text              ro code   0x800'0b74          4    0x28  stm32f4xx_hal.o [8]
  .text              ro code   0x800'0b9c          4     0xc  stm32f4xx_hal.o [8]
  .text              ro code   0x800'0ba8          4   0x990  stm32f4xx_hal_pcd.o [8]
  .text              ro code   0x800'1538          4   0x24c  usbd_conf.o [9]
  .text              ro code   0x800'1784          4    0x18  ABImemcpy_small.o [15]
  .text              ro code   0x800'179c          2     0x2  stm32f4xx_hal_pcd_ex.o [8]
  .text              ro code   0x800'179e          2    0x7e  lz77_init_single.o [15]
  .text              ro code   0x800'181c          4   0x17c  stm32f4xx_hal_rcc.o [8]
  .text              ro code   0x800'1998          4     0x6  ABImemclr4.o [15]
  .text              ro code   0x800'19a0          4   0x1ec  stm32f4xx_hal_gpio.o [8]
  .text              ro code   0x800'1b8c          4    0x90  stm32f4xx_hal_cortex.o [8]
  .text              ro code   0x800'1c1c          2   0x362  usbd_core.o [10]
  .text              ro code   0x800'1f80          4    0xd4  main.o [3]
  .text              ro code   0x800'2054          2    0x4a  stm32f4xx_hal_pcd_ex.o [8]
  .text              ro code   0x800'20a0          4    0x60  stm32f4xx_hal_rcc.o [8]
  .text              ro code   0x800'2100          4    0xa0  stm32f4xx_hal_timebase_tim.o [3]
  .text              ro code   0x800'21a0          4    0x32  ABImemset48.o [15]
  .text              ro code   0x800'21d4          4   0x504  usbd_ctlreq.o [10]
  .text              ro code   0x800'26d8          2    0x64  usbd_ioreq.o [10]
  .text              ro code   0x800'273c          4    0x34  stm32f4xx_hal.o [8]
  .text              ro code   0x800'2770          4   0x3e6  gpio.o [3]
  .text              ro code   0x800'2b58          4    0x54  usb_device.o [1]
  .text              ro code   0x800'2bac          4   0x310  stm32f4xx_hal_rcc.o [8]
  .text              ro code   0x800'2ebc          4    0x10  stm32f4xx_hal.o [8]
  .text              ro code   0x800'2ecc          4   0x106  I64DivMod_small.o [15]
  .text              ro code   0x800'2fd4          4   0x2e0  stm32f4xx_hal_tim.o [8]
  .text              ro code   0x800'32b4          4    0x38  stm32f4xx_hal_msp.o [3]
  .text              ro code   0x800'32ec          4    0x12  ABImemset_small.o [15]
  .text              ro code   0x800'3300          4    0xee  stm32f4xx_ll_gpio.o [8]
  .text              ro code   0x800'33f0          4    0xb0  stm32f4xx_ll_exti.o [8]
  .text              ro code   0x800'34a0          4   0x3e2  usbd_cdc.o [10]
  .text              ro code   0x800'3884          4     0x2  I64DivZer.o [15]
  .text              ro code   0x800'3886          2     0x2  stm32f4xx_hal_tim.o [8]
  .text              ro code   0x800'3888          2     0x2  stm32f4xx_hal_tim.o [8]
  .text              ro code   0x800'388a          2     0x2  stm32f4xx_hal_tim.o [8]
  .text              ro code   0x800'388c          2     0x2  stm32f4xx_hal_tim_ex.o [8]
  .text              ro code   0x800'388e          2     0x2  stm32f4xx_hal_tim.o [8]
  .text              ro code   0x800'3890          2     0x2  stm32f4xx_hal_tim_ex.o [8]
  .text              ro code   0x800'3892          2     0x2  stm32f4xx_hal_tim.o [8]
  .text              ro code   0x800'3894          4     0x6  ABImemclr.o [15]
  .text              ro code   0x800'389c          4   0x2fc  tasks.o [7]
  .text              ro code   0x800'3b98          4    0x76  port.o [11]
  .text              ro code   0x800'3c10          4   0x100  usbd_desc.o [1]
  CODE               ro code   0x800'3d10          4    0xb0  portasm.o [11]
  .text              ro code   0x800'3dc0          4    0x7c  NetworkInterface.o [12]
  .text              ro code   0x800'3e3c          4    0x40  stm32fxx_hal_eth.o [12]
  .text              ro code   0x800'3e7c          2     0x2  stm32fxx_hal_eth.o [12]
  .text              ro code   0x800'3e80          4    0x48  usbd_cdc_if.o [1]
  .text              ro code   0x800'3ec8          2    0x38  zero_init3.o [15]
  .text              ro code   0x800'3f00          4    0x28  data_init.o [15]
  .text              ro code   0x800'3f28          4    0x22  fpinit_M.o [14]
  .iar.init_table    const     0x800'3f4c          4    0x20  - Linker created -
  .text              ro code   0x800'3f6c          4    0x20  stm32f4xx_it.o [3]
  .text              ro code   0x800'3f8c          4    0x20  system_stm32f4xx.o [2]
  .text              ro code   0x800'3fac          4    0x1e  cmain.o [15]
  .text              ro code   0x800'3fca          2     0x4  low_level_init.o [13]
  .text              ro code   0x800'3fce          2     0x4  exit.o [13]
  .text              ro code   0x800'3fd4          4     0xa  cexit.o [15]
  .text              ro code   0x800'3fe0          4    0x14  exit.o [16]
  .text              ro code   0x800'3ff4          4    0x1c  cstartup_M.o [15]
  .text              ro code   0x800'4010          4    0x10  startup_stm32f407xx.o [4]
  .rodata            const     0x800'4020          4     0x8  system_stm32f4xx.o [2]
  .text              ro code   0x800'4028          2     0x4  startup_stm32f407xx.o [4]
  .text              ro code   0x800'402c          2     0x4  startup_stm32f407xx.o [4]
  .text              ro code   0x800'4030          2     0x4  startup_stm32f407xx.o [4]
  .text              ro code   0x800'4034          2     0x4  startup_stm32f407xx.o [4]
  .text              ro code   0x800'4038          2     0x4  startup_stm32f407xx.o [4]
  .text              ro code   0x800'403c          2     0x4  startup_stm32f407xx.o [4]
  .text              ro code   0x800'4040          2     0x4  startup_stm32f407xx.o [4]
  .text              ro code   0x800'4044          2     0x4  startup_stm32f407xx.o [4]
  .text              ro code   0x800'4048          2     0x4  startup_stm32f407xx.o [4]
  .text              ro code   0x800'404c          2     0x4  startup_stm32f407xx.o [4]
  .text              ro code   0x800'4050          2     0x4  startup_stm32f407xx.o [4]
  .text              ro code   0x800'4054          2     0x4  startup_stm32f407xx.o [4]
  .text              ro code   0x800'4058          2     0x4  startup_stm32f407xx.o [4]
  .text              ro code   0x800'405c          2     0x4  startup_stm32f407xx.o [4]
  .text              ro code   0x800'4060          2     0x4  startup_stm32f407xx.o [4]
  .text              ro code   0x800'4064          2     0x4  startup_stm32f407xx.o [4]
  .text              ro code   0x800'4068          2     0x4  startup_stm32f407xx.o [4]
  .text              ro code   0x800'406c          2     0x4  startup_stm32f407xx.o [4]
  .text              ro code   0x800'4070          2     0x4  startup_stm32f407xx.o [4]
  .text              ro code   0x800'4074          2     0x4  startup_stm32f407xx.o [4]
  .text              ro code   0x800'4078          2     0x4  startup_stm32f407xx.o [4]
  .text              ro code   0x800'407c          2     0x4  startup_stm32f407xx.o [4]
  .text              ro code   0x800'4080          2     0x4  startup_stm32f407xx.o [4]
  .text              ro code   0x800'4084          2     0x4  startup_stm32f407xx.o [4]
  .text              ro code   0x800'4088          2     0x4  startup_stm32f407xx.o [4]
  .text              ro code   0x800'408c          2     0x4  startup_stm32f407xx.o [4]
  .text              ro code   0x800'4090          2     0x4  startup_stm32f407xx.o [4]
  .text              ro code   0x800'4094          2     0x4  startup_stm32f407xx.o [4]
  .text              ro code   0x800'4098          2     0x4  startup_stm32f407xx.o [4]
  .text              ro code   0x800'409c          2     0x4  startup_stm32f407xx.o [4]
  .text              ro code   0x800'40a0          2     0x4  startup_stm32f407xx.o [4]
  .text              ro code   0x800'40a4          2     0x4  startup_stm32f407xx.o [4]
  .text              ro code   0x800'40a8          2     0x4  startup_stm32f407xx.o [4]
  .text              ro code   0x800'40ac          2     0x4  startup_stm32f407xx.o [4]
  .text              ro code   0x800'40b0          2     0x4  startup_stm32f407xx.o [4]
  .text              ro code   0x800'40b4          2     0x4  startup_stm32f407xx.o [4]
  .text              ro code   0x800'40b8          2     0x4  startup_stm32f407xx.o [4]
  .text              ro code   0x800'40bc          2     0x4  startup_stm32f407xx.o [4]
  .text              ro code   0x800'40c0          2     0x4  startup_stm32f407xx.o [4]
  .text              ro code   0x800'40c4          2     0x4  startup_stm32f407xx.o [4]
  .text              ro code   0x800'40c8          2     0x4  startup_stm32f407xx.o [4]
  .text              ro code   0x800'40cc          2     0x4  startup_stm32f407xx.o [4]
  .text              ro code   0x800'40d0          2     0x4  startup_stm32f407xx.o [4]
  .text              ro code   0x800'40d4          2     0x4  startup_stm32f407xx.o [4]
  .text              ro code   0x800'40d8          2     0x4  startup_stm32f407xx.o [4]
  .text              ro code   0x800'40dc          2     0x4  startup_stm32f407xx.o [4]
  .text              ro code   0x800'40e0          2     0x4  startup_stm32f407xx.o [4]
  .text              ro code   0x800'40e4          2     0x4  startup_stm32f407xx.o [4]
  .text              ro code   0x800'40e8          2     0x4  startup_stm32f407xx.o [4]
  .text              ro code   0x800'40ec          2     0x4  startup_stm32f407xx.o [4]
  .text              ro code   0x800'40f0          2     0x4  startup_stm32f407xx.o [4]
  .text              ro code   0x800'40f4          2     0x4  startup_stm32f407xx.o [4]
  .text              ro code   0x800'40f8          2     0x4  startup_stm32f407xx.o [4]
  .text              ro code   0x800'40fc          2     0x4  startup_stm32f407xx.o [4]
  .text              ro code   0x800'4100          2     0x4  startup_stm32f407xx.o [4]
  .text              ro code   0x800'4104          2     0x4  startup_stm32f407xx.o [4]
  .text              ro code   0x800'4108          2     0x4  startup_stm32f407xx.o [4]
  .text              ro code   0x800'410c          2     0x4  startup_stm32f407xx.o [4]
  .text              ro code   0x800'4110          2     0x4  startup_stm32f407xx.o [4]
  .text              ro code   0x800'4114          2     0x4  startup_stm32f407xx.o [4]
  .text              ro code   0x800'4118          2     0x4  startup_stm32f407xx.o [4]
  .text              ro code   0x800'411c          2     0x4  startup_stm32f407xx.o [4]
  .text              ro code   0x800'4120          2     0x4  startup_stm32f407xx.o [4]
  .text              ro code   0x800'4124          2     0x4  startup_stm32f407xx.o [4]
  .text              ro code   0x800'4128          2     0x4  startup_stm32f407xx.o [4]
  .text              ro code   0x800'412c          2     0x4  startup_stm32f407xx.o [4]
  .text              ro code   0x800'4130          2     0x4  startup_stm32f407xx.o [4]
  .text              ro code   0x800'4134          2     0x4  startup_stm32f407xx.o [4]
  .text              ro code   0x800'4138          2     0x4  startup_stm32f407xx.o [4]
  .text              ro code   0x800'413c          2     0x4  startup_stm32f407xx.o [4]
  .text              ro code   0x800'4140          2     0x4  startup_stm32f407xx.o [4]
  .text              ro code   0x800'4144          2     0x4  startup_stm32f407xx.o [4]
  .text              ro code   0x800'4148          2     0x4  startup_stm32f407xx.o [4]
  .text              ro code   0x800'414c          2     0x4  startup_stm32f407xx.o [4]
  .text              ro code   0x800'4150          2     0x4  startup_stm32f407xx.o [4]
  .text              ro code   0x800'4154          2     0x4  startup_stm32f407xx.o [4]
  .text              ro code   0x800'4158          2     0x4  startup_stm32f407xx.o [4]
  .text              ro code   0x800'415c          2     0x4  startup_stm32f407xx.o [4]
  .rodata            const     0x800'4160                0x0  zero_init3.o [15]
  .rodata            const     0x800'4160                0x0  lz77_init_single.o [15]
  Initializer bytes  const     0x800'4160              0x15e  <for P2-1>
                             - 0x800'42be             0x4136

"P2", part 1 of 3:                                    0x3200
  P2-1                        0x2000'0000             0x3200  <Init block>
    .data            inited   0x2000'0000          4  0x3054  NetworkInterface.o [12]
    .data            inited   0x2000'3054          4     0xc  port.o [11]
    .data            inited   0x2000'3060          4     0xc  stm32f4xx_hal.o [8]
    .data            inited   0x2000'306c          4     0x4  system_stm32f4xx.o [2]
    .data            inited   0x2000'3070          4    0xa4  tasks.o [7]
    .data            inited   0x2000'3114          4     0xc  usbd_cdc.o [10]
    .data            inited   0x2000'3120          4    0x38  usbd_cdc.o [10]
    .data            inited   0x2000'3158          4    0x44  usbd_cdc.o [10]
    .data            inited   0x2000'319c          4    0x14  usbd_cdc_if.o [1]
    .data            inited   0x2000'31b0          4    0x1c  usbd_desc.o [1]
    .data            inited   0x2000'31cc          4    0x14  usbd_desc.o [1]
    .data            inited   0x2000'31e0          4     0x4  usbd_desc.o [1]
    .data            inited   0x2000'31e4          4    0x1c  usbd_desc.o [1]
                            - 0x2000'3200             0x3200

"P2", part 2 of 3:                                    0x1da0
  .bss               zero     0x2000'3200          4  0x1000  usbd_cdc_if.o [1]
  .bss               zero     0x2000'4200          4   0x4e4  usbd_conf.o [9]
  .bss               zero     0x2000'46e4          4   0x2dc  usb_device.o [1]
  .bss               zero     0x2000'49c0          4   0x220  usbd_conf.o [9]
  .bss               zero     0x2000'4be0          4   0x200  usbd_desc.o [1]
  .bss               zero     0x2000'4de0          4   0x12c  tasks.o [7]
  .bss               zero     0x2000'4f0c          4    0x48  NetworkInterface.o [12]
  .bss               zero     0x2000'4f54          4    0x48  stm32f4xx_hal_timebase_tim.o [3]
  .bss               zero     0x2000'4f9c                0x1  usbd_ctlreq.o [10]
                            - 0x2000'4f9d             0x1d9d

"P2", part 3 of 3:                                     0x400
  CSTACK                      0x2000'4fa0          8   0x400  <Block>
    CSTACK           uninit   0x2000'4fa0              0x400  <Block tail>
                            - 0x2000'53a0              0x400

Unused ranges:

         From           To      Size
         ----           --      ----
   0x800'42be   0x80f'ffff  0xf'bd42
  0x2000'53a0  0x2001'ffff  0x1'ac60


*******************************************************************************
*** INIT TABLE
***

          Address      Size
          -------      ----
Zero (__iar_zero_init3)
    1 destination range, total size 0x1d9d:
          0x2000'3200  0x1d9d

Copy/lz77 (__iar_lz77_init_single3)
    1 source range, total size 0x15e (2% of destination):
           0x800'4160   0x15e
    1 destination range, total size 0x3200:
          0x2000'0000  0x3200



*******************************************************************************
*** MODULE SUMMARY
***

    Module                        ro code  ro data  rw data
    ------                        -------  -------  -------
command line/config:
    -------------------------------------------------------
    Total:

C:\Users\Admin\Desktop\Dispenser\Gateway\EWARM\Gateway_407\Obj\App_6048373297342892631.dir: [1]
    usb_device.o                       84               732
    usbd_cdc_if.o                      72             4'116
    usbd_desc.o                       256        3      592
    -------------------------------------------------------
    Total:                            412        3    5'440

C:\Users\Admin\Desktop\Dispenser\Gateway\EWARM\Gateway_407\Obj\CMSIS_6603591812247902717.dir: [2]
    system_stm32f4xx.o                 32        9        4
    -------------------------------------------------------
    Total:                             32        9        4

C:\Users\Admin\Desktop\Dispenser\Gateway\EWARM\Gateway_407\Obj\Core_13247989168731456611.dir: [3]
    gpio.o                            998
    main.o                            212
    stm32f4xx_hal_msp.o                56
    stm32f4xx_hal_timebase_tim.o      160                72
    stm32f4xx_it.o                     32
    -------------------------------------------------------
    Total:                          1'458                72

C:\Users\Admin\Desktop\Dispenser\Gateway\EWARM\Gateway_407\Obj\EWARM_18443280873093131863.dir: [4]
    startup_stm32f407xx.o             720
    -------------------------------------------------------
    Total:                            720

C:\Users\Admin\Desktop\Dispenser\Gateway\EWARM\Gateway_407\Obj\FreeRTOS-Plu-Cli_11501085631675054166.dir: [5]
    -------------------------------------------------------
    Total:

C:\Users\Admin\Desktop\Dispenser\Gateway\EWARM\Gateway_407\Obj\FreeRTOS-Plus-TCP_16686340316780321206.dir: [6]
    -------------------------------------------------------
    Total:

C:\Users\Admin\Desktop\Dispenser\Gateway\EWARM\Gateway_407\Obj\FreeRTOS_15068288790229095433.dir: [7]
    tasks.o                           764        4      464
    -------------------------------------------------------
    Total:                            764        4      464

C:\Users\Admin\Desktop\Dispenser\Gateway\EWARM\Gateway_407\Obj\STM32F4xx_HAL_Driver_1244631019742807970.dir: [8]
    stm32f4xx_hal.o                   120                12
    stm32f4xx_hal_cortex.o            144
    stm32f4xx_hal_gpio.o              492
    stm32f4xx_hal_pcd.o             2'448
    stm32f4xx_hal_pcd_ex.o             76
    stm32f4xx_hal_rcc.o             1'260
    stm32f4xx_hal_tim.o               746
    stm32f4xx_hal_tim_ex.o              4
    stm32f4xx_ll_exti.o               176
    stm32f4xx_ll_gpio.o               238
    stm32f4xx_ll_usb.o              2'540
    -------------------------------------------------------
    Total:                          8'244                12

C:\Users\Admin\Desktop\Dispenser\Gateway\EWARM\Gateway_407\Obj\Target_2794460481546860895.dir: [9]
    usbd_conf.o                       588             1'796
    -------------------------------------------------------
    Total:                            588             1'796

C:\Users\Admin\Desktop\Dispenser\Gateway\EWARM\Gateway_407\Obj\USB_Device_Library_15009154495834662892.dir: [10]
    usbd_cdc.o                        994        4      136
    usbd_core.o                       866
    usbd_ctlreq.o                   1'284                 1
    usbd_ioreq.o                      100
    -------------------------------------------------------
    Total:                          3'244        4      137

C:\Users\Admin\Desktop\Dispenser\Gateway\EWARM\Gateway_407\Obj\portable_15954926109208205999.dir: [11]
    port.o                            118                12
    portasm.o                         176
    -------------------------------------------------------
    Total:                            294                12

C:\Users\Admin\Desktop\Dispenser\Gateway\EWARM\Gateway_407\Obj\portable_7947777220660125680.dir: [12]
    NetworkInterface.o                124      338   12'444
    stm32fxx_hal_eth.o                 66
    -------------------------------------------------------
    Total:                            190      338   12'444

dl7M_tlf.a: [13]
    exit.o                              4
    low_level_init.o                    4
    -------------------------------------------------------
    Total:                              8

m7M_tls.a: [14]
    fpinit_M.o                         34
    -------------------------------------------------------
    Total:                             34

rt7M_tl.a: [15]
    ABImemclr.o                         6
    ABImemclr4.o                        6
    ABImemcpy_small.o                  24
    ABImemset48.o                      50
    ABImemset_small.o                  18
    I64DivMod_small.o                 262
    I64DivZer.o                         2
    cexit.o                            10
    cmain.o                            30
    cstartup_M.o                       28
    data_init.o                        40
    lz77_init_single.o                126
    zero_init3.o                       56
    -------------------------------------------------------
    Total:                            658

shb_l.a: [16]
    exit.o                             20
    -------------------------------------------------------
    Total:                             20

    Gaps                               28        2
    Linker created                              32    1'024
-----------------------------------------------------------
    Grand Total:                   16'694      392   21'405


*******************************************************************************
*** ENTRY LIST
***

Entry                       Address    Size  Type      Object
-----                       -------    ----  ----      ------
.iar.init_table$$Base    0x800'3f4c           --   Gb  - Linker created -
.iar.init_table$$Limit   0x800'3f6c           --   Gb  - Linker created -
?main                    0x800'3fad          Code  Gb  cmain.o [15]
ADC_IRQHandler           0x800'4071          Code  Wk  startup_stm32f407xx.o [4]
AHBPrescTable            0x800'3f9c    0x10  Data  Gb  system_stm32f4xx.o [2]
APBPrescTable            0x800'4020     0x8  Data  Gb  system_stm32f4xx.o [2]
BusFault_Handler         0x800'3f73     0x2  Code  Gb  stm32f4xx_it.o [3]
CAN1_RX0_IRQHandler      0x800'4079          Code  Wk  startup_stm32f407xx.o [4]
CAN1_RX1_IRQHandler      0x800'407d          Code  Wk  startup_stm32f407xx.o [4]
CAN1_SCE_IRQHandler      0x800'4081          Code  Wk  startup_stm32f407xx.o [4]
CAN1_TX_IRQHandler       0x800'4075          Code  Wk  startup_stm32f407xx.o [4]
CAN2_RX0_IRQHandler      0x800'4121          Code  Wk  startup_stm32f407xx.o [4]
CAN2_RX1_IRQHandler      0x800'4125          Code  Wk  startup_stm32f407xx.o [4]
CAN2_SCE_IRQHandler      0x800'4129          Code  Wk  startup_stm32f407xx.o [4]
CAN2_TX_IRQHandler       0x800'411d          Code  Wk  startup_stm32f407xx.o [4]
CDC_Control_FS           0x800'3ea3     0x4  Code  Lc  usbd_cdc_if.o [1]
CDC_DeInit_FS            0x800'3e9f     0x4  Code  Lc  usbd_cdc_if.o [1]
CDC_Init_FS              0x800'3e81    0x1e  Code  Lc  usbd_cdc_if.o [1]
CDC_Receive_FS           0x800'3ea7    0x16  Code  Lc  usbd_cdc_if.o [1]
CDC_TransmitCplt_FS      0x800'3ec5     0x4  Code  Lc  usbd_cdc_if.o [1]
CSTACK$$Base            0x2000'4fa0           --   Gb  - Linker created -
CSTACK$$Limit           0x2000'53a0           --   Gb  - Linker created -
DCMI_IRQHandler          0x800'4155          Code  Wk  startup_stm32f407xx.o [4]
DMA1_Stream0_IRQHandler
                         0x800'4055          Code  Wk  startup_stm32f407xx.o [4]
DMA1_Stream1_IRQHandler
                         0x800'4059          Code  Wk  startup_stm32f407xx.o [4]
DMA1_Stream2_IRQHandler
                         0x800'405d          Code  Wk  startup_stm32f407xx.o [4]
DMA1_Stream3_IRQHandler
                         0x800'4061          Code  Wk  startup_stm32f407xx.o [4]
DMA1_Stream4_IRQHandler
                         0x800'4065          Code  Wk  startup_stm32f407xx.o [4]
DMA1_Stream5_IRQHandler
                         0x800'4069          Code  Wk  startup_stm32f407xx.o [4]
DMA1_Stream6_IRQHandler
                         0x800'406d          Code  Wk  startup_stm32f407xx.o [4]
DMA1_Stream7_IRQHandler
                         0x800'40e5          Code  Wk  startup_stm32f407xx.o [4]
DMA2_Stream0_IRQHandler
                         0x800'4105          Code  Wk  startup_stm32f407xx.o [4]
DMA2_Stream1_IRQHandler
                         0x800'4109          Code  Wk  startup_stm32f407xx.o [4]
DMA2_Stream2_IRQHandler
                         0x800'410d          Code  Wk  startup_stm32f407xx.o [4]
DMA2_Stream3_IRQHandler
                         0x800'4111          Code  Wk  startup_stm32f407xx.o [4]
DMA2_Stream4_IRQHandler
                         0x800'4115          Code  Wk  startup_stm32f407xx.o [4]
DMA2_Stream5_IRQHandler
                         0x800'412d          Code  Wk  startup_stm32f407xx.o [4]
DMA2_Stream6_IRQHandler
                         0x800'4131          Code  Wk  startup_stm32f407xx.o [4]
DMA2_Stream7_IRQHandler
                         0x800'4135          Code  Wk  startup_stm32f407xx.o [4]
DMATxDescToClear        0x2000'0044     0x4  Data  Lc  NetworkInterface.o [12]
DebugMon_Handler         0x800'3f77     0x2  Code  Gb  stm32f4xx_it.o [3]
ETH_IRQHandler           0x800'3e29     0x6  Code  Gb  NetworkInterface.o [12]
ETH_WKUP_IRQHandler      0x800'4119          Code  Wk  startup_stm32f407xx.o [4]
EXTI0_IRQHandler         0x800'4041          Code  Wk  startup_stm32f407xx.o [4]
EXTI15_10_IRQHandler     0x800'40c9          Code  Wk  startup_stm32f407xx.o [4]
EXTI1_IRQHandler         0x800'4045          Code  Wk  startup_stm32f407xx.o [4]
EXTI2_IRQHandler         0x800'4049          Code  Wk  startup_stm32f407xx.o [4]
EXTI3_IRQHandler         0x800'404d          Code  Wk  startup_stm32f407xx.o [4]
EXTI4_IRQHandler         0x800'4051          Code  Wk  startup_stm32f407xx.o [4]
EXTI9_5_IRQHandler       0x800'4085          Code  Wk  startup_stm32f407xx.o [4]
Error_Handler            0x800'2051     0x4  Code  Gb  main.o [3]
FLASH_IRQHandler         0x800'4039          Code  Wk  startup_stm32f407xx.o [4]
FPU_IRQHandler           0x800'415d          Code  Wk  startup_stm32f407xx.o [4]
FSMC_IRQHandler          0x800'40e9          Code  Wk  startup_stm32f407xx.o [4]
FS_Desc                 0x2000'31b0    0x1c  Data  Gb  usbd_desc.o [1]
HAL_Delay                0x800'0b75    0x28  Code  Wk  stm32f4xx_hal.o [8]
HAL_ETH_ErrorCallback    0x800'3e7d     0x2  Code  Wk  stm32fxx_hal_eth.o [12]
HAL_ETH_IRQHandler       0x800'3e3d    0x3a  Code  Gb  stm32fxx_hal_eth.o [12]
HAL_ETH_RxCpltCallback   0x800'3dc1    0x1e  Code  Gb  NetworkInterface.o [12]
HAL_ETH_TxCpltCallback   0x800'3df3    0x1e  Code  Gb  NetworkInterface.o [12]
HAL_GPIO_Init            0x800'19a1   0x1be  Code  Gb  stm32f4xx_hal_gpio.o [8]
HAL_GetTick              0x800'0b9d     0xc  Code  Wk  stm32f4xx_hal.o [8]
HAL_IncTick              0x800'2ebd    0x10  Code  Wk  stm32f4xx_hal.o [8]
HAL_Init                 0x800'273d    0x30  Code  Gb  stm32f4xx_hal.o [8]
HAL_InitTick             0x800'2101    0x8a  Code  Gb  stm32f4xx_hal_timebase_tim.o [3]
HAL_MspInit              0x800'32b5    0x38  Code  Gb  stm32f4xx_hal_msp.o [3]
HAL_NVIC_EnableIRQ       0x800'1bf5    0x16  Code  Gb  stm32f4xx_hal_cortex.o [8]
HAL_NVIC_SetPriority     0x800'1bbb    0x3a  Code  Gb  stm32f4xx_hal_cortex.o [8]
HAL_NVIC_SetPriorityGrouping
                         0x800'1ba7    0x14  Code  Gb  stm32f4xx_hal_cortex.o [8]
HAL_PCDEx_LPM_Callback   0x800'179d     0x2  Code  Wk  stm32f4xx_hal_pcd_ex.o [8]
HAL_PCDEx_SetRxFiFo      0x800'2097     0x8  Code  Gb  stm32f4xx_hal_pcd_ex.o [8]
HAL_PCDEx_SetTxFiFo      0x800'2055    0x42  Code  Gb  stm32f4xx_hal_pcd_ex.o [8]
HAL_PCD_ConnectCallback
                         0x800'165d     0x8  Code  Gb  usbd_conf.o [9]
HAL_PCD_DataInStageCallback
                         0x800'15d5    0x12  Code  Gb  usbd_conf.o [9]
HAL_PCD_DataOutStageCallback
                         0x800'15c1    0x14  Code  Gb  usbd_conf.o [9]
HAL_PCD_DisconnectCallback
                         0x800'1665     0x8  Code  Gb  usbd_conf.o [9]
HAL_PCD_EP_Abort         0x800'151d    0x1c  Code  Gb  stm32f4xx_hal_pcd.o [8]
HAL_PCD_EP_Close         0x800'13c1    0x20  Code  Gb  stm32f4xx_hal_pcd.o [8]
HAL_PCD_EP_ClrStall      0x800'14b9    0x2e  Code  Gb  stm32f4xx_hal_pcd.o [8]
HAL_PCD_EP_GetRxCount    0x800'13fd    0x10  Code  Gb  stm32f4xx_hal_pcd.o [8]
HAL_PCD_EP_Open          0x800'1367    0x5a  Code  Gb  stm32f4xx_hal_pcd.o [8]
HAL_PCD_EP_Receive       0x800'13e1    0x1c  Code  Gb  stm32f4xx_hal_pcd.o [8]
HAL_PCD_EP_SetStall      0x800'144f    0x62  Code  Gb  stm32f4xx_hal_pcd.o [8]
HAL_PCD_EP_Transmit      0x800'140d    0x18  Code  Gb  stm32f4xx_hal_pcd.o [8]
HAL_PCD_IRQHandler       0x800'0c93   0x66e  Code  Gb  stm32f4xx_hal_pcd.o [8]
HAL_PCD_ISOINIncompleteCallback
                         0x800'1655     0x8  Code  Gb  usbd_conf.o [9]
HAL_PCD_ISOOUTIncompleteCallback
                         0x800'164d     0x8  Code  Gb  usbd_conf.o [9]
HAL_PCD_Init             0x800'0ba9    0xc2  Code  Gb  stm32f4xx_hal_pcd.o [8]
HAL_PCD_MspInit          0x800'1539    0x7c  Code  Gb  usbd_conf.o [9]
HAL_PCD_ResetCallback    0x800'15ef    0x2c  Code  Gb  usbd_conf.o [9]
HAL_PCD_ResumeCallback   0x800'1645     0x8  Code  Gb  usbd_conf.o [9]
HAL_PCD_SOFCallback      0x800'15e7     0x8  Code  Gb  usbd_conf.o [9]
HAL_PCD_SetAddress       0x800'1347    0x20  Code  Gb  stm32f4xx_hal_pcd.o [8]
HAL_PCD_SetupStageCallback
                         0x800'15b5     0xc  Code  Gb  usbd_conf.o [9]
HAL_PCD_Start            0x800'0c75    0x1e  Code  Gb  stm32f4xx_hal_pcd.o [8]
HAL_PCD_SuspendCallback
                         0x800'161b    0x2a  Code  Gb  usbd_conf.o [9]
HAL_RCC_ClockConfig      0x800'181d   0x100  Code  Gb  stm32f4xx_hal_rcc.o [8]
HAL_RCC_GetClockConfig   0x800'1945    0x36  Code  Gb  stm32f4xx_hal_rcc.o [8]
HAL_RCC_GetHCLKFreq      0x800'1929     0x6  Code  Gb  stm32f4xx_hal_rcc.o [8]
HAL_RCC_GetPCLK1Freq     0x800'192f    0x10  Code  Gb  stm32f4xx_hal_rcc.o [8]
HAL_RCC_GetSysClockFreq
                         0x800'20a1    0x60  Code  Wk  stm32f4xx_hal_rcc.o [8]
HAL_RCC_OscConfig        0x800'2bad   0x310  Code  Wk  stm32f4xx_hal_rcc.o [8]
HAL_TIMEx_BreakCallback
                         0x800'388d     0x2  Code  Wk  stm32f4xx_hal_tim_ex.o [8]
HAL_TIMEx_CommutCallback
                         0x800'3891     0x2  Code  Wk  stm32f4xx_hal_tim_ex.o [8]
HAL_TIM_Base_Init        0x800'2fd5    0x1a  Code  Gb  stm32f4xx_hal_tim.o [8]
HAL_TIM_Base_MspInit     0x800'3887     0x2  Code  Wk  stm32f4xx_hal_tim.o [8]
HAL_TIM_Base_Start_IT    0x800'2fef    0x76  Code  Gb  stm32f4xx_hal_tim.o [8]
HAL_TIM_IC_CaptureCallback
                         0x800'3889     0x2  Code  Wk  stm32f4xx_hal_tim.o [8]
HAL_TIM_IRQHandler       0x800'30b9   0x12a  Code  Gb  stm32f4xx_hal_tim.o [8]
HAL_TIM_OC_DelayElapsedCallback
                         0x800'388b     0x2  Code  Wk  stm32f4xx_hal_tim.o [8]
HAL_TIM_PWM_PulseFinishedCallback
                         0x800'3893     0x2  Code  Wk  stm32f4xx_hal_tim.o [8]
HAL_TIM_PeriodElapsedCallback
                         0x800'2035     0xe  Code  Gb  main.o [3]
HAL_TIM_TriggerCallback
                         0x800'388f     0x2  Code  Wk  stm32f4xx_hal_tim.o [8]
HASH_RNG_IRQHandler      0x800'4159          Code  Wk  startup_stm32f407xx.o [4]
HardFault_Handler        0x800'3f6f     0x2  Code  Gb  stm32f4xx_it.o [3]
I2C1_ER_IRQHandler       0x800'40a9          Code  Wk  startup_stm32f407xx.o [4]
I2C1_EV_IRQHandler       0x800'40a5          Code  Wk  startup_stm32f407xx.o [4]
I2C2_ER_IRQHandler       0x800'40b1          Code  Wk  startup_stm32f407xx.o [4]
I2C2_EV_IRQHandler       0x800'40ad          Code  Wk  startup_stm32f407xx.o [4]
I2C3_ER_IRQHandler       0x800'4141          Code  Wk  startup_stm32f407xx.o [4]
I2C3_EV_IRQHandler       0x800'413d          Code  Wk  startup_stm32f407xx.o [4]
IntToUnicode             0x800'3ca1    0x26  Code  Lc  usbd_desc.o [1]
LL_AHB1_GRP1_EnableClock
                         0x800'2829    0x16  Code  Lc  gpio.o [3]
LL_EXTI_Init             0x800'33f1    0xaa  Code  Gb  stm32f4xx_ll_exti.o [8]
LL_GPIO_Init             0x800'3301    0xee  Code  Gb  stm32f4xx_ll_gpio.o [8]
LL_GPIO_SetPinMode       0x800'27f1    0x10  Code  Lc  gpio.o [3]
LL_GPIO_SetPinPull       0x800'280b    0x10  Code  Lc  gpio.o [3]
LL_SYSCFG_SetEXTISource
                         0x800'27d3    0x1e  Code  Lc  gpio.o [3]
MX_GPIO_Init             0x800'2841   0x276  Code  Gb  gpio.o [3]
MX_USB_DEVICE_Init       0x800'2b59    0x54  Code  Gb  usb_device.o [1]
MemManage_Handler        0x800'3f71     0x2  Code  Gb  stm32f4xx_it.o [3]
NMI_Handler              0x800'3f6d     0x2  Code  Gb  stm32f4xx_it.o [3]
NVIC_EncodePriority      0x800'27a1    0x32  Code  Lc  gpio.o [3]
OTG_FS_IRQHandler        0x800'3f7f     0x6  Code  Gb  stm32f4xx_it.o [3]
OTG_FS_WKUP_IRQHandler   0x800'40d1          Code  Wk  startup_stm32f407xx.o [4]
OTG_HS_EP1_IN_IRQHandler
                         0x800'4149          Code  Wk  startup_stm32f407xx.o [4]
OTG_HS_EP1_OUT_IRQHandler
                         0x800'4145          Code  Wk  startup_stm32f407xx.o [4]
OTG_HS_IRQHandler        0x800'4151          Code  Wk  startup_stm32f407xx.o [4]
OTG_HS_WKUP_IRQHandler   0x800'414d          Code  Wk  startup_stm32f407xx.o [4]
PVD_IRQHandler           0x800'402d          Code  Wk  startup_stm32f407xx.o [4]
PendSV_Handler           0x800'3d11          Code  Gb  portasm.o [11]
RCC_IRQHandler           0x800'403d          Code  Wk  startup_stm32f407xx.o [4]
RTC_Alarm_IRQHandler     0x800'40cd          Code  Wk  startup_stm32f407xx.o [4]
RTC_WKUP_IRQHandler      0x800'4035          Code  Wk  startup_stm32f407xx.o [4]
Region$$Table$$Base      0x800'3f4c           --   Gb  - Linker created -
Region$$Table$$Limit     0x800'3f6c           --   Gb  - Linker created -
Reset_Handler            0x800'4011          Code  Wk  startup_stm32f407xx.o [4]
Rx_Buff                 0x2000'0054  0x1800  Data  Gb  NetworkInterface.o [12]
SDIO_IRQHandler          0x800'40ed          Code  Wk  startup_stm32f407xx.o [4]
SPI1_IRQHandler          0x800'40b5          Code  Wk  startup_stm32f407xx.o [4]
SPI2_IRQHandler          0x800'40b9          Code  Wk  startup_stm32f407xx.o [4]
SPI3_IRQHandler          0x800'40f5          Code  Wk  startup_stm32f407xx.o [4]
SVC_Handler              0x800'3d69          Code  Gb  portasm.o [11]
SWAPBYTE                 0x800'21d5     0xa  Code  Lc  usbd_ctlreq.o [10]
SysTick_Handler          0x800'3b99    0x26  Code  Gb  port.o [11]
SystemClock_Config       0x800'1f95    0xa0  Code  Gb  main.o [3]
SystemCoreClock         0x2000'306c     0x4  Data  Gb  system_stm32f4xx.o [2]
SystemInit               0x800'3f8d     0xc  Code  Gb  system_stm32f4xx.o [2]
TAMP_STAMP_IRQHandler    0x800'4031          Code  Wk  startup_stm32f407xx.o [4]
TIM1_BRK_TIM9_IRQHandler
                         0x800'4089          Code  Wk  startup_stm32f407xx.o [4]
TIM1_CC_IRQHandler       0x800'4095          Code  Wk  startup_stm32f407xx.o [4]
TIM1_TRG_COM_TIM11_IRQHandler
                         0x800'4091          Code  Wk  startup_stm32f407xx.o [4]
TIM1_UP_TIM10_IRQHandler
                         0x800'408d          Code  Wk  startup_stm32f407xx.o [4]
TIM2_IRQHandler          0x800'4099          Code  Wk  startup_stm32f407xx.o [4]
TIM3_IRQHandler          0x800'409d          Code  Wk  startup_stm32f407xx.o [4]
TIM4_IRQHandler          0x800'40a1          Code  Wk  startup_stm32f407xx.o [4]
TIM5_IRQHandler          0x800'40f1          Code  Wk  startup_stm32f407xx.o [4]
TIM6_DAC_IRQHandler      0x800'3f79     0x6  Code  Gb  stm32f4xx_it.o [3]
TIM7_IRQHandler          0x800'4101          Code  Wk  startup_stm32f407xx.o [4]
TIM8_BRK_TIM12_IRQHandler
                         0x800'40d5          Code  Wk  startup_stm32f407xx.o [4]
TIM8_CC_IRQHandler       0x800'40e1          Code  Wk  startup_stm32f407xx.o [4]
TIM8_TRG_COM_TIM14_IRQHandler
                         0x800'40dd          Code  Wk  startup_stm32f407xx.o [4]
TIM8_UP_TIM13_IRQHandler
                         0x800'40d9          Code  Wk  startup_stm32f407xx.o [4]
TIM_Base_SetConfig       0x800'31e9    0x9e  Code  Gb  stm32f4xx_hal_tim.o [8]
Tx_Buff                 0x2000'1854  0x1800  Data  Gb  NetworkInterface.o [12]
UART4_IRQHandler         0x800'40f9          Code  Wk  startup_stm32f407xx.o [4]
UART5_IRQHandler         0x800'40fd          Code  Wk  startup_stm32f407xx.o [4]
USART1_IRQHandler        0x800'40bd          Code  Wk  startup_stm32f407xx.o [4]
USART2_IRQHandler        0x800'40c1          Code  Wk  startup_stm32f407xx.o [4]
USART3_IRQHandler        0x800'40c5          Code  Wk  startup_stm32f407xx.o [4]
USART6_IRQHandler        0x800'4139          Code  Wk  startup_stm32f407xx.o [4]
USBD_CDC                0x2000'3120    0x38  Data  Gb  usbd_cdc.o [10]
USBD_CDC_CfgDesc        0x2000'3158    0x44  Data  Lc  usbd_cdc.o [10]
USBD_CDC_DataIn          0x800'369d    0x74  Code  Lc  usbd_cdc.o [10]
USBD_CDC_DataOut         0x800'3711    0x3c  Code  Lc  usbd_cdc.o [10]
USBD_CDC_DeInit          0x800'356d    0x60  Code  Lc  usbd_cdc.o [10]
USBD_CDC_DeviceQualifierDesc
                        0x2000'3114     0xc  Data  Lc  usbd_cdc.o [10]
USBD_CDC_EP0_RxReady     0x800'374d    0x34  Code  Lc  usbd_cdc.o [10]
USBD_CDC_GetDeviceQualifierDescriptor
                         0x800'37ef     0x8  Code  Gb  usbd_cdc.o [10]
USBD_CDC_GetFSCfgDesc    0x800'3781     0x4  Code  Lc  usbd_cdc.o [10]
USBD_CDC_GetHSCfgDesc    0x800'3785    0x22  Code  Lc  usbd_cdc.o [10]
USBD_CDC_GetOtherSpeedCfgDesc
                         0x800'37a7     0x2  Code  Lc  usbd_cdc.o [10]
USBD_CDC_Init            0x800'34a1    0xc2  Code  Lc  usbd_cdc.o [10]
USBD_CDC_ReceivePacket   0x800'384f    0x26  Code  Gb  usbd_cdc.o [10]
USBD_CDC_RegisterInterface
                         0x800'3801    0x16  Code  Gb  usbd_cdc.o [10]
USBD_CDC_SetRxBuffer     0x800'3835    0x1a  Code  Gb  usbd_cdc.o [10]
USBD_CDC_SetTxBuffer     0x800'3817    0x1e  Code  Gb  usbd_cdc.o [10]
USBD_CDC_Setup           0x800'35cd    0xd0  Code  Lc  usbd_cdc.o [10]
USBD_ClrClassConfig      0x800'1c8b    0x14  Code  Gb  usbd_core.o [10]
USBD_CoreFindEP          0x800'1f33     0x4  Code  Gb  usbd_core.o [10]
USBD_CoreFindIF          0x800'1f2f     0x4  Code  Gb  usbd_core.o [10]
USBD_CtlContinueRx       0x800'2711     0x4  Code  Gb  usbd_ioreq.o [10]
USBD_CtlContinueSendData
                         0x800'26eb     0x4  Code  Gb  usbd_ioreq.o [10]
USBD_CtlError            0x800'266f    0x16  Code  Gb  usbd_ctlreq.o [10]
USBD_CtlPrepareRx        0x800'26fb    0x16  Code  Gb  usbd_ioreq.o [10]
USBD_CtlReceiveStatus    0x800'272f     0xe  Code  Gb  usbd_ioreq.o [10]
USBD_CtlSendData         0x800'26d9    0x12  Code  Gb  usbd_ioreq.o [10]
USBD_CtlSendStatus       0x800'2721     0xe  Code  Gb  usbd_ioreq.o [10]
USBD_FS_ConfigStrDescriptor
                         0x800'3c6d     0xc  Code  Gb  usbd_desc.o [1]
USBD_FS_DeviceDesc      0x2000'31cc    0x14  Data  Gb  usbd_desc.o [1]
USBD_FS_DeviceDescriptor
                         0x800'3c11     0x8  Code  Gb  usbd_desc.o [1]
USBD_FS_InterfaceStrDescriptor
                         0x800'3c95     0xc  Code  Gb  usbd_desc.o [1]
USBD_FS_LangIDStrDescriptor
                         0x800'3c19     0x8  Code  Gb  usbd_desc.o [1]
USBD_FS_ManufacturerStrDescriptor
                         0x800'3c2d     0xa  Code  Gb  usbd_desc.o [1]
USBD_FS_ProductStrDescriptor
                         0x800'3c21     0xc  Code  Gb  usbd_desc.o [1]
USBD_FS_SerialStrDescriptor
                         0x800'3c41    0x2c  Code  Gb  usbd_desc.o [1]
USBD_GetEpDesc           0x800'1f37    0x3a  Code  Gb  usbd_core.o [10]
USBD_GetLen              0x800'26c5    0x14  Code  Lc  usbd_ctlreq.o [10]
USBD_GetNextDesc         0x800'1f71     0xe  Code  Gb  usbd_core.o [10]
USBD_GetString           0x800'2685    0x40  Code  Gb  usbd_ctlreq.o [10]
USBD_Get_USB_Status      0x800'1773    0x12  Code  Gb  usbd_conf.o [9]
USBD_Init                0x800'1c1d    0x26  Code  Gb  usbd_core.o [10]
USBD_Interface_fops_FS  0x2000'319c    0x14  Data  Gb  usbd_cdc_if.o [1]
USBD_LL_ClearStallEP     0x800'1701     0xc  Code  Gb  usbd_conf.o [9]
USBD_LL_CloseEP          0x800'16e9     0xc  Code  Gb  usbd_conf.o [9]
USBD_LL_DataInStage      0x800'1d75    0xa4  Code  Gb  usbd_core.o [10]
USBD_LL_DataOutStage     0x800'1cfb    0x7a  Code  Gb  usbd_core.o [10]
USBD_LL_DevConnected     0x800'1f0b     0x4  Code  Gb  usbd_core.o [10]
USBD_LL_DevDisconnected
                         0x800'1f0f    0x20  Code  Gb  usbd_core.o [10]
USBD_LL_GetRxDataSize    0x800'174d     0x8  Code  Gb  usbd_conf.o [9]
USBD_LL_Init             0x800'166d    0x56  Code  Gb  usbd_conf.o [9]
USBD_LL_IsStallEP        0x800'170d    0x1c  Code  Gb  usbd_conf.o [9]
USBD_LL_IsoINIncomplete
                         0x800'1ec3    0x1c  Code  Gb  usbd_core.o [10]
USBD_LL_IsoOUTIncomplete
                         0x800'1edf    0x1c  Code  Gb  usbd_core.o [10]
USBD_LL_OpenEP           0x800'16d3    0x16  Code  Gb  usbd_conf.o [9]
USBD_LL_PrepareReceive   0x800'1741     0xc  Code  Gb  usbd_conf.o [9]
USBD_LL_Reset            0x800'1e19    0x60  Code  Gb  usbd_core.o [10]
USBD_LL_Resume           0x800'1e95    0x12  Code  Gb  usbd_core.o [10]
USBD_LL_SOF              0x800'1ea7    0x1c  Code  Gb  usbd_core.o [10]
USBD_LL_SetSpeed         0x800'1e79     0x6  Code  Gb  usbd_core.o [10]
USBD_LL_SetUSBAddress    0x800'1729     0xc  Code  Gb  usbd_conf.o [9]
USBD_LL_SetupStage       0x800'1c9f    0x5c  Code  Gb  usbd_core.o [10]
USBD_LL_StallEP          0x800'16f5     0xc  Code  Gb  usbd_conf.o [9]
USBD_LL_Start            0x800'16c3     0xa  Code  Gb  usbd_conf.o [9]
USBD_LL_Suspend          0x800'1e7f    0x16  Code  Gb  usbd_core.o [10]
USBD_LL_Transmit         0x800'1735     0xc  Code  Gb  usbd_conf.o [9]
USBD_LangIDDesc         0x2000'31e0     0x4  Data  Gb  usbd_desc.o [1]
USBD_ParseSetupRequest   0x800'2645    0x2a  Code  Gb  usbd_ctlreq.o [10]
USBD_RegisterClass       0x800'1c43    0x32  Code  Gb  usbd_core.o [10]
USBD_SetClassConfig      0x800'1c79    0x12  Code  Gb  usbd_core.o [10]
USBD_SetConfig::cfgidx  0x2000'4f9c     0x1  Data  Lc  usbd_ctlreq.o [10]
USBD_Start               0x800'1c75     0x4  Code  Gb  usbd_core.o [10]
USBD_StdDevReq           0x800'21e1   0x296  Code  Gb  usbd_ctlreq.o [10]
USBD_StdEPReq            0x800'24f5   0x148  Code  Gb  usbd_ctlreq.o [10]
USBD_StdItfReq           0x800'2485    0x64  Code  Gb  usbd_ctlreq.o [10]
USBD_StrDesc            0x2000'4be0   0x200  Data  Gb  usbd_desc.o [1]
USBD_StringSerial       0x2000'31e4    0x1c  Data  Gb  usbd_desc.o [1]
USBD_static_free         0x800'1771     0x2  Code  Gb  usbd_conf.o [9]
USBD_static_malloc       0x800'1755     0x4  Code  Gb  usbd_conf.o [9]
USBD_static_malloc::mem
                        0x2000'49c0   0x220  Data  Lc  usbd_conf.o [9]
USB_ActivateEndpoint     0x800'0559    0x5a  Code  Gb  stm32f4xx_ll_usb.o [8]
USB_ActivateSetup        0x800'0a37    0x18  Code  Gb  stm32f4xx_ll_usb.o [8]
USB_CoreInit             0x800'0189    0x80  Code  Gb  stm32f4xx_ll_usb.o [8]
USB_CoreReset            0x800'0a93    0x54  Code  Lc  stm32f4xx_ll_usb.o [8]
USB_DeactivateEndpoint   0x800'05c5    0x48  Code  Gb  stm32f4xx_ll_usb.o [8]
USB_DevConnect           0x800'0999    0x18  Code  Gb  stm32f4xx_ll_usb.o [8]
USB_DevDisconnect        0x800'09b1    0x16  Code  Gb  stm32f4xx_ll_usb.o [8]
USB_DevInit              0x800'0343   0x16a  Code  Gb  stm32f4xx_ll_usb.o [8]
USB_DisableGlobalInt     0x800'02df     0x6  Code  Gb  stm32f4xx_ll_usb.o [8]
USB_EP0_OutStart         0x800'0a4f    0x44  Code  Gb  stm32f4xx_ll_usb.o [8]
USB_EPClearStall         0x800'094b    0x32  Code  Gb  stm32f4xx_ll_usb.o [8]
USB_EPSetStall           0x800'091b    0x30  Code  Gb  stm32f4xx_ll_usb.o [8]
USB_EPStartXfer          0x800'0651   0x1a8  Code  Gb  stm32f4xx_ll_usb.o [8]
USB_EPStopXfer           0x800'0819    0x80  Code  Gb  stm32f4xx_ll_usb.o [8]
USB_EnableGlobalInt      0x800'02d7     0x8  Code  Gb  stm32f4xx_ll_usb.o [8]
USB_FlushRxFifo          0x800'04f1    0x42  Code  Gb  stm32f4xx_ll_usb.o [8]
USB_FlushTxFifo          0x800'04ad    0x44  Code  Gb  stm32f4xx_ll_usb.o [8]
USB_GetDevSpeed          0x800'053d    0x1c  Code  Gb  stm32f4xx_ll_usb.o [8]
USB_GetMode              0x800'0a2f     0x8  Code  Gb  stm32f4xx_ll_usb.o [8]
USB_ReadDevAllInEpInterrupt
                         0x800'09e5     0xe  Code  Gb  stm32f4xx_ll_usb.o [8]
USB_ReadDevAllOutEpInterrupt
                         0x800'09d7     0xe  Code  Gb  stm32f4xx_ll_usb.o [8]
USB_ReadDevInEPInterrupt
                         0x800'0a09    0x26  Code  Gb  stm32f4xx_ll_usb.o [8]
USB_ReadDevOutEPInterrupt
                         0x800'09f3    0x16  Code  Gb  stm32f4xx_ll_usb.o [8]
USB_ReadInterrupts       0x800'09cd     0xa  Code  Gb  stm32f4xx_ll_usb.o [8]
USB_ReadPacket           0x800'08db    0x40  Code  Gb  stm32f4xx_ll_usb.o [8]
USB_SetCurrentMode       0x800'02eb    0x58  Code  Gb  stm32f4xx_ll_usb.o [8]
USB_SetDevAddress        0x800'097d    0x16  Code  Gb  stm32f4xx_ll_usb.o [8]
USB_SetDevSpeed          0x800'0533     0xa  Code  Gb  stm32f4xx_ll_usb.o [8]
USB_SetTurnaroundTime    0x800'0209    0xce  Code  Gb  stm32f4xx_ll_usb.o [8]
USB_WritePacket          0x800'08b5    0x26  Code  Gb  stm32f4xx_ll_usb.o [8]
UsageFault_Handler       0x800'3f75     0x2  Code  Gb  stm32f4xx_it.o [3]
UserRxBufferFS          0x2000'3200   0x800  Data  Gb  usbd_cdc_if.o [1]
UserTxBufferFS          0x2000'3a00   0x800  Data  Gb  usbd_cdc_if.o [1]
WWDG_IRQHandler          0x800'4029          Code  Wk  startup_stm32f407xx.o [4]
__NVIC_EnableIRQ         0x800'2771    0x16  Code  Lc  gpio.o [3]
__NVIC_SetPriority       0x800'2787    0x1a  Code  Lc  gpio.o [3]
__NVIC_SetPriority       0x800'1b8d    0x1a  Code  Lc  stm32f4xx_hal_cortex.o [8]
__aeabi_ldiv0            0x800'3885          Code  Gb  I64DivZer.o [15]
__aeabi_memclr           0x800'3895          Code  Gb  ABImemclr.o [15]
__aeabi_memclr4          0x800'1999          Code  Gb  ABImemclr4.o [15]
__cmain                  0x800'3fad          Code  Gb  cmain.o [15]
__exit                   0x800'3fe1    0x14  Code  Gb  exit.o [16]
__iar_Memset4_word       0x800'21a1          Code  Gb  ABImemset48.o [15]
__iar_Memset8_word       0x800'21a1          Code  Gb  ABImemset48.o [15]
__iar_data_init3         0x800'3f01    0x28  Code  Gb  data_init.o [15]
__iar_init_vfp           0x800'3f29          Code  Gb  fpinit_M.o [14]
__iar_lz77_init_single3
                         0x800'179f    0x7e  Code  Gb  lz77_init_single.o [15]
__iar_program_start      0x800'3ff5          Code  Gb  cstartup_M.o [15]
__iar_small_Memcpy       0x800'1789          Code  Gb  ABImemcpy_small.o [15]
__iar_small_Memset       0x800'32ed          Code  Gb  ABImemset_small.o [15]
__iar_small_Memset_word
                         0x800'32ed          Code  Gb  ABImemset_small.o [15]
__iar_small_memcpy       0x800'1785          Code  Gb  ABImemcpy_small.o [15]
__iar_small_memcpy4      0x800'1785          Code  Gb  ABImemcpy_small.o [15]
__iar_small_memcpy8      0x800'1785          Code  Gb  ABImemcpy_small.o [15]
__iar_small_memset       0x800'32ed          Code  Gb  ABImemset_small.o [15]
__iar_small_uldivmod     0x800'2ecd          Code  Gb  I64DivMod_small.o [15]
__iar_zero_init3         0x800'3ec9    0x38  Code  Gb  zero_init3.o [15]
__low_level_init         0x800'3fcb     0x4  Code  Gb  low_level_init.o [13]
__vector_table           0x800'0000          Data  Gb  startup_stm32f407xx.o [4]
_call_main               0x800'3fb9          Code  Gb  cmain.o [15]
_exit                    0x800'3fd5          Code  Gb  cexit.o [15]
exit                     0x800'3fcf     0x4  Code  Gb  exit.o [13]
hUsbDeviceFS            0x2000'46e4   0x2dc  Data  Gb  usb_device.o [1]
hpcd_USB_OTG_FS         0x2000'4200   0x4e4  Data  Gb  usbd_conf.o [9]
htim6                   0x2000'4f54    0x48  Data  Gb  stm32f4xx_hal_timebase_tim.o [3]
main                     0x800'1f81    0x14  Code  Gb  main.o [3]
prvEMACHandlerTask{2}{3}{4}{5}::uxLowestSemCount
                        0x2000'0050     0x4  Data  Lc  NetworkInterface.o [12]
prvResetNextTaskUnblockTime
                         0x800'3a29    0x1c  Code  Lc  tasks.o [7]
pxCurrentTCB            0x2000'30ac     0x4  Data  Gb  tasks.o [7]
pxDelayedTaskList       0x2000'30b0     0x4  Data  Lc  tasks.o [7]
pxMyInterface           0x2000'0048     0x4  Data  Lc  NetworkInterface.o [12]
pxOverflowDelayedTaskList
                        0x2000'30b4     0x4  Data  Lc  tasks.o [7]
pxReadyTasksLists       0x2000'4de0   0x12c  Data  Lc  tasks.o [7]
ucMaxSysCallPriority    0x2000'3054     0x1  Data  Lc  port.o [11]
ulMaxPRIGROUPValue      0x2000'305c     0x4  Data  Lc  port.o [11]
uwTick                  0x2000'3064     0x4  Data  Gb  stm32f4xx_hal.o [8]
uwTickFreq              0x2000'3060     0x1  Data  Gb  stm32f4xx_hal.o [8]
uwTickPrio              0x2000'3068     0x4  Data  Gb  stm32f4xx_hal.o [8]
uxCriticalNesting       0x2000'3058     0x4  Data  Lc  port.o [11]
uxCurrentNumberOfTasks  0x2000'30bc     0x4  Data  Lc  tasks.o [7]
uxDeletedTasksWaitingCleanUp
                        0x2000'30b8     0x4  Data  Lc  tasks.o [7]
uxSchedulerSuspended    0x2000'30e8     0x4  Data  Lc  tasks.o [7]
uxTaskNumber            0x2000'30d8     0x4  Data  Lc  tasks.o [7]
uxTopReadyPriority      0x2000'30c4     0x4  Data  Lc  tasks.o [7]
uxTopUsedPriority       0x2000'30e4     0x4  Data  Lc  tasks.o [7]
vPortEnableVFP           0x800'3da5          Code  Gb  portasm.o [11]
vPortStartFirstTask      0x800'3d85          Code  Gb  portasm.o [11]
vPortValidateInterruptPriority
                         0x800'3bc1    0x2c  Code  Gb  port.o [11]
vTaskSwitchContext       0x800'39d1    0x50  Code  Gb  tasks.o [7]
xDelayedTaskList1       0x2000'30ec    0x14  Data  Lc  tasks.o [7]
xDelayedTaskList2       0x2000'3100    0x14  Data  Lc  tasks.o [7]
xEMACTaskHandle         0x2000'004c     0x4  Data  Lc  NetworkInterface.o [12]
xETH                    0x2000'4f0c    0x48  Data  Lc  NetworkInterface.o [12]
xIdleTaskHandles        0x2000'30e0     0x4  Data  Lc  tasks.o [7]
xNextTaskUnblockTime    0x2000'30dc     0x4  Data  Lc  tasks.o [7]
xNumOfOverflows         0x2000'30d4     0x4  Data  Lc  tasks.o [7]
xPendedTicks            0x2000'30cc     0x4  Data  Lc  tasks.o [7]
xPendingReadyList       0x2000'3070    0x14  Data  Lc  tasks.o [7]
xPhyObject              0x2000'0000    0x40  Data  Lc  NetworkInterface.o [12]
xSchedulerRunning       0x2000'30c8     0x4  Data  Lc  tasks.o [7]
xSuspendedTaskList      0x2000'3098    0x14  Data  Lc  tasks.o [7]
xTXDescriptorSemaphore  0x2000'0040     0x4  Data  Lc  NetworkInterface.o [12]
xTaskGenericNotifyFromISR
                         0x800'3a55   0x11c  Code  Gb  tasks.o [7]
xTaskIncrementTick       0x800'38a5   0x12c  Code  Gb  tasks.o [7]
xTasksWaitingTermination
                        0x2000'3084    0x14  Data  Lc  tasks.o [7]
xTickCount              0x2000'30c0     0x4  Data  Lc  tasks.o [7]
xYieldPendings          0x2000'30d0     0x4  Data  Lc  tasks.o [7]


[1] = C:\Users\Admin\Desktop\Dispenser\Gateway\EWARM\Gateway_407\Obj\App_6048373297342892631.dir
[2] = C:\Users\Admin\Desktop\Dispenser\Gateway\EWARM\Gateway_407\Obj\CMSIS_6603591812247902717.dir
[3] = C:\Users\Admin\Desktop\Dispenser\Gateway\EWARM\Gateway_407\Obj\Core_13247989168731456611.dir
[4] = C:\Users\Admin\Desktop\Dispenser\Gateway\EWARM\Gateway_407\Obj\EWARM_18443280873093131863.dir
[5] = C:\Users\Admin\Desktop\Dispenser\Gateway\EWARM\Gateway_407\Obj\FreeRTOS-Plu-Cli_11501085631675054166.dir
[6] = C:\Users\Admin\Desktop\Dispenser\Gateway\EWARM\Gateway_407\Obj\FreeRTOS-Plus-TCP_16686340316780321206.dir
[7] = C:\Users\Admin\Desktop\Dispenser\Gateway\EWARM\Gateway_407\Obj\FreeRTOS_15068288790229095433.dir
[8] = C:\Users\Admin\Desktop\Dispenser\Gateway\EWARM\Gateway_407\Obj\STM32F4xx_HAL_Driver_1244631019742807970.dir
[9] = C:\Users\Admin\Desktop\Dispenser\Gateway\EWARM\Gateway_407\Obj\Target_2794460481546860895.dir
[10] = C:\Users\Admin\Desktop\Dispenser\Gateway\EWARM\Gateway_407\Obj\USB_Device_Library_15009154495834662892.dir
[11] = C:\Users\Admin\Desktop\Dispenser\Gateway\EWARM\Gateway_407\Obj\portable_15954926109208205999.dir
[12] = C:\Users\Admin\Desktop\Dispenser\Gateway\EWARM\Gateway_407\Obj\portable_7947777220660125680.dir
[13] = dl7M_tlf.a
[14] = m7M_tls.a
[15] = rt7M_tl.a
[16] = shb_l.a

  16'694 bytes of readonly  code memory
     392 bytes of readonly  data memory
  21'405 bytes of readwrite data memory

Errors: none
Warnings: none
