###############################################################################
#
# IAR ELF Linker V9.60.3.422/W64 for ARM                  01/Sep/2025  21:14:15
# Copyright 2007-2024 IAR Systems AB.
#
#    Output file  =
#        C:\Users\Koche\Desktop\Work\Smart Dispenser
#        PRJ\gateway\EWARM\Gateway_407\Exe\Gateway_407.out
#    Map file     =
#        C:\Users\Koche\Desktop\Work\Smart Dispenser
#        PRJ\gateway\EWARM\Gateway_407\List\Gateway_407.map
#    Command line =
#        -f "C:\Users\Koche\Desktop\Work\Smart Dispenser
#        PRJ\gateway\EWARM\Gateway_407\Exe\Gateway_407.out.rsp"
#        ("C:\Users\Koche\Desktop\Work\Smart Dispenser
#        PRJ\gateway\EWARM\Gateway_407\Obj\portable_7947777220660125680.dir\BufferAllocation_2.o"
#        "C:\Users\Koche\Desktop\Work\Smart Dispenser
#        PRJ\gateway\EWARM\Gateway_407\Obj\Cli_11707894225168942927.dir\cli.o"
#        "C:\Users\Koche\Desktop\Work\Smart Dispenser
#        PRJ\gateway\EWARM\Gateway_407\Obj\Cli_11707894225168942927.dir\cli_helper.o"
#        "C:\Users\Koche\Desktop\Work\Smart Dispenser
#        PRJ\gateway\EWARM\Gateway_407\Obj\Core_13247989168731456611.dir\dma.o"
#        "C:\Users\Koche\Desktop\Work\Smart Dispenser
#        PRJ\gateway\EWARM\Gateway_407\Obj\Ethernet_5605320102233052314.dir\eth_helper.o"
#        "C:\Users\Koche\Desktop\Work\Smart Dispenser
#        PRJ\gateway\EWARM\Gateway_407\Obj\Ethernet_5605320102233052314.dir\eth_init.o"
#        "C:\Users\Koche\Desktop\Work\Smart Dispenser
#        PRJ\gateway\EWARM\Gateway_407\Obj\FreeRTOS_15068288790229095433.dir\event_groups.o"
#        "C:\Users\Koche\Desktop\Work\Smart Dispenser
#        PRJ\gateway\EWARM\Gateway_407\Obj\Flash_13912709933827620245.dir\flash.o"
#        "C:\Users\Koche\Desktop\Work\Smart Dispenser
#        PRJ\gateway\EWARM\Gateway_407\Obj\FreeRTOS-Plus-TCP_16686340316780321206.dir\FreeRTOS_ARP.o"
#        "C:\Users\Koche\Desktop\Work\Smart Dispenser
#        PRJ\gateway\EWARM\Gateway_407\Obj\FreeRTOS-Plus-TCP_16686340316780321206.dir\FreeRTOS_BitConfig.o"
#        "C:\Users\Koche\Desktop\Work\Smart Dispenser
#        PRJ\gateway\EWARM\Gateway_407\Obj\FreeRTOS-Plu-Cli_11501085631675054166.dir\FreeRTOS_CLI.o"
#        "C:\Users\Koche\Desktop\Work\Smart Dispenser
#        PRJ\gateway\EWARM\Gateway_407\Obj\FreeRTOS-Plus-TCP_16686340316780321206.dir\FreeRTOS_DHCP.o"
#        "C:\Users\Koche\Desktop\Work\Smart Dispenser
#        PRJ\gateway\EWARM\Gateway_407\Obj\FreeRTOS-Plus-TCP_16686340316780321206.dir\FreeRTOS_DHCPv6.o"
#        "C:\Users\Koche\Desktop\Work\Smart Dispenser
#        PRJ\gateway\EWARM\Gateway_407\Obj\FreeRTOS-Plus-TCP_16686340316780321206.dir\FreeRTOS_DNS.o"
#        "C:\Users\Koche\Desktop\Work\Smart Dispenser
#        PRJ\gateway\EWARM\Gateway_407\Obj\FreeRTOS-Plus-TCP_16686340316780321206.dir\FreeRTOS_DNS_Cache.o"
#        "C:\Users\Koche\Desktop\Work\Smart Dispenser
#        PRJ\gateway\EWARM\Gateway_407\Obj\FreeRTOS-Plus-TCP_16686340316780321206.dir\FreeRTOS_DNS_Callback.o"
#        "C:\Users\Koche\Desktop\Work\Smart Dispenser
#        PRJ\gateway\EWARM\Gateway_407\Obj\FreeRTOS-Plus-TCP_16686340316780321206.dir\FreeRTOS_DNS_Networking.o"
#        "C:\Users\Koche\Desktop\Work\Smart Dispenser
#        PRJ\gateway\EWARM\Gateway_407\Obj\FreeRTOS-Plus-TCP_16686340316780321206.dir\FreeRTOS_DNS_Parser.o"
#        "C:\Users\Koche\Desktop\Work\Smart Dispenser
#        PRJ\gateway\EWARM\Gateway_407\Obj\FreeRTOS-Plus-TCP_16686340316780321206.dir\FreeRTOS_ICMP.o"
#        "C:\Users\Koche\Desktop\Work\Smart Dispenser
#        PRJ\gateway\EWARM\Gateway_407\Obj\FreeRTOS-Plus-TCP_16686340316780321206.dir\FreeRTOS_IP.o"
#        "C:\Users\Koche\Desktop\Work\Smart Dispenser
#        PRJ\gateway\EWARM\Gateway_407\Obj\FreeRTOS-Plus-TCP_16686340316780321206.dir\FreeRTOS_IP_Timers.o"
#        "C:\Users\Koche\Desktop\Work\Smart Dispenser
#        PRJ\gateway\EWARM\Gateway_407\Obj\FreeRTOS-Plus-TCP_16686340316780321206.dir\FreeRTOS_IP_Utils.o"
#        "C:\Users\Koche\Desktop\Work\Smart Dispenser
#        PRJ\gateway\EWARM\Gateway_407\Obj\FreeRTOS-Plus-TCP_16686340316780321206.dir\FreeRTOS_IPv4.o"
#        "C:\Users\Koche\Desktop\Work\Smart Dispenser
#        PRJ\gateway\EWARM\Gateway_407\Obj\FreeRTOS-Plus-TCP_16686340316780321206.dir\FreeRTOS_IPv4_Sockets.o"
#        "C:\Users\Koche\Desktop\Work\Smart Dispenser
#        PRJ\gateway\EWARM\Gateway_407\Obj\FreeRTOS-Plus-TCP_16686340316780321206.dir\FreeRTOS_IPv4_Utils.o"
#        "C:\Users\Koche\Desktop\Work\Smart Dispenser
#        PRJ\gateway\EWARM\Gateway_407\Obj\FreeRTOS-Plus-TCP_16686340316780321206.dir\FreeRTOS_IPv6.o"
#        "C:\Users\Koche\Desktop\Work\Smart Dispenser
#        PRJ\gateway\EWARM\Gateway_407\Obj\FreeRTOS-Plus-TCP_16686340316780321206.dir\FreeRTOS_IPv6_Sockets.o"
#        "C:\Users\Koche\Desktop\Work\Smart Dispenser
#        PRJ\gateway\EWARM\Gateway_407\Obj\FreeRTOS-Plus-TCP_16686340316780321206.dir\FreeRTOS_IPv6_Utils.o"
#        "C:\Users\Koche\Desktop\Work\Smart Dispenser
#        PRJ\gateway\EWARM\Gateway_407\Obj\FreeRTOS-Plus-TCP_16686340316780321206.dir\FreeRTOS_ND.o"
#        "C:\Users\Koche\Desktop\Work\Smart Dispenser
#        PRJ\gateway\EWARM\Gateway_407\Obj\FreeRTOS-Plus-TCP_16686340316780321206.dir\FreeRTOS_RA.o"
#        "C:\Users\Koche\Desktop\Work\Smart Dispenser
#        PRJ\gateway\EWARM\Gateway_407\Obj\FreeRTOS-Plus-TCP_16686340316780321206.dir\FreeRTOS_Routing.o"
#        "C:\Users\Koche\Desktop\Work\Smart Dispenser
#        PRJ\gateway\EWARM\Gateway_407\Obj\FreeRTOS-Plus-TCP_16686340316780321206.dir\FreeRTOS_Sockets.o"
#        "C:\Users\Koche\Desktop\Work\Smart Dispenser
#        PRJ\gateway\EWARM\Gateway_407\Obj\FreeRTOS-Plus-TCP_16686340316780321206.dir\FreeRTOS_Stream_Buffer.o"
#        "C:\Users\Koche\Desktop\Work\Smart Dispenser
#        PRJ\gateway\EWARM\Gateway_407\Obj\FreeRTOS-Plus-TCP_16686340316780321206.dir\FreeRTOS_TCP_IP.o"
#        "C:\Users\Koche\Desktop\Work\Smart Dispenser
#        PRJ\gateway\EWARM\Gateway_407\Obj\FreeRTOS-Plus-TCP_16686340316780321206.dir\FreeRTOS_TCP_IP_IPv4.o"
#        "C:\Users\Koche\Desktop\Work\Smart Dispenser
#        PRJ\gateway\EWARM\Gateway_407\Obj\FreeRTOS-Plus-TCP_16686340316780321206.dir\FreeRTOS_TCP_IP_IPv6.o"
#        "C:\Users\Koche\Desktop\Work\Smart Dispenser
#        PRJ\gateway\EWARM\Gateway_407\Obj\FreeRTOS-Plus-TCP_16686340316780321206.dir\FreeRTOS_TCP_Reception.o"
#        "C:\Users\Koche\Desktop\Work\Smart Dispenser
#        PRJ\gateway\EWARM\Gateway_407\Obj\FreeRTOS-Plus-TCP_16686340316780321206.dir\FreeRTOS_TCP_State_Handling.o"
#        "C:\Users\Koche\Desktop\Work\Smart Dispenser
#        PRJ\gateway\EWARM\Gateway_407\Obj\FreeRTOS-Plus-TCP_16686340316780321206.dir\FreeRTOS_TCP_State_Handling_IPv4.o"
#        "C:\Users\Koche\Desktop\Work\Smart Dispenser
#        PRJ\gateway\EWARM\Gateway_407\Obj\FreeRTOS-Plus-TCP_16686340316780321206.dir\FreeRTOS_TCP_State_Handling_IPv6.o"
#        "C:\Users\Koche\Desktop\Work\Smart Dispenser
#        PRJ\gateway\EWARM\Gateway_407\Obj\FreeRTOS-Plus-TCP_16686340316780321206.dir\FreeRTOS_TCP_Transmission.o"
#        "C:\Users\Koche\Desktop\Work\Smart Dispenser
#        PRJ\gateway\EWARM\Gateway_407\Obj\FreeRTOS-Plus-TCP_16686340316780321206.dir\FreeRTOS_TCP_Transmission_IPv4.o"
#        "C:\Users\Koche\Desktop\Work\Smart Dispenser
#        PRJ\gateway\EWARM\Gateway_407\Obj\FreeRTOS-Plus-TCP_16686340316780321206.dir\FreeRTOS_TCP_Transmission_IPv6.o"
#        "C:\Users\Koche\Desktop\Work\Smart Dispenser
#        PRJ\gateway\EWARM\Gateway_407\Obj\FreeRTOS-Plus-TCP_16686340316780321206.dir\FreeRTOS_TCP_Utils.o"
#        "C:\Users\Koche\Desktop\Work\Smart Dispenser
#        PRJ\gateway\EWARM\Gateway_407\Obj\FreeRTOS-Plus-TCP_16686340316780321206.dir\FreeRTOS_TCP_Utils_IPv4.o"
#        "C:\Users\Koche\Desktop\Work\Smart Dispenser
#        PRJ\gateway\EWARM\Gateway_407\Obj\FreeRTOS-Plus-TCP_16686340316780321206.dir\FreeRTOS_TCP_Utils_IPv6.o"
#        "C:\Users\Koche\Desktop\Work\Smart Dispenser
#        PRJ\gateway\EWARM\Gateway_407\Obj\FreeRTOS-Plus-TCP_16686340316780321206.dir\FreeRTOS_TCP_WIN.o"
#        "C:\Users\Koche\Desktop\Work\Smart Dispenser
#        PRJ\gateway\EWARM\Gateway_407\Obj\FreeRTOS-Plus-TCP_16686340316780321206.dir\FreeRTOS_Tiny_TCP.o"
#        "C:\Users\Koche\Desktop\Work\Smart Dispenser
#        PRJ\gateway\EWARM\Gateway_407\Obj\FreeRTOS-Plus-TCP_16686340316780321206.dir\FreeRTOS_UDP_IP.o"
#        "C:\Users\Koche\Desktop\Work\Smart Dispenser
#        PRJ\gateway\EWARM\Gateway_407\Obj\FreeRTOS-Plus-TCP_16686340316780321206.dir\FreeRTOS_UDP_IPv4.o"
#        "C:\Users\Koche\Desktop\Work\Smart Dispenser
#        PRJ\gateway\EWARM\Gateway_407\Obj\FreeRTOS-Plus-TCP_16686340316780321206.dir\FreeRTOS_UDP_IPv6.o"
#        "C:\Users\Koche\Desktop\Work\Smart Dispenser
#        PRJ\gateway\EWARM\Gateway_407\Obj\Gate_3448444589264835548.dir\gate.o"
#        "C:\Users\Koche\Desktop\Work\Smart Dispenser
#        PRJ\gateway\EWARM\Gateway_407\Obj\Core_13247989168731456611.dir\gpio.o"
#        "C:\Users\Koche\Desktop\Work\Smart Dispenser
#        PRJ\gateway\EWARM\Gateway_407\Obj\portable_15954926109208205999.dir\heap_4.o"
#        "C:\Users\Koche\Desktop\Work\Smart Dispenser
#        PRJ\gateway\EWARM\Gateway_407\Obj\FreeRTOS_15068288790229095433.dir\list.o"
#        "C:\Users\Koche\Desktop\Work\Smart Dispenser
#        PRJ\gateway\EWARM\Gateway_407\Obj\Core_13247989168731456611.dir\main.o"
#        "C:\Users\Koche\Desktop\Work\Smart Dispenser
#        PRJ\gateway\EWARM\Gateway_407\Obj\portable_7947777220660125680.dir\NetworkInterface.o"
#        "C:\Users\Koche\Desktop\Work\Smart Dispenser
#        PRJ\gateway\EWARM\Gateway_407\Obj\portable_7947777220660125680.dir\phyHandling.o"
#        "C:\Users\Koche\Desktop\Work\Smart Dispenser
#        PRJ\gateway\EWARM\Gateway_407\Obj\portable_15954926109208205999.dir\port.o"
#        "C:\Users\Koche\Desktop\Work\Smart Dispenser
#        PRJ\gateway\EWARM\Gateway_407\Obj\portable_15954926109208205999.dir\portasm.o"
#        "C:\Users\Koche\Desktop\Work\Smart Dispenser
#        PRJ\gateway\EWARM\Gateway_407\Obj\Qr_16551614283803889394.dir\qr.o"
#        "C:\Users\Koche\Desktop\Work\Smart Dispenser
#        PRJ\gateway\EWARM\Gateway_407\Obj\FreeRTOS_15068288790229095433.dir\queue.o"
#        "C:\Users\Koche\Desktop\Work\Smart Dispenser
#        PRJ\gateway\EWARM\Gateway_407\Obj\EWARM_18443280873093131863.dir\startup_stm32f407xx.o"
#        "C:\Users\Koche\Desktop\Work\Smart Dispenser
#        PRJ\gateway\EWARM\Gateway_407\Obj\STM32F4xx_HAL_Driver_1244631019742807970.dir\stm32f4xx_hal.o"
#        "C:\Users\Koche\Desktop\Work\Smart Dispenser
#        PRJ\gateway\EWARM\Gateway_407\Obj\STM32F4xx_HAL_Driver_1244631019742807970.dir\stm32f4xx_hal_cortex.o"
#        "C:\Users\Koche\Desktop\Work\Smart Dispenser
#        PRJ\gateway\EWARM\Gateway_407\Obj\STM32F4xx_HAL_Driver_1244631019742807970.dir\stm32f4xx_hal_dma.o"
#        "C:\Users\Koche\Desktop\Work\Smart Dispenser
#        PRJ\gateway\EWARM\Gateway_407\Obj\STM32F4xx_HAL_Driver_1244631019742807970.dir\stm32f4xx_hal_dma_ex.o"
#        "C:\Users\Koche\Desktop\Work\Smart Dispenser
#        PRJ\gateway\EWARM\Gateway_407\Obj\STM32F4xx_HAL_Driver_1244631019742807970.dir\stm32f4xx_hal_exti.o"
#        "C:\Users\Koche\Desktop\Work\Smart Dispenser
#        PRJ\gateway\EWARM\Gateway_407\Obj\STM32F4xx_HAL_Driver_1244631019742807970.dir\stm32f4xx_hal_flash.o"
#        "C:\Users\Koche\Desktop\Work\Smart Dispenser
#        PRJ\gateway\EWARM\Gateway_407\Obj\STM32F4xx_HAL_Driver_1244631019742807970.dir\stm32f4xx_hal_flash_ex.o"
#        "C:\Users\Koche\Desktop\Work\Smart Dispenser
#        PRJ\gateway\EWARM\Gateway_407\Obj\STM32F4xx_HAL_Driver_1244631019742807970.dir\stm32f4xx_hal_flash_ramfunc.o"
#        "C:\Users\Koche\Desktop\Work\Smart Dispenser
#        PRJ\gateway\EWARM\Gateway_407\Obj\STM32F4xx_HAL_Driver_1244631019742807970.dir\stm32f4xx_hal_gpio.o"
#        "C:\Users\Koche\Desktop\Work\Smart Dispenser
#        PRJ\gateway\EWARM\Gateway_407\Obj\Core_13247989168731456611.dir\stm32f4xx_hal_msp.o"
#        "C:\Users\Koche\Desktop\Work\Smart Dispenser
#        PRJ\gateway\EWARM\Gateway_407\Obj\STM32F4xx_HAL_Driver_1244631019742807970.dir\stm32f4xx_hal_pcd.o"
#        "C:\Users\Koche\Desktop\Work\Smart Dispenser
#        PRJ\gateway\EWARM\Gateway_407\Obj\STM32F4xx_HAL_Driver_1244631019742807970.dir\stm32f4xx_hal_pcd_ex.o"
#        "C:\Users\Koche\Desktop\Work\Smart Dispenser
#        PRJ\gateway\EWARM\Gateway_407\Obj\STM32F4xx_HAL_Driver_1244631019742807970.dir\stm32f4xx_hal_pwr.o"
#        "C:\Users\Koche\Desktop\Work\Smart Dispenser
#        PRJ\gateway\EWARM\Gateway_407\Obj\STM32F4xx_HAL_Driver_1244631019742807970.dir\stm32f4xx_hal_pwr_ex.o"
#        "C:\Users\Koche\Desktop\Work\Smart Dispenser
#        PRJ\gateway\EWARM\Gateway_407\Obj\STM32F4xx_HAL_Driver_1244631019742807970.dir\stm32f4xx_hal_rcc.o"
#        "C:\Users\Koche\Desktop\Work\Smart Dispenser
#        PRJ\gateway\EWARM\Gateway_407\Obj\STM32F4xx_HAL_Driver_1244631019742807970.dir\stm32f4xx_hal_rcc_ex.o"
#        "C:\Users\Koche\Desktop\Work\Smart Dispenser
#        PRJ\gateway\EWARM\Gateway_407\Obj\STM32F4xx_HAL_Driver_1244631019742807970.dir\stm32f4xx_hal_tim.o"
#        "C:\Users\Koche\Desktop\Work\Smart Dispenser
#        PRJ\gateway\EWARM\Gateway_407\Obj\STM32F4xx_HAL_Driver_1244631019742807970.dir\stm32f4xx_hal_tim_ex.o"
#        "C:\Users\Koche\Desktop\Work\Smart Dispenser
#        PRJ\gateway\EWARM\Gateway_407\Obj\Core_13247989168731456611.dir\stm32f4xx_hal_timebase_tim.o"
#        "C:\Users\Koche\Desktop\Work\Smart Dispenser
#        PRJ\gateway\EWARM\Gateway_407\Obj\Core_13247989168731456611.dir\stm32f4xx_it.o"
#        "C:\Users\Koche\Desktop\Work\Smart Dispenser
#        PRJ\gateway\EWARM\Gateway_407\Obj\STM32F4xx_HAL_Driver_1244631019742807970.dir\stm32f4xx_ll_dma.o"
#        "C:\Users\Koche\Desktop\Work\Smart Dispenser
#        PRJ\gateway\EWARM\Gateway_407\Obj\STM32F4xx_HAL_Driver_1244631019742807970.dir\stm32f4xx_ll_exti.o"
#        "C:\Users\Koche\Desktop\Work\Smart Dispenser
#        PRJ\gateway\EWARM\Gateway_407\Obj\STM32F4xx_HAL_Driver_1244631019742807970.dir\stm32f4xx_ll_gpio.o"
#        "C:\Users\Koche\Desktop\Work\Smart Dispenser
#        PRJ\gateway\EWARM\Gateway_407\Obj\STM32F4xx_HAL_Driver_1244631019742807970.dir\stm32f4xx_ll_rcc.o"
#        "C:\Users\Koche\Desktop\Work\Smart Dispenser
#        PRJ\gateway\EWARM\Gateway_407\Obj\STM32F4xx_HAL_Driver_1244631019742807970.dir\stm32f4xx_ll_tim.o"
#        "C:\Users\Koche\Desktop\Work\Smart Dispenser
#        PRJ\gateway\EWARM\Gateway_407\Obj\STM32F4xx_HAL_Driver_1244631019742807970.dir\stm32f4xx_ll_usart.o"
#        "C:\Users\Koche\Desktop\Work\Smart Dispenser
#        PRJ\gateway\EWARM\Gateway_407\Obj\STM32F4xx_HAL_Driver_1244631019742807970.dir\stm32f4xx_ll_usb.o"
#        "C:\Users\Koche\Desktop\Work\Smart Dispenser
#        PRJ\gateway\EWARM\Gateway_407\Obj\STM32F4xx_HAL_Driver_1244631019742807970.dir\stm32f4xx_ll_utils.o"
#        "C:\Users\Koche\Desktop\Work\Smart Dispenser
#        PRJ\gateway\EWARM\Gateway_407\Obj\portable_7947777220660125680.dir\stm32fxx_hal_eth.o"
#        "C:\Users\Koche\Desktop\Work\Smart Dispenser
#        PRJ\gateway\EWARM\Gateway_407\Obj\FreeRTOS_15068288790229095433.dir\stream_buffer.o"
#        "C:\Users\Koche\Desktop\Work\Smart Dispenser
#        PRJ\gateway\EWARM\Gateway_407\Obj\CMSIS_6603591812247902717.dir\system_stm32f4xx.o"
#        "C:\Users\Koche\Desktop\Work\Smart Dispenser
#        PRJ\gateway\EWARM\Gateway_407\Obj\FreeRTOS_15068288790229095433.dir\tasks.o"
#        "C:\Users\Koche\Desktop\Work\Smart Dispenser
#        PRJ\gateway\EWARM\Gateway_407\Obj\Core_13247989168731456611.dir\tim.o"
#        "C:\Users\Koche\Desktop\Work\Smart Dispenser
#        PRJ\gateway\EWARM\Gateway_407\Obj\FreeRTOS_15068288790229095433.dir\timers.o"
#        "C:\Users\Koche\Desktop\Work\Smart Dispenser
#        PRJ\gateway\EWARM\Gateway_407\Obj\Core_13247989168731456611.dir\usart.o"
#        "C:\Users\Koche\Desktop\Work\Smart Dispenser
#        PRJ\gateway\EWARM\Gateway_407\Obj\App_6048373297342892631.dir\usb_device.o"
#        "C:\Users\Koche\Desktop\Work\Smart Dispenser
#        PRJ\gateway\EWARM\Gateway_407\Obj\USB_Device_Library_15009154495834662892.dir\usbd_cdc.o"
#        "C:\Users\Koche\Desktop\Work\Smart Dispenser
#        PRJ\gateway\EWARM\Gateway_407\Obj\App_6048373297342892631.dir\usbd_cdc_if.o"
#        "C:\Users\Koche\Desktop\Work\Smart Dispenser
#        PRJ\gateway\EWARM\Gateway_407\Obj\Target_2794460481546860895.dir\usbd_conf.o"
#        "C:\Users\Koche\Desktop\Work\Smart Dispenser
#        PRJ\gateway\EWARM\Gateway_407\Obj\USB_Device_Library_15009154495834662892.dir\usbd_core.o"
#        "C:\Users\Koche\Desktop\Work\Smart Dispenser
#        PRJ\gateway\EWARM\Gateway_407\Obj\USB_Device_Library_15009154495834662892.dir\usbd_ctlreq.o"
#        "C:\Users\Koche\Desktop\Work\Smart Dispenser
#        PRJ\gateway\EWARM\Gateway_407\Obj\App_6048373297342892631.dir\usbd_desc.o"
#        "C:\Users\Koche\Desktop\Work\Smart Dispenser
#        PRJ\gateway\EWARM\Gateway_407\Obj\USB_Device_Library_15009154495834662892.dir\usbd_ioreq.o"
#        --no_out_extension -o "C:\Users\Koche\Desktop\Work\Smart Dispenser
#        PRJ\gateway\EWARM\Gateway_407\Exe\Gateway_407.out" --redirect
#        _Printf=_PrintfFullNoMb --redirect _Scanf=_ScanfFullNoMb --map
#        "C:\Users\Koche\Desktop\Work\Smart Dispenser
#        PRJ\gateway\EWARM\Gateway_407\List\Gateway_407.map" --config
#        "C:\Users\Koche\Desktop\Work\Smart Dispenser
#        PRJ\gateway\EWARM/stm32f407xx_flash.icf" --semihosting --entry
#        __iar_program_start --vfe --text_out locale --cpu=Cortex-M4
#        --fpu=VFPv4_sp) --dependencies=n "C:\Users\Koche\Desktop\Work\Smart
#        Dispenser PRJ\gateway\EWARM\Gateway_407\Exe\Gateway_407.out.iar_deps"
#
###############################################################################

*******************************************************************************
*** RUNTIME MODEL ATTRIBUTES
***

CppFlavor       = *
__CPP_Runtime   = 1
__SystemLibrary = DLib
__dlib_version  = 6


*******************************************************************************
*** HEAP SELECTION
***

The basic heap was selected because --advanced_heap
was not specified and the application did not appear to
be primarily optimized for speed.


*******************************************************************************
*** PLACEMENT SUMMARY
***

"A0":  place at address 0x800'0000 { ro section .intvec };
"P1":  place in [from 0x1000'0000 to 0x1000'ffff] { section .ccmram };
"P2":  place in [from 0x800'0000 to 0x80f'ffff] { ro };
define block CSTACK with size = 1K, alignment = 8 { };
define block HEAP with size = 512, alignment = 8 { };
"P3":  place in [from 0x2000'0000 to 0x2001'ffff] {
          rw, block CSTACK, block HEAP };
do not initialize { section .ccmram };
initialize by copy { rw };

  Section            Kind         Address  Alignment      Size  Object
  -------            ----         -------  ---------      ----  ------
"A0":                                                    0x188
  .intvec            ro code   0x800'0000          4     0x188  startup_stm32f407xx.o [5]
                             - 0x800'0188                0x188

"P2":                                                   0xedfc
  .text              ro code   0x800'0188          4     0xfb0  FreeRTOS_Sockets.o [9]
  .text              ro code   0x800'1138          2      0x90  list.o [10]
  .text              ro code   0x800'11c8          4     0x6bc  FreeRTOS_IP.o [9]
  .text              ro code   0x800'1884          4     0x228  heap_4.o [16]
  .text              ro code   0x800'1aac          4     0x21c  event_groups.o [10]
  .text              ro code   0x800'1cc8          4       0x6  ABImemclr.o [20]
  .text              ro code   0x800'1cce          2      0x7e  lz77_init_single.o [20]
  .text              ro code   0x800'1d4c          4     0x1fc  FreeRTOS_IP_Utils.o [9]
  .text              ro code   0x800'1f48          4      0x18  ABImemcpy_small.o [20]
  .text              ro code   0x800'1f60          4     0x160  eth_helper.o [6]
  .text              ro code   0x800'20c0          4     0x508  FreeRTOS_Routing.o [9]
  .text              ro code   0x800'25c8          4     0x17c  BufferAllocation_2.o [17]
  .text              ro code   0x800'2744          4     0x784  FreeRTOS_TCP_WIN.o [9]
  .text              ro code   0x800'2ec8          2      0x1a  FreeRTOS_IPv4_Sockets.o [9]
  .text              ro code   0x800'2ee2          2      0x1a  xsnprout.o [18]
  .text              ro code   0x800'2efc          4     0x18c  FreeRTOS_IPv6_Sockets.o [9]
  .text              ro code   0x800'3088          4     0x51c  FreeRTOS_TCP_IP.o [9]
  .text              ro code   0x800'35a4          4     0xd30  tasks.o [10]
  .text              ro code   0x800'42d4          2     0x1a0  FreeRTOS_Stream_Buffer.o [9]
  .text              ro code   0x800'4474          4       0x6  ABImemclr4.o [20]
  .rodata            const     0x800'447a          2       0x2  xlocale_c.o [18]
  .text              ro code   0x800'447c          4     0x218  FreeRTOS_IP_Timers.o [9]
  .text              ro code   0x800'4694          4     0x718  queue.o [10]
  .text              ro code   0x800'4dac          4     0x3b4  FreeRTOS_RA.o [9]
  .text              ro code   0x800'5160          2      0x6a  FreeRTOS_UDP_IP.o [9]
  .rodata            const     0x800'51ca                  0x1  xlocale_c.o [18]
  .text              ro code   0x800'51cc          4     0x64c  FreeRTOS_ARP.o [9]
  .text              ro code   0x800'5818          4     0x63c  FreeRTOS_ND.o [9]
  .text              ro code   0x800'5e54          4     0x1dc  FreeRTOS_IPv4.o [9]
  .text              ro code   0x800'6030          4     0x318  FreeRTOS_IPv6.o [9]
  .text              ro code   0x800'6348          2      0x46  FreeRTOS_ICMP.o [9]
  .text              ro code   0x800'638e          2      0xfe  FreeRTOS_IPv6_Utils.o [9]
  .text              ro code   0x800'648c          4      0x1e  memcmp_small.o [20]
  .text              ro code   0x800'64ac          4     0x10e  port.o [16]
  .text              ro code   0x800'65bc          4      0x12  ABImemset_small.o [20]
  .text              ro code   0x800'65d0          4     0x106  I64DivMod_small.o [20]
  .text              ro code   0x800'66d8          4       0xc  stm32f4xx_hal.o [13]
  .text              ro code   0x800'66e4          4     0x5f8  FreeRTOS_TCP_Transmission.o [9]
  .text              ro code   0x800'6cdc          4     0x58a  FreeRTOS_TCP_State_Handling.o [9]
  .text              ro code   0x800'7266          2     0x2be  FreeRTOS_TCP_Reception.o [9]
  .text              ro code   0x800'7524          4      0x3a  ABImemset48.o [20]
  .text              ro code   0x800'7560          4     0x188  FreeRTOS_UDP_IPv4.o [9]
  .text              ro code   0x800'76e8          2     0x1ae  FreeRTOS_UDP_IPv6.o [9]
  .text              ro code   0x800'7896          2      0x30  FreeRTOS_IPv4_Utils.o [9]
  .text              ro code   0x800'78c8          4      0x1e  ABImemmove_small.o [20]
  .text              ro code   0x800'78e8          4       0x2  I64DivZer.o [20]
  .text              ro code   0x800'78ea          2     0x318  FreeRTOS_TCP_Transmission_IPv6.o [9]
  .text              ro code   0x800'7c04          4     0x2c2  FreeRTOS_TCP_Transmission_IPv4.o [9]
  .text              ro code   0x800'7ec6          2     0x13c  FreeRTOS_TCP_State_Handling_IPv4.o [9]
  .text              ro code   0x800'8002          2     0x132  FreeRTOS_TCP_State_Handling_IPv6.o [9]
  .text              ro code   0x800'8134          2      0x16  FreeRTOS_TCP_Utils.o [9]
  .text              ro code   0x800'814a          2      0x3e  FreeRTOS_TCP_Utils_IPv4.o [9]
  .text              ro code   0x800'8188          2      0x2c  FreeRTOS_TCP_Utils_IPv6.o [9]
  .text              ro code   0x800'81b4          4     0xece  xprintffull_nomb.o [18]
  .text              ro code   0x800'9084          4      0x16  strchr.o [20]
  .text              ro code   0x800'909c          4      0x40  xfail_s.o [18]
  .text              ro code   0x800'90dc          4      0x14  strlen_small.o [20]
  .text              ro code   0x800'90f0          4      0x58  memchr.o [20]
  .text              ro code   0x800'9148          4      0x70  frexp.o [19]
  .text              ro code   0x800'91b8          4      0x34  DblCmpLe.o [19]
  .text              ro code   0x800'91ec          4      0x34  DblCmpGe.o [19]
  .text              ro code   0x800'9220          4     0x13a  ldexp.o [19]
  .text              ro code   0x800'935c          4      0x36  DblToS32.o [19]
  .text              ro code   0x800'9394          4      0x22  S32ToDbl.o [19]
  .text              ro code   0x800'93b8          4     0x24e  DblAddSub.o [19]
  .text              ro code   0x800'9608          4     0x246  DblDiv.o [19]
  .text              ro code   0x800'9850          4      0x22  DblToU32.o [19]
  .text              ro code   0x800'9874          4      0x1c  U32ToDbl.o [19]
  .text              ro code   0x800'9890          4     0x1aa  DblMul.o [19]
  .text              ro code   0x800'9a3c          4       0x8  xlocale_c.o [18]
  .text              ro code   0x800'9a44          2       0x6  abort.o [18]
  .text              ro code   0x800'9a4c          4      0x14  exit.o [21]
  .text              ro code   0x800'9a60          4      0x7c  iarttio.o [21]
  .text              ro code   0x800'9adc          4       0x8  XShttio.o [18]
  .text              ro code   0x800'9ae4          4     0x9ec  stm32f4xx_ll_usb.o [13]
  .text              ro code   0x800'a4d0          4      0x28  stm32f4xx_hal.o [13]
  .text              ro code   0x800'a4f8          4     0x990  stm32f4xx_hal_pcd.o [13]
  .text              ro code   0x800'ae88          4     0x24c  usbd_conf.o [14]
  .text              ro code   0x800'b0d4          2       0x2  stm32f4xx_hal_pcd_ex.o [13]
  .text              ro code   0x800'b0d8          4     0x17c  stm32f4xx_hal_rcc.o [13]
  .text              ro code   0x800'b254          4     0x1ec  stm32f4xx_hal_gpio.o [13]
  .text              ro code   0x800'b440          4      0x90  stm32f4xx_hal_cortex.o [13]
  .text              ro code   0x800'b4d0          2     0x362  usbd_core.o [15]
  .text              ro code   0x800'b834          4      0xe0  main.o [4]
  .text              ro code   0x800'b914          2      0x4a  stm32f4xx_hal_pcd_ex.o [13]
  .text              ro code   0x800'b960          4      0x60  stm32f4xx_hal_rcc.o [13]
  .text              ro code   0x800'b9c0          4      0xa0  stm32f4xx_hal_timebase_tim.o [4]
  .text              ro code   0x800'ba60          4     0x504  usbd_ctlreq.o [15]
  .text              ro code   0x800'bf64          2      0x64  usbd_ioreq.o [15]
  .text              ro code   0x800'bfc8          4      0x34  stm32f4xx_hal.o [13]
  .text              ro code   0x800'bffc          4     0x282  gpio.o [4]
  .text              ro code   0x800'c280          4      0x64  dma.o [4]
  .text              ro code   0x800'c2e4          4      0x54  usb_device.o [1]
  .text              ro code   0x800'c338          4     0x230  usart.o [4]
  .text              ro code   0x800'c568          4      0xa0  qr.o [12]
  .text              ro code   0x800'c608          4     0x310  stm32f4xx_hal_rcc.o [13]
  .text              ro code   0x800'c918          4      0x10  stm32f4xx_hal.o [13]
  .text              ro code   0x800'c928          4     0x2e0  stm32f4xx_hal_tim.o [13]
  .text              ro code   0x800'cc08          4      0x38  stm32f4xx_hal_msp.o [4]
  .text              ro code   0x800'cc40          4      0xb0  stm32f4xx_ll_exti.o [13]
  .text              ro code   0x800'ccf0          4      0xee  stm32f4xx_ll_gpio.o [13]
  .text              ro code   0x800'cde0          4     0x3e2  usbd_cdc.o [15]
  .text              ro code   0x800'd1c4          4     0x10c  stm32f4xx_ll_usart.o [13]
  .text              ro code   0x800'd2d0          4      0x14  flash.o [7]
  .text              ro code   0x800'd2e4          4      0x7c  eth_init.o [6]
  .text              ro code   0x800'd360          4      0x7c  gate.o [11]
  .text              ro code   0x800'd3dc          4      0x12  strcmp.o [20]
  .text              ro code   0x800'd3ee          2       0x2  stm32f4xx_hal_tim.o [13]
  .text              ro code   0x800'd3f0          2       0x2  stm32f4xx_hal_tim.o [13]
  .text              ro code   0x800'd3f2          2       0x2  stm32f4xx_hal_tim.o [13]
  .text              ro code   0x800'd3f4          2       0x2  stm32f4xx_hal_tim_ex.o [13]
  .text              ro code   0x800'd3f6          2       0x2  stm32f4xx_hal_tim.o [13]
  .text              ro code   0x800'd3f8          2       0x2  stm32f4xx_hal_tim_ex.o [13]
  .text              ro code   0x800'd3fa          2       0x2  stm32f4xx_hal_tim.o [13]
  .text              ro code   0x800'd3fc          4      0xb8  stm32f4xx_ll_rcc.o [13]
  .text              ro code   0x800'd4b4          4     0x654  NetworkInterface.o [17]
  .text              ro code   0x800'db08          4      0x68  timers.o [10]
  .text              ro code   0x800'db70          4     0x676  stm32fxx_hal_eth.o [17]
  .text              ro code   0x800'e1e8          4     0x530  phyHandling.o [17]
  .text              ro code   0x800'e718          4      0x44  snprintf.o [18]
  .text              ro code   0x800'e75c          2       0x2  stm32fxx_hal_eth.o [17]
  .text              ro code   0x800'e760          4     0x100  usbd_desc.o [1]
  CODE               ro code   0x800'e860          4      0xb0  portasm.o [16]
  .text              ro code   0x800'e910          4      0x9c  cli_helper.o [3]
  .text              ro code   0x800'e9ac          4      0x28  printf.o [18]
  .text              ro code   0x800'e9d4          4      0x70  stm32f4xx_it.o [4]
  .text              ro code   0x800'ea44          4      0x54  usbd_cdc_if.o [1]
  .text              ro code   0x800'ea98          4      0x44  putchar.o [18]
  .text              ro code   0x800'eadc          2      0x10  write.o [21]
  .text              ro code   0x800'eaec          2      0x1e  dwrite.o [21]
  .text              ro code   0x800'eb0a          2      0x20  iarwstd.o [21]
  .text              ro code   0x800'eb2a          2      0x22  iarwrite.o [21]
  .text              ro code   0x800'eb4c          2      0x38  zero_init3.o [20]
  .rodata            const     0x800'eb84          4      0x28  FreeRTOS_ARP.o [9]
  .text              ro code   0x800'ebac          4      0x28  data_init.o [20]
  .text              ro code   0x800'ebd4          4      0x22  fpinit_M.o [19]
  .iar.init_table    const     0x800'ebf8          4      0x20  - Linker created -
  .text              ro code   0x800'ec18          4      0x20  system_stm32f4xx.o [2]
  .text              ro code   0x800'ec38          4      0x1e  cmain.o [20]
  .text              ro code   0x800'ec56          2       0x4  low_level_init.o [18]
  .text              ro code   0x800'ec5a          2       0x4  exit.o [18]
  .text              ro code   0x800'ec60          4       0xa  cexit.o [20]
  .text              ro code   0x800'ec6c          4      0x1c  cstartup_M.o [20]
  .text              ro code   0x800'ec88          2      0x16  xprout.o [18]
  .text              ro code   0x800'eca0          4      0x10  startup_stm32f407xx.o [5]
  .rodata            const     0x800'ecb0          4       0x8  system_stm32f4xx.o [2]
  .rodata            const     0x800'ecb8          4       0x4  BufferAllocation_2.o [17]
  .text              ro code   0x800'ecbc          2       0x4  startup_stm32f407xx.o [5]
  .text              ro code   0x800'ecc0          2       0x4  startup_stm32f407xx.o [5]
  .text              ro code   0x800'ecc4          2       0x4  startup_stm32f407xx.o [5]
  .text              ro code   0x800'ecc8          2       0x4  startup_stm32f407xx.o [5]
  .text              ro code   0x800'eccc          2       0x4  startup_stm32f407xx.o [5]
  .text              ro code   0x800'ecd0          2       0x4  startup_stm32f407xx.o [5]
  .text              ro code   0x800'ecd4          2       0x4  startup_stm32f407xx.o [5]
  .text              ro code   0x800'ecd8          2       0x4  startup_stm32f407xx.o [5]
  .text              ro code   0x800'ecdc          2       0x4  startup_stm32f407xx.o [5]
  .text              ro code   0x800'ece0          2       0x4  startup_stm32f407xx.o [5]
  .text              ro code   0x800'ece4          2       0x4  startup_stm32f407xx.o [5]
  .text              ro code   0x800'ece8          2       0x4  startup_stm32f407xx.o [5]
  .text              ro code   0x800'ecec          2       0x4  startup_stm32f407xx.o [5]
  .text              ro code   0x800'ecf0          2       0x4  startup_stm32f407xx.o [5]
  .text              ro code   0x800'ecf4          2       0x4  startup_stm32f407xx.o [5]
  .text              ro code   0x800'ecf8          2       0x4  startup_stm32f407xx.o [5]
  .text              ro code   0x800'ecfc          2       0x4  startup_stm32f407xx.o [5]
  .text              ro code   0x800'ed00          2       0x4  startup_stm32f407xx.o [5]
  .text              ro code   0x800'ed04          2       0x4  startup_stm32f407xx.o [5]
  .text              ro code   0x800'ed08          2       0x4  startup_stm32f407xx.o [5]
  .text              ro code   0x800'ed0c          2       0x4  startup_stm32f407xx.o [5]
  .text              ro code   0x800'ed10          2       0x4  startup_stm32f407xx.o [5]
  .text              ro code   0x800'ed14          2       0x4  startup_stm32f407xx.o [5]
  .text              ro code   0x800'ed18          2       0x4  startup_stm32f407xx.o [5]
  .text              ro code   0x800'ed1c          2       0x4  startup_stm32f407xx.o [5]
  .text              ro code   0x800'ed20          2       0x4  startup_stm32f407xx.o [5]
  .text              ro code   0x800'ed24          2       0x4  startup_stm32f407xx.o [5]
  .text              ro code   0x800'ed28          2       0x4  startup_stm32f407xx.o [5]
  .text              ro code   0x800'ed2c          2       0x4  startup_stm32f407xx.o [5]
  .text              ro code   0x800'ed30          2       0x4  startup_stm32f407xx.o [5]
  .text              ro code   0x800'ed34          2       0x4  startup_stm32f407xx.o [5]
  .text              ro code   0x800'ed38          2       0x4  startup_stm32f407xx.o [5]
  .text              ro code   0x800'ed3c          2       0x4  startup_stm32f407xx.o [5]
  .text              ro code   0x800'ed40          2       0x4  startup_stm32f407xx.o [5]
  .text              ro code   0x800'ed44          2       0x4  startup_stm32f407xx.o [5]
  .text              ro code   0x800'ed48          2       0x4  startup_stm32f407xx.o [5]
  .text              ro code   0x800'ed4c          2       0x4  startup_stm32f407xx.o [5]
  .text              ro code   0x800'ed50          2       0x4  startup_stm32f407xx.o [5]
  .text              ro code   0x800'ed54          2       0x4  startup_stm32f407xx.o [5]
  .text              ro code   0x800'ed58          2       0x4  startup_stm32f407xx.o [5]
  .text              ro code   0x800'ed5c          2       0x4  startup_stm32f407xx.o [5]
  .text              ro code   0x800'ed60          2       0x4  startup_stm32f407xx.o [5]
  .text              ro code   0x800'ed64          2       0x4  startup_stm32f407xx.o [5]
  .text              ro code   0x800'ed68          2       0x4  startup_stm32f407xx.o [5]
  .text              ro code   0x800'ed6c          2       0x4  startup_stm32f407xx.o [5]
  .text              ro code   0x800'ed70          2       0x4  startup_stm32f407xx.o [5]
  .text              ro code   0x800'ed74          2       0x4  startup_stm32f407xx.o [5]
  .text              ro code   0x800'ed78          2       0x4  startup_stm32f407xx.o [5]
  .text              ro code   0x800'ed7c          2       0x4  startup_stm32f407xx.o [5]
  .text              ro code   0x800'ed80          2       0x4  startup_stm32f407xx.o [5]
  .text              ro code   0x800'ed84          2       0x4  startup_stm32f407xx.o [5]
  .text              ro code   0x800'ed88          2       0x4  startup_stm32f407xx.o [5]
  .text              ro code   0x800'ed8c          2       0x4  startup_stm32f407xx.o [5]
  .text              ro code   0x800'ed90          2       0x4  startup_stm32f407xx.o [5]
  .text              ro code   0x800'ed94          2       0x4  startup_stm32f407xx.o [5]
  .text              ro code   0x800'ed98          2       0x4  startup_stm32f407xx.o [5]
  .text              ro code   0x800'ed9c          2       0x4  startup_stm32f407xx.o [5]
  .text              ro code   0x800'eda0          2       0x4  startup_stm32f407xx.o [5]
  .text              ro code   0x800'eda4          2       0x4  startup_stm32f407xx.o [5]
  .text              ro code   0x800'eda8          2       0x4  startup_stm32f407xx.o [5]
  .text              ro code   0x800'edac          2       0x4  startup_stm32f407xx.o [5]
  .text              ro code   0x800'edb0          2       0x4  startup_stm32f407xx.o [5]
  .text              ro code   0x800'edb4          2       0x4  startup_stm32f407xx.o [5]
  .text              ro code   0x800'edb8          2       0x4  startup_stm32f407xx.o [5]
  .text              ro code   0x800'edbc          2       0x4  startup_stm32f407xx.o [5]
  .text              ro code   0x800'edc0          2       0x4  startup_stm32f407xx.o [5]
  .text              ro code   0x800'edc4          2       0x4  startup_stm32f407xx.o [5]
  .text              ro code   0x800'edc8          2       0x4  startup_stm32f407xx.o [5]
  .text              ro code   0x800'edcc          2       0x4  startup_stm32f407xx.o [5]
  .text              ro code   0x800'edd0          2       0x4  startup_stm32f407xx.o [5]
  .text              ro code   0x800'edd4          2       0x4  startup_stm32f407xx.o [5]
  .text              ro code   0x800'edd8          2       0x4  startup_stm32f407xx.o [5]
  .text              ro code   0x800'eddc          2       0x4  startup_stm32f407xx.o [5]
  .text              ro code   0x800'ede0          2       0x4  startup_stm32f407xx.o [5]
  .rodata            const     0x800'ede4                  0x0  zero_init3.o [20]
  .rodata            const     0x800'ede4                  0x0  lz77_init_single.o [20]
  Initializer bytes  const     0x800'ede4                0x1a0  <for P3-1>
                             - 0x800'ef84               0xedfc

"P1":                                                    0x858
  .ccmram            uninit   0x1000'0000          4     0x858  qr.o [12]
                            - 0x1000'0858                0x858

"P3", part 1 of 3:                                      0x3308
  P3-1                        0x2000'0000               0x3308  <Init block>
    .data            inited   0x2000'0000          4       0xa  eth_helper.o [6]
    .data            inited   0x2000'000c          4      0x74  FreeRTOS_ARP.o [9]
    .data            inited   0x2000'0080          4    0x3054  NetworkInterface.o [17]
    .data            inited   0x2000'30d4          4       0xc  port.o [16]
    .data            inited   0x2000'30e0          4       0xc  stm32f4xx_hal.o [13]
    .data            inited   0x2000'30ec          4       0x4  system_stm32f4xx.o [2]
    .data            inited   0x2000'30f0          4      0xa4  tasks.o [10]
    .data            inited   0x2000'3194          4       0xc  usbd_cdc.o [15]
    .data            inited   0x2000'31a0          4      0x38  usbd_cdc.o [15]
    .data            inited   0x2000'31d8          4      0x44  usbd_cdc.o [15]
    .data            inited   0x2000'321c          4      0x14  usbd_cdc_if.o [1]
    .data            inited   0x2000'3230          4      0x1c  usbd_desc.o [1]
    .data            inited   0x2000'324c          4      0x14  usbd_desc.o [1]
    .data            inited   0x2000'3260          4       0x4  usbd_desc.o [1]
    .data            inited   0x2000'3264          4      0x1c  usbd_desc.o [1]
    .data            inited   0x2000'3280          4      0x38  xlocale_c.o [18]
    .data            inited   0x2000'32b8          4      0x48  xfiles.o [18]
    .data            inited   0x2000'3300          4       0x8  XShttio.o [18]
                            - 0x2000'3308               0x3308

"P3", part 2 of 3:                                    0x1'4ee8
  .bss               zero     0x2000'3308          4  0x1'041c  heap_4.o [16]
  .bss               zero     0x2001'3724          4    0x1000  usbd_cdc_if.o [1]
  .bss               zero     0x2001'4724          4     0xd70  BufferAllocation_2.o [17]
  .bss               zero     0x2001'5494          4     0xcec  FreeRTOS_IP.o [9]
  .bss               zero     0x2001'6180          4     0x65c  cli.o [3]
  .bss               zero     0x2001'67dc          4     0x4e4  usbd_conf.o [14]
  .bss               zero     0x2001'6cc0          4     0x300  cli.o [3]
  .bss               zero     0x2001'6fc0          4     0x300  FreeRTOS_ND.o [9]
  .bss               zero     0x2001'72c0          4     0x2dc  usb_device.o [1]
  .bss               zero     0x2001'759c          4     0x220  usbd_conf.o [14]
  .bss               zero     0x2001'77bc          4     0x200  usbd_desc.o [1]
  .bss               zero     0x2001'79bc          4      0x6c  FreeRTOS_Routing.o [9]
  .bss               zero     0x2001'7a28          8     0x170  eth_init.o [6]
  .bss               zero     0x2001'7b98          4     0x12c  tasks.o [10]
  .bss               zero     0x2001'7cc4          4     0x104  timers.o [10]
  .bss               zero     0x2001'7dc8          4     0x100  usart.o [4]
  .bss               zero     0x2001'7ee0         32      0x80  NetworkInterface.o [17]
  .bss               zero     0x2001'7f60         32      0x80  NetworkInterface.o [17]
  .bss               zero     0x2001'7fe0          4      0x54  FreeRTOS_IP_Timers.o [9]
  .bss               zero     0x2001'8034          4      0x50  xfiles.o [18]
  .bss               zero     0x2001'8084          4      0x48  NetworkInterface.o [17]
  .bss               zero     0x2001'80cc          4      0x48  stm32f4xx_hal_timebase_tim.o [4]
  .bss               zero     0x2001'8114          4      0x40  queue.o [10]
  .bss               zero     0x2001'8154          4      0x2c  FreeRTOS_Sockets.o [9]
  .bss               zero     0x2001'8180          4      0x1c  BufferAllocation_2.o [17]
  .bss               zero     0x2001'819c          4      0x18  FreeRTOS_TCP_WIN.o [9]
  .bss               zero     0x2001'81b4          4      0x14  NetworkInterface.o [17]
  .bss               zero     0x2001'81c8          4       0x8  gate.o [11]
  .bss               zero     0x2001'81d0          4       0x4  FreeRTOS_Routing.o [9]
  .bss               zero     0x2001'81d4          4       0x4  FreeRTOS_TCP_IP.o [9]
  .bss               zero     0x2001'81d8          4       0x4  FreeRTOS_TCP_IP.o [9]
  .bss               zero     0x2001'81dc          4       0x4  FreeRTOS_TCP_WIN.o [9]
  .bss               zero     0x2001'81e0          4       0x4  qr.o [12]
  .bss               zero     0x2001'81e4          4       0x4  xfail_s.o [18]
  .bss               zero     0x2001'81e8          2       0x2  FreeRTOS_IP.o [9]
  .bss               zero     0x2001'81ea                  0x1  cli_helper.o [3]
  .bss               zero     0x2001'81eb                  0x1  NetworkInterface.o [17]
  .bss               zero     0x2001'81ec                  0x1  usbd_ctlreq.o [15]
                            - 0x2001'81ed             0x1'4ee5

"P3", part 3 of 3:                                       0x400
  CSTACK                      0x2001'81f0          8     0x400  <Block>
    CSTACK           uninit   0x2001'81f0                0x400  <Block tail>
                            - 0x2001'85f0                0x400

Unused ranges:

         From           To      Size
         ----           --      ----
   0x800'ef84   0x80f'ffff  0xf'107c
  0x1000'0858  0x1000'ffff    0xf7a8
  0x2001'85f0  0x2001'ffff    0x7a10


*******************************************************************************
*** INIT TABLE
***

          Address      Size
          -------      ----
Zero (__iar_zero_init3)
    1 destination range, total size 0x1'4ee5:
          0x2000'3308  0x1'4ee5

Copy/lz77 (__iar_lz77_init_single3)
    1 source range, total size 0x1a0 (3% of destination):
           0x800'ede4     0x1a0
    1 destination range, total size 0x3308:
          0x2000'0000    0x3308



*******************************************************************************
*** MODULE SUMMARY
***

    Module                              ro code  ro data  rw data
    ------                              -------  -------  -------
command line/config:
    -------------------------------------------------------------
    Total:

C:\Users\Koche\Desktop\Work\Smart Dispenser PRJ\gateway\EWARM\Gateway_407\Obj\App_6048373297342892631.dir: [1]
    usb_device.o                             84               732
    usbd_cdc_if.o                            84        1    4'116
    usbd_desc.o                             256        2      592
    -------------------------------------------------------------
    Total:                                  424        3    5'440

C:\Users\Koche\Desktop\Work\Smart Dispenser PRJ\gateway\EWARM\Gateway_407\Obj\CMSIS_6603591812247902717.dir: [2]
    system_stm32f4xx.o                       32        8        4
    -------------------------------------------------------------
    Total:                                   32        8        4

C:\Users\Koche\Desktop\Work\Smart Dispenser PRJ\gateway\EWARM\Gateway_407\Obj\Cli_11707894225168942927.dir: [3]
    cli.o                                                   2'396
    cli_helper.o                            156                 1
    -------------------------------------------------------------
    Total:                                  156             2'397

C:\Users\Koche\Desktop\Work\Smart Dispenser PRJ\gateway\EWARM\Gateway_407\Obj\Core_13247989168731456611.dir: [4]
    dma.o                                   100
    gpio.o                                  642
    main.o                                  224
    stm32f4xx_hal_msp.o                      56
    stm32f4xx_hal_timebase_tim.o            160                72
    stm32f4xx_it.o                          112
    usart.o                                 560               256
    -------------------------------------------------------------
    Total:                                1'854               328

C:\Users\Koche\Desktop\Work\Smart Dispenser PRJ\gateway\EWARM\Gateway_407\Obj\EWARM_18443280873093131863.dir: [5]
    startup_stm32f407xx.o                   704
    -------------------------------------------------------------
    Total:                                  704

C:\Users\Koche\Desktop\Work\Smart Dispenser PRJ\gateway\EWARM\Gateway_407\Obj\Ethernet_5605320102233052314.dir: [6]
    eth_helper.o                            352                10
    eth_init.o                              124               368
    -------------------------------------------------------------
    Total:                                  476               378

C:\Users\Koche\Desktop\Work\Smart Dispenser PRJ\gateway\EWARM\Gateway_407\Obj\Flash_13912709933827620245.dir: [7]
    flash.o                                  20
    -------------------------------------------------------------
    Total:                                   20

C:\Users\Koche\Desktop\Work\Smart Dispenser PRJ\gateway\EWARM\Gateway_407\Obj\FreeRTOS-Plu-Cli_11501085631675054166.dir: [8]
    -------------------------------------------------------------
    Total:

C:\Users\Koche\Desktop\Work\Smart Dispenser PRJ\gateway\EWARM\Gateway_407\Obj\FreeRTOS-Plus-TCP_16686340316780321206.dir: [9]
    FreeRTOS_ARP.o                        1'612       44      116
    FreeRTOS_ICMP.o                          70
    FreeRTOS_IP.o                         1'724             3'310
    FreeRTOS_IP_Timers.o                    536                84
    FreeRTOS_IP_Utils.o                     508
    FreeRTOS_IPv4.o                         476
    FreeRTOS_IPv4_Sockets.o                  26
    FreeRTOS_IPv4_Utils.o                    48
    FreeRTOS_IPv6.o                         792
    FreeRTOS_IPv6_Sockets.o                 396
    FreeRTOS_IPv6_Utils.o                   254
    FreeRTOS_ND.o                         1'596               768
    FreeRTOS_RA.o                           948
    FreeRTOS_Routing.o                    1'288               112
    FreeRTOS_Sockets.o                    4'016                44
    FreeRTOS_Stream_Buffer.o                416
    FreeRTOS_TCP_IP.o                     1'308                 8
    FreeRTOS_TCP_Reception.o                702
    FreeRTOS_TCP_State_Handling.o         1'418
    FreeRTOS_TCP_State_Handling_IPv4.o      316
    FreeRTOS_TCP_State_Handling_IPv6.o      306
    FreeRTOS_TCP_Transmission.o           1'528
    FreeRTOS_TCP_Transmission_IPv4.o        706
    FreeRTOS_TCP_Transmission_IPv6.o        792
    FreeRTOS_TCP_Utils.o                     22
    FreeRTOS_TCP_Utils_IPv4.o                62
    FreeRTOS_TCP_Utils_IPv6.o                44
    FreeRTOS_TCP_WIN.o                    1'924                28
    FreeRTOS_UDP_IP.o                       106
    FreeRTOS_UDP_IPv4.o                     392
    FreeRTOS_UDP_IPv6.o                     430
    -------------------------------------------------------------
    Total:                               24'762       44    4'470

C:\Users\Koche\Desktop\Work\Smart Dispenser PRJ\gateway\EWARM\Gateway_407\Obj\FreeRTOS_15068288790229095433.dir: [10]
    event_groups.o                          540
    list.o                                  144
    queue.o                               1'816                64
    tasks.o                               3'376        6      464
    timers.o                                104               260
    -------------------------------------------------------------
    Total:                                5'980        6      788

C:\Users\Koche\Desktop\Work\Smart Dispenser PRJ\gateway\EWARM\Gateway_407\Obj\Gate_3448444589264835548.dir: [11]
    gate.o                                  124                 8
    -------------------------------------------------------------
    Total:                                  124                 8

C:\Users\Koche\Desktop\Work\Smart Dispenser PRJ\gateway\EWARM\Gateway_407\Obj\Qr_16551614283803889394.dir: [12]
    qr.o                                    160             2'140
    -------------------------------------------------------------
    Total:                                  160             2'140

C:\Users\Koche\Desktop\Work\Smart Dispenser PRJ\gateway\EWARM\Gateway_407\Obj\STM32F4xx_HAL_Driver_1244631019742807970.dir: [13]
    stm32f4xx_hal.o                         120                12
    stm32f4xx_hal_cortex.o                  144
    stm32f4xx_hal_gpio.o                    492
    stm32f4xx_hal_pcd.o                   2'448
    stm32f4xx_hal_pcd_ex.o                   76
    stm32f4xx_hal_rcc.o                   1'260
    stm32f4xx_hal_tim.o                     746
    stm32f4xx_hal_tim_ex.o                    4
    stm32f4xx_ll_exti.o                     176
    stm32f4xx_ll_gpio.o                     238
    stm32f4xx_ll_rcc.o                      184
    stm32f4xx_ll_usart.o                    268
    stm32f4xx_ll_usb.o                    2'540
    -------------------------------------------------------------
    Total:                                8'696                12

C:\Users\Koche\Desktop\Work\Smart Dispenser PRJ\gateway\EWARM\Gateway_407\Obj\Target_2794460481546860895.dir: [14]
    usbd_conf.o                             588             1'796
    -------------------------------------------------------------
    Total:                                  588             1'796

C:\Users\Koche\Desktop\Work\Smart Dispenser PRJ\gateway\EWARM\Gateway_407\Obj\USB_Device_Library_15009154495834662892.dir: [15]
    usbd_cdc.o                              994        4      136
    usbd_core.o                             866
    usbd_ctlreq.o                         1'284                 1
    usbd_ioreq.o                            100
    -------------------------------------------------------------
    Total:                                3'244        4      137

C:\Users\Koche\Desktop\Work\Smart Dispenser PRJ\gateway\EWARM\Gateway_407\Obj\portable_15954926109208205999.dir: [16]
    heap_4.o                                552            66'588
    port.o                                  270                12
    portasm.o                               176
    -------------------------------------------------------------
    Total:                                  998            66'600

C:\Users\Koche\Desktop\Work\Smart Dispenser PRJ\gateway\EWARM\Gateway_407\Obj\portable_7947777220660125680.dir: [17]
    BufferAllocation_2.o                    380        4    3'468
    NetworkInterface.o                    1'620      394   12'721
    phyHandling.o                         1'328
    stm32fxx_hal_eth.o                    1'656
    -------------------------------------------------------------
    Total:                                4'984      398   16'189

dl7M_tlf.a: [18]
    XShttio.o                                 8        1        8
    abort.o                                   6
    exit.o                                    4
    low_level_init.o                          4
    printf.o                                 40
    putchar.o                                68
    snprintf.o                               68
    xfail_s.o                                64                 4
    xfiles.o                                           2      152
    xlocale_c.o                               8        5       56
    xprintffull_nomb.o                    3'790
    xprout.o                                 22
    xsnprout.o                               26
    -------------------------------------------------------------
    Total:                                4'108        8      220

m7M_tls.a: [19]
    DblAddSub.o                             590
    DblCmpGe.o                               52
    DblCmpLe.o                               52
    DblDiv.o                                582
    DblMul.o                                426
    DblToS32.o                               54
    DblToU32.o                               34
    S32ToDbl.o                               34
    U32ToDbl.o                               28
    fpinit_M.o                               34
    frexp.o                                 112
    ldexp.o                                 314
    -------------------------------------------------------------
    Total:                                2'312

rt7M_tl.a: [20]
    ABImemclr.o                               6
    ABImemclr4.o                              6
    ABImemcpy_small.o                        24
    ABImemmove_small.o                       30
    ABImemset48.o                            58
    ABImemset_small.o                        18
    I64DivMod_small.o                       262
    I64DivZer.o                               2
    cexit.o                                  10
    cmain.o                                  30
    cstartup_M.o                             28
    data_init.o                              40
    lz77_init_single.o                      126
    memchr.o                                 88
    memcmp_small.o                           30
    strchr.o                                 22
    strcmp.o                                 18
    strlen_small.o                           20
    zero_init3.o                             56
    -------------------------------------------------------------
    Total:                                  874

shb_l.a: [21]
    dwrite.o                                 30
    exit.o                                   20
    iarttio.o                               124
    iarwrite.o                               34
    iarwstd.o                                32
    write.o                                  16
    -------------------------------------------------------------
    Total:                                  256

    Gaps                                     59        2       26
    Linker created                                    32    1'024
-----------------------------------------------------------------
    Grand Total:                         60'811      505  101'957


*******************************************************************************
*** ENTRY LIST
***

Entry                       Address      Size  Type      Object
-----                       -------      ----  ----      ------
.iar.init_table$$Base    0x800'ebf8             --   Gb  - Linker created -
.iar.init_table$$Limit   0x800'ec18             --   Gb  - Linker created -
?main                    0x800'ec39            Code  Gb  cmain.o [20]
ADC_IRQHandler           0x800'ecfd            Code  Wk  startup_stm32f407xx.o [5]
AHBPrescTable            0x800'ec28      0x10  Data  Gb  system_stm32f4xx.o [2]
APBPrescTable            0x800'ecb0       0x8  Data  Gb  system_stm32f4xx.o [2]
BusFault_Handler         0x800'e9ed       0x2  Code  Gb  stm32f4xx_it.o [4]
CAN1_RX0_IRQHandler      0x800'ed05            Code  Wk  startup_stm32f407xx.o [5]
CAN1_RX1_IRQHandler      0x800'ed09            Code  Wk  startup_stm32f407xx.o [5]
CAN1_SCE_IRQHandler      0x800'ed0d            Code  Wk  startup_stm32f407xx.o [5]
CAN1_TX_IRQHandler       0x800'ed01            Code  Wk  startup_stm32f407xx.o [5]
CAN2_RX0_IRQHandler      0x800'eda5            Code  Wk  startup_stm32f407xx.o [5]
CAN2_RX1_IRQHandler      0x800'eda9            Code  Wk  startup_stm32f407xx.o [5]
CAN2_SCE_IRQHandler      0x800'edad            Code  Wk  startup_stm32f407xx.o [5]
CAN2_TX_IRQHandler       0x800'eda1            Code  Wk  startup_stm32f407xx.o [5]
CDC_Control_FS           0x800'ea67       0x4  Code  Lc  usbd_cdc_if.o [1]
CDC_DeInit_FS            0x800'ea63       0x4  Code  Lc  usbd_cdc_if.o [1]
CDC_Init_FS              0x800'ea45      0x1e  Code  Lc  usbd_cdc_if.o [1]
CDC_ReceiveData          0x800'e979      0x1a  Code  Gb  cli_helper.o [3]
CDC_Receive_FS           0x800'ea6b      0x20  Code  Lc  usbd_cdc_if.o [1]
CDC_TransmitCplt_FS      0x800'ea95       0x4  Code  Lc  usbd_cdc_if.o [1]
CLI_USB_Receive_Char     0x800'e911      0x58  Code  Gb  cli_helper.o [3]
CSTACK$$Base            0x2001'81f0             --   Gb  - Linker created -
CSTACK$$Limit           0x2001'85f0             --   Gb  - Linker created -
DCMI_IRQHandler          0x800'edd9            Code  Wk  startup_stm32f407xx.o [5]
DMA1_Stream0_IRQHandler
                         0x800'ece1            Code  Wk  startup_stm32f407xx.o [5]
DMA1_Stream1_IRQHandler
                         0x800'ece5            Code  Wk  startup_stm32f407xx.o [5]
DMA1_Stream2_IRQHandler
                         0x800'ece9            Code  Wk  startup_stm32f407xx.o [5]
DMA1_Stream3_IRQHandler
                         0x800'eced            Code  Wk  startup_stm32f407xx.o [5]
DMA1_Stream4_IRQHandler
                         0x800'ecf1            Code  Wk  startup_stm32f407xx.o [5]
DMA1_Stream5_IRQHandler
                         0x800'ecf5            Code  Wk  startup_stm32f407xx.o [5]
DMA1_Stream6_IRQHandler
                         0x800'ecf9            Code  Wk  startup_stm32f407xx.o [5]
DMA1_Stream7_IRQHandler
                         0x800'ed6d            Code  Wk  startup_stm32f407xx.o [5]
DMA2_Stream0_IRQHandler
                         0x800'ed8d            Code  Wk  startup_stm32f407xx.o [5]
DMA2_Stream1_IRQHandler
                         0x800'ed91            Code  Wk  startup_stm32f407xx.o [5]
DMA2_Stream2_IRQHandler
                         0x800'ea31       0x2  Code  Gb  stm32f4xx_it.o [4]
DMA2_Stream3_IRQHandler
                         0x800'ed95            Code  Wk  startup_stm32f407xx.o [5]
DMA2_Stream4_IRQHandler
                         0x800'ed99            Code  Wk  startup_stm32f407xx.o [5]
DMA2_Stream5_IRQHandler
                         0x800'edb1            Code  Wk  startup_stm32f407xx.o [5]
DMA2_Stream6_IRQHandler
                         0x800'edb5            Code  Wk  startup_stm32f407xx.o [5]
DMA2_Stream7_IRQHandler
                         0x800'edb9            Code  Wk  startup_stm32f407xx.o [5]
DMARxDscrTab            0x2001'7ee0      0x80  Data  Gb  NetworkInterface.o [17]
DMATxDescToClear        0x2000'00c4       0x4  Data  Lc  NetworkInterface.o [17]
DMATxDscrTab            0x2001'7f60      0x80  Data  Gb  NetworkInterface.o [17]
DebugMon_Handler         0x800'e9f1       0x2  Code  Gb  stm32f4xx_it.o [4]
ETH_FlushTransmitFIFO    0x800'e1d1      0x16  Code  Lc  stm32fxx_hal_eth.o [17]
ETH_IRQHandler           0x800'da99       0x6  Code  Gb  NetworkInterface.o [17]
ETH_WKUP_IRQHandler      0x800'ed9d            Code  Wk  startup_stm32f407xx.o [5]
EXTI0_IRQHandler         0x800'ecd5            Code  Wk  startup_stm32f407xx.o [5]
EXTI15_10_IRQHandler     0x800'ed51            Code  Wk  startup_stm32f407xx.o [5]
EXTI1_IRQHandler         0x800'ecd9            Code  Wk  startup_stm32f407xx.o [5]
EXTI2_IRQHandler         0x800'e9f3      0x1a  Code  Gb  stm32f4xx_it.o [4]
EXTI3_IRQHandler         0x800'ea0d      0x1a  Code  Gb  stm32f4xx_it.o [4]
EXTI4_IRQHandler         0x800'ecdd            Code  Wk  startup_stm32f407xx.o [5]
EXTI9_5_IRQHandler       0x800'ed11            Code  Wk  startup_stm32f407xx.o [5]
Error_Handler            0x800'b911       0x4  Code  Gb  main.o [4]
FLASH_IRQHandler         0x800'eccd            Code  Wk  startup_stm32f407xx.o [5]
FPU_IRQHandler           0x800'ede1            Code  Wk  startup_stm32f407xx.o [5]
FSMC_IRQHandler          0x800'ed71            Code  Wk  startup_stm32f407xx.o [5]
FS_Desc                 0x2000'3230      0x1c  Data  Gb  usbd_desc.o [1]
Flash_Read_Data          0x800'd2d1      0x14  Code  Gb  flash.o [7]
FreeRTOS_AddEndPoint     0x800'21a3      0x32  Code  Lc  FreeRTOS_Routing.o [9]
FreeRTOS_AddNetworkInterface
                         0x800'2173      0x22  Code  Gb  FreeRTOS_Routing.o [9]
FreeRTOS_AllEndPointsUp
                         0x800'180d      0x2a  Code  Gb  FreeRTOS_IP.o [9]
FreeRTOS_ClearARP        0x800'57d5      0x2e  Code  Gb  FreeRTOS_ARP.o [9]
FreeRTOS_CreateIPv6Address
                         0x800'5d97      0x94  Code  Gb  FreeRTOS_ND.o [9]
FreeRTOS_FillEndPoint    0x800'20c1      0xb2  Code  Gb  FreeRTOS_Routing.o [9]
FreeRTOS_FindEndPointOnIP_IPv4
                         0x800'2211      0x40  Code  Gb  FreeRTOS_Routing.o [9]
FreeRTOS_FindEndPointOnIP_IPv6
                         0x800'2251       0x6  Code  Gb  FreeRTOS_Routing.o [9]
FreeRTOS_FindEndPointOnMAC
                         0x800'2257      0x3e  Code  Gb  FreeRTOS_Routing.o [9]
FreeRTOS_FindEndPointOnNetMask
                         0x800'2295       0x6  Code  Gb  FreeRTOS_Routing.o [9]
FreeRTOS_FindGateWay     0x800'2509      0x46  Code  Gb  FreeRTOS_Routing.o [9]
FreeRTOS_FirstEndPoint   0x800'21d5      0x1e  Code  Gb  FreeRTOS_Routing.o [9]
FreeRTOS_FirstNetworkInterface
                         0x800'2195       0x8  Code  Gb  FreeRTOS_Routing.o [9]
FreeRTOS_GetIPTaskHandle
                         0x800'15bf       0x8  Code  Gb  FreeRTOS_IP.o [9]
FreeRTOS_GetLocalAddress
                         0x800'08b5      0x56  Code  Gb  FreeRTOS_Sockets.o [9]
FreeRTOS_IPInit_Multi    0x800'162d      0x74  Code  Gb  FreeRTOS_IP.o [9]
FreeRTOS_IPInit_Multi{3}::ucNetworkEventQueueStorageArea
                        0x2001'54f8     0x208  Data  Lc  FreeRTOS_IP.o [9]
FreeRTOS_IPInit_Multi{3}::xNetworkEventStaticQueue
                        0x2001'54a8      0x50  Data  Lc  FreeRTOS_IP.o [9]
FreeRTOS_IPInit_Multi{4}{5}{7}{8}{9}::xIPTaskBuffer
                        0x2001'5700      0x58  Data  Lc  FreeRTOS_IP.o [9]
FreeRTOS_IPInit_Multi{4}{5}{7}{8}{9}::xIPTaskStack
                        0x2001'5758     0xa28  Data  Lc  FreeRTOS_IP.o [9]
FreeRTOS_InterfaceEPInSameSubnet_IPv6
                         0x800'22ef      0x3c  Code  Gb  FreeRTOS_Routing.o [9]
FreeRTOS_InterfaceEndPointOnNetMask
                         0x800'229b      0x54  Code  Gb  FreeRTOS_Routing.o [9]
FreeRTOS_IsEndPointUp    0x800'17fb      0x12  Code  Gb  FreeRTOS_IP.o [9]
FreeRTOS_IsNetworkUp     0x800'17f7       0x4  Code  Gb  FreeRTOS_IP.o [9]
FreeRTOS_MatchingEndpoint
                         0x800'2431      0xca  Code  Gb  FreeRTOS_Routing.o [9]
FreeRTOS_NetworkDown     0x800'15f5      0x38  Code  Gb  FreeRTOS_IP.o [9]
FreeRTOS_NextEndPoint    0x800'21f3      0x1e  Code  Gb  FreeRTOS_Routing.o [9]
FreeRTOS_NextNetworkInterface
                         0x800'219d       0x6  Code  Gb  FreeRTOS_Routing.o [9]
FreeRTOS_OutputARPRequest
                         0x800'573f      0x16  Code  Gb  FreeRTOS_ARP.o [9]
FreeRTOS_OutputARPRequest_Multi
                         0x800'56df      0x60  Code  Gb  FreeRTOS_ARP.o [9]
FreeRTOS_OutputAdvertiseIPv6
                         0x800'5c69      0xdc  Code  Gb  FreeRTOS_ND.o [9]
FreeRTOS_bind            0x800'031f      0xc8  Code  Gb  FreeRTOS_Sockets.o [9]
FreeRTOS_closesocket     0x800'051d      0x26  Code  Gb  FreeRTOS_Sockets.o [9]
FreeRTOS_connect         0x800'0945     0x138  Code  Gb  FreeRTOS_Sockets.o [9]
FreeRTOS_in6addr_any     0x800'6318      0x10  Data  Gb  FreeRTOS_IPv6.o [9]
FreeRTOS_in6addr_loopback
                         0x800'6328      0x10  Data  Gb  FreeRTOS_IPv6.o [9]
FreeRTOS_inet_ntoa       0x800'0829      0x62  Code  Gb  FreeRTOS_Sockets.o [9]
FreeRTOS_inet_ntop       0x800'088b      0x2a  Code  Gb  FreeRTOS_Sockets.o [9]
FreeRTOS_inet_ntop4      0x800'2ec9      0x1a  Code  Gb  FreeRTOS_IPv4_Sockets.o [9]
FreeRTOS_inet_ntop6      0x800'2fd3      0xb6  Code  Gb  FreeRTOS_IPv6_Sockets.o [9]
FreeRTOS_issocketconnected
                         0x800'0fb7      0x1c  Code  Gb  FreeRTOS_Sockets.o [9]
FreeRTOS_listen          0x800'0cfd      0x6c  Code  Gb  FreeRTOS_Sockets.o [9]
FreeRTOS_max_size_t      0x800'1ee7       0x8  Code  Gb  FreeRTOS_IP_Utils.o [9]
FreeRTOS_min_int32       0x800'1eef       0x8  Code  Gb  FreeRTOS_IP_Utils.o [9]
FreeRTOS_min_size_t      0x800'1eff       0x8  Code  Gb  FreeRTOS_IP_Utils.o [9]
FreeRTOS_min_uint32      0x800'1ef7       0x8  Code  Gb  FreeRTOS_IP_Utils.o [9]
FreeRTOS_recv            0x800'0aaf      0xe0  Code  Gb  FreeRTOS_Sockets.o [9]
FreeRTOS_round_up        0x800'1f07      0x18  Code  Gb  FreeRTOS_IP_Utils.o [9]
FreeRTOS_rx_size         0x800'0fd3      0x18  Code  Gb  FreeRTOS_Sockets.o [9]
FreeRTOS_send            0x800'0bfd      0xfa  Code  Gb  FreeRTOS_Sockets.o [9]
FreeRTOS_setsockopt      0x800'0675     0x162  Code  Gb  FreeRTOS_Sockets.o [9]
FreeRTOS_shutdown        0x800'0d69      0x32  Code  Gb  FreeRTOS_Sockets.o [9]
FreeRTOS_socket          0x800'01c9     0x128  Code  Gb  FreeRTOS_Sockets.o [9]
FreeRTOS_tx_size         0x800'0f9f      0x18  Code  Gb  FreeRTOS_Sockets.o [9]
FreeRTOS_tx_space        0x800'0f7d      0x1c  Code  Gb  FreeRTOS_Sockets.o [9]
HAL_Delay                0x800'a4d1      0x28  Code  Wk  stm32f4xx_hal.o [13]
HAL_ETH_ConfigMAC        0x800'e065     0x106  Code  Gb  stm32fxx_hal_eth.o [17]
HAL_ETH_ErrorCallback    0x800'e75d       0x2  Code  Wk  stm32fxx_hal_eth.o [17]
HAL_ETH_IRQHandler       0x800'de09      0x3a  Code  Gb  stm32fxx_hal_eth.o [17]
HAL_ETH_Init             0x800'db71     0x19c  Code  Gb  stm32fxx_hal_eth.o [17]
HAL_ETH_MspInit          0x800'dd0d      0xe2  Code  Gb  stm32fxx_hal_eth.o [17]
HAL_ETH_ReadPHYRegister
                         0x800'de43      0x6e  Code  Gb  stm32fxx_hal_eth.o [17]
HAL_ETH_RxCpltCallback   0x800'd4b5      0x1e  Code  Gb  NetworkInterface.o [17]
HAL_ETH_Start            0x800'df2d      0x54  Code  Gb  stm32fxx_hal_eth.o [17]
HAL_ETH_Stop             0x800'df81      0x52  Code  Gb  stm32fxx_hal_eth.o [17]
HAL_ETH_TxCpltCallback   0x800'd4e7      0x1e  Code  Gb  NetworkInterface.o [17]
HAL_ETH_WritePHYRegister
                         0x800'deb1      0x6e  Code  Gb  stm32fxx_hal_eth.o [17]
HAL_GPIO_Init            0x800'b255     0x1be  Code  Gb  stm32f4xx_hal_gpio.o [13]
HAL_GetTick              0x800'66d9       0xc  Code  Wk  stm32f4xx_hal.o [13]
HAL_IncTick              0x800'c919      0x10  Code  Wk  stm32f4xx_hal.o [13]
HAL_Init                 0x800'bfc9      0x30  Code  Gb  stm32f4xx_hal.o [13]
HAL_InitTick             0x800'b9c1      0x8a  Code  Gb  stm32f4xx_hal_timebase_tim.o [4]
HAL_MspInit              0x800'cc09      0x38  Code  Gb  stm32f4xx_hal_msp.o [4]
HAL_NVIC_EnableIRQ       0x800'b4a9      0x16  Code  Gb  stm32f4xx_hal_cortex.o [13]
HAL_NVIC_SetPriority     0x800'b46f      0x3a  Code  Gb  stm32f4xx_hal_cortex.o [13]
HAL_NVIC_SetPriorityGrouping
                         0x800'b45b      0x14  Code  Gb  stm32f4xx_hal_cortex.o [13]
HAL_PCDEx_LPM_Callback   0x800'b0d5       0x2  Code  Wk  stm32f4xx_hal_pcd_ex.o [13]
HAL_PCDEx_SetRxFiFo      0x800'b957       0x8  Code  Gb  stm32f4xx_hal_pcd_ex.o [13]
HAL_PCDEx_SetTxFiFo      0x800'b915      0x42  Code  Gb  stm32f4xx_hal_pcd_ex.o [13]
HAL_PCD_ConnectCallback
                         0x800'afad       0x8  Code  Gb  usbd_conf.o [14]
HAL_PCD_DataInStageCallback
                         0x800'af25      0x12  Code  Gb  usbd_conf.o [14]
HAL_PCD_DataOutStageCallback
                         0x800'af11      0x14  Code  Gb  usbd_conf.o [14]
HAL_PCD_DisconnectCallback
                         0x800'afb5       0x8  Code  Gb  usbd_conf.o [14]
HAL_PCD_EP_Abort         0x800'ae6d      0x1c  Code  Gb  stm32f4xx_hal_pcd.o [13]
HAL_PCD_EP_Close         0x800'ad11      0x20  Code  Gb  stm32f4xx_hal_pcd.o [13]
HAL_PCD_EP_ClrStall      0x800'ae09      0x2e  Code  Gb  stm32f4xx_hal_pcd.o [13]
HAL_PCD_EP_GetRxCount    0x800'ad4d      0x10  Code  Gb  stm32f4xx_hal_pcd.o [13]
HAL_PCD_EP_Open          0x800'acb7      0x5a  Code  Gb  stm32f4xx_hal_pcd.o [13]
HAL_PCD_EP_Receive       0x800'ad31      0x1c  Code  Gb  stm32f4xx_hal_pcd.o [13]
HAL_PCD_EP_SetStall      0x800'ad9f      0x62  Code  Gb  stm32f4xx_hal_pcd.o [13]
HAL_PCD_EP_Transmit      0x800'ad5d      0x18  Code  Gb  stm32f4xx_hal_pcd.o [13]
HAL_PCD_IRQHandler       0x800'a5e3     0x66e  Code  Gb  stm32f4xx_hal_pcd.o [13]
HAL_PCD_ISOINIncompleteCallback
                         0x800'afa5       0x8  Code  Gb  usbd_conf.o [14]
HAL_PCD_ISOOUTIncompleteCallback
                         0x800'af9d       0x8  Code  Gb  usbd_conf.o [14]
HAL_PCD_Init             0x800'a4f9      0xc2  Code  Gb  stm32f4xx_hal_pcd.o [13]
HAL_PCD_MspInit          0x800'ae89      0x7c  Code  Gb  usbd_conf.o [14]
HAL_PCD_ResetCallback    0x800'af3f      0x2c  Code  Gb  usbd_conf.o [14]
HAL_PCD_ResumeCallback   0x800'af95       0x8  Code  Gb  usbd_conf.o [14]
HAL_PCD_SOFCallback      0x800'af37       0x8  Code  Gb  usbd_conf.o [14]
HAL_PCD_SetAddress       0x800'ac97      0x20  Code  Gb  stm32f4xx_hal_pcd.o [13]
HAL_PCD_SetupStageCallback
                         0x800'af05       0xc  Code  Gb  usbd_conf.o [14]
HAL_PCD_Start            0x800'a5c5      0x1e  Code  Gb  stm32f4xx_hal_pcd.o [13]
HAL_PCD_SuspendCallback
                         0x800'af6b      0x2a  Code  Gb  usbd_conf.o [14]
HAL_RCC_ClockConfig      0x800'b0d9     0x100  Code  Gb  stm32f4xx_hal_rcc.o [13]
HAL_RCC_GetClockConfig   0x800'b201      0x36  Code  Gb  stm32f4xx_hal_rcc.o [13]
HAL_RCC_GetHCLKFreq      0x800'b1e5       0x6  Code  Gb  stm32f4xx_hal_rcc.o [13]
HAL_RCC_GetPCLK1Freq     0x800'b1eb      0x10  Code  Gb  stm32f4xx_hal_rcc.o [13]
HAL_RCC_GetSysClockFreq
                         0x800'b961      0x60  Code  Wk  stm32f4xx_hal_rcc.o [13]
HAL_RCC_OscConfig        0x800'c609     0x310  Code  Wk  stm32f4xx_hal_rcc.o [13]
HAL_TIMEx_BreakCallback
                         0x800'd3f5       0x2  Code  Wk  stm32f4xx_hal_tim_ex.o [13]
HAL_TIMEx_CommutCallback
                         0x800'd3f9       0x2  Code  Wk  stm32f4xx_hal_tim_ex.o [13]
HAL_TIM_Base_Init        0x800'c929      0x1a  Code  Gb  stm32f4xx_hal_tim.o [13]
HAL_TIM_Base_MspInit     0x800'd3ef       0x2  Code  Wk  stm32f4xx_hal_tim.o [13]
HAL_TIM_Base_Start_IT    0x800'c943      0x76  Code  Gb  stm32f4xx_hal_tim.o [13]
HAL_TIM_IC_CaptureCallback
                         0x800'd3f1       0x2  Code  Wk  stm32f4xx_hal_tim.o [13]
HAL_TIM_IRQHandler       0x800'ca0d     0x12a  Code  Gb  stm32f4xx_hal_tim.o [13]
HAL_TIM_OC_DelayElapsedCallback
                         0x800'd3f3       0x2  Code  Wk  stm32f4xx_hal_tim.o [13]
HAL_TIM_PWM_PulseFinishedCallback
                         0x800'd3fb       0x2  Code  Wk  stm32f4xx_hal_tim.o [13]
HAL_TIM_PeriodElapsedCallback
                         0x800'b8f5       0xe  Code  Gb  main.o [4]
HAL_TIM_TriggerCallback
                         0x800'd3f7       0x2  Code  Wk  stm32f4xx_hal_tim.o [13]
HASH_RNG_IRQHandler      0x800'eddd            Code  Wk  startup_stm32f407xx.o [5]
HardFault_Handler        0x800'e9e9       0x2  Code  Gb  stm32f4xx_it.o [4]
I2C1_ER_IRQHandler       0x800'ed35            Code  Wk  startup_stm32f407xx.o [5]
I2C1_EV_IRQHandler       0x800'ed31            Code  Wk  startup_stm32f407xx.o [5]
I2C2_ER_IRQHandler       0x800'ed3d            Code  Wk  startup_stm32f407xx.o [5]
I2C2_EV_IRQHandler       0x800'ed39            Code  Wk  startup_stm32f407xx.o [5]
I2C3_ER_IRQHandler       0x800'edc5            Code  Wk  startup_stm32f407xx.o [5]
I2C3_EV_IRQHandler       0x800'edc1            Code  Wk  startup_stm32f407xx.o [5]
IntToUnicode             0x800'e7f1      0x26  Code  Lc  usbd_desc.o [1]
LL_AHB1_GRP1_EnableClock
                         0x800'c09f      0x16  Code  Lc  gpio.o [4]
LL_DMA_DisableStream     0x800'c349      0x10  Code  Lc  usart.o [4]
LL_DMA_EnableStream      0x800'c339      0x10  Code  Lc  usart.o [4]
LL_DMA_SetDataLength     0x800'c371      0x16  Code  Lc  usart.o [4]
LL_DMA_SetDataTransferDirection
                         0x800'c359      0x16  Code  Lc  usart.o [4]
LL_DMA_SetMemoryAddress
                         0x800'c389       0xa  Code  Lc  usart.o [4]
LL_EXTI_Init             0x800'cc41      0xaa  Code  Gb  stm32f4xx_ll_exti.o [13]
LL_EXTI_IsActiveFlag_0_31
                         0x800'e9d5      0x12  Code  Lc  stm32f4xx_it.o [4]
LL_GPIO_Init             0x800'ccf1      0xee  Code  Gb  stm32f4xx_ll_gpio.o [13]
LL_GPIO_IsInputPinSet    0x800'd361      0x10  Code  Lc  gate.o [11]
LL_GPIO_SetPinMode       0x800'c067      0x10  Code  Lc  gpio.o [4]
LL_GPIO_SetPinPull       0x800'c081      0x10  Code  Lc  gpio.o [4]
LL_RCC_GetSystemClocksFreq
                         0x800'd3fd      0x20  Code  Gb  stm32f4xx_ll_rcc.o [13]
LL_SYSCFG_SetEXTISource
                         0x800'c049      0x1e  Code  Lc  gpio.o [4]
LL_USART_Init            0x800'd1c5      0xe2  Code  Gb  stm32f4xx_ll_usart.o [13]
MX_DMA_Init              0x800'c281      0x64  Code  Gb  dma.o [4]
MX_GPIO_Init             0x800'c0b5     0x164  Code  Gb  gpio.o [4]
MX_USART1_UART_Init      0x800'c395     0x122  Code  Gb  usart.o [4]
MX_USB_DEVICE_Init       0x800'c2e5      0x54  Code  Gb  usb_device.o [1]
MemManage_Handler        0x800'e9eb       0x2  Code  Gb  stm32f4xx_it.o [4]
NMI_Handler              0x800'e9e7       0x2  Code  Gb  stm32f4xx_it.o [4]
NVIC_EncodePriority      0x800'c017      0x32  Code  Lc  gpio.o [4]
OTG_FS_IRQHandler        0x800'ea33       0x6  Code  Gb  stm32f4xx_it.o [4]
OTG_FS_WKUP_IRQHandler   0x800'ed59            Code  Wk  startup_stm32f407xx.o [5]
OTG_HS_EP1_IN_IRQHandler
                         0x800'edcd            Code  Wk  startup_stm32f407xx.o [5]
OTG_HS_EP1_OUT_IRQHandler
                         0x800'edc9            Code  Wk  startup_stm32f407xx.o [5]
OTG_HS_IRQHandler        0x800'edd5            Code  Wk  startup_stm32f407xx.o [5]
OTG_HS_WKUP_IRQHandler   0x800'edd1            Code  Wk  startup_stm32f407xx.o [5]
PVD_IRQHandler           0x800'ecc1            Code  Wk  startup_stm32f407xx.o [5]
PendSV_Handler           0x800'e861            Code  Gb  portasm.o [16]
ProcessICMPPacket        0x800'6349      0x46  Code  Gb  FreeRTOS_ICMP.o [9]
QR_Init                  0x800'c569      0x34  Code  Gb  qr.o [12]
RCC_GetHCLKClockFreq     0x800'd439       0xc  Code  Gb  stm32f4xx_ll_rcc.o [13]
RCC_GetPCLK1ClockFreq    0x800'd445       0xa  Code  Gb  stm32f4xx_ll_rcc.o [13]
RCC_GetPCLK2ClockFreq    0x800'd455       0xc  Code  Gb  stm32f4xx_ll_rcc.o [13]
RCC_GetSystemClockFreq   0x800'd41d      0x1c  Code  Gb  stm32f4xx_ll_rcc.o [13]
RCC_IRQHandler           0x800'ecd1            Code  Wk  startup_stm32f407xx.o [5]
RCC_PLL_GetFreqDomain_SYS
                         0x800'd461      0x3c  Code  Gb  stm32f4xx_ll_rcc.o [13]
RTC_Alarm_IRQHandler     0x800'ed55            Code  Wk  startup_stm32f407xx.o [5]
RTC_WKUP_IRQHandler      0x800'ecc9            Code  Wk  startup_stm32f407xx.o [5]
Region$$Table$$Base      0x800'ebf8             --   Gb  - Linker created -
Region$$Table$$Limit     0x800'ec18             --   Gb  - Linker created -
Reset_Handler            0x800'eca1            Code  Wk  startup_stm32f407xx.o [5]
Rx_Buff                 0x2000'00d4    0x1800  Data  Gb  NetworkInterface.o [17]
SDIO_IRQHandler          0x800'ed75            Code  Wk  startup_stm32f407xx.o [5]
SPI1_IRQHandler          0x800'ed41            Code  Wk  startup_stm32f407xx.o [5]
SPI2_IRQHandler          0x800'ed45            Code  Wk  startup_stm32f407xx.o [5]
SPI3_IRQHandler          0x800'ed7d            Code  Wk  startup_stm32f407xx.o [5]
STREAM_OFFSET_TAB        0x800'c560       0x8  Data  Lc  usart.o [4]
SVC_Handler              0x800'e8b9            Code  Gb  portasm.o [16]
SWAPBYTE                 0x800'ba61       0xa  Code  Lc  usbd_ctlreq.o [15]
SysTick_Handler          0x800'6545      0x26  Code  Gb  port.o [16]
SystemClock_Config       0x800'b855      0xa0  Code  Gb  main.o [4]
SystemCoreClock         0x2000'30ec       0x4  Data  Gb  system_stm32f4xx.o [2]
SystemInit               0x800'ec19       0xc  Code  Gb  system_stm32f4xx.o [2]
TAMP_STAMP_IRQHandler    0x800'ecc5            Code  Wk  startup_stm32f407xx.o [5]
TIM1_BRK_TIM9_IRQHandler
                         0x800'ed15            Code  Wk  startup_stm32f407xx.o [5]
TIM1_CC_IRQHandler       0x800'ed21            Code  Wk  startup_stm32f407xx.o [5]
TIM1_TRG_COM_TIM11_IRQHandler
                         0x800'ed1d            Code  Wk  startup_stm32f407xx.o [5]
TIM1_UP_TIM10_IRQHandler
                         0x800'ed19            Code  Wk  startup_stm32f407xx.o [5]
TIM2_IRQHandler          0x800'ed25            Code  Wk  startup_stm32f407xx.o [5]
TIM3_IRQHandler          0x800'ed29            Code  Wk  startup_stm32f407xx.o [5]
TIM4_IRQHandler          0x800'ed2d            Code  Wk  startup_stm32f407xx.o [5]
TIM5_IRQHandler          0x800'ed79            Code  Wk  startup_stm32f407xx.o [5]
TIM6_DAC_IRQHandler      0x800'ea2b       0x6  Code  Gb  stm32f4xx_it.o [4]
TIM7_IRQHandler          0x800'ed89            Code  Wk  startup_stm32f407xx.o [5]
TIM8_BRK_TIM12_IRQHandler
                         0x800'ed5d            Code  Wk  startup_stm32f407xx.o [5]
TIM8_CC_IRQHandler       0x800'ed69            Code  Wk  startup_stm32f407xx.o [5]
TIM8_TRG_COM_TIM14_IRQHandler
                         0x800'ed65            Code  Wk  startup_stm32f407xx.o [5]
TIM8_UP_TIM13_IRQHandler
                         0x800'ed61            Code  Wk  startup_stm32f407xx.o [5]
TIM_Base_SetConfig       0x800'cb3d      0x9e  Code  Gb  stm32f4xx_hal_tim.o [13]
[...]
vARPRefreshCacheEntry    0x800'5493      0xde  Code  Gb  FreeRTOS_ARP.o [9]
vARPRefreshCacheEntryAge
                         0x800'545d      0x36  Code  Gb  FreeRTOS_ARP.o [9]
vARPTimerReload          0x800'45cb       0x6  Code  Gb  FreeRTOS_IP_Timers.o [9]
vCheckNetworkTimers      0x800'44c7      0xcc  Code  Gb  FreeRTOS_IP_Timers.o [9]
vDHCP_RATimerReload      0x800'45d1       0x4  Code  Gb  FreeRTOS_IP_Timers.o [9]
vEventGroupDelete        0x800'1c69      0x4c  Code  Gb  event_groups.o [10]
vIPNetworkUpCalls        0x800'15c7      0x2e  Code  Gb  FreeRTOS_IP.o [9]
vIPSetARPResolutionTimerEnableState
                         0x800'4645      0x14  Code  Gb  FreeRTOS_IP_Timers.o [9]
vIPSetARPTimerEnableState
                         0x800'4631      0x14  Code  Gb  FreeRTOS_IP_Timers.o [9]
vIPSetDHCP_RATimerEnableState
                         0x800'4659      0x16  Code  Gb  FreeRTOS_IP_Timers.o [9]
vIPSetTCPTimerExpiredState
                         0x800'4617      0x1a  Code  Gb  FreeRTOS_IP_Timers.o [9]
vIPTimerStartARPResolution
                         0x800'45bb       0x6  Code  Gb  FreeRTOS_IP_Timers.o [9]
vListInitialise          0x800'1139      0x1a  Code  Gb  list.o [10]
vListInitialiseItem      0x800'1153       0x6  Code  Gb  list.o [10]
vListInsert              0x800'1173      0x32  Code  Gb  list.o [10]
vListInsertEnd           0x800'1159      0x1a  Code  Gb  list.o [10]
vListInsertFifo          0x800'276d      0x1a  Code  Lc  FreeRTOS_TCP_WIN.o [9]
vMACBProbePhy            0x800'd85d      0x22  Code  Gb  NetworkInterface.o [17]
vManageSolicitedNodeAddress
                         0x800'6417      0x68  Code  Gb  FreeRTOS_IPv6_Utils.o [9]
vNDAgeCache              0x800'5957      0x44  Code  Gb  FreeRTOS_ND.o [9]
vNDRefreshCacheEntry     0x800'58d9      0x7e  Code  Gb  FreeRTOS_ND.o [9]
vNDSendNeighbourSolicitation
                         0x800'5a1f     0x112  Code  Gb  FreeRTOS_ND.o [9]
vNDSendRouterSolicitation
                         0x800'4dad     0x10a  Code  Gb  FreeRTOS_RA.o [9]
vNetworkSocketsInit      0x800'01b1      0x18  Code  Gb  FreeRTOS_Sockets.o [9]
vNetworkTimerReload      0x800'45d5       0x6  Code  Gb  FreeRTOS_IP_Timers.o [9]
vPhyInitialise           0x800'e1e9      0x14  Code  Gb  phyHandling.o [17]
vPortEnableVFP           0x800'e8f5            Code  Gb  portasm.o [16]
vPortEnterCritical       0x800'64f1      0x32  Code  Gb  port.o [16]
vPortExitCritical        0x800'6523      0x22  Code  Gb  port.o [16]
vPortFree                0x800'19e7      0xb0  Code  Gb  heap_4.o [16]
vPortStartFirstTask      0x800'e8d5            Code  Gb  portasm.o [16]
vPortValidateInterruptPriority
                         0x800'656d      0x2c  Code  Gb  port.o [16]
vPreCheckConfigs         0x800'1eab      0x2a  Code  Gb  FreeRTOS_IP_Utils.o [9]
vProcessGeneratedUDPPacket
                         0x800'5161      0x1e  Code  Gb  FreeRTOS_UDP_IP.o [9]
vProcessGeneratedUDPPacket_IPv4
                         0x800'7561      0xce  Code  Gb  FreeRTOS_UDP_IPv4.o [9]
vProcessGeneratedUDPPacket_IPv4{5}{6}{7}{8}::ucDefaultPartUDPPacketHeader
                         0x800'76d0      0x18  Data  Lc  FreeRTOS_UDP_IPv4.o [9]
vProcessGeneratedUDPPacket_IPv6
                         0x800'76e9     0x114  Code  Gb  FreeRTOS_UDP_IPv6.o [9]
vQueueAddToRegistry      0x800'4d41      0x3a  Code  Gb  queue.o [10]
vQueueDelete             0x800'4c15      0x22  Code  Gb  queue.o [10]
vQueueUnregisterQueue    0x800'4d7b      0x2a  Code  Gb  queue.o [10]
vRAProcess               0x800'5007     0x154  Code  Gb  FreeRTOS_RA.o [9]
vReceiveNA               0x800'4eb7      0x54  Code  Gb  FreeRTOS_RA.o [9]
vReceiveRA               0x800'4f0b      0xec  Code  Gb  FreeRTOS_RA.o [9]
vRegisterDelay           0x800'dffb      0x24  Code  Lc  stm32fxx_hal_eth.o [17]
vReleaseNetworkBuffer    0x800'2633       0xc  Code  Gb  BufferAllocation_2.o [17]
vReleaseNetworkBufferAndDescriptor
                         0x800'26ef      0x42  Code  Gb  BufferAllocation_2.o [17]
vReturnEthernetFrame     0x800'173f      0xa2  Code  Gb  FreeRTOS_IP.o [9]
vSetAllNetworksUp        0x800'466f       0x6  Code  Gb  FreeRTOS_IP_Timers.o [9]
vSetMultiCastIPv4MacAddress
                         0x800'7897      0x30  Code  Gb  FreeRTOS_IPv4_Utils.o [9]
vSetMultiCastIPv6MacAddress
                         0x800'638f      0x18  Code  Gb  FreeRTOS_IPv6_Utils.o [9]
vSocketBind              0x800'03f1     0x12c  Code  Gb  FreeRTOS_Sockets.o [9]
vSocketClose             0x800'0543      0xd2  Code  Gb  FreeRTOS_Sockets.o [9]
vSocketCloseNextTime     0x800'3089      0x18  Code  Gb  FreeRTOS_TCP_IP.o [9]
vSocketListenNextTime    0x800'30a1      0x1c  Code  Gb  FreeRTOS_TCP_IP.o [9]
vSocketSelect            0x800'0ffb     0x110  Code  Gb  FreeRTOS_Sockets.o [9]
vSocketWakeUpUser        0x800'090b      0x3a  Code  Gb  FreeRTOS_Sockets.o [9]
vStreamBufferClear       0x800'430f      0x10  Code  Gb  FreeRTOS_Stream_Buffer.o [9]
vStreamBufferMoveMid     0x800'431f      0x20  Code  Gb  FreeRTOS_Stream_Buffer.o [9]
vTCPStateChange          0x800'3145     0x170  Code  Gb  FreeRTOS_TCP_IP.o [9]
vTCPTimerReload          0x800'45c5       0x6  Code  Gb  FreeRTOS_IP_Timers.o [9]
vTCPWindowDestroy        0x800'289d      0x34  Code  Gb  FreeRTOS_TCP_WIN.o [9]
vTCPWindowFree           0x800'286b      0x32  Code  Lc  FreeRTOS_TCP_WIN.o [9]
vTCPWindowInit           0x800'2967      0x42  Code  Gb  FreeRTOS_TCP_WIN.o [9]
vTaskDelay               0x800'37c5      0x30  Code  Gb  tasks.o [10]
vTaskGenericNotifyGiveFromISR
                         0x800'414f      0xcc  Code  Gb  tasks.o [10]
vTaskInternalSetTimeOutState
                         0x800'3ccd       0xe  Code  Gb  tasks.o [10]
vTaskMissedYield         0x800'3d3b       0xa  Code  Gb  tasks.o [10]
vTaskPlaceOnEventList    0x800'3aaf      0x24  Code  Gb  tasks.o [10]
vTaskPlaceOnUnorderedEventList
                         0x800'3ad3      0x5c  Code  Gb  tasks.o [10]
vTaskPriorityDisinheritAfterTimeout
                         0x800'3eaf      0x78  Code  Gb  tasks.o [10]
vTaskRemoveFromUnorderedEventList
                         0x800'3bf5      0xae  Code  Gb  tasks.o [10]
vTaskSetTimeOutState     0x800'3ca3      0x24  Code  Gb  tasks.o [10]
vTaskSuspendAll          0x800'3819       0xc  Code  Gb  tasks.o [10]
vTaskSwitchContext       0x800'3a5f      0x50  Code  Gb  tasks.o [10]
xARPCache               0x2000'000c      0x60  Data  Lc  FreeRTOS_ARP.o [9]
xARPResolutionTimer     0x2001'800c      0x14  Data  Lc  FreeRTOS_IP_Timers.o [9]
xARPTimer               0x2001'7fe0      0x14  Data  Lc  FreeRTOS_IP_Timers.o [9]
xActiveTimerList1       0x2001'7cd8      0x14  Data  Lc  timers.o [10]
xActiveTimerList2       0x2001'7cec      0x14  Data  Lc  timers.o [10]
xAllNetworksUp          0x2001'8008       0x4  Data  Lc  FreeRTOS_IP_Timers.o [9]
xApplicationGetRandomNumber
                         0x800'2089       0xe  Code  Gb  eth_helper.o [6]
xBadIPv4Loopback         0x800'5e79      0x26  Code  Gb  FreeRTOS_IPv4.o [9]
xBadIPv6Loopback         0x800'6045      0x34  Code  Gb  FreeRTOS_IPv6.o [9]
xBoundTCPSocketsList    0x2001'8154      0x14  Data  Gb  FreeRTOS_Sockets.o [9]
xBoundUDPSocketsList    0x2001'8168      0x14  Data  Gb  FreeRTOS_Sockets.o [9]
xBroadcastMACAddress     0x800'187c       0x8  Data  Gb  FreeRTOS_IP.o [9]
xBufferAllocFixedSize    0x800'ecb8       0x4  Data  Gb  BufferAllocation_2.o [17]
xCalculateSleepTime      0x800'447d      0x4a  Code  Gb  FreeRTOS_IP_Timers.o [9]
xCheckRequiresARPResolution
                         0x800'53d5      0x88  Code  Gb  FreeRTOS_ARP.o [9]
xCompareIPv6_Address     0x800'60cd      0x9e  Code  Gb  FreeRTOS_IPv6.o [9]
xCompareIPv6_Address::FreeRTOS_in6addr_allnodes
                         0x800'6338      0x10  Data  Lc  FreeRTOS_IPv6.o [9]
xDelayedTaskList1       0x2000'316c      0x14  Data  Lc  tasks.o [10]
xDelayedTaskList2       0x2000'3180      0x14  Data  Lc  tasks.o [10]
xEMACTaskHandle         0x2000'00cc       0x4  Data  Lc  NetworkInterface.o [17]
xETH                    0x2001'8084      0x48  Data  Lc  NetworkInterface.o [17]
xEndPoints              0x2001'7a70     0x128  Data  Gb  eth_init.o [6]
xEventGroupClearBits     0x800'1bc7      0x30  Code  Gb  event_groups.o [10]
xEventGroupCreate        0x800'1abb      0x1e  Code  Gb  event_groups.o [10]
xEventGroupSetBits       0x800'1bf7      0x72  Code  Gb  event_groups.o [10]
xEventGroupWaitBits      0x800'1ad9      0xd6  Code  Gb  event_groups.o [10]
xFreeBuffersList        0x2001'8180      0x14  Data  Lc  BufferAllocation_2.o [17]
xFreeBytesRemaining     0x2000'3314       0x4  Data  Lc  heap_4.o [16]
xGetExtensionOrder       0x800'6265      0x44  Code  Gb  FreeRTOS_IPv6.o [9]
xIPIsNetworkTaskReady    0x800'17f1       0x6  Code  Gb  FreeRTOS_IP.o [9]
xIPTaskHandle           0x2001'54a0       0x4  Data  Lc  FreeRTOS_IP.o [9]
xIPTaskInitialised      0x2001'54a4       0x4  Data  Lc  FreeRTOS_IP.o [9]
xIPv6_GetIPType          0x800'255d      0x4c  Code  Gb  FreeRTOS_Routing.o [9]
xIPv6_GetIPType::xIPCouples
                         0x800'25a8      0x20  Data  Lc  FreeRTOS_Routing.o [9]
xIdleTaskHandles        0x2000'3160       0x4  Data  Lc  tasks.o [10]
xInterfaces             0x2001'7a48      0x28  Data  Gb  eth_init.o [6]
xIsCallingFromIPTask     0x800'1db1      0x18  Code  Gb  FreeRTOS_IP_Utils.o [9]
xIsIPInARPCache          0x800'53ad      0x28  Code  Gb  FreeRTOS_ARP.o [9]
xIsIPv4Loopback          0x800'5e9f      0x28  Code  Gb  FreeRTOS_IPv4.o [9]
xIsIPv4Multicast         0x800'5e55      0x24  Code  Gb  FreeRTOS_IPv4.o [9]
xIsIPv6AllowedMulticast
                         0x800'6079      0x52  Code  Gb  FreeRTOS_IPv6.o [9]
xIsIPv6Loopback          0x800'6031      0x14  Code  Gb  FreeRTOS_IPv6.o [9]
xLastGratuitousARPTime  0x2000'006c       0x4  Data  Lc  FreeRTOS_ARP.o [9]
xMacInitStatus          0x2001'81eb       0x1  Data  Lc  NetworkInterface.o [17]
xMinimumEverFreeBytesRemaining
                        0x2000'3318       0x4  Data  Lc  heap_4.o [16]
xNDCache                0x2001'6fc0     0x300  Data  Lc  FreeRTOS_ND.o [9]
xNetworkBufferSemaphore
                        0x2001'8198       0x4  Data  Lc  BufferAllocation_2.o [17]
xNetworkBuffersInitialise
                         0x800'25c9      0x56  Code  Gb  BufferAllocation_2.o [17]
xNetworkBuffersInitialise::xNetworkBufferDescriptors
                        0x2001'4724     0xd20  Data  Lc  BufferAllocation_2.o [17]
xNetworkBuffersInitialise{1}{2}{3}::xNetworkBufferSemaphoreBuffer
                        0x2001'5444      0x50  Data  Lc  BufferAllocation_2.o [17]
xNetworkDownEventPending
                        0x2001'549c       0x4  Data  Lc  FreeRTOS_IP.o [9]
xNetworkEventQueue      0x2001'5498       0x4  Data  Gb  FreeRTOS_IP.o [9]
xNetworkTimer           0x2001'8020      0x14  Data  Lc  FreeRTOS_IP_Timers.o [9]
xNextTaskUnblockTime    0x2000'315c       0x4  Data  Lc  tasks.o [10]
xNumOfOverflows         0x2000'3154       0x4  Data  Lc  tasks.o [10]
xNumberOfSuccessfulAllocations
                        0x2000'331c       0x4  Data  Lc  heap_4.o [16]
xNumberOfSuccessfulFrees
                        0x2000'3320       0x4  Data  Lc  heap_4.o [16]
xPHYProperties           0x800'db04       0x4  Data  Gb  NetworkInterface.o [17]
xPendedTicks            0x2000'314c       0x4  Data  Lc  tasks.o [10]
xPendingReadyList       0x2000'30f0      0x14  Data  Lc  tasks.o [10]
xPhyCheckLinkStatus      0x800'e671      0xa8  Code  Gb  phyHandling.o [17]
xPhyConfigure            0x800'e25d     0x1e2  Code  Gb  phyHandling.o [17]
xPhyDiscover             0x800'e1fd      0x60  Code  Gb  phyHandling.o [17]
xPhyFixedValue           0x800'e43f      0x4a  Code  Gb  phyHandling.o [17]
xPhyObject              0x2000'0080      0x40  Data  Lc  NetworkInterface.o [17]
xPhyStartAutoNegotiation
                         0x800'e489     0x1ce  Code  Gb  phyHandling.o [17]
xProcessReceivedTCPPacket
                         0x800'3349     0x204  Code  Gb  FreeRTOS_TCP_IP.o [9]
xProcessReceivedUDPPacket
                         0x800'517f      0x3e  Code  Gb  FreeRTOS_UDP_IP.o [9]
xProcessReceivedUDPPacket_IPv4
                         0x800'762f      0x94  Code  Gb  FreeRTOS_UDP_IPv4.o [9]
xProcessReceivedUDPPacket_IPv6
                         0x800'77fd      0x8c  Code  Gb  FreeRTOS_UDP_IPv6.o [9]
xQrTaskBuffer           0x1000'0000      0x58  Data  Lc  qr.o [12]
xQrTaskStack            0x1000'0058     0x800  Data  Lc  qr.o [12]
xQueueCreateCountingSemaphore
                         0x800'4815      0x1e  Code  Gb  queue.o [10]
xQueueCreateCountingSemaphoreStatic
                         0x800'47f1      0x24  Code  Gb  queue.o [10]
xQueueGenericCreate      0x800'4777      0x4a  Code  Gb  queue.o [10]
xQueueGenericCreateStatic
                         0x800'4727      0x50  Code  Gb  queue.o [10]
xQueueGenericReset       0x800'4695      0x92  Code  Gb  queue.o [10]
xQueueGenericSend        0x800'4833     0x12c  Code  Gb  queue.o [10]
xQueueReceive            0x800'4967     0x110  Code  Gb  queue.o [10]
xQueueRegistry          0x2001'8114      0x40  Data  Gb  queue.o [10]
xQueueSemaphoreTake      0x800'4a77     0x120  Code  Gb  queue.o [10]
xRoutingStatistics      0x2001'79bc      0x68  Data  Gb  FreeRTOS_Routing.o [9]
xSTM32F_GetPhyLinkStatus
                         0x800'd909       0x2  Code  Lc  NetworkInterface.o [17]
xSTM32F_NetworkInterfaceInitialise
                         0x800'd51d      0xd0  Code  Lc  NetworkInterface.o [17]
xSTM32F_NetworkInterfaceOutput
                         0x800'd76f      0x8c  Code  Lc  NetworkInterface.o [17]
xSTM32_PhyRead           0x800'd82f       0xc  Code  Gb  NetworkInterface.o [17]
xSTM32_PhyWrite          0x800'd83b       0xa  Code  Gb  NetworkInterface.o [17]
xSchedulerRunning       0x2000'3148       0x4  Data  Lc  tasks.o [10]
xSegmentList            0x2001'819c      0x14  Data  Lc  FreeRTOS_TCP_WIN.o [9]
xSendEventStructToIPTask
                         0x800'16c9      0x48  Code  Gb  FreeRTOS_IP.o [9]
xSendEventToIPTask       0x800'16b5      0x14  Code  Gb  FreeRTOS_IP.o [9]
xSequenceGreaterThan     0x800'2753       0xe  Code  Gb  FreeRTOS_TCP_WIN.o [9]
xSequenceGreaterThanOrEqual
                         0x800'2761       0xc  Code  Lc  FreeRTOS_TCP_WIN.o [9]
xSequenceLessThan        0x800'2745       0xe  Code  Gb  FreeRTOS_TCP_WIN.o [9]
xSocketToClose          0x2001'81d4       0x4  Data  Lc  FreeRTOS_TCP_IP.o [9]
xSocketToListen         0x2001'81d8       0x4  Data  Lc  FreeRTOS_TCP_IP.o [9]
xSocketValid             0x800'0feb      0x10  Code  Gb  FreeRTOS_Sockets.o [9]
xStart                  0x2000'3308       0x8  Data  Lc  heap_4.o [16]
xStreamBufferLessThenEqual
                         0x800'433f      0x12  Code  Gb  FreeRTOS_Stream_Buffer.o [9]
xSuspendedTaskList      0x2000'3118      0x14  Data  Lc  tasks.o [10]
xTCPCheckNewClient       0x800'3559      0x40  Code  Gb  FreeRTOS_TCP_IP.o [9]
xTCPSegments            0x2001'81b0       0x4  Data  Lc  FreeRTOS_TCP_WIN.o [9]
xTCPSendAndReceive       0x800'1f61     0x120  Code  Gb  eth_helper.o [6]
xTCPSocketCheck          0x800'30bd      0x7c  Code  Gb  FreeRTOS_TCP_IP.o [9]
xTCPTimer               0x2001'7ff4      0x14  Data  Lc  FreeRTOS_IP_Timers.o [9]
xTCPTimerCheck           0x800'0d9b      0x7a  Code  Gb  FreeRTOS_Sockets.o [9]
xTCPTimerCheck::xLastTime
                        0x2001'817c       0x4  Data  Lc  FreeRTOS_Sockets.o [9]
xTCPWindowCreate         0x800'28d1      0x96  Code  Gb  FreeRTOS_TCP_WIN.o [9]
xTCPWindowGetHead        0x800'2847      0x16  Code  Lc  FreeRTOS_TCP_WIN.o [9]
xTCPWindowLoggingLevel  0x2001'81dc       0x4  Data  Gb  FreeRTOS_TCP_WIN.o [9]
xTCPWindowNew            0x800'27b7      0x66  Code  Lc  FreeRTOS_TCP_WIN.o [9]
xTCPWindowPeekHead       0x800'285d       0xe  Code  Lc  FreeRTOS_TCP_WIN.o [9]
xTCPWindowRxEmpty        0x800'282b      0x1c  Code  Gb  FreeRTOS_TCP_WIN.o [9]
xTCPWindowRxFind         0x800'2795      0x22  Code  Lc  FreeRTOS_TCP_WIN.o [9]
xTCPWindowTxDone         0x800'2bbb       0xc  Code  Gb  FreeRTOS_TCP_WIN.o [9]
xTCPWindowTxHasData      0x800'2c07      0x66  Code  Gb  FreeRTOS_TCP_WIN.o [9]
xTXDescriptorSemaphore  0x2000'00c0       0x4  Data  Lc  NetworkInterface.o [17]
xTaskCheckForTimeOut     0x800'3cdb      0x60  Code  Gb  tasks.o [10]
xTaskCreate              0x800'3619      0x5c  Code  Gb  tasks.o [10]
xTaskCreateStatic        0x800'35a5      0x74  Code  Gb  tasks.o [10]
xTaskGenericNotifyFromISR
                         0x800'402d     0x11c  Code  Gb  tasks.o [10]
xTaskGenericNotifyWait   0x800'3f81      0x8a  Code  Gb  tasks.o [10]
xTaskGetCurrentTaskHandle
                         0x800'3d61       0x8  Code  Gb  tasks.o [10]
xTaskGetSchedulerState   0x800'3d69      0x18  Code  Gb  tasks.o [10]
xTaskGetTickCount        0x800'392b       0x8  Code  Gb  tasks.o [10]
xTaskIncrementTick       0x800'3933     0x12c  Code  Gb  tasks.o [10]
xTaskPriorityDisinherit
                         0x800'3e09      0x84  Code  Gb  tasks.o [10]
xTaskPriorityInherit     0x800'3d81      0x88  Code  Gb  tasks.o [10]
xTaskRemoveFromEventList
                         0x800'3b2f      0xbc  Code  Gb  tasks.o [10]
xTaskResumeAll           0x800'3825      0xf0  Code  Gb  tasks.o [10]
xTasksWaitingTermination
                        0x2000'3104      0x14  Data  Lc  tasks.o [10]
xTickCount              0x2000'3140       0x4  Data  Lc  tasks.o [10]
xTimerGenericCommandFromTask
                         0x800'db09      0x4c  Code  Gb  timers.o [10]
xTimerQueue             0x2001'7ccc       0x4  Data  Lc  timers.o [10]
xTimerTaskHandle        0x2001'7cd0       0x4  Data  Lc  timers.o [10]
xYieldPendings          0x2000'3150       0x4  Data  Lc  tasks.o [10]


[1] = C:\Users\Koche\Desktop\Work\Smart Dispenser PRJ\gateway\EWARM\Gateway_407\Obj\App_6048373297342892631.dir
[2] = C:\Users\Koche\Desktop\Work\Smart Dispenser PRJ\gateway\EWARM\Gateway_407\Obj\CMSIS_6603591812247902717.dir
[3] = C:\Users\Koche\Desktop\Work\Smart Dispenser PRJ\gateway\EWARM\Gateway_407\Obj\Cli_11707894225168942927.dir
[4] = C:\Users\Koche\Desktop\Work\Smart Dispenser PRJ\gateway\EWARM\Gateway_407\Obj\Core_13247989168731456611.dir
[5] = C:\Users\Koche\Desktop\Work\Smart Dispenser PRJ\gateway\EWARM\Gateway_407\Obj\EWARM_18443280873093131863.dir
[6] = C:\Users\Koche\Desktop\Work\Smart Dispenser PRJ\gateway\EWARM\Gateway_407\Obj\Ethernet_5605320102233052314.dir
[7] = C:\Users\Koche\Desktop\Work\Smart Dispenser PRJ\gateway\EWARM\Gateway_407\Obj\Flash_13912709933827620245.dir
[8] = C:\Users\Koche\Desktop\Work\Smart Dispenser PRJ\gateway\EWARM\Gateway_407\Obj\FreeRTOS-Plu-Cli_11501085631675054166.dir
[9] = C:\Users\Koche\Desktop\Work\Smart Dispenser PRJ\gateway\EWARM\Gateway_407\Obj\FreeRTOS-Plus-TCP_16686340316780321206.dir
[10] = C:\Users\Koche\Desktop\Work\Smart Dispenser PRJ\gateway\EWARM\Gateway_407\Obj\FreeRTOS_15068288790229095433.dir
[11] = C:\Users\Koche\Desktop\Work\Smart Dispenser PRJ\gateway\EWARM\Gateway_407\Obj\Gate_3448444589264835548.dir
[12] = C:\Users\Koche\Desktop\Work\Smart Dispenser PRJ\gateway\EWARM\Gateway_407\Obj\Qr_16551614283803889394.dir
[13] = C:\Users\Koche\Desktop\Work\Smart Dispenser PRJ\gateway\EWARM\Gateway_407\Obj\STM32F4xx_HAL_Driver_1244631019742807970.dir
[14] = C:\Users\Koche\Desktop\Work\Smart Dispenser PRJ\gateway\EWARM\Gateway_407\Obj\Target_2794460481546860895.dir
[15] = C:\Users\Koche\Desktop\Work\Smart Dispenser PRJ\gateway\EWARM\Gateway_407\Obj\USB_Device_Library_15009154495834662892.dir
[16] = C:\Users\Koche\Desktop\Work\Smart Dispenser PRJ\gateway\EWARM\Gateway_407\Obj\portable_15954926109208205999.dir
[17] = C:\Users\Koche\Desktop\Work\Smart Dispenser PRJ\gateway\EWARM\Gateway_407\Obj\portable_7947777220660125680.dir
[18] = dl7M_tlf.a
[19] = m7M_tls.a
[20] = rt7M_tl.a
[21] = shb_l.a

   60'811 bytes of readonly  code memory
      505 bytes of readonly  data memory
  101'957 bytes of readwrite data memory

Errors: none
Warnings: none
