###############################################################################
#
# IAR ELF Linker V9.60.3.422/W64 for ARM                  17/Sep/2025  23:05:20
# Copyright 2007-2024 IAR Systems AB.
#
#    Output file  =
#        C:\Users\Koche\Desktop\Work\Smart Dispenser
#        PRJ\gateway\EWARM\Gateway_407\Exe\Gateway_407.out
#    Map file     =
#        C:\Users\Koche\Desktop\Work\Smart Dispenser
#        PRJ\gateway\EWARM\Gateway_407\List\Gateway_407.map
#    Command line =
#        -f "C:\Users\Koche\Desktop\Work\Smart Dispenser
#        PRJ\gateway\EWARM\Gateway_407\Exe\Gateway_407.out.rsp"
#        ("C:\Users\Koche\Desktop\Work\Smart Dispenser
#        PRJ\gateway\EWARM\Gateway_407\Obj\portable_7947777220660125680.dir\BufferAllocation_2.o"
#        "C:\Users\Koche\Desktop\Work\Smart Dispenser
#        PRJ\gateway\EWARM\Gateway_407\Obj\Cli_11707894225168942927.dir\cli.o"
#        "C:\Users\Koche\Desktop\Work\Smart Dispenser
#        PRJ\gateway\EWARM\Gateway_407\Obj\Cli_11707894225168942927.dir\cli_handlers.o"
#        "C:\Users\Koche\Desktop\Work\Smart Dispenser
#        PRJ\gateway\EWARM\Gateway_407\Obj\Cli_11707894225168942927.dir\cli_helper.o"
#        "C:\Users\Koche\Desktop\Work\Smart Dispenser
#        PRJ\gateway\EWARM\Gateway_407\Obj\Core_13247989168731456611.dir\dma.o"
#        "C:\Users\Koche\Desktop\Work\Smart Dispenser
#        PRJ\gateway\EWARM\Gateway_407\Obj\Ethernet_5605320102233052314.dir\eth.o"
#        "C:\Users\Koche\Desktop\Work\Smart Dispenser
#        PRJ\gateway\EWARM\Gateway_407\Obj\Ethernet_5605320102233052314.dir\eth_helper.o"
#        "C:\Users\Koche\Desktop\Work\Smart Dispenser
#        PRJ\gateway\EWARM\Gateway_407\Obj\FreeRTOS_15068288790229095433.dir\event_groups.o"
#        "C:\Users\Koche\Desktop\Work\Smart Dispenser
#        PRJ\gateway\EWARM\Gateway_407\Obj\Flash_13912709933827620245.dir\flash.o"
#        "C:\Users\Koche\Desktop\Work\Smart Dispenser
#        PRJ\gateway\EWARM\Gateway_407\Obj\FreeRTOS-Plus-TCP_16686340316780321206.dir\FreeRTOS_ARP.o"
#        "C:\Users\Koche\Desktop\Work\Smart Dispenser
#        PRJ\gateway\EWARM\Gateway_407\Obj\FreeRTOS-Plus-TCP_16686340316780321206.dir\FreeRTOS_BitConfig.o"
#        "C:\Users\Koche\Desktop\Work\Smart Dispenser
#        PRJ\gateway\EWARM\Gateway_407\Obj\FreeRTOS-Plu-Cli_11501085631675054166.dir\FreeRTOS_CLI.o"
#        "C:\Users\Koche\Desktop\Work\Smart Dispenser
#        PRJ\gateway\EWARM\Gateway_407\Obj\FreeRTOS-Plus-TCP_16686340316780321206.dir\FreeRTOS_DHCP.o"
#        "C:\Users\Koche\Desktop\Work\Smart Dispenser
#        PRJ\gateway\EWARM\Gateway_407\Obj\FreeRTOS-Plus-TCP_16686340316780321206.dir\FreeRTOS_DHCPv6.o"
#        "C:\Users\Koche\Desktop\Work\Smart Dispenser
#        PRJ\gateway\EWARM\Gateway_407\Obj\FreeRTOS-Plus-TCP_16686340316780321206.dir\FreeRTOS_DNS.o"
#        "C:\Users\Koche\Desktop\Work\Smart Dispenser
#        PRJ\gateway\EWARM\Gateway_407\Obj\FreeRTOS-Plus-TCP_16686340316780321206.dir\FreeRTOS_DNS_Cache.o"
#        "C:\Users\Koche\Desktop\Work\Smart Dispenser
#        PRJ\gateway\EWARM\Gateway_407\Obj\FreeRTOS-Plus-TCP_16686340316780321206.dir\FreeRTOS_DNS_Callback.o"
#        "C:\Users\Koche\Desktop\Work\Smart Dispenser
#        PRJ\gateway\EWARM\Gateway_407\Obj\FreeRTOS-Plus-TCP_16686340316780321206.dir\FreeRTOS_DNS_Networking.o"
#        "C:\Users\Koche\Desktop\Work\Smart Dispenser
#        PRJ\gateway\EWARM\Gateway_407\Obj\FreeRTOS-Plus-TCP_16686340316780321206.dir\FreeRTOS_DNS_Parser.o"
#        "C:\Users\Koche\Desktop\Work\Smart Dispenser
#        PRJ\gateway\EWARM\Gateway_407\Obj\FreeRTOS-Plus-TCP_16686340316780321206.dir\FreeRTOS_ICMP.o"
#        "C:\Users\Koche\Desktop\Work\Smart Dispenser
#        PRJ\gateway\EWARM\Gateway_407\Obj\FreeRTOS-Plus-TCP_16686340316780321206.dir\FreeRTOS_IP.o"
#        "C:\Users\Koche\Desktop\Work\Smart Dispenser
#        PRJ\gateway\EWARM\Gateway_407\Obj\FreeRTOS-Plus-TCP_16686340316780321206.dir\FreeRTOS_IP_Timers.o"
#        "C:\Users\Koche\Desktop\Work\Smart Dispenser
#        PRJ\gateway\EWARM\Gateway_407\Obj\FreeRTOS-Plus-TCP_16686340316780321206.dir\FreeRTOS_IP_Utils.o"
#        "C:\Users\Koche\Desktop\Work\Smart Dispenser
#        PRJ\gateway\EWARM\Gateway_407\Obj\FreeRTOS-Plus-TCP_16686340316780321206.dir\FreeRTOS_IPv4.o"
#        "C:\Users\Koche\Desktop\Work\Smart Dispenser
#        PRJ\gateway\EWARM\Gateway_407\Obj\FreeRTOS-Plus-TCP_16686340316780321206.dir\FreeRTOS_IPv4_Sockets.o"
#        "C:\Users\Koche\Desktop\Work\Smart Dispenser
#        PRJ\gateway\EWARM\Gateway_407\Obj\FreeRTOS-Plus-TCP_16686340316780321206.dir\FreeRTOS_IPv4_Utils.o"
#        "C:\Users\Koche\Desktop\Work\Smart Dispenser
#        PRJ\gateway\EWARM\Gateway_407\Obj\FreeRTOS-Plus-TCP_16686340316780321206.dir\FreeRTOS_IPv6.o"
#        "C:\Users\Koche\Desktop\Work\Smart Dispenser
#        PRJ\gateway\EWARM\Gateway_407\Obj\FreeRTOS-Plus-TCP_16686340316780321206.dir\FreeRTOS_IPv6_Sockets.o"
#        "C:\Users\Koche\Desktop\Work\Smart Dispenser
#        PRJ\gateway\EWARM\Gateway_407\Obj\FreeRTOS-Plus-TCP_16686340316780321206.dir\FreeRTOS_IPv6_Utils.o"
#        "C:\Users\Koche\Desktop\Work\Smart Dispenser
#        PRJ\gateway\EWARM\Gateway_407\Obj\FreeRTOS-Plus-TCP_16686340316780321206.dir\FreeRTOS_ND.o"
#        "C:\Users\Koche\Desktop\Work\Smart Dispenser
#        PRJ\gateway\EWARM\Gateway_407\Obj\FreeRTOS-Plus-TCP_16686340316780321206.dir\FreeRTOS_RA.o"
#        "C:\Users\Koche\Desktop\Work\Smart Dispenser
#        PRJ\gateway\EWARM\Gateway_407\Obj\FreeRTOS-Plus-TCP_16686340316780321206.dir\FreeRTOS_Routing.o"
#        "C:\Users\Koche\Desktop\Work\Smart Dispenser
#        PRJ\gateway\EWARM\Gateway_407\Obj\FreeRTOS-Plus-TCP_16686340316780321206.dir\FreeRTOS_Sockets.o"
#        "C:\Users\Koche\Desktop\Work\Smart Dispenser
#        PRJ\gateway\EWARM\Gateway_407\Obj\FreeRTOS-Plus-TCP_16686340316780321206.dir\FreeRTOS_Stream_Buffer.o"
#        "C:\Users\Koche\Desktop\Work\Smart Dispenser
#        PRJ\gateway\EWARM\Gateway_407\Obj\FreeRTOS-Plus-TCP_16686340316780321206.dir\FreeRTOS_TCP_IP.o"
#        "C:\Users\Koche\Desktop\Work\Smart Dispenser
#        PRJ\gateway\EWARM\Gateway_407\Obj\FreeRTOS-Plus-TCP_16686340316780321206.dir\FreeRTOS_TCP_IP_IPv4.o"
#        "C:\Users\Koche\Desktop\Work\Smart Dispenser
#        PRJ\gateway\EWARM\Gateway_407\Obj\FreeRTOS-Plus-TCP_16686340316780321206.dir\FreeRTOS_TCP_IP_IPv6.o"
#        "C:\Users\Koche\Desktop\Work\Smart Dispenser
#        PRJ\gateway\EWARM\Gateway_407\Obj\FreeRTOS-Plus-TCP_16686340316780321206.dir\FreeRTOS_TCP_Reception.o"
#        "C:\Users\Koche\Desktop\Work\Smart Dispenser
#        PRJ\gateway\EWARM\Gateway_407\Obj\FreeRTOS-Plus-TCP_16686340316780321206.dir\FreeRTOS_TCP_State_Handling.o"
#        "C:\Users\Koche\Desktop\Work\Smart Dispenser
#        PRJ\gateway\EWARM\Gateway_407\Obj\FreeRTOS-Plus-TCP_16686340316780321206.dir\FreeRTOS_TCP_State_Handling_IPv4.o"
#        "C:\Users\Koche\Desktop\Work\Smart Dispenser
#        PRJ\gateway\EWARM\Gateway_407\Obj\FreeRTOS-Plus-TCP_16686340316780321206.dir\FreeRTOS_TCP_State_Handling_IPv6.o"
#        "C:\Users\Koche\Desktop\Work\Smart Dispenser
#        PRJ\gateway\EWARM\Gateway_407\Obj\FreeRTOS-Plus-TCP_16686340316780321206.dir\FreeRTOS_TCP_Transmission.o"
#        "C:\Users\Koche\Desktop\Work\Smart Dispenser
#        PRJ\gateway\EWARM\Gateway_407\Obj\FreeRTOS-Plus-TCP_16686340316780321206.dir\FreeRTOS_TCP_Transmission_IPv4.o"
#        "C:\Users\Koche\Desktop\Work\Smart Dispenser
#        PRJ\gateway\EWARM\Gateway_407\Obj\FreeRTOS-Plus-TCP_16686340316780321206.dir\FreeRTOS_TCP_Transmission_IPv6.o"
#        "C:\Users\Koche\Desktop\Work\Smart Dispenser
#        PRJ\gateway\EWARM\Gateway_407\Obj\FreeRTOS-Plus-TCP_16686340316780321206.dir\FreeRTOS_TCP_Utils.o"
#        "C:\Users\Koche\Desktop\Work\Smart Dispenser
#        PRJ\gateway\EWARM\Gateway_407\Obj\FreeRTOS-Plus-TCP_16686340316780321206.dir\FreeRTOS_TCP_Utils_IPv4.o"
#        "C:\Users\Koche\Desktop\Work\Smart Dispenser
#        PRJ\gateway\EWARM\Gateway_407\Obj\FreeRTOS-Plus-TCP_16686340316780321206.dir\FreeRTOS_TCP_Utils_IPv6.o"
#        "C:\Users\Koche\Desktop\Work\Smart Dispenser
#        PRJ\gateway\EWARM\Gateway_407\Obj\FreeRTOS-Plus-TCP_16686340316780321206.dir\FreeRTOS_TCP_WIN.o"
#        "C:\Users\Koche\Desktop\Work\Smart Dispenser
#        PRJ\gateway\EWARM\Gateway_407\Obj\FreeRTOS-Plus-TCP_16686340316780321206.dir\FreeRTOS_Tiny_TCP.o"
#        "C:\Users\Koche\Desktop\Work\Smart Dispenser
#        PRJ\gateway\EWARM\Gateway_407\Obj\FreeRTOS-Plus-TCP_16686340316780321206.dir\FreeRTOS_UDP_IP.o"
#        "C:\Users\Koche\Desktop\Work\Smart Dispenser
#        PRJ\gateway\EWARM\Gateway_407\Obj\FreeRTOS-Plus-TCP_16686340316780321206.dir\FreeRTOS_UDP_IPv4.o"
#        "C:\Users\Koche\Desktop\Work\Smart Dispenser
#        PRJ\gateway\EWARM\Gateway_407\Obj\FreeRTOS-Plus-TCP_16686340316780321206.dir\FreeRTOS_UDP_IPv6.o"
#        "C:\Users\Koche\Desktop\Work\Smart Dispenser
#        PRJ\gateway\EWARM\Gateway_407\Obj\Gate_3448444589264835548.dir\gate.o"
#        "C:\Users\Koche\Desktop\Work\Smart Dispenser
#        PRJ\gateway\EWARM\Gateway_407\Obj\Core_13247989168731456611.dir\gpio.o"
#        "C:\Users\Koche\Desktop\Work\Smart Dispenser
#        PRJ\gateway\EWARM\Gateway_407\Obj\portable_15954926109208205999.dir\heap_4.o"
#        "C:\Users\Koche\Desktop\Work\Smart Dispenser
#        PRJ\gateway\EWARM\Gateway_407\Obj\FreeRTOS_15068288790229095433.dir\list.o"
#        "C:\Users\Koche\Desktop\Work\Smart Dispenser
#        PRJ\gateway\EWARM\Gateway_407\Obj\Core_13247989168731456611.dir\main.o"
#        "C:\Users\Koche\Desktop\Work\Smart Dispenser
#        PRJ\gateway\EWARM\Gateway_407\Obj\portable_7947777220660125680.dir\NetworkInterface.o"
#        "C:\Users\Koche\Desktop\Work\Smart Dispenser
#        PRJ\gateway\EWARM\Gateway_407\Obj\portable_7947777220660125680.dir\phyHandling.o"
#        "C:\Users\Koche\Desktop\Work\Smart Dispenser
#        PRJ\gateway\EWARM\Gateway_407\Obj\portable_15954926109208205999.dir\port.o"
#        "C:\Users\Koche\Desktop\Work\Smart Dispenser
#        PRJ\gateway\EWARM\Gateway_407\Obj\portable_15954926109208205999.dir\portasm.o"
#        "C:\Users\Koche\Desktop\Work\Smart Dispenser
#        PRJ\gateway\EWARM\Gateway_407\Obj\FreeRTOS_15068288790229095433.dir\queue.o"
#        "C:\Users\Koche\Desktop\Work\Smart Dispenser
#        PRJ\gateway\EWARM\Gateway_407\Obj\EWARM_18443280873093131863.dir\startup_stm32f407xx.o"
#        "C:\Users\Koche\Desktop\Work\Smart Dispenser
#        PRJ\gateway\EWARM\Gateway_407\Obj\STM32F4xx_HAL_Driver_1244631019742807970.dir\stm32f4xx_hal.o"
#        "C:\Users\Koche\Desktop\Work\Smart Dispenser
#        PRJ\gateway\EWARM\Gateway_407\Obj\STM32F4xx_HAL_Driver_1244631019742807970.dir\stm32f4xx_hal_cortex.o"
#        "C:\Users\Koche\Desktop\Work\Smart Dispenser
#        PRJ\gateway\EWARM\Gateway_407\Obj\STM32F4xx_HAL_Driver_1244631019742807970.dir\stm32f4xx_hal_dma.o"
#        "C:\Users\Koche\Desktop\Work\Smart Dispenser
#        PRJ\gateway\EWARM\Gateway_407\Obj\STM32F4xx_HAL_Driver_1244631019742807970.dir\stm32f4xx_hal_dma_ex.o"
#        "C:\Users\Koche\Desktop\Work\Smart Dispenser
#        PRJ\gateway\EWARM\Gateway_407\Obj\STM32F4xx_HAL_Driver_1244631019742807970.dir\stm32f4xx_hal_exti.o"
#        "C:\Users\Koche\Desktop\Work\Smart Dispenser
#        PRJ\gateway\EWARM\Gateway_407\Obj\STM32F4xx_HAL_Driver_1244631019742807970.dir\stm32f4xx_hal_flash.o"
#        "C:\Users\Koche\Desktop\Work\Smart Dispenser
#        PRJ\gateway\EWARM\Gateway_407\Obj\STM32F4xx_HAL_Driver_1244631019742807970.dir\stm32f4xx_hal_flash_ex.o"
#        "C:\Users\Koche\Desktop\Work\Smart Dispenser
#        PRJ\gateway\EWARM\Gateway_407\Obj\STM32F4xx_HAL_Driver_1244631019742807970.dir\stm32f4xx_hal_flash_ramfunc.o"
#        "C:\Users\Koche\Desktop\Work\Smart Dispenser
#        PRJ\gateway\EWARM\Gateway_407\Obj\STM32F4xx_HAL_Driver_1244631019742807970.dir\stm32f4xx_hal_gpio.o"
#        "C:\Users\Koche\Desktop\Work\Smart Dispenser
#        PRJ\gateway\EWARM\Gateway_407\Obj\Core_13247989168731456611.dir\stm32f4xx_hal_msp.o"
#        "C:\Users\Koche\Desktop\Work\Smart Dispenser
#        PRJ\gateway\EWARM\Gateway_407\Obj\STM32F4xx_HAL_Driver_1244631019742807970.dir\stm32f4xx_hal_pcd.o"
#        "C:\Users\Koche\Desktop\Work\Smart Dispenser
#        PRJ\gateway\EWARM\Gateway_407\Obj\STM32F4xx_HAL_Driver_1244631019742807970.dir\stm32f4xx_hal_pcd_ex.o"
#        "C:\Users\Koche\Desktop\Work\Smart Dispenser
#        PRJ\gateway\EWARM\Gateway_407\Obj\STM32F4xx_HAL_Driver_1244631019742807970.dir\stm32f4xx_hal_pwr.o"
#        "C:\Users\Koche\Desktop\Work\Smart Dispenser
#        PRJ\gateway\EWARM\Gateway_407\Obj\STM32F4xx_HAL_Driver_1244631019742807970.dir\stm32f4xx_hal_pwr_ex.o"
#        "C:\Users\Koche\Desktop\Work\Smart Dispenser
#        PRJ\gateway\EWARM\Gateway_407\Obj\STM32F4xx_HAL_Driver_1244631019742807970.dir\stm32f4xx_hal_rcc.o"
#        "C:\Users\Koche\Desktop\Work\Smart Dispenser
#        PRJ\gateway\EWARM\Gateway_407\Obj\STM32F4xx_HAL_Driver_1244631019742807970.dir\stm32f4xx_hal_rcc_ex.o"
#        "C:\Users\Koche\Desktop\Work\Smart Dispenser
#        PRJ\gateway\EWARM\Gateway_407\Obj\STM32F4xx_HAL_Driver_1244631019742807970.dir\stm32f4xx_hal_tim.o"
#        "C:\Users\Koche\Desktop\Work\Smart Dispenser
#        PRJ\gateway\EWARM\Gateway_407\Obj\STM32F4xx_HAL_Driver_1244631019742807970.dir\stm32f4xx_hal_tim_ex.o"
#        "C:\Users\Koche\Desktop\Work\Smart Dispenser
#        PRJ\gateway\EWARM\Gateway_407\Obj\Core_13247989168731456611.dir\stm32f4xx_hal_timebase_tim.o"
#        "C:\Users\Koche\Desktop\Work\Smart Dispenser
#        PRJ\gateway\EWARM\Gateway_407\Obj\Core_13247989168731456611.dir\stm32f4xx_it.o"
#        "C:\Users\Koche\Desktop\Work\Smart Dispenser
#        PRJ\gateway\EWARM\Gateway_407\Obj\STM32F4xx_HAL_Driver_1244631019742807970.dir\stm32f4xx_ll_dma.o"
#        "C:\Users\Koche\Desktop\Work\Smart Dispenser
#        PRJ\gateway\EWARM\Gateway_407\Obj\STM32F4xx_HAL_Driver_1244631019742807970.dir\stm32f4xx_ll_exti.o"
#        "C:\Users\Koche\Desktop\Work\Smart Dispenser
#        PRJ\gateway\EWARM\Gateway_407\Obj\STM32F4xx_HAL_Driver_1244631019742807970.dir\stm32f4xx_ll_gpio.o"
#        "C:\Users\Koche\Desktop\Work\Smart Dispenser
#        PRJ\gateway\EWARM\Gateway_407\Obj\STM32F4xx_HAL_Driver_1244631019742807970.dir\stm32f4xx_ll_rcc.o"
#        "C:\Users\Koche\Desktop\Work\Smart Dispenser
#        PRJ\gateway\EWARM\Gateway_407\Obj\STM32F4xx_HAL_Driver_1244631019742807970.dir\stm32f4xx_ll_tim.o"
#        "C:\Users\Koche\Desktop\Work\Smart Dispenser
#        PRJ\gateway\EWARM\Gateway_407\Obj\STM32F4xx_HAL_Driver_1244631019742807970.dir\stm32f4xx_ll_usart.o"
#        "C:\Users\Koche\Desktop\Work\Smart Dispenser
#        PRJ\gateway\EWARM\Gateway_407\Obj\STM32F4xx_HAL_Driver_1244631019742807970.dir\stm32f4xx_ll_usb.o"
#        "C:\Users\Koche\Desktop\Work\Smart Dispenser
#        PRJ\gateway\EWARM\Gateway_407\Obj\STM32F4xx_HAL_Driver_1244631019742807970.dir\stm32f4xx_ll_utils.o"
#        "C:\Users\Koche\Desktop\Work\Smart Dispenser
#        PRJ\gateway\EWARM\Gateway_407\Obj\portable_7947777220660125680.dir\stm32fxx_hal_eth.o"
#        "C:\Users\Koche\Desktop\Work\Smart Dispenser
#        PRJ\gateway\EWARM\Gateway_407\Obj\FreeRTOS_15068288790229095433.dir\stream_buffer.o"
#        "C:\Users\Koche\Desktop\Work\Smart Dispenser
#        PRJ\gateway\EWARM\Gateway_407\Obj\System_11455613988876714787.dir\system.o"
#        "C:\Users\Koche\Desktop\Work\Smart Dispenser
#        PRJ\gateway\EWARM\Gateway_407\Obj\CMSIS_6603591812247902717.dir\system_stm32f4xx.o"
#        "C:\Users\Koche\Desktop\Work\Smart Dispenser
#        PRJ\gateway\EWARM\Gateway_407\Obj\System_11455613988876714787.dir\system_thread.o"
#        "C:\Users\Koche\Desktop\Work\Smart Dispenser
#        PRJ\gateway\EWARM\Gateway_407\Obj\System_11455613988876714787.dir\system_uart.o"
#        "C:\Users\Koche\Desktop\Work\Smart Dispenser
#        PRJ\gateway\EWARM\Gateway_407\Obj\FreeRTOS_15068288790229095433.dir\tasks.o"
#        "C:\Users\Koche\Desktop\Work\Smart Dispenser
#        PRJ\gateway\EWARM\Gateway_407\Obj\Core_13247989168731456611.dir\tim.o"
#        "C:\Users\Koche\Desktop\Work\Smart Dispenser
#        PRJ\gateway\EWARM\Gateway_407\Obj\FreeRTOS_15068288790229095433.dir\timers.o"
#        "C:\Users\Koche\Desktop\Work\Smart Dispenser
#        PRJ\gateway\EWARM\Gateway_407\Obj\App_6048373297342892631.dir\usb_device.o"
#        "C:\Users\Koche\Desktop\Work\Smart Dispenser
#        PRJ\gateway\EWARM\Gateway_407\Obj\USB_Device_Library_15009154495834662892.dir\usbd_cdc.o"
#        "C:\Users\Koche\Desktop\Work\Smart Dispenser
#        PRJ\gateway\EWARM\Gateway_407\Obj\App_6048373297342892631.dir\usbd_cdc_if.o"
#        "C:\Users\Koche\Desktop\Work\Smart Dispenser
#        PRJ\gateway\EWARM\Gateway_407\Obj\Target_2794460481546860895.dir\usbd_conf.o"
#        "C:\Users\Koche\Desktop\Work\Smart Dispenser
#        PRJ\gateway\EWARM\Gateway_407\Obj\USB_Device_Library_15009154495834662892.dir\usbd_core.o"
#        "C:\Users\Koche\Desktop\Work\Smart Dispenser
#        PRJ\gateway\EWARM\Gateway_407\Obj\USB_Device_Library_15009154495834662892.dir\usbd_ctlreq.o"
#        "C:\Users\Koche\Desktop\Work\Smart Dispenser
#        PRJ\gateway\EWARM\Gateway_407\Obj\App_6048373297342892631.dir\usbd_desc.o"
#        "C:\Users\Koche\Desktop\Work\Smart Dispenser
#        PRJ\gateway\EWARM\Gateway_407\Obj\USB_Device_Library_15009154495834662892.dir\usbd_ioreq.o"
#        --no_out_extension -o "C:\Users\Koche\Desktop\Work\Smart Dispenser
#        PRJ\gateway\EWARM\Gateway_407\Exe\Gateway_407.out" --redirect
#        _Printf=_PrintfFullNoMb --redirect _Scanf=_ScanfFullNoMb --map
#        "C:\Users\Koche\Desktop\Work\Smart Dispenser
#        PRJ\gateway\EWARM\Gateway_407\List\Gateway_407.map" --config
#        "C:\Users\Koche\Desktop\Work\Smart Dispenser
#        PRJ\gateway\EWARM/stm32f407xx_flash.icf" --semihosting --entry
#        __iar_program_start --redirect __iar_sh_stdout=__iar_sh_stdout_swo
#        --vfe --text_out locale --cpu=Cortex-M4 --fpu=VFPv4_sp)
#        --dependencies=n "C:\Users\Koche\Desktop\Work\Smart Dispenser
#        PRJ\gateway\EWARM\Gateway_407\Exe\Gateway_407.out.iar_deps"
#
###############################################################################

*******************************************************************************
*** RUNTIME MODEL ATTRIBUTES
***

CppFlavor        = *
__CPP_Exceptions = Disabled
__CPP_Language   = C++14
__CPP_Library    = DLib
__CPP_Runtime    = 1
__SystemLibrary  = DLib
__dlib_version   = 6


*******************************************************************************
*** HEAP SELECTION
***

The basic heap was selected because --advanced_heap
was not specified and the application did not appear to
be primarily optimized for speed.


*******************************************************************************
*** PLACEMENT SUMMARY
***

"A0":  place at address 0x800'0000 { ro section .intvec };
"P2":  place in [from 0x800'0000 to 0x80f'ffff] { ro };
define block CSTACK with size = 1K, alignment = 8 { };
define block HEAP with size = 512, alignment = 8 { };
"P3":  place in [from 0x2000'0000 to 0x2001'ffff] {
          rw, block CSTACK, block HEAP };
initialize by copy { rw };

No sections matched the following patterns:

  section .ccmram  in "P1"


  Section            Kind         Address  Alignment      Size  Object
  -------            ----         -------  ---------      ----  ------
"A0":                                                    0x188
  .intvec            ro code   0x800'0000          4     0x188  startup_stm32f407xx.o [5]
                             - 0x800'0188                0x188

"P2":                                                 0x1'0d52
  .text              ro code   0x800'0188          4     0xfc4  FreeRTOS_Sockets.o [9]
  .text              ro code   0x800'114c          2      0x90  list.o [10]
  .text              ro code   0x800'11dc          4     0x6bc  FreeRTOS_IP.o [9]
  .text              ro code   0x800'1898          4     0x228  heap_4.o [16]
  .text              ro code   0x800'1ac0          4     0x21c  event_groups.o [10]
  .text              ro code   0x800'1cdc          4       0x6  ABImemclr.o [20]
  .text              ro code   0x800'1ce2          2      0x7e  lz77_init_single.o [20]
  .text              ro code   0x800'1d60          4     0x1fc  FreeRTOS_IP_Utils.o [9]
  .text              ro code   0x800'1f5c          4      0x18  ABImemcpy_small.o [20]
  .text              ro code   0x800'1f74          4      0x5c  eth_helper.o [6]
  .text              ro code   0x800'1fd0          4     0x508  FreeRTOS_Routing.o [9]
  .text              ro code   0x800'24d8          4     0x17c  BufferAllocation_2.o [17]
  .text              ro code   0x800'2654          4     0x784  FreeRTOS_TCP_WIN.o [9]
  .text              ro code   0x800'2dd8          2      0xb4  FreeRTOS_IPv4_Sockets.o [9]
  .text              ro code   0x800'2e8c          4     0x18c  FreeRTOS_IPv6_Sockets.o [9]
  .text              ro code   0x800'3018          4     0x51c  FreeRTOS_TCP_IP.o [9]
  .text              ro code   0x800'3534          4     0xee8  tasks.o [10]
  .text              ro code   0x800'441c          2     0x1a0  FreeRTOS_Stream_Buffer.o [9]
  .text              ro code   0x800'45bc          4       0x6  ABImemclr4.o [20]
  .text              ro code   0x800'45c2          2      0x1a  xsnprout.o [18]
  .text              ro code   0x800'45dc          4     0x218  FreeRTOS_IP_Timers.o [9]
  .text              ro code   0x800'47f4          4     0x760  queue.o [10]
  .text              ro code   0x800'4f54          4     0x3b4  FreeRTOS_RA.o [9]
  .text              ro code   0x800'5308          2      0x6a  FreeRTOS_UDP_IP.o [9]
  .rodata            const     0x800'5372          2       0x2  xlocale_c.o [18]
  .text              ro code   0x800'5374          4     0x64c  FreeRTOS_ARP.o [9]
  .text              ro code   0x800'59c0          4     0x63c  FreeRTOS_ND.o [9]
  .text              ro code   0x800'5ffc          4     0x1dc  FreeRTOS_IPv4.o [9]
  .text              ro code   0x800'61d8          4     0x318  FreeRTOS_IPv6.o [9]
  .text              ro code   0x800'64f0          2      0x46  FreeRTOS_ICMP.o [9]
  .text              ro code   0x800'6536          2      0xfe  FreeRTOS_IPv6_Utils.o [9]
  .text              ro code   0x800'6634          4      0x1e  memcmp_small.o [20]
  .rodata            const     0x800'6652          2       0x2  xlocale_c.o [18]
  .text              ro code   0x800'6654          4     0x216  port.o [16]
  .rodata            const     0x800'686a                  0x1  unwind_debug.o [21]
  .rodata            const     0x800'686b                  0x1  xlocale_c.o [18]
  .text              ro code   0x800'686c          4      0x12  ABImemset_small.o [20]
  .text              ro code   0x800'6880          4       0xc  stm32f4xx_hal.o [12]
  .text              ro code   0x800'688c          4     0x5f8  FreeRTOS_TCP_Transmission.o [9]
  .text              ro code   0x800'6e84          4     0x58a  FreeRTOS_TCP_State_Handling.o [9]
  .text              ro code   0x800'7410          4     0x106  I64DivMod_small.o [20]
  .text              ro code   0x800'7516          2     0x2be  FreeRTOS_TCP_Reception.o [9]
  .text              ro code   0x800'77d4          4      0x3a  ABImemset48.o [20]
  .text              ro code   0x800'7810          4     0x344  timers.o [10]
  .text              ro code   0x800'7b54          4     0x188  FreeRTOS_UDP_IPv4.o [9]
  .text              ro code   0x800'7cdc          2     0x1ae  FreeRTOS_UDP_IPv6.o [9]
  .text              ro code   0x800'7e8a          2      0x30  FreeRTOS_IPv4_Utils.o [9]
  .text              ro code   0x800'7ebc          4      0x1e  ABImemmove_small.o [20]
  .text              ro code   0x800'7edc          4      0x28  port.o [16]
  CODE               ro code   0x800'7f04          4      0xb0  portasm.o [16]
  .text              ro code   0x800'7fb4          2     0x318  FreeRTOS_TCP_Transmission_IPv6.o [9]
  .text              ro code   0x800'82cc          4     0x2c2  FreeRTOS_TCP_Transmission_IPv4.o [9]
  .text              ro code   0x800'858e          2     0x13c  FreeRTOS_TCP_State_Handling_IPv4.o [9]
  .text              ro code   0x800'86ca          2     0x132  FreeRTOS_TCP_State_Handling_IPv6.o [9]
  .text              ro code   0x800'87fc          4       0x2  I64DivZer.o [20]
  .text              ro code   0x800'87fe          2      0x16  FreeRTOS_TCP_Utils.o [9]
  .text              ro code   0x800'8814          2      0x3e  FreeRTOS_TCP_Utils_IPv4.o [9]
  .text              ro code   0x800'8852          2      0x2c  FreeRTOS_TCP_Utils_IPv6.o [9]
  .text              ro code   0x800'8880          4     0xece  xprintffull_nomb.o [18]
  .text              ro code   0x800'9750          4      0x16  strchr.o [20]
  .text              ro code   0x800'9768          4      0x40  xfail_s.o [18]
  .text              ro code   0x800'97a8          4      0x14  strlen_small.o [20]
  .text              ro code   0x800'97bc          4      0x58  memchr.o [20]
  .text              ro code   0x800'9814          4      0x70  frexp.o [19]
  .text              ro code   0x800'9884          4      0x34  DblCmpLe.o [19]
  .text              ro code   0x800'98b8          4      0x34  DblCmpGe.o [19]
  .text              ro code   0x800'98ec          4     0x13a  ldexp.o [19]
  .text              ro code   0x800'9a28          4      0x36  DblToS32.o [19]
  .text              ro code   0x800'9a60          4      0x22  S32ToDbl.o [19]
  .text              ro code   0x800'9a84          4     0x24e  DblAddSub.o [19]
  .text              ro code   0x800'9cd4          4     0x246  DblDiv.o [19]
  .text              ro code   0x800'9f1c          4      0x22  DblToU32.o [19]
  .text              ro code   0x800'9f40          4      0x1c  U32ToDbl.o [19]
  .text              ro code   0x800'9f5c          4     0x1aa  DblMul.o [19]
  .text              ro code   0x800'a108          4      0x3c  xlocale_c.o [18]
  .text              ro code   0x800'a144          2       0x6  abort.o [18]
  .text              ro code   0x800'a14c          4      0x14  exit.o [21]
  .text              ro code   0x800'a160          4     0x9ec  stm32f4xx_ll_usb.o [12]
  .text              ro code   0x800'ab4c          4      0x28  stm32f4xx_hal.o [12]
  .text              ro code   0x800'ab74          4     0x990  stm32f4xx_hal_pcd.o [12]
  .text              ro code   0x800'b504          4     0x24c  usbd_conf.o [14]
  .text              ro code   0x800'b750          2       0x2  stm32f4xx_hal_pcd_ex.o [12]
  .text              ro code   0x800'b754          4     0x17c  stm32f4xx_hal_rcc.o [12]
  .text              ro code   0x800'b8d0          4     0x1ec  stm32f4xx_hal_gpio.o [12]
  .text              ro code   0x800'babc          4      0x90  stm32f4xx_hal_cortex.o [12]
  .text              ro code   0x800'bb4c          2     0x362  usbd_core.o [15]
  .text              ro code   0x800'beb0          4      0xe0  main.o [4]
  .text              ro code   0x800'bf90          2      0x4a  stm32f4xx_hal_pcd_ex.o [12]
  .text              ro code   0x800'bfdc          4      0x60  stm32f4xx_hal_rcc.o [12]
  .text              ro code   0x800'c03c          4      0xa0  stm32f4xx_hal_timebase_tim.o [4]
  .text              ro code   0x800'c0dc          4     0x504  usbd_ctlreq.o [15]
  .text              ro code   0x800'c5e0          2      0x64  usbd_ioreq.o [15]
  .text              ro code   0x800'c644          4      0x34  stm32f4xx_hal.o [12]
  .text              ro code   0x800'c678          4     0x282  gpio.o [4]
  .text              ro code   0x800'c8fc          4      0x64  dma.o [4]
  .text              ro code   0x800'c960          4      0x54  usb_device.o [1]
  .text              ro code   0x800'c9b4          4      0xa0  tim.o [4]
  .text              ro code   0x800'ca54          4      0xcc  system.o [13]
  .text              ro code   0x800'cb20          4     0x310  stm32f4xx_hal_rcc.o [12]
  .text              ro code   0x800'ce30          4      0x10  stm32f4xx_hal.o [12]
  .text              ro code   0x800'ce40          4     0x2e0  stm32f4xx_hal_tim.o [12]
  .text              ro code   0x800'd120          4      0x38  stm32f4xx_hal_msp.o [4]
  .text              ro code   0x800'd158          4      0xb0  stm32f4xx_ll_exti.o [12]
  .text              ro code   0x800'd208          4      0xee  stm32f4xx_ll_gpio.o [12]
  .text              ro code   0x800'd2f8          4     0x40e  usbd_cdc.o [15]
  .text              ro code   0x800'd708          4      0xc0  stm32f4xx_ll_tim.o [12]
  .text              ro code   0x800'd7c8          4      0xf0  cli.o [3]
  .text              ro code   0x800'd8b8          4     0x124  flash.o [7]
  .text              ro code   0x800'd9dc          4      0x28  printf.o [18]
  .text              ro code   0x800'da04          4     0x3c8  eth.o [6]
  .text              ro code   0x800'ddcc          4     0x148  system_thread.o [13]
  .text              ro code   0x800'df14          4     0x300  system_uart.o [13]
  .text              ro code   0x800'e214          2       0x8  system.o [13]
  .text              ro code   0x800'e21c          2       0x2  stm32f4xx_hal_tim.o [12]
  .text              ro code   0x800'e21e          2       0x2  stm32f4xx_hal_tim.o [12]
  .text              ro code   0x800'e220          2       0x2  stm32f4xx_hal_tim.o [12]
  .text              ro code   0x800'e222          2       0x2  stm32f4xx_hal_tim_ex.o [12]
  .text              ro code   0x800'e224          2       0x2  stm32f4xx_hal_tim.o [12]
  .text              ro code   0x800'e226          2       0x2  stm32f4xx_hal_tim_ex.o [12]
  .text              ro code   0x800'e228          2       0x2  stm32f4xx_hal_tim.o [12]
  .text              ro code   0x800'e22c          4     0x1b4  FreeRTOS_CLI.o [8]
  .text              ro code   0x800'e3e0          4      0x78  usbd_cdc_if.o [1]
  .text              ro code   0x800'e458          4     0x1e8  stm32f4xx_hal_flash.o [12]
  .text              ro code   0x800'e640          4     0x15c  stm32f4xx_hal_flash_ex.o [12]
  .text              ro code   0x800'e79c          4     0x654  NetworkInterface.o [17]
  .text              ro code   0x800'edf0          2      0x2c  strstr.o [18]
  .text              ro code   0x800'ee1c          4     0x10c  stm32f4xx_ll_usart.o [12]
  .text              ro code   0x800'ef28          2      0x2a  strncmp.o [18]
  .text              ro code   0x800'ef54          4      0x1e  strncpy_small.o [20]
  .text              ro code   0x800'ef74          4      0x9c  cli_helper.o [3]
  .text              ro code   0x800'f010          4     0x676  stm32fxx_hal_eth.o [17]
  .text              ro code   0x800'f688          4     0x530  phyHandling.o [17]
  .text              ro code   0x800'fbb8          4      0x44  snprintf.o [18]
  .text              ro code   0x800'fbfc          4      0xb8  stm32f4xx_ll_rcc.o [12]
  .text              ro code   0x800'fcb4          2       0x2  stm32fxx_hal_eth.o [17]
  .text              ro code   0x800'fcb8          4     0x66c  cli_handlers.o [3]
  .text              ro code   0x801'0324          4      0x12  strcmp.o [20]
  .text              ro code   0x801'0338          4     0x136  iar_Stoulx.o [18]
  .text              ro code   0x801'046e          2      0x14  isspace.o [18]
  .text              ro code   0x801'0482          2      0x14  tolower.o [18]
  .text              ro code   0x801'0498          4     0x100  usbd_desc.o [1]
  .rodata            const     0x801'0598          4      0xa8  FreeRTOS_CLI.o [8]
  .rodata            const     0x801'0640          4      0x78  cli_handlers.o [3]
  .text              ro code   0x801'06b8          4      0x70  stm32f4xx_it.o [4]
  .text              ro code   0x801'0728          4      0x44  gate.o [11]
  .rodata            const     0x801'076c          4      0x6c  cli_handlers.o [3]
  .rodata            const     0x801'07d8          4      0x60  cli.o [3]
  .rodata            const     0x801'0838          4      0x58  cli.o [3]
  .rodata            const     0x801'0890          4      0x50  iar_Stoulx.o [18]
  .text              ro code   0x801'08e0          4      0x4c  iarwstdswo.o [21]
  .text              ro code   0x801'092c          4      0x44  putchar.o [18]
  .text              ro code   0x801'0970          2      0x10  write.o [21]
  .text              ro code   0x801'0980          2      0x1e  dwrite.o [21]
  .text              ro code   0x801'099e          2      0x22  iarwrite.o [21]
  .text              ro code   0x801'09c0          2      0x38  zero_init3.o [20]
  .rodata            const     0x801'09f8          4      0x30  FreeRTOS_CLI.o [8]
  .rodata            const     0x801'0a28          4      0x2c  eth.o [6]
  .rodata            const     0x801'0a54          4      0x28  FreeRTOS_ARP.o [9]
  .text              ro code   0x801'0a7c          4      0x28  data_init.o [20]
  .rodata            const     0x801'0aa4          4      0x24  system_thread.o [13]
  .text              ro code   0x801'0ac8          4      0x22  fpinit_M.o [19]
  .iar.init_table    const     0x801'0aec          4      0x20  - Linker created -
  .text              ro code   0x801'0b0c          4      0x20  system_stm32f4xx.o [2]
  .text              ro code   0x801'0b2c          4      0x1e  cmain.o [20]
  .text              ro code   0x801'0b4a          2       0x4  low_level_init.o [18]
  .text              ro code   0x801'0b4e          2       0x4  exit.o [18]
  .text              ro code   0x801'0b54          4       0xa  cexit.o [20]
  .text              ro code   0x801'0b60          4      0x1c  cstartup_M.o [20]
  .rodata            const     0x801'0b7c          4      0x18  cli.o [3]
  .text              ro code   0x801'0b94          2      0x16  xprout.o [18]
  .rodata            const     0x801'0bac          4      0x10  FreeRTOS_CLI.o [8]
  .text              ro code   0x801'0bbc          4      0x10  startup_stm32f407xx.o [5]
  .rodata            const     0x801'0bcc          4       0x8  cli.o [3]
  .rodata            const     0x801'0bd4          4       0x8  FreeRTOS_CLI.o [8]
  .rodata            const     0x801'0bdc          4       0x8  system_stm32f4xx.o [2]
  .rodata            const     0x801'0be4          4       0x4  BufferAllocation_2.o [17]
  .rodata            const     0x801'0be8          4       0x4  cli.o [3]
  .rodata            const     0x801'0bec          4       0x4  cli.o [3]
  .text              ro code   0x801'0bf0          2       0x4  startup_stm32f407xx.o [5]
  .text              ro code   0x801'0bf4          2       0x4  startup_stm32f407xx.o [5]
  .text              ro code   0x801'0bf8          2       0x4  startup_stm32f407xx.o [5]
  .text              ro code   0x801'0bfc          2       0x4  startup_stm32f407xx.o [5]
  .text              ro code   0x801'0c00          2       0x4  startup_stm32f407xx.o [5]
  .text              ro code   0x801'0c04          2       0x4  startup_stm32f407xx.o [5]
  .text              ro code   0x801'0c08          2       0x4  startup_stm32f407xx.o [5]
  .text              ro code   0x801'0c0c          2       0x4  startup_stm32f407xx.o [5]
  .text              ro code   0x801'0c10          2       0x4  startup_stm32f407xx.o [5]
  .text              ro code   0x801'0c14          2       0x4  startup_stm32f407xx.o [5]
  .text              ro code   0x801'0c18          2       0x4  startup_stm32f407xx.o [5]
  .text              ro code   0x801'0c1c          2       0x4  startup_stm32f407xx.o [5]
  .text              ro code   0x801'0c20          2       0x4  startup_stm32f407xx.o [5]
  .text              ro code   0x801'0c24          2       0x4  startup_stm32f407xx.o [5]
  .text              ro code   0x801'0c28          2       0x4  startup_stm32f407xx.o [5]
  .text              ro code   0x801'0c2c          2       0x4  startup_stm32f407xx.o [5]
  .text              ro code   0x801'0c30          2       0x4  startup_stm32f407xx.o [5]
  .text              ro code   0x801'0c34          2       0x4  startup_stm32f407xx.o [5]
  .text              ro code   0x801'0c38          2       0x4  startup_stm32f407xx.o [5]
  .text              ro code   0x801'0c3c          2       0x4  startup_stm32f407xx.o [5]
  .text              ro code   0x801'0c40          2       0x4  startup_stm32f407xx.o [5]
  .text              ro code   0x801'0c44          2       0x4  startup_stm32f407xx.o [5]
  .text              ro code   0x801'0c48          2       0x4  startup_stm32f407xx.o [5]
  .text              ro code   0x801'0c4c          2       0x4  startup_stm32f407xx.o [5]
  .text              ro code   0x801'0c50          2       0x4  startup_stm32f407xx.o [5]
  .text              ro code   0x801'0c54          2       0x4  startup_stm32f407xx.o [5]
  .text              ro code   0x801'0c58          2       0x4  startup_stm32f407xx.o [5]
  .text              ro code   0x801'0c5c          2       0x4  startup_stm32f407xx.o [5]
  .text              ro code   0x801'0c60          2       0x4  startup_stm32f407xx.o [5]
  .text              ro code   0x801'0c64          2       0x4  startup_stm32f407xx.o [5]
  .text              ro code   0x801'0c68          2       0x4  startup_stm32f407xx.o [5]
  .text              ro code   0x801'0c6c          2       0x4  startup_stm32f407xx.o [5]
  .text              ro code   0x801'0c70          2       0x4  startup_stm32f407xx.o [5]
  .text              ro code   0x801'0c74          2       0x4  startup_stm32f407xx.o [5]
  .text              ro code   0x801'0c78          2       0x4  startup_stm32f407xx.o [5]
  .text              ro code   0x801'0c7c          2       0x4  startup_stm32f407xx.o [5]
  .text              ro code   0x801'0c80          2       0x4  startup_stm32f407xx.o [5]
  .text              ro code   0x801'0c84          2       0x4  startup_stm32f407xx.o [5]
  .text              ro code   0x801'0c88          2       0x4  startup_stm32f407xx.o [5]
  .text              ro code   0x801'0c8c          2       0x4  startup_stm32f407xx.o [5]
  .text              ro code   0x801'0c90          2       0x4  startup_stm32f407xx.o [5]
  .text              ro code   0x801'0c94          2       0x4  startup_stm32f407xx.o [5]
  .text              ro code   0x801'0c98          2       0x4  startup_stm32f407xx.o [5]
  .text              ro code   0x801'0c9c          2       0x4  startup_stm32f407xx.o [5]
  .text              ro code   0x801'0ca0          2       0x4  startup_stm32f407xx.o [5]
  .text              ro code   0x801'0ca4          2       0x4  startup_stm32f407xx.o [5]
  .text              ro code   0x801'0ca8          2       0x4  startup_stm32f407xx.o [5]
  .text              ro code   0x801'0cac          2       0x4  startup_stm32f407xx.o [5]
  .text              ro code   0x801'0cb0          2       0x4  startup_stm32f407xx.o [5]
  .text              ro code   0x801'0cb4          2       0x4  startup_stm32f407xx.o [5]
  .text              ro code   0x801'0cb8          2       0x4  startup_stm32f407xx.o [5]
  .text              ro code   0x801'0cbc          2       0x4  startup_stm32f407xx.o [5]
  .text              ro code   0x801'0cc0          2       0x4  startup_stm32f407xx.o [5]
  .text              ro code   0x801'0cc4          2       0x4  startup_stm32f407xx.o [5]
  .text              ro code   0x801'0cc8          2       0x4  startup_stm32f407xx.o [5]
  .text              ro code   0x801'0ccc          2       0x4  startup_stm32f407xx.o [5]
  .text              ro code   0x801'0cd0          2       0x4  startup_stm32f407xx.o [5]
  .text              ro code   0x801'0cd4          2       0x4  startup_stm32f407xx.o [5]
  .text              ro code   0x801'0cd8          2       0x4  startup_stm32f407xx.o [5]
  .text              ro code   0x801'0cdc          2       0x4  startup_stm32f407xx.o [5]
  .text              ro code   0x801'0ce0          2       0x4  startup_stm32f407xx.o [5]
  .text              ro code   0x801'0ce4          2       0x4  startup_stm32f407xx.o [5]
  .text              ro code   0x801'0ce8          2       0x4  startup_stm32f407xx.o [5]
  .text              ro code   0x801'0cec          2       0x4  startup_stm32f407xx.o [5]
  .text              ro code   0x801'0cf0          2       0x4  startup_stm32f407xx.o [5]
  .text              ro code   0x801'0cf4          2       0x4  startup_stm32f407xx.o [5]
  .text              ro code   0x801'0cf8          2       0x4  startup_stm32f407xx.o [5]
  .text              ro code   0x801'0cfc          2       0x4  startup_stm32f407xx.o [5]
  .text              ro code   0x801'0d00          2       0x4  startup_stm32f407xx.o [5]
  .text              ro code   0x801'0d04          2       0x4  startup_stm32f407xx.o [5]
  .text              ro code   0x801'0d08          2       0x4  startup_stm32f407xx.o [5]
  .text              ro code   0x801'0d0c          2       0x4  startup_stm32f407xx.o [5]
  .text              ro code   0x801'0d10          2       0x4  startup_stm32f407xx.o [5]
  .text              ro code   0x801'0d14          2       0x4  startup_stm32f407xx.o [5]
  .rodata            const     0x801'0d18                  0x0  zero_init3.o [20]
  .rodata            const     0x801'0d18                  0x0  lz77_init_single.o [20]
  Initializer bytes  const     0x801'0d18                0x1c2  <for P3-1>
                             - 0x801'0eda             0x1'0d52

"P3", part 1 of 3:                                      0x3350
  P3-1                        0x2000'0000               0x3350  <Init block>
    .data            inited   0x2000'0000          4      0x74  FreeRTOS_ARP.o [9]
    .data            inited   0x2000'0074          4      0x10  FreeRTOS_CLI.o [8]
    .data            inited   0x2000'0084          4       0x4  FreeRTOS_CLI.o [8]
    .data            inited   0x2000'0088          4    0x3054  NetworkInterface.o [17]
    .data            inited   0x2000'30dc          4       0xc  port.o [16]
    .data            inited   0x2000'30e8          4       0xc  stm32f4xx_hal.o [12]
    .data            inited   0x2000'30f4          4       0x4  system_stm32f4xx.o [2]
    .data            inited   0x2000'30f8          4      0xa4  tasks.o [10]
    .data            inited   0x2000'319c          4       0xc  usbd_cdc.o [15]
    .data            inited   0x2000'31a8          4      0x38  usbd_cdc.o [15]
    .data            inited   0x2000'31e0          4      0x44  usbd_cdc.o [15]
    .data            inited   0x2000'3224          4      0x14  usbd_cdc_if.o [1]
    .data            inited   0x2000'3238          4      0x1c  usbd_desc.o [1]
    .data            inited   0x2000'3254          4      0x14  usbd_desc.o [1]
    .data            inited   0x2000'3268          4       0x4  usbd_desc.o [1]
    .data            inited   0x2000'326c          4      0x1c  usbd_desc.o [1]
    .data            inited   0x2000'3288          4      0x38  xlocale_c.o [18]
    .data            inited   0x2000'32c0          4      0x48  xlocale_c.o [18]
    .data            inited   0x2000'3308          4      0x48  xfiles.o [18]
                            - 0x2000'3350               0x3350

"P3", part 2 of 3:                                    0x1'5f60
  .bss               zero     0x2000'3350          4  0x1'041c  heap_4.o [16]
  .bss               zero     0x2001'376c          4    0x1000  usbd_cdc_if.o [1]
  .bss               zero     0x2001'476c          4     0xd70  BufferAllocation_2.o [17]
  .bss               zero     0x2001'54dc          4     0xcec  FreeRTOS_IP.o [9]
  .bss               zero     0x2001'61c8          8     0xc20  system.o [13]
  .bss               zero     0x2001'6de8          4     0x65c  cli.o [3]
  .bss               zero     0x2001'7444          4     0x4e4  usbd_conf.o [14]
  .bss               zero     0x2001'7928          4     0x468  eth_helper.o [6]
  .bss               zero     0x2001'7d90          4     0x300  cli.o [3]
  .bss               zero     0x2001'8090          4     0x300  FreeRTOS_ND.o [9]
  .bss               zero     0x2001'8390          4     0x2dc  usb_device.o [1]
  .bss               zero     0x2001'866c          4     0x260  eth_helper.o [6]
  .bss               zero     0x2001'88cc          4     0x220  usbd_conf.o [14]
  .bss               zero     0x2001'8aec          4     0x200  usbd_desc.o [1]
  .bss               zero     0x2001'8cec          4     0x12c  tasks.o [10]
  .bss               zero     0x2001'8e18          4     0x104  timers.o [10]
  .bss               zero     0x2001'8f20         32      0x80  NetworkInterface.o [17]
  .bss               zero     0x2001'8fa0         32      0x80  NetworkInterface.o [17]
  .bss               zero     0x2001'9020          4      0x6c  FreeRTOS_Routing.o [9]
  .bss               zero     0x2001'908c          4      0x54  FreeRTOS_IP_Timers.o [9]
  .bss               zero     0x2001'90e0          4      0x50  xfiles.o [18]
  .bss               zero     0x2001'9130          4      0x48  NetworkInterface.o [17]
  .bss               zero     0x2001'9178          4      0x48  stm32f4xx_hal_timebase_tim.o [4]
  .bss               zero     0x2001'91c0          4      0x40  queue.o [10]
  .bss               zero     0x2001'9200          4      0x2c  FreeRTOS_Sockets.o [9]
  .bss               zero     0x2001'922c          4      0x20  stm32f4xx_hal_flash.o [12]
  .bss               zero     0x2001'924c          4      0x1c  BufferAllocation_2.o [17]
  .bss               zero     0x2001'9268          4      0x18  FreeRTOS_TCP_WIN.o [9]
  .bss               zero     0x2001'9280          4      0x14  NetworkInterface.o [17]
  .bss               zero     0x2001'9294          4       0x4  FreeRTOS_Routing.o [9]
  .bss               zero     0x2001'9298          4       0x4  FreeRTOS_TCP_IP.o [9]
  .bss               zero     0x2001'929c          4       0x4  FreeRTOS_TCP_IP.o [9]
  .bss               zero     0x2001'92a0          4       0x4  FreeRTOS_TCP_WIN.o [9]
  .bss               zero     0x2001'92a4          4       0x4  xfail_s.o [18]
  .bss               zero     0x2001'92a8          2       0x2  FreeRTOS_IP.o [9]
  .bss               zero     0x2001'92aa                  0x1  cli_helper.o [3]
  .bss               zero     0x2001'92ab                  0x1  NetworkInterface.o [17]
  .bss               zero     0x2001'92ac                  0x1  usbd_ctlreq.o [15]
                            - 0x2001'92ad             0x1'5f5d

"P3", part 3 of 3:                                       0x400
  CSTACK                      0x2001'92b0          8     0x400  <Block>
    CSTACK           uninit   0x2001'92b0                0x400  <Block tail>
                            - 0x2001'96b0                0x400

Unused ranges:

         From           To      Size
         ----           --      ----
   0x801'0eda   0x80f'ffff  0xe'f126
  0x2001'96b0  0x2001'ffff    0x6950


*******************************************************************************
*** INIT TABLE
***

          Address      Size
          -------      ----
Zero (__iar_zero_init3)
    1 destination range, total size 0x1'5f5d:
          0x2000'3350  0x1'5f5d

Copy/lz77 (__iar_lz77_init_single3)
    1 source range, total size 0x1c2 (3% of destination):
           0x801'0d18     0x1c2
    1 destination range, total size 0x3350:
          0x2000'0000    0x3350



*******************************************************************************
*** MODULE SUMMARY
***

    Module                              ro code  ro data  rw data
    ------                              -------  -------  -------
command line/config:
    -------------------------------------------------------------
    Total:

C:\Users\Koche\Desktop\Work\Smart Dispenser PRJ\gateway\EWARM\Gateway_407\Obj\App_6048373297342892631.dir: [1]
    usb_device.o                             84               732
    usbd_cdc_if.o                           120        1    4'116
    usbd_desc.o                             256        3      592
    -------------------------------------------------------------
    Total:                                  460        4    5'440

C:\Users\Koche\Desktop\Work\Smart Dispenser PRJ\gateway\EWARM\Gateway_407\Obj\CMSIS_6603591812247902717.dir: [2]
    system_stm32f4xx.o                       32        8        4
    -------------------------------------------------------------
    Total:                                   32        8        4

C:\Users\Koche\Desktop\Work\Smart Dispenser PRJ\gateway\EWARM\Gateway_407\Obj\Cli_11707894225168942927.dir: [3]
    cli.o                                   240      224    2'396
    cli_handlers.o                        1'644      228
    cli_helper.o                            156                 1
    -------------------------------------------------------------
    Total:                                2'040      452    2'397

C:\Users\Koche\Desktop\Work\Smart Dispenser PRJ\gateway\EWARM\Gateway_407\Obj\Core_13247989168731456611.dir: [4]
    dma.o                                   100
    gpio.o                                  642
    main.o                                  224
    stm32f4xx_hal_msp.o                      56
    stm32f4xx_hal_timebase_tim.o            160                72
    stm32f4xx_it.o                          112
    tim.o                                   160
    -------------------------------------------------------------
    Total:                                1'454                72

C:\Users\Koche\Desktop\Work\Smart Dispenser PRJ\gateway\EWARM\Gateway_407\Obj\EWARM_18443280873093131863.dir: [5]
    startup_stm32f407xx.o                   704
    -------------------------------------------------------------
    Total:                                  704

C:\Users\Koche\Desktop\Work\Smart Dispenser PRJ\gateway\EWARM\Gateway_407\Obj\Ethernet_5605320102233052314.dir: [6]
    eth.o                                   968       44
    eth_helper.o                             92             1'736
    -------------------------------------------------------------
    Total:                                1'060       44    1'736

C:\Users\Koche\Desktop\Work\Smart Dispenser PRJ\gateway\EWARM\Gateway_407\Obj\Flash_13912709933827620245.dir: [7]
    flash.o                                 292
    -------------------------------------------------------------
    Total:                                  292

C:\Users\Koche\Desktop\Work\Smart Dispenser PRJ\gateway\EWARM\Gateway_407\Obj\FreeRTOS-Plu-Cli_11501085631675054166.dir: [8]
    FreeRTOS_CLI.o                          436      241       20
    -------------------------------------------------------------
    Total:                                  436      241       20

C:\Users\Koche\Desktop\Work\Smart Dispenser PRJ\gateway\EWARM\Gateway_407\Obj\FreeRTOS-Plus-TCP_16686340316780321206.dir: [9]
    FreeRTOS_ARP.o                        1'612       43      116
    FreeRTOS_ICMP.o                          70
    FreeRTOS_IP.o                         1'724             3'310
    FreeRTOS_IP_Timers.o                    536                84
    FreeRTOS_IP_Utils.o                     508
    FreeRTOS_IPv4.o                         476
    FreeRTOS_IPv4_Sockets.o                 180
    FreeRTOS_IPv4_Utils.o                    48
    FreeRTOS_IPv6.o                         792
    FreeRTOS_IPv6_Sockets.o                 396
    FreeRTOS_IPv6_Utils.o                   254
    FreeRTOS_ND.o                         1'596               768
    FreeRTOS_RA.o                           948
    FreeRTOS_Routing.o                    1'288               112
    FreeRTOS_Sockets.o                    4'036                44
    FreeRTOS_Stream_Buffer.o                416
    FreeRTOS_TCP_IP.o                     1'308                 8
    FreeRTOS_TCP_Reception.o                702
    FreeRTOS_TCP_State_Handling.o         1'418
    FreeRTOS_TCP_State_Handling_IPv4.o      316
    FreeRTOS_TCP_State_Handling_IPv6.o      306
    FreeRTOS_TCP_Transmission.o           1'528
    FreeRTOS_TCP_Transmission_IPv4.o        706
    FreeRTOS_TCP_Transmission_IPv6.o        792
    FreeRTOS_TCP_Utils.o                     22
    FreeRTOS_TCP_Utils_IPv4.o                62
    FreeRTOS_TCP_Utils_IPv6.o                44
    FreeRTOS_TCP_WIN.o                    1'924                28
    FreeRTOS_UDP_IP.o                       106
    FreeRTOS_UDP_IPv4.o                     392
    FreeRTOS_UDP_IPv6.o                     430
    -------------------------------------------------------------
    Total:                               24'936       43    4'470

C:\Users\Koche\Desktop\Work\Smart Dispenser PRJ\gateway\EWARM\Gateway_407\Obj\FreeRTOS_15068288790229095433.dir: [10]
    event_groups.o                          540
    list.o                                  144
    queue.o                               1'888                64
    tasks.o                               3'816        6      464
    timers.o                                836               260
    -------------------------------------------------------------
    Total:                                7'224        6      788

C:\Users\Koche\Desktop\Work\Smart Dispenser PRJ\gateway\EWARM\Gateway_407\Obj\Gate_3448444589264835548.dir: [11]
    gate.o                                   68
    -------------------------------------------------------------
    Total:                                   68

C:\Users\Koche\Desktop\Work\Smart Dispenser PRJ\gateway\EWARM\Gateway_407\Obj\STM32F4xx_HAL_Driver_1244631019742807970.dir: [12]
    stm32f4xx_hal.o                         120        1       12
    stm32f4xx_hal_cortex.o                  144
    stm32f4xx_hal_flash.o                   488                32
    stm32f4xx_hal_flash_ex.o                348
    stm32f4xx_hal_gpio.o                    492
    stm32f4xx_hal_pcd.o                   2'448
    stm32f4xx_hal_pcd_ex.o                   76
    stm32f4xx_hal_rcc.o                   1'260
    stm32f4xx_hal_tim.o                     746
    stm32f4xx_hal_tim_ex.o                    4
    stm32f4xx_ll_exti.o                     176
    stm32f4xx_ll_gpio.o                     238
    stm32f4xx_ll_rcc.o                      184
    stm32f4xx_ll_tim.o                      192
    stm32f4xx_ll_usart.o                    268
    stm32f4xx_ll_usb.o                    2'540
    -------------------------------------------------------------
    Total:                                9'724        1       44

C:\Users\Koche\Desktop\Work\Smart Dispenser PRJ\gateway\EWARM\Gateway_407\Obj\System_11455613988876714787.dir: [13]
    system.o                                212             3'104
    system_thread.o                         328       36
    system_uart.o                           768
    -------------------------------------------------------------
    Total:                                1'308       36    3'104

C:\Users\Koche\Desktop\Work\Smart Dispenser PRJ\gateway\EWARM\Gateway_407\Obj\Target_2794460481546860895.dir: [14]
    usbd_conf.o                             588             1'796
    -------------------------------------------------------------
    Total:                                  588             1'796

C:\Users\Koche\Desktop\Work\Smart Dispenser PRJ\gateway\EWARM\Gateway_407\Obj\USB_Device_Library_15009154495834662892.dir: [15]
    usbd_cdc.o                            1'038        4      136
    usbd_core.o                             866
    usbd_ctlreq.o                         1'284                 1
    usbd_ioreq.o                            100
    -------------------------------------------------------------
    Total:                                3'288        4      137

C:\Users\Koche\Desktop\Work\Smart Dispenser PRJ\gateway\EWARM\Gateway_407\Obj\portable_15954926109208205999.dir: [16]
    heap_4.o                                552            66'588
    port.o                                  574                12
    portasm.o                               176
    -------------------------------------------------------------
    Total:                                1'302            66'600

C:\Users\Koche\Desktop\Work\Smart Dispenser PRJ\gateway\EWARM\Gateway_407\Obj\portable_7947777220660125680.dir: [17]
    BufferAllocation_2.o                    380        4    3'468
    NetworkInterface.o                    1'620      424   12'721
    phyHandling.o                         1'328
    stm32fxx_hal_eth.o                    1'656
    -------------------------------------------------------------
    Total:                                4'984      428   16'189

dl7M_tlf.a: [18]
    abort.o                                   6
    exit.o                                    4
    iar_Stoulx.o                            310       80
    isspace.o                                20
    low_level_init.o                          4
    printf.o                                 40
    putchar.o                                68
    snprintf.o                               68
    strncmp.o                                42
    strstr.o                                 44
    tolower.o                                20
    xfail_s.o                                64                 4
    xfiles.o                                           3      152
    xlocale_c.o                              60        9      128
    xprintffull_nomb.o                    3'790
    xprout.o                                 22
    xsnprout.o                               26
    -------------------------------------------------------------
    Total:                                4'588       92      284

m7M_tls.a: [19]
    DblAddSub.o                             590
    DblCmpGe.o                               52
    DblCmpLe.o                               52
    DblDiv.o                                582
    DblMul.o                                426
    DblToS32.o                               54
    DblToU32.o                               34
    S32ToDbl.o                               34
    U32ToDbl.o                               28
    fpinit_M.o                               34
    frexp.o                                 112
    ldexp.o                                 314
    -------------------------------------------------------------
    Total:                                2'312

rt7M_tl.a: [20]
    ABImemclr.o                               6
    ABImemclr4.o                              6
    ABImemcpy_small.o                        24
    ABImemmove_small.o                       30
    ABImemset48.o                            58
    ABImemset_small.o                        18
    I64DivMod_small.o                       262
    I64DivZer.o                               2
    cexit.o                                  10
    cmain.o                                  30
    cstartup_M.o                             28
    data_init.o                              40
    lz77_init_single.o                      126
    memchr.o                                 88
    memcmp_small.o                           30
    strchr.o                                 22
    strcmp.o                                 18
    strlen_small.o                           20
    strncpy_small.o                          30
    zero_init3.o                             56
    -------------------------------------------------------------
    Total:                                  904

shb_l.a: [21]
    dwrite.o                                 30
    exit.o                                   20
    iarwrite.o                               34
    iarwstdswo.o                             76
    unwind_debug.o                                     1
    write.o                                  16
    -------------------------------------------------------------
    Total:                                  176        1

    Gaps                                     62        4        4
    Linker created                                    32    1'024
-----------------------------------------------------------------
    Grand Total:                         67'942    1'396  104'109


*******************************************************************************
*** ENTRY LIST
***

Entry                       Address      Size  Type      Object
-----                       -------      ----  ----      ------
.iar.init_table$$Base    0x801'0aec             --   Gb  - Linker created -
.iar.init_table$$Limit   0x801'0b0c             --   Gb  - Linker created -
?main                    0x801'0b2d            Code  Gb  cmain.o [20]
ADC_IRQHandler           0x801'0c31            Code  Wk  startup_stm32f407xx.o [5]
AHBPrescTable            0x801'0b1c      0x10  Data  Gb  system_stm32f4xx.o [2]
APBPrescTable            0x801'0bdc       0x8  Data  Gb  system_stm32f4xx.o [2]
BusFault_Handler         0x801'06d1       0x2  Code  Gb  stm32f4xx_it.o [4]
CAN1_RX0_IRQHandler      0x801'0c39            Code  Wk  startup_stm32f407xx.o [5]
CAN1_RX1_IRQHandler      0x801'0c3d            Code  Wk  startup_stm32f407xx.o [5]
CAN1_SCE_IRQHandler      0x801'0c41            Code  Wk  startup_stm32f407xx.o [5]
CAN1_TX_IRQHandler       0x801'0c35            Code  Wk  startup_stm32f407xx.o [5]
CAN2_RX0_IRQHandler      0x801'0cd9            Code  Wk  startup_stm32f407xx.o [5]
CAN2_RX1_IRQHandler      0x801'0cdd            Code  Wk  startup_stm32f407xx.o [5]
CAN2_SCE_IRQHandler      0x801'0ce1            Code  Wk  startup_stm32f407xx.o [5]
CAN2_TX_IRQHandler       0x801'0cd5            Code  Wk  startup_stm32f407xx.o [5]
CDC_Control_FS           0x800'e403       0x4  Code  Lc  usbd_cdc_if.o [1]
CDC_DeInit_FS            0x800'e3ff       0x4  Code  Lc  usbd_cdc_if.o [1]
CDC_Init_FS              0x800'e3e1      0x1e  Code  Lc  usbd_cdc_if.o [1]
CDC_ReceiveData          0x800'efdd      0x1a  Code  Gb  cli_helper.o [3]
CDC_Receive_FS           0x800'e407      0x20  Code  Lc  usbd_cdc_if.o [1]
CDC_TransmitCplt_FS      0x800'e455       0x4  Code  Lc  usbd_cdc_if.o [1]
CDC_Transmit_FS          0x800'e427      0x26  Code  Gb  usbd_cdc_if.o [1]
CLI_USB_Receive_Char     0x800'ef75      0x58  Code  Gb  cli_helper.o [3]
CSTACK$$Base            0x2001'92b0             --   Gb  - Linker created -
CSTACK$$Limit           0x2001'96b0             --   Gb  - Linker created -
DCMI_IRQHandler          0x801'0d0d            Code  Wk  startup_stm32f407xx.o [5]
DMA1_Stream0_IRQHandler
                         0x801'0c15            Code  Wk  startup_stm32f407xx.o [5]
DMA1_Stream1_IRQHandler
                         0x801'0c19            Code  Wk  startup_stm32f407xx.o [5]
DMA1_Stream2_IRQHandler
                         0x801'0c1d            Code  Wk  startup_stm32f407xx.o [5]
DMA1_Stream3_IRQHandler
                         0x801'0c21            Code  Wk  startup_stm32f407xx.o [5]
DMA1_Stream4_IRQHandler
                         0x801'0c25            Code  Wk  startup_stm32f407xx.o [5]
DMA1_Stream5_IRQHandler
                         0x801'0c29            Code  Wk  startup_stm32f407xx.o [5]
DMA1_Stream6_IRQHandler
                         0x801'0c2d            Code  Wk  startup_stm32f407xx.o [5]
DMA1_Stream7_IRQHandler
                         0x801'0ca1            Code  Wk  startup_stm32f407xx.o [5]
DMA2_Stream0_IRQHandler
                         0x801'0cc1            Code  Wk  startup_stm32f407xx.o [5]
DMA2_Stream1_IRQHandler
                         0x801'0cc5            Code  Wk  startup_stm32f407xx.o [5]
DMA2_Stream2_IRQHandler
                         0x801'0711       0x2  Code  Gb  stm32f4xx_it.o [4]
DMA2_Stream3_IRQHandler
                         0x801'0cc9            Code  Wk  startup_stm32f407xx.o [5]
DMA2_Stream4_IRQHandler
                         0x801'0ccd            Code  Wk  startup_stm32f407xx.o [5]
DMA2_Stream5_IRQHandler
                         0x801'0ce5            Code  Wk  startup_stm32f407xx.o [5]
DMA2_Stream6_IRQHandler
                         0x801'0ce9            Code  Wk  startup_stm32f407xx.o [5]
DMA2_Stream7_IRQHandler
                         0x801'0ced            Code  Wk  startup_stm32f407xx.o [5]
DMARxDscrTab            0x2001'8f20      0x80  Data  Gb  NetworkInterface.o [17]
DMATxDescToClear        0x2000'00cc       0x4  Data  Lc  NetworkInterface.o [17]
DMATxDscrTab            0x2001'8fa0      0x80  Data  Gb  NetworkInterface.o [17]
DebugMon_Handler         0x801'06d5       0x2  Code  Gb  stm32f4xx_it.o [4]
ETH_FlushTransmitFIFO    0x800'f671      0x16  Code  Lc  stm32fxx_hal_eth.o [17]
ETH_IRQHandler           0x800'ed81       0x6  Code  Gb  NetworkInterface.o [17]
ETH_WKUP_IRQHandler      0x801'0cd1            Code  Wk  startup_stm32f407xx.o [5]
EXTI0_IRQHandler         0x801'0c09            Code  Wk  startup_stm32f407xx.o [5]
EXTI15_10_IRQHandler     0x801'0c85            Code  Wk  startup_stm32f407xx.o [5]
EXTI1_IRQHandler         0x801'0c0d            Code  Wk  startup_stm32f407xx.o [5]
EXTI2_IRQHandler         0x801'06d7      0x1a  Code  Gb  stm32f4xx_it.o [4]
EXTI3_IRQHandler         0x801'06f1      0x1a  Code  Gb  stm32f4xx_it.o [4]
EXTI4_IRQHandler         0x801'0c11            Code  Wk  startup_stm32f407xx.o [5]
EXTI9_5_IRQHandler       0x801'0c45            Code  Wk  startup_stm32f407xx.o [5]
Error_Handler            0x800'bf8d       0x4  Code  Gb  main.o [4]
Ethernet::Ethernet(EthernetConfig)
                         0x800'da05     0x116  Code  Gb  eth.o [6]
Ethernet::printConfig()
                         0x800'db29      0x52  Code  Gb  eth.o [6]
Ethernet::xTCPSendAndReceive(char const *, unsigned int, unsigned int)
                         0x800'db7d     0x156  Code  Gb  eth.o [6]
FLASH_Erase_Sector       0x800'e6f3      0x4c  Code  Gb  stm32f4xx_hal_flash_ex.o [12]
FLASH_FlushCaches        0x800'e73f      0x50  Code  Gb  stm32f4xx_hal_flash_ex.o [12]
FLASH_IRQHandler         0x801'0c01            Code  Wk  startup_stm32f407xx.o [5]
FLASH_MassErase          0x800'e6d3      0x20  Code  Lc  stm32f4xx_hal_flash_ex.o [12]
FLASH_Program_Byte       0x800'e5b1      0x14  Code  Lc  stm32f4xx_hal_flash.o [12]
FLASH_Program_DoubleWord
                         0x800'e54b      0x28  Code  Lc  stm32f4xx_hal_flash.o [12]
FLASH_Program_HalfWord   0x800'e585      0x12  Code  Lc  stm32f4xx_hal_flash.o [12]
FLASH_Program_Word       0x800'e573      0x12  Code  Lc  stm32f4xx_hal_flash.o [12]
FLASH_SetErrorCode       0x800'e5c5      0x60  Code  Lc  stm32f4xx_hal_flash.o [12]
FLASH_WaitForLastOperation
                         0x800'e4fd      0x4e  Code  Gb  stm32f4xx_hal_flash.o [12]
FPU_IRQHandler           0x801'0d15            Code  Wk  startup_stm32f407xx.o [5]
FSMC_IRQHandler          0x801'0ca5            Code  Wk  startup_stm32f407xx.o [5]
FS_Desc                 0x2000'3238      0x1c  Data  Gb  usbd_desc.o [1]
Flash_Read_Data          0x800'd9c9      0x14  Code  Gb  flash.o [7]
Flash_Write_Data         0x800'd927      0x7c  Code  Gb  flash.o [7]
FreeRTOS_AddEndPoint     0x800'20b3      0x32  Code  Lc  FreeRTOS_Routing.o [9]
FreeRTOS_AddNetworkInterface
                         0x800'2083      0x22  Code  Gb  FreeRTOS_Routing.o [9]
FreeRTOS_AllEndPointsUp
                         0x800'1821      0x2a  Code  Gb  FreeRTOS_IP.o [9]
FreeRTOS_CLIGetParameter
                         0x800'e311      0x52  Code  Gb  FreeRTOS_CLI.o [8]
FreeRTOS_CLIProcessCommand
                         0x800'e255      0xbc  Code  Gb  FreeRTOS_CLI.o [8]
FreeRTOS_CLIProcessCommand::pxCommand
                        0x2000'0074       0x4  Data  Lc  FreeRTOS_CLI.o [8]
FreeRTOS_CLIRegisterCommand
                         0x800'e22d      0x28  Code  Gb  FreeRTOS_CLI.o [8]
FreeRTOS_ClearARP        0x800'597d      0x2e  Code  Gb  FreeRTOS_ARP.o [9]
FreeRTOS_CreateIPv6Address
                         0x800'5f3f      0x94  Code  Gb  FreeRTOS_ND.o [9]
FreeRTOS_FillEndPoint    0x800'1fd1      0xb2  Code  Gb  FreeRTOS_Routing.o [9]
FreeRTOS_FindEndPointOnIP_IPv4
                         0x800'2121      0x40  Code  Gb  FreeRTOS_Routing.o [9]
FreeRTOS_FindEndPointOnIP_IPv6
                         0x800'2161       0x6  Code  Gb  FreeRTOS_Routing.o [9]
FreeRTOS_FindEndPointOnMAC
                         0x800'2167      0x3e  Code  Gb  FreeRTOS_Routing.o [9]
FreeRTOS_FindEndPointOnNetMask
                         0x800'21a5       0x6  Code  Gb  FreeRTOS_Routing.o [9]
FreeRTOS_FindGateWay     0x800'2419      0x46  Code  Gb  FreeRTOS_Routing.o [9]
FreeRTOS_FirstEndPoint   0x800'20e5      0x1e  Code  Gb  FreeRTOS_Routing.o [9]
FreeRTOS_FirstNetworkInterface
                         0x800'20a5       0x8  Code  Gb  FreeRTOS_Routing.o [9]
FreeRTOS_GetIPTaskHandle
                         0x800'15d3       0x8  Code  Gb  FreeRTOS_IP.o [9]
FreeRTOS_GetLocalAddress
                         0x800'08c9      0x56  Code  Gb  FreeRTOS_Sockets.o [9]
FreeRTOS_IPInit_Multi    0x800'1641      0x74  Code  Gb  FreeRTOS_IP.o [9]
FreeRTOS_IPInit_Multi{3}::ucNetworkEventQueueStorageArea
                        0x2001'5540     0x208  Data  Lc  FreeRTOS_IP.o [9]
FreeRTOS_IPInit_Multi{3}::xNetworkEventStaticQueue
                        0x2001'54f0      0x50  Data  Lc  FreeRTOS_IP.o [9]
FreeRTOS_IPInit_Multi{4}{5}{7}{8}{9}::xIPTaskBuffer
                        0x2001'5748      0x58  Data  Lc  FreeRTOS_IP.o [9]
FreeRTOS_IPInit_Multi{4}{5}{7}{8}{9}::xIPTaskStack
                        0x2001'57a0     0xa28  Data  Lc  FreeRTOS_IP.o [9]
FreeRTOS_InterfaceEPInSameSubnet_IPv6
                         0x800'21ff      0x3c  Code  Gb  FreeRTOS_Routing.o [9]
FreeRTOS_InterfaceEndPointOnNetMask
                         0x800'21ab      0x54  Code  Gb  FreeRTOS_Routing.o [9]
FreeRTOS_IsEndPointUp    0x800'180f      0x12  Code  Gb  FreeRTOS_IP.o [9]
FreeRTOS_IsNetworkUp     0x800'180b       0x4  Code  Gb  FreeRTOS_IP.o [9]
FreeRTOS_MatchingEndpoint
                         0x800'2341      0xca  Code  Gb  FreeRTOS_Routing.o [9]
FreeRTOS_NetworkDown     0x800'1609      0x38  Code  Gb  FreeRTOS_IP.o [9]
FreeRTOS_NextEndPoint    0x800'2103      0x1e  Code  Gb  FreeRTOS_Routing.o [9]
FreeRTOS_NextNetworkInterface
                         0x800'20ad       0x6  Code  Gb  FreeRTOS_Routing.o [9]
FreeRTOS_OutputARPRequest
                         0x800'58e7      0x16  Code  Gb  FreeRTOS_ARP.o [9]
FreeRTOS_OutputARPRequest_Multi
                         0x800'5887      0x60  Code  Gb  FreeRTOS_ARP.o [9]
FreeRTOS_OutputAdvertiseIPv6
                         0x800'5e11      0xdc  Code  Gb  FreeRTOS_ND.o [9]
FreeRTOS_bind            0x800'031f      0xc8  Code  Gb  FreeRTOS_Sockets.o [9]
FreeRTOS_closesocket     0x800'051d      0x26  Code  Gb  FreeRTOS_Sockets.o [9]
FreeRTOS_connect         0x800'0959     0x138  Code  Gb  FreeRTOS_Sockets.o [9]
FreeRTOS_in6addr_any     0x800'64c0      0x10  Data  Gb  FreeRTOS_IPv6.o [9]
FreeRTOS_in6addr_loopback
                         0x800'64d0      0x10  Data  Gb  FreeRTOS_IPv6.o [9]
FreeRTOS_inet_addr       0x800'08b5      0x14  Code  Gb  FreeRTOS_Sockets.o [9]
FreeRTOS_inet_ntoa       0x800'0829      0x62  Code  Gb  FreeRTOS_Sockets.o [9]
FreeRTOS_inet_ntop       0x800'088b      0x2a  Code  Gb  FreeRTOS_Sockets.o [9]
FreeRTOS_inet_ntop4      0x800'2e73      0x1a  Code  Gb  FreeRTOS_IPv4_Sockets.o [9]
FreeRTOS_inet_ntop6      0x800'2f63      0xb6  Code  Gb  FreeRTOS_IPv6_Sockets.o [9]
FreeRTOS_inet_pton4      0x800'2dd9      0x9a  Code  Gb  FreeRTOS_IPv4_Sockets.o [9]
FreeRTOS_issocketconnected
                         0x800'0fcb      0x1c  Code  Gb  FreeRTOS_Sockets.o [9]
FreeRTOS_listen          0x800'0d11      0x6c  Code  Gb  FreeRTOS_Sockets.o [9]
FreeRTOS_max_size_t      0x800'1efb       0x8  Code  Gb  FreeRTOS_IP_Utils.o [9]
FreeRTOS_min_int32       0x800'1f03       0x8  Code  Gb  FreeRTOS_IP_Utils.o [9]
FreeRTOS_min_size_t      0x800'1f13       0x8  Code  Gb  FreeRTOS_IP_Utils.o [9]
FreeRTOS_min_uint32      0x800'1f0b       0x8  Code  Gb  FreeRTOS_IP_Utils.o [9]
FreeRTOS_recv            0x800'0ac3      0xe0  Code  Gb  FreeRTOS_Sockets.o [9]
FreeRTOS_round_up        0x800'1f1b      0x18  Code  Gb  FreeRTOS_IP_Utils.o [9]
FreeRTOS_rx_size         0x800'0fe7      0x18  Code  Gb  FreeRTOS_Sockets.o [9]
FreeRTOS_send            0x800'0c11      0xfa  Code  Gb  FreeRTOS_Sockets.o [9]
FreeRTOS_setsockopt      0x800'0675     0x162  Code  Gb  FreeRTOS_Sockets.o [9]
FreeRTOS_shutdown        0x800'0d7d      0x32  Code  Gb  FreeRTOS_Sockets.o [9]
FreeRTOS_socket          0x800'01c9     0x128  Code  Gb  FreeRTOS_Sockets.o [9]
FreeRTOS_tx_size         0x800'0fb3      0x18  Code  Gb  FreeRTOS_Sockets.o [9]
FreeRTOS_tx_space        0x800'0f91      0x1c  Code  Gb  FreeRTOS_Sockets.o [9]
Gate::Gate()             0x800'e215       0x8  Code  Wk  system.o [13]
Gate::handleClosedState()
                         0x801'0753       0x2  Code  Gb  gate.o [11]
Gate::handleOpenedState()
                         0x801'0743      0x10  Code  Gb  gate.o [11]
Gate::resetTimer()       0x801'0729      0x1a  Code  Gb  gate.o [11]
GetSector                0x800'd8b9      0x6e  Code  Lc  flash.o [7]
HAL_Delay                0x800'ab4d      0x28  Code  Wk  stm32f4xx_hal.o [12]
HAL_ETH_ConfigMAC        0x800'f505     0x106  Code  Gb  stm32fxx_hal_eth.o [17]
HAL_ETH_ErrorCallback    0x800'fcb5       0x2  Code  Wk  stm32fxx_hal_eth.o [17]
HAL_ETH_IRQHandler       0x800'f2a9      0x3a  Code  Gb  stm32fxx_hal_eth.o [17]
HAL_ETH_Init             0x800'f011     0x19c  Code  Gb  stm32fxx_hal_eth.o [17]
HAL_ETH_MspInit          0x800'f1ad      0xe2  Code  Gb  stm32fxx_hal_eth.o [17]
HAL_ETH_ReadPHYRegister
                         0x800'f2e3      0x6e  Code  Gb  stm32fxx_hal_eth.o [17]
HAL_ETH_RxCpltCallback   0x800'e79d      0x1e  Code  Gb  NetworkInterface.o [17]
HAL_ETH_Start            0x800'f3cd      0x54  Code  Gb  stm32fxx_hal_eth.o [17]
HAL_ETH_Stop             0x800'f421      0x52  Code  Gb  stm32fxx_hal_eth.o [17]
HAL_ETH_TxCpltCallback   0x800'e7cf      0x1e  Code  Gb  NetworkInterface.o [17]
HAL_ETH_WritePHYRegister
                         0x800'f351      0x6e  Code  Gb  stm32fxx_hal_eth.o [17]
HAL_FLASHEx_Erase        0x800'e641      0x92  Code  Gb  stm32f4xx_hal_flash_ex.o [12]
HAL_FLASH_GetError       0x800'e4f7       0x6  Code  Gb  stm32f4xx_hal_flash.o [12]
HAL_FLASH_Lock           0x800'e4e7       0xa  Code  Gb  stm32f4xx_hal_flash.o [12]
HAL_FLASH_Program        0x800'e459      0x6e  Code  Gb  stm32f4xx_hal_flash.o [12]
HAL_FLASH_Unlock         0x800'e4c7      0x20  Code  Gb  stm32f4xx_hal_flash.o [12]
HAL_GPIO_Init            0x800'b8d1     0x1be  Code  Gb  stm32f4xx_hal_gpio.o [12]
HAL_GetTick              0x800'6881       0xc  Code  Wk  stm32f4xx_hal.o [12]
HAL_IncTick              0x800'ce31      0x10  Code  Wk  stm32f4xx_hal.o [12]
HAL_Init                 0x800'c645      0x30  Code  Gb  stm32f4xx_hal.o [12]
HAL_InitTick             0x800'c03d      0x8a  Code  Gb  stm32f4xx_hal_timebase_tim.o [4]
HAL_MspInit              0x800'd121      0x38  Code  Gb  stm32f4xx_hal_msp.o [4]
HAL_NVIC_EnableIRQ       0x800'bb25      0x16  Code  Gb  stm32f4xx_hal_cortex.o [12]
HAL_NVIC_SetPriority     0x800'baeb      0x3a  Code  Gb  stm32f4xx_hal_cortex.o [12]
HAL_NVIC_SetPriorityGrouping
                         0x800'bad7      0x14  Code  Gb  stm32f4xx_hal_cortex.o [12]
HAL_PCDEx_LPM_Callback   0x800'b751       0x2  Code  Wk  stm32f4xx_hal_pcd_ex.o [12]
HAL_PCDEx_SetRxFiFo      0x800'bfd3       0x8  Code  Gb  stm32f4xx_hal_pcd_ex.o [12]
HAL_PCDEx_SetTxFiFo      0x800'bf91      0x42  Code  Gb  stm32f4xx_hal_pcd_ex.o [12]
HAL_PCD_ConnectCallback
                         0x800'b629       0x8  Code  Gb  usbd_conf.o [14]
HAL_PCD_DataInStageCallback
                         0x800'b5a1      0x12  Code  Gb  usbd_conf.o [14]
HAL_PCD_DataOutStageCallback
                         0x800'b58d      0x14  Code  Gb  usbd_conf.o [14]
HAL_PCD_DisconnectCallback
                         0x800'b631       0x8  Code  Gb  usbd_conf.o [14]
HAL_PCD_EP_Abort         0x800'b4e9      0x1c  Code  Gb  stm32f4xx_hal_pcd.o [12]
HAL_PCD_EP_Close         0x800'b38d      0x20  Code  Gb  stm32f4xx_hal_pcd.o [12]
HAL_PCD_EP_ClrStall      0x800'b485      0x2e  Code  Gb  stm32f4xx_hal_pcd.o [12]
HAL_PCD_EP_GetRxCount    0x800'b3c9      0x10  Code  Gb  stm32f4xx_hal_pcd.o [12]
HAL_PCD_EP_Open          0x800'b333      0x5a  Code  Gb  stm32f4xx_hal_pcd.o [12]
HAL_PCD_EP_Receive       0x800'b3ad      0x1c  Code  Gb  stm32f4xx_hal_pcd.o [12]
HAL_PCD_EP_SetStall      0x800'b41b      0x62  Code  Gb  stm32f4xx_hal_pcd.o [12]
HAL_PCD_EP_Transmit      0x800'b3d9      0x18  Code  Gb  stm32f4xx_hal_pcd.o [12]
HAL_PCD_IRQHandler       0x800'ac5f     0x66e  Code  Gb  stm32f4xx_hal_pcd.o [12]
HAL_PCD_ISOINIncompleteCallback
                         0x800'b621       0x8  Code  Gb  usbd_conf.o [14]
HAL_PCD_ISOOUTIncompleteCallback
                         0x800'b619       0x8  Code  Gb  usbd_conf.o [14]
HAL_PCD_Init             0x800'ab75      0xc2  Code  Gb  stm32f4xx_hal_pcd.o [12]
HAL_PCD_MspInit          0x800'b505      0x7c  Code  Gb  usbd_conf.o [14]
HAL_PCD_ResetCallback    0x800'b5bb      0x2c  Code  Gb  usbd_conf.o [14]
HAL_PCD_ResumeCallback   0x800'b611       0x8  Code  Gb  usbd_conf.o [14]
HAL_PCD_SOFCallback      0x800'b5b3       0x8  Code  Gb  usbd_conf.o [14]
HAL_PCD_SetAddress       0x800'b313      0x20  Code  Gb  stm32f4xx_hal_pcd.o [12]
HAL_PCD_SetupStageCallback
                         0x800'b581       0xc  Code  Gb  usbd_conf.o [14]
HAL_PCD_Start            0x800'ac41      0x1e  Code  Gb  stm32f4xx_hal_pcd.o [12]
HAL_PCD_SuspendCallback
                         0x800'b5e7      0x2a  Code  Gb  usbd_conf.o [14]
HAL_RCC_ClockConfig      0x800'b755     0x100  Code  Gb  stm32f4xx_hal_rcc.o [12]
HAL_RCC_GetClockConfig   0x800'b87d      0x36  Code  Gb  stm32f4xx_hal_rcc.o [12]
HAL_RCC_GetHCLKFreq      0x800'b861       0x6  Code  Gb  stm32f4xx_hal_rcc.o [12]
HAL_RCC_GetPCLK1Freq     0x800'b867      0x10  Code  Gb  stm32f4xx_hal_rcc.o [12]
HAL_RCC_GetSysClockFreq
                         0x800'bfdd      0x60  Code  Wk  stm32f4xx_hal_rcc.o [12]
HAL_RCC_OscConfig        0x800'cb21     0x310  Code  Wk  stm32f4xx_hal_rcc.o [12]
HAL_TIMEx_BreakCallback
                         0x800'e223       0x2  Code  Wk  stm32f4xx_hal_tim_ex.o [12]
HAL_TIMEx_CommutCallback
                         0x800'e227       0x2  Code  Wk  stm32f4xx_hal_tim_ex.o [12]
HAL_TIM_Base_Init        0x800'ce41      0x1a  Code  Gb  stm32f4xx_hal_tim.o [12]
HAL_TIM_Base_MspInit     0x800'e21d       0x2  Code  Wk  stm32f4xx_hal_tim.o [12]
HAL_TIM_Base_Start_IT    0x800'ce5b      0x76  Code  Gb  stm32f4xx_hal_tim.o [12]
HAL_TIM_IC_CaptureCallback
                         0x800'e21f       0x2  Code  Wk  stm32f4xx_hal_tim.o [12]
HAL_TIM_IRQHandler       0x800'cf25     0x12a  Code  Gb  stm32f4xx_hal_tim.o [12]
HAL_TIM_OC_DelayElapsedCallback
                         0x800'e221       0x2  Code  Wk  stm32f4xx_hal_tim.o [12]
HAL_TIM_PWM_PulseFinishedCallback
                         0x800'e229       0x2  Code  Wk  stm32f4xx_hal_tim.o [12]
HAL_TIM_PeriodElapsedCallback
                         0x800'bf71       0xe  Code  Gb  main.o [4]
HAL_TIM_TriggerCallback
                         0x800'e225       0x2  Code  Wk  stm32f4xx_hal_tim.o [12]
HASH_RNG_IRQHandler      0x801'0d11            Code  Wk  startup_stm32f407xx.o [5]
HardFault_Handler        0x801'06cd       0x2  Code  Gb  stm32f4xx_it.o [4]
I2C1_ER_IRQHandler       0x801'0c69            Code  Wk  startup_stm32f407xx.o [5]
I2C1_EV_IRQHandler       0x801'0c65            Code  Wk  startup_stm32f407xx.o [5]
I2C2_ER_IRQHandler       0x801'0c71            Code  Wk  startup_stm32f407xx.o [5]
I2C2_EV_IRQHandler       0x801'0c6d            Code  Wk  startup_stm32f407xx.o [5]
I2C3_ER_IRQHandler       0x801'0cf9            Code  Wk  startup_stm32f407xx.o [5]
[...]
vIPNetworkUpCalls        0x800'15db      0x2e  Code  Gb  FreeRTOS_IP.o [9]
vIPSetARPResolutionTimerEnableState
                         0x800'47a5      0x14  Code  Gb  FreeRTOS_IP_Timers.o [9]
vIPSetARPTimerEnableState
                         0x800'4791      0x14  Code  Gb  FreeRTOS_IP_Timers.o [9]
vIPSetDHCP_RATimerEnableState
                         0x800'47b9      0x16  Code  Gb  FreeRTOS_IP_Timers.o [9]
vIPSetTCPTimerExpiredState
                         0x800'4777      0x1a  Code  Gb  FreeRTOS_IP_Timers.o [9]
vIPTimerStartARPResolution
                         0x800'471b       0x6  Code  Gb  FreeRTOS_IP_Timers.o [9]
vListInitialise          0x800'114d      0x1a  Code  Gb  list.o [10]
vListInitialiseItem      0x800'1167       0x6  Code  Gb  list.o [10]
vListInsert              0x800'1187      0x32  Code  Gb  list.o [10]
vListInsertEnd           0x800'116d      0x1a  Code  Gb  list.o [10]
vListInsertFifo          0x800'267d      0x1a  Code  Lc  FreeRTOS_TCP_WIN.o [9]
vMACBProbePhy            0x800'eb45      0x22  Code  Gb  NetworkInterface.o [17]
vManageSolicitedNodeAddress
                         0x800'65bf      0x68  Code  Gb  FreeRTOS_IPv6_Utils.o [9]
vNDAgeCache              0x800'5aff      0x44  Code  Gb  FreeRTOS_ND.o [9]
vNDRefreshCacheEntry     0x800'5a81      0x7e  Code  Gb  FreeRTOS_ND.o [9]
vNDSendNeighbourSolicitation
                         0x800'5bc7     0x112  Code  Gb  FreeRTOS_ND.o [9]
vNDSendRouterSolicitation
                         0x800'4f55     0x10a  Code  Gb  FreeRTOS_RA.o [9]
vNetworkSocketsInit      0x800'01b1      0x18  Code  Gb  FreeRTOS_Sockets.o [9]
vNetworkTimerReload      0x800'4735       0x6  Code  Gb  FreeRTOS_IP_Timers.o [9]
vPhyInitialise           0x800'f689      0x14  Code  Gb  phyHandling.o [17]
vPortEnableVFP           0x800'7f99            Code  Gb  portasm.o [16]
vPortEnterCritical       0x800'6787      0x32  Code  Gb  port.o [16]
vPortExitCritical        0x800'67b9      0x22  Code  Gb  port.o [16]
vPortFree                0x800'19fb      0xb0  Code  Gb  heap_4.o [16]
vPortSetupTimerInterrupt
                         0x800'7edd      0x28  Code  Wk  port.o [16]
vPortStartFirstTask      0x800'7f79            Code  Gb  portasm.o [16]
vPortValidateInterruptPriority
                         0x800'6801      0x2c  Code  Gb  port.o [16]
vPreCheckConfigs         0x800'1ebf      0x2a  Code  Gb  FreeRTOS_IP_Utils.o [9]
vProcessGeneratedUDPPacket
                         0x800'5309      0x1e  Code  Gb  FreeRTOS_UDP_IP.o [9]
vProcessGeneratedUDPPacket_IPv4
                         0x800'7b55      0xce  Code  Gb  FreeRTOS_UDP_IPv4.o [9]
vProcessGeneratedUDPPacket_IPv4{5}{6}{7}{8}::ucDefaultPartUDPPacketHeader
                         0x800'7cc4      0x18  Data  Lc  FreeRTOS_UDP_IPv4.o [9]
vProcessGeneratedUDPPacket_IPv6
                         0x800'7cdd     0x114  Code  Gb  FreeRTOS_UDP_IPv6.o [9]
vQueueAddToRegistry      0x800'4ea1      0x3a  Code  Gb  queue.o [10]
vQueueDelete             0x800'4d75      0x22  Code  Gb  queue.o [10]
vQueueUnregisterQueue    0x800'4edb      0x2a  Code  Gb  queue.o [10]
vQueueWaitForMessageRestricted
                         0x800'4f0d      0x48  Code  Gb  queue.o [10]
vRAProcess               0x800'51af     0x154  Code  Gb  FreeRTOS_RA.o [9]
vReceiveNA               0x800'505f      0x54  Code  Gb  FreeRTOS_RA.o [9]
vReceiveRA               0x800'50b3      0xec  Code  Gb  FreeRTOS_RA.o [9]
vRegisterDelay           0x800'f49b      0x24  Code  Lc  stm32fxx_hal_eth.o [17]
vReleaseNetworkBuffer    0x800'2543       0xc  Code  Gb  BufferAllocation_2.o [17]
vReleaseNetworkBufferAndDescriptor
                         0x800'25ff      0x42  Code  Gb  BufferAllocation_2.o [17]
vReturnEthernetFrame     0x800'1753      0xa2  Code  Gb  FreeRTOS_IP.o [9]
vSetAllNetworksUp        0x800'47cf       0x6  Code  Gb  FreeRTOS_IP_Timers.o [9]
vSetMultiCastIPv4MacAddress
                         0x800'7e8b      0x30  Code  Gb  FreeRTOS_IPv4_Utils.o [9]
vSetMultiCastIPv6MacAddress
                         0x800'6537      0x18  Code  Gb  FreeRTOS_IPv6_Utils.o [9]
vSocketBind              0x800'03f1     0x12c  Code  Gb  FreeRTOS_Sockets.o [9]
vSocketClose             0x800'0543      0xd2  Code  Gb  FreeRTOS_Sockets.o [9]
vSocketCloseNextTime     0x800'3019      0x18  Code  Gb  FreeRTOS_TCP_IP.o [9]
vSocketListenNextTime    0x800'3031      0x1c  Code  Gb  FreeRTOS_TCP_IP.o [9]
vSocketSelect            0x800'100f     0x110  Code  Gb  FreeRTOS_Sockets.o [9]
vSocketWakeUpUser        0x800'091f      0x3a  Code  Gb  FreeRTOS_Sockets.o [9]
vStreamBufferClear       0x800'4457      0x10  Code  Gb  FreeRTOS_Stream_Buffer.o [9]
vStreamBufferMoveMid     0x800'4467      0x20  Code  Gb  FreeRTOS_Stream_Buffer.o [9]
vTCPStateChange          0x800'30d5     0x170  Code  Gb  FreeRTOS_TCP_IP.o [9]
vTCPTimerReload          0x800'4725       0x6  Code  Gb  FreeRTOS_IP_Timers.o [9]
vTCPWindowDestroy        0x800'27ad      0x34  Code  Gb  FreeRTOS_TCP_WIN.o [9]
vTCPWindowFree           0x800'277b      0x32  Code  Lc  FreeRTOS_TCP_WIN.o [9]
vTCPWindowInit           0x800'2877      0x42  Code  Gb  FreeRTOS_TCP_WIN.o [9]
vTaskDelay               0x800'3755      0x30  Code  Gb  tasks.o [10]
vTaskGenericNotifyGiveFromISR
                         0x800'4297      0xcc  Code  Gb  tasks.o [10]
vTaskInternalSetTimeOutState
                         0x800'3d45       0xe  Code  Gb  tasks.o [10]
vTaskMissedYield         0x800'3db3       0xa  Code  Gb  tasks.o [10]
vTaskPlaceOnEventList    0x800'3adf      0x24  Code  Gb  tasks.o [10]
vTaskPlaceOnEventListRestricted
                         0x800'3b5f      0x48  Code  Gb  tasks.o [10]
vTaskPlaceOnUnorderedEventList
                         0x800'3b03      0x5c  Code  Gb  tasks.o [10]
vTaskPriorityDisinheritAfterTimeout
                         0x800'3f9f      0x78  Code  Gb  tasks.o [10]
vTaskRemoveFromUnorderedEventList
                         0x800'3c6d      0xae  Code  Gb  tasks.o [10]
vTaskSetTimeOutState     0x800'3d1b      0x24  Code  Gb  tasks.o [10]
vTaskStartScheduler      0x800'37a9      0x98  Code  Gb  tasks.o [10]
vTaskSuspendAll          0x800'3849       0xc  Code  Gb  tasks.o [10]
vTaskSwitchContext       0x800'3a8f      0x50  Code  Gb  tasks.o [10]
xARPCache               0x2000'0000      0x60  Data  Lc  FreeRTOS_ARP.o [9]
xARPResolutionTimer     0x2001'90b8      0x14  Data  Lc  FreeRTOS_IP_Timers.o [9]
xARPTimer               0x2001'908c      0x14  Data  Lc  FreeRTOS_IP_Timers.o [9]
xActiveTimerList1       0x2001'8e2c      0x14  Data  Lc  timers.o [10]
xActiveTimerList2       0x2001'8e40      0x14  Data  Lc  timers.o [10]
xAllNetworksUp          0x2001'90b4       0x4  Data  Lc  FreeRTOS_IP_Timers.o [9]
xApplicationGetRandomNumber
                         0x800'1f75       0xe  Code  Gb  eth_helper.o [6]
xBadIPv4Loopback         0x800'6021      0x26  Code  Gb  FreeRTOS_IPv4.o [9]
xBadIPv6Loopback         0x800'61ed      0x34  Code  Gb  FreeRTOS_IPv6.o [9]
xBoundTCPSocketsList    0x2001'9200      0x14  Data  Gb  FreeRTOS_Sockets.o [9]
xBoundUDPSocketsList    0x2001'9214      0x14  Data  Gb  FreeRTOS_Sockets.o [9]
xBroadcastMACAddress     0x800'1890       0x8  Data  Gb  FreeRTOS_IP.o [9]
xBufferAllocFixedSize    0x801'0be4       0x4  Data  Gb  BufferAllocation_2.o [17]
xCalculateSleepTime      0x800'45dd      0x4a  Code  Gb  FreeRTOS_IP_Timers.o [9]
xCheckRequiresARPResolution
                         0x800'557d      0x88  Code  Gb  FreeRTOS_ARP.o [9]
xCompareIPv6_Address     0x800'6275      0x9e  Code  Gb  FreeRTOS_IPv6.o [9]
xCompareIPv6_Address::FreeRTOS_in6addr_allnodes
                         0x800'64e0      0x10  Data  Lc  FreeRTOS_IPv6.o [9]
xDelayedTaskList1       0x2000'3174      0x14  Data  Lc  tasks.o [10]
xDelayedTaskList2       0x2000'3188      0x14  Data  Lc  tasks.o [10]
xEMACTaskHandle         0x2000'00d4       0x4  Data  Lc  NetworkInterface.o [17]
xETH                    0x2001'9130      0x48  Data  Lc  NetworkInterface.o [17]
xEventGroupClearBits     0x800'1bdb      0x30  Code  Gb  event_groups.o [10]
xEventGroupCreate        0x800'1acf      0x1e  Code  Gb  event_groups.o [10]
xEventGroupSetBits       0x800'1c0b      0x72  Code  Gb  event_groups.o [10]
xEventGroupWaitBits      0x800'1aed      0xd6  Code  Gb  event_groups.o [10]
xFreeBuffersList        0x2001'924c      0x14  Data  Lc  BufferAllocation_2.o [17]
xFreeBytesRemaining     0x2000'335c       0x4  Data  Lc  heap_4.o [16]
xGetCommand              0x800'd898      0x10  Data  Gb  cli.o [3]
xGetExtensionOrder       0x800'640d      0x44  Code  Gb  FreeRTOS_IPv6.o [9]
xHelpCommand             0x801'0bac      0x10  Data  Lc  FreeRTOS_CLI.o [8]
xIPIsNetworkTaskReady    0x800'1805       0x6  Code  Gb  FreeRTOS_IP.o [9]
xIPTaskHandle           0x2001'54e8       0x4  Data  Lc  FreeRTOS_IP.o [9]
xIPTaskInitialised      0x2001'54ec       0x4  Data  Lc  FreeRTOS_IP.o [9]
xIPv6_GetIPType          0x800'246d      0x4c  Code  Gb  FreeRTOS_Routing.o [9]
xIPv6_GetIPType::xIPCouples
                         0x800'24b8      0x20  Data  Lc  FreeRTOS_Routing.o [9]
xIdleTaskHandles        0x2000'3168       0x4  Data  Lc  tasks.o [10]
xIsCallingFromIPTask     0x800'1dc5      0x18  Code  Gb  FreeRTOS_IP_Utils.o [9]
xIsIPInARPCache          0x800'5555      0x28  Code  Gb  FreeRTOS_ARP.o [9]
xIsIPv4Loopback          0x800'6047      0x28  Code  Gb  FreeRTOS_IPv4.o [9]
xIsIPv4Multicast         0x800'5ffd      0x24  Code  Gb  FreeRTOS_IPv4.o [9]
xIsIPv6AllowedMulticast
                         0x800'6221      0x52  Code  Gb  FreeRTOS_IPv6.o [9]
xIsIPv6Loopback          0x800'61d9      0x14  Code  Gb  FreeRTOS_IPv6.o [9]
xLastGratuitousARPTime  0x2000'0060       0x4  Data  Lc  FreeRTOS_ARP.o [9]
xMacInitStatus          0x2001'92ab       0x1  Data  Lc  NetworkInterface.o [17]
xMinimumEverFreeBytesRemaining
                        0x2000'3360       0x4  Data  Lc  heap_4.o [16]
xNDCache                0x2001'8090     0x300  Data  Lc  FreeRTOS_ND.o [9]
xNetworkBufferSemaphore
                        0x2001'9264       0x4  Data  Lc  BufferAllocation_2.o [17]
xNetworkBuffersInitialise
                         0x800'24d9      0x56  Code  Gb  BufferAllocation_2.o [17]
xNetworkBuffersInitialise::xNetworkBufferDescriptors
                        0x2001'476c     0xd20  Data  Lc  BufferAllocation_2.o [17]
xNetworkBuffersInitialise{1}{2}{3}::xNetworkBufferSemaphoreBuffer
                        0x2001'548c      0x50  Data  Lc  BufferAllocation_2.o [17]
xNetworkDownEventPending
                        0x2001'54e4       0x4  Data  Lc  FreeRTOS_IP.o [9]
xNetworkEventQueue      0x2001'54e0       0x4  Data  Gb  FreeRTOS_IP.o [9]
xNetworkTimer           0x2001'90cc      0x14  Data  Lc  FreeRTOS_IP_Timers.o [9]
xNextTaskUnblockTime    0x2000'3164       0x4  Data  Lc  tasks.o [10]
xNumOfOverflows         0x2000'315c       0x4  Data  Lc  tasks.o [10]
xNumberOfSuccessfulAllocations
                        0x2000'3364       0x4  Data  Lc  heap_4.o [16]
xNumberOfSuccessfulFrees
                        0x2000'3368       0x4  Data  Lc  heap_4.o [16]
xPHYProperties           0x800'edec       0x4  Data  Gb  NetworkInterface.o [17]
xPendedTicks            0x2000'3154       0x4  Data  Lc  tasks.o [10]
xPendingReadyList       0x2000'30f8      0x14  Data  Lc  tasks.o [10]
xPhyCheckLinkStatus      0x800'fb11      0xa8  Code  Gb  phyHandling.o [17]
xPhyConfigure            0x800'f6fd     0x1e2  Code  Gb  phyHandling.o [17]
xPhyDiscover             0x800'f69d      0x60  Code  Gb  phyHandling.o [17]
xPhyFixedValue           0x800'f8df      0x4a  Code  Gb  phyHandling.o [17]
xPhyObject              0x2000'0088      0x40  Data  Lc  NetworkInterface.o [17]
xPhyStartAutoNegotiation
                         0x800'f929     0x1ce  Code  Gb  phyHandling.o [17]
xPortStartScheduler      0x800'6699      0xe0  Code  Gb  port.o [16]
xProcessReceivedTCPPacket
                         0x800'32d9     0x204  Code  Gb  FreeRTOS_TCP_IP.o [9]
xProcessReceivedUDPPacket
                         0x800'5327      0x3e  Code  Gb  FreeRTOS_UDP_IP.o [9]
xProcessReceivedUDPPacket_IPv4
                         0x800'7c23      0x94  Code  Gb  FreeRTOS_UDP_IPv4.o [9]
xProcessReceivedUDPPacket_IPv6
                         0x800'7df1      0x8c  Code  Gb  FreeRTOS_UDP_IPv6.o [9]
xQueueCreateCountingSemaphore
                         0x800'4975      0x1e  Code  Gb  queue.o [10]
xQueueCreateCountingSemaphoreStatic
                         0x800'4951      0x24  Code  Gb  queue.o [10]
xQueueGenericCreate      0x800'48d7      0x4a  Code  Gb  queue.o [10]
xQueueGenericCreateStatic
                         0x800'4887      0x50  Code  Gb  queue.o [10]
xQueueGenericReset       0x800'47f5      0x92  Code  Gb  queue.o [10]
xQueueGenericSend        0x800'4993     0x12c  Code  Gb  queue.o [10]
xQueueReceive            0x800'4ac7     0x110  Code  Gb  queue.o [10]
xQueueRegistry          0x2001'91c0      0x40  Data  Gb  queue.o [10]
xQueueSemaphoreTake      0x800'4bd7     0x120  Code  Gb  queue.o [10]
xRegisteredCommands     0x2000'007c       0x8  Data  Lc  FreeRTOS_CLI.o [8]
xResetCommand            0x800'd8a8      0x10  Data  Gb  cli.o [3]
xRoutingStatistics      0x2001'9020      0x68  Data  Gb  FreeRTOS_Routing.o [9]
xSTM32F_GetPhyLinkStatus
                         0x800'ebf1       0x2  Code  Lc  NetworkInterface.o [17]
xSTM32F_NetworkInterfaceInitialise
                         0x800'e805      0xd0  Code  Lc  NetworkInterface.o [17]
xSTM32F_NetworkInterfaceOutput
                         0x800'ea57      0x8c  Code  Lc  NetworkInterface.o [17]
xSTM32_PhyRead           0x800'eb17       0xc  Code  Gb  NetworkInterface.o [17]
xSTM32_PhyWrite          0x800'eb23       0xa  Code  Gb  NetworkInterface.o [17]
xSchedulerRunning       0x2000'3150       0x4  Data  Lc  tasks.o [10]
xSegmentList            0x2001'9268      0x14  Data  Lc  FreeRTOS_TCP_WIN.o [9]
xSendEventStructToIPTask
                         0x800'16dd      0x48  Code  Gb  FreeRTOS_IP.o [9]
xSendEventToIPTask       0x800'16c9      0x14  Code  Gb  FreeRTOS_IP.o [9]
xSequenceGreaterThan     0x800'2663       0xe  Code  Gb  FreeRTOS_TCP_WIN.o [9]
xSequenceGreaterThanOrEqual
                         0x800'2671       0xc  Code  Lc  FreeRTOS_TCP_WIN.o [9]
xSequenceLessThan        0x800'2655       0xe  Code  Gb  FreeRTOS_TCP_WIN.o [9]
xSetCommand              0x800'd888      0x10  Data  Gb  cli.o [3]
xSocketToClose          0x2001'9298       0x4  Data  Lc  FreeRTOS_TCP_IP.o [9]
xSocketToListen         0x2001'929c       0x4  Data  Lc  FreeRTOS_TCP_IP.o [9]
xSocketValid             0x800'0fff      0x10  Code  Gb  FreeRTOS_Sockets.o [9]
xStart                  0x2000'3350       0x8  Data  Lc  heap_4.o [16]
xStreamBufferLessThenEqual
                         0x800'4487      0x12  Code  Gb  FreeRTOS_Stream_Buffer.o [9]
xSuspendedTaskList      0x2000'3120      0x14  Data  Lc  tasks.o [10]
xTCPCheckNewClient       0x800'34e9      0x40  Code  Gb  FreeRTOS_TCP_IP.o [9]
xTCPSegments            0x2001'927c       0x4  Data  Lc  FreeRTOS_TCP_WIN.o [9]
xTCPSocketCheck          0x800'304d      0x7c  Code  Gb  FreeRTOS_TCP_IP.o [9]
xTCPTimer               0x2001'90a0      0x14  Data  Lc  FreeRTOS_IP_Timers.o [9]
xTCPTimerCheck           0x800'0daf      0x7a  Code  Gb  FreeRTOS_Sockets.o [9]
xTCPTimerCheck::xLastTime
                        0x2001'9228       0x4  Data  Lc  FreeRTOS_Sockets.o [9]
xTCPWindowCreate         0x800'27e1      0x96  Code  Gb  FreeRTOS_TCP_WIN.o [9]
xTCPWindowGetHead        0x800'2757      0x16  Code  Lc  FreeRTOS_TCP_WIN.o [9]
xTCPWindowLoggingLevel  0x2001'92a0       0x4  Data  Gb  FreeRTOS_TCP_WIN.o [9]
xTCPWindowNew            0x800'26c7      0x66  Code  Lc  FreeRTOS_TCP_WIN.o [9]
xTCPWindowPeekHead       0x800'276d       0xe  Code  Lc  FreeRTOS_TCP_WIN.o [9]
xTCPWindowRxEmpty        0x800'273b      0x1c  Code  Gb  FreeRTOS_TCP_WIN.o [9]
xTCPWindowRxFind         0x800'26a5      0x22  Code  Lc  FreeRTOS_TCP_WIN.o [9]
xTCPWindowTxDone         0x800'2acb       0xc  Code  Gb  FreeRTOS_TCP_WIN.o [9]
xTCPWindowTxHasData      0x800'2b17      0x66  Code  Gb  FreeRTOS_TCP_WIN.o [9]
xTXDescriptorSemaphore  0x2000'00c8       0x4  Data  Lc  NetworkInterface.o [17]
xTaskCheckForTimeOut     0x800'3d53      0x60  Code  Gb  tasks.o [10]
xTaskCreate              0x800'35a9      0x5c  Code  Gb  tasks.o [10]
xTaskCreateStatic        0x800'3535      0x74  Code  Gb  tasks.o [10]
xTaskGenericNotifyFromISR
                         0x800'4175     0x11c  Code  Gb  tasks.o [10]
xTaskGenericNotifyWait   0x800'40c9      0x8a  Code  Gb  tasks.o [10]
xTaskGetCurrentTaskHandle
                         0x800'3e51       0x8  Code  Gb  tasks.o [10]
xTaskGetSchedulerState   0x800'3e59      0x18  Code  Gb  tasks.o [10]
xTaskGetTickCount        0x800'395b       0x8  Code  Gb  tasks.o [10]
xTaskIncrementTick       0x800'3963     0x12c  Code  Gb  tasks.o [10]
xTaskPriorityDisinherit
                         0x800'3ef9      0x84  Code  Gb  tasks.o [10]
xTaskPriorityInherit     0x800'3e71      0x88  Code  Gb  tasks.o [10]
xTaskRemoveFromEventList
                         0x800'3ba7      0xbc  Code  Gb  tasks.o [10]
xTaskResumeAll           0x800'3855      0xf0  Code  Gb  tasks.o [10]
xTasksWaitingTermination
                        0x2000'310c      0x14  Data  Lc  tasks.o [10]
xTickCount              0x2000'3148       0x4  Data  Lc  tasks.o [10]
xTimerCreateTimerTask    0x800'7811      0x54  Code  Gb  timers.o [10]
xTimerGenericCommandFromTask
                         0x800'7865      0x4c  Code  Gb  timers.o [10]
xTimerQueue             0x2001'8e20       0x4  Data  Lc  timers.o [10]
xTimerTaskHandle        0x2001'8e24       0x4  Data  Lc  timers.o [10]
xYieldPendings          0x2000'3158       0x4  Data  Lc  tasks.o [10]


[1] = C:\Users\Koche\Desktop\Work\Smart Dispenser PRJ\gateway\EWARM\Gateway_407\Obj\App_6048373297342892631.dir
[2] = C:\Users\Koche\Desktop\Work\Smart Dispenser PRJ\gateway\EWARM\Gateway_407\Obj\CMSIS_6603591812247902717.dir
[3] = C:\Users\Koche\Desktop\Work\Smart Dispenser PRJ\gateway\EWARM\Gateway_407\Obj\Cli_11707894225168942927.dir
[4] = C:\Users\Koche\Desktop\Work\Smart Dispenser PRJ\gateway\EWARM\Gateway_407\Obj\Core_13247989168731456611.dir
[5] = C:\Users\Koche\Desktop\Work\Smart Dispenser PRJ\gateway\EWARM\Gateway_407\Obj\EWARM_18443280873093131863.dir
[6] = C:\Users\Koche\Desktop\Work\Smart Dispenser PRJ\gateway\EWARM\Gateway_407\Obj\Ethernet_5605320102233052314.dir
[7] = C:\Users\Koche\Desktop\Work\Smart Dispenser PRJ\gateway\EWARM\Gateway_407\Obj\Flash_13912709933827620245.dir
[8] = C:\Users\Koche\Desktop\Work\Smart Dispenser PRJ\gateway\EWARM\Gateway_407\Obj\FreeRTOS-Plu-Cli_11501085631675054166.dir
[9] = C:\Users\Koche\Desktop\Work\Smart Dispenser PRJ\gateway\EWARM\Gateway_407\Obj\FreeRTOS-Plus-TCP_16686340316780321206.dir
[10] = C:\Users\Koche\Desktop\Work\Smart Dispenser PRJ\gateway\EWARM\Gateway_407\Obj\FreeRTOS_15068288790229095433.dir
[11] = C:\Users\Koche\Desktop\Work\Smart Dispenser PRJ\gateway\EWARM\Gateway_407\Obj\Gate_3448444589264835548.dir
[12] = C:\Users\Koche\Desktop\Work\Smart Dispenser PRJ\gateway\EWARM\Gateway_407\Obj\STM32F4xx_HAL_Driver_1244631019742807970.dir
[13] = C:\Users\Koche\Desktop\Work\Smart Dispenser PRJ\gateway\EWARM\Gateway_407\Obj\System_11455613988876714787.dir
[14] = C:\Users\Koche\Desktop\Work\Smart Dispenser PRJ\gateway\EWARM\Gateway_407\Obj\Target_2794460481546860895.dir
[15] = C:\Users\Koche\Desktop\Work\Smart Dispenser PRJ\gateway\EWARM\Gateway_407\Obj\USB_Device_Library_15009154495834662892.dir
[16] = C:\Users\Koche\Desktop\Work\Smart Dispenser PRJ\gateway\EWARM\Gateway_407\Obj\portable_15954926109208205999.dir
[17] = C:\Users\Koche\Desktop\Work\Smart Dispenser PRJ\gateway\EWARM\Gateway_407\Obj\portable_7947777220660125680.dir
[18] = dl7M_tlf.a
[19] = m7M_tls.a
[20] = rt7M_tl.a
[21] = shb_l.a

   67'942 bytes of readonly  code memory
    1'396 bytes of readonly  data memory
  104'109 bytes of readwrite data memory

Errors: none
Warnings: none
