###############################################################################
#
# IAR ELF Linker V9.60.3.422/W64 for ARM                  30/Aug/2025  19:15:30
# Copyright 2007-2024 IAR Systems AB.
#
#    Output file  =
#        C:\Users\Koche\Desktop\Work\Smart Dispenser
#        PRJ\gateway\EWARM\Gateway_407\Exe\Gateway_407.out
#    Map file     =
#        C:\Users\Koche\Desktop\Work\Smart Dispenser
#        PRJ\gateway\EWARM\Gateway_407\List\Gateway_407.map
#    Command line =
#        -f "C:\Users\Koche\Desktop\Work\Smart Dispenser
#        PRJ\gateway\EWARM\Gateway_407\Exe\Gateway_407.out.rsp"
#        ("C:\Users\Koche\Desktop\Work\Smart Dispenser
#        PRJ\gateway\EWARM\Gateway_407\Obj\portable_7947777220660125680.dir\BufferAllocation_2.o"
#        "C:\Users\Koche\Desktop\Work\Smart Dispenser
#        PRJ\gateway\EWARM\Gateway_407\Obj\Cli_11707894225168942927.dir\cli.o"
#        "C:\Users\Koche\Desktop\Work\Smart Dispenser
#        PRJ\gateway\EWARM\Gateway_407\Obj\Cli_11707894225168942927.dir\cli_helper.o"
#        "C:\Users\Koche\Desktop\Work\Smart Dispenser
#        PRJ\gateway\EWARM\Gateway_407\Obj\Core_13247989168731456611.dir\dma.o"
#        "C:\Users\Koche\Desktop\Work\Smart Dispenser
#        PRJ\gateway\EWARM\Gateway_407\Obj\Ethernet_5605320102233052314.dir\eth_helper.o"
#        "C:\Users\Koche\Desktop\Work\Smart Dispenser
#        PRJ\gateway\EWARM\Gateway_407\Obj\Ethernet_5605320102233052314.dir\eth_init.o"
#        "C:\Users\Koche\Desktop\Work\Smart Dispenser
#        PRJ\gateway\EWARM\Gateway_407\Obj\FreeRTOS_15068288790229095433.dir\event_groups.o"
#        "C:\Users\Koche\Desktop\Work\Smart Dispenser
#        PRJ\gateway\EWARM\Gateway_407\Obj\Flash_13912709933827620245.dir\flash.o"
#        "C:\Users\Koche\Desktop\Work\Smart Dispenser
#        PRJ\gateway\EWARM\Gateway_407\Obj\FreeRTOS-Plus-TCP_16686340316780321206.dir\FreeRTOS_ARP.o"
#        "C:\Users\Koche\Desktop\Work\Smart Dispenser
#        PRJ\gateway\EWARM\Gateway_407\Obj\FreeRTOS-Plus-TCP_16686340316780321206.dir\FreeRTOS_BitConfig.o"
#        "C:\Users\Koche\Desktop\Work\Smart Dispenser
#        PRJ\gateway\EWARM\Gateway_407\Obj\FreeRTOS-Plu-Cli_11501085631675054166.dir\FreeRTOS_CLI.o"
#        "C:\Users\Koche\Desktop\Work\Smart Dispenser
#        PRJ\gateway\EWARM\Gateway_407\Obj\FreeRTOS-Plus-TCP_16686340316780321206.dir\FreeRTOS_DHCP.o"
#        "C:\Users\Koche\Desktop\Work\Smart Dispenser
#        PRJ\gateway\EWARM\Gateway_407\Obj\FreeRTOS-Plus-TCP_16686340316780321206.dir\FreeRTOS_DHCPv6.o"
#        "C:\Users\Koche\Desktop\Work\Smart Dispenser
#        PRJ\gateway\EWARM\Gateway_407\Obj\FreeRTOS-Plus-TCP_16686340316780321206.dir\FreeRTOS_DNS.o"
#        "C:\Users\Koche\Desktop\Work\Smart Dispenser
#        PRJ\gateway\EWARM\Gateway_407\Obj\FreeRTOS-Plus-TCP_16686340316780321206.dir\FreeRTOS_DNS_Cache.o"
#        "C:\Users\Koche\Desktop\Work\Smart Dispenser
#        PRJ\gateway\EWARM\Gateway_407\Obj\FreeRTOS-Plus-TCP_16686340316780321206.dir\FreeRTOS_DNS_Callback.o"
#        "C:\Users\Koche\Desktop\Work\Smart Dispenser
#        PRJ\gateway\EWARM\Gateway_407\Obj\FreeRTOS-Plus-TCP_16686340316780321206.dir\FreeRTOS_DNS_Networking.o"
#        "C:\Users\Koche\Desktop\Work\Smart Dispenser
#        PRJ\gateway\EWARM\Gateway_407\Obj\FreeRTOS-Plus-TCP_16686340316780321206.dir\FreeRTOS_DNS_Parser.o"
#        "C:\Users\Koche\Desktop\Work\Smart Dispenser
#        PRJ\gateway\EWARM\Gateway_407\Obj\FreeRTOS-Plus-TCP_16686340316780321206.dir\FreeRTOS_ICMP.o"
#        "C:\Users\Koche\Desktop\Work\Smart Dispenser
#        PRJ\gateway\EWARM\Gateway_407\Obj\FreeRTOS-Plus-TCP_16686340316780321206.dir\FreeRTOS_IP.o"
#        "C:\Users\Koche\Desktop\Work\Smart Dispenser
#        PRJ\gateway\EWARM\Gateway_407\Obj\FreeRTOS-Plus-TCP_16686340316780321206.dir\FreeRTOS_IP_Timers.o"
#        "C:\Users\Koche\Desktop\Work\Smart Dispenser
#        PRJ\gateway\EWARM\Gateway_407\Obj\FreeRTOS-Plus-TCP_16686340316780321206.dir\FreeRTOS_IP_Utils.o"
#        "C:\Users\Koche\Desktop\Work\Smart Dispenser
#        PRJ\gateway\EWARM\Gateway_407\Obj\FreeRTOS-Plus-TCP_16686340316780321206.dir\FreeRTOS_IPv4.o"
#        "C:\Users\Koche\Desktop\Work\Smart Dispenser
#        PRJ\gateway\EWARM\Gateway_407\Obj\FreeRTOS-Plus-TCP_16686340316780321206.dir\FreeRTOS_IPv4_Sockets.o"
#        "C:\Users\Koche\Desktop\Work\Smart Dispenser
#        PRJ\gateway\EWARM\Gateway_407\Obj\FreeRTOS-Plus-TCP_16686340316780321206.dir\FreeRTOS_IPv4_Utils.o"
#        "C:\Users\Koche\Desktop\Work\Smart Dispenser
#        PRJ\gateway\EWARM\Gateway_407\Obj\FreeRTOS-Plus-TCP_16686340316780321206.dir\FreeRTOS_IPv6.o"
#        "C:\Users\Koche\Desktop\Work\Smart Dispenser
#        PRJ\gateway\EWARM\Gateway_407\Obj\FreeRTOS-Plus-TCP_16686340316780321206.dir\FreeRTOS_IPv6_Sockets.o"
#        "C:\Users\Koche\Desktop\Work\Smart Dispenser
#        PRJ\gateway\EWARM\Gateway_407\Obj\FreeRTOS-Plus-TCP_16686340316780321206.dir\FreeRTOS_IPv6_Utils.o"
#        "C:\Users\Koche\Desktop\Work\Smart Dispenser
#        PRJ\gateway\EWARM\Gateway_407\Obj\FreeRTOS-Plus-TCP_16686340316780321206.dir\FreeRTOS_ND.o"
#        "C:\Users\Koche\Desktop\Work\Smart Dispenser
#        PRJ\gateway\EWARM\Gateway_407\Obj\FreeRTOS-Plus-TCP_16686340316780321206.dir\FreeRTOS_RA.o"
#        "C:\Users\Koche\Desktop\Work\Smart Dispenser
#        PRJ\gateway\EWARM\Gateway_407\Obj\FreeRTOS-Plus-TCP_16686340316780321206.dir\FreeRTOS_Routing.o"
#        "C:\Users\Koche\Desktop\Work\Smart Dispenser
#        PRJ\gateway\EWARM\Gateway_407\Obj\FreeRTOS-Plus-TCP_16686340316780321206.dir\FreeRTOS_Sockets.o"
#        "C:\Users\Koche\Desktop\Work\Smart Dispenser
#        PRJ\gateway\EWARM\Gateway_407\Obj\FreeRTOS-Plus-TCP_16686340316780321206.dir\FreeRTOS_Stream_Buffer.o"
#        "C:\Users\Koche\Desktop\Work\Smart Dispenser
#        PRJ\gateway\EWARM\Gateway_407\Obj\FreeRTOS-Plus-TCP_16686340316780321206.dir\FreeRTOS_TCP_IP.o"
#        "C:\Users\Koche\Desktop\Work\Smart Dispenser
#        PRJ\gateway\EWARM\Gateway_407\Obj\FreeRTOS-Plus-TCP_16686340316780321206.dir\FreeRTOS_TCP_IP_IPv4.o"
#        "C:\Users\Koche\Desktop\Work\Smart Dispenser
#        PRJ\gateway\EWARM\Gateway_407\Obj\FreeRTOS-Plus-TCP_16686340316780321206.dir\FreeRTOS_TCP_IP_IPv6.o"
#        "C:\Users\Koche\Desktop\Work\Smart Dispenser
#        PRJ\gateway\EWARM\Gateway_407\Obj\FreeRTOS-Plus-TCP_16686340316780321206.dir\FreeRTOS_TCP_Reception.o"
#        "C:\Users\Koche\Desktop\Work\Smart Dispenser
#        PRJ\gateway\EWARM\Gateway_407\Obj\FreeRTOS-Plus-TCP_16686340316780321206.dir\FreeRTOS_TCP_State_Handling.o"
#        "C:\Users\Koche\Desktop\Work\Smart Dispenser
#        PRJ\gateway\EWARM\Gateway_407\Obj\FreeRTOS-Plus-TCP_16686340316780321206.dir\FreeRTOS_TCP_State_Handling_IPv4.o"
#        "C:\Users\Koche\Desktop\Work\Smart Dispenser
#        PRJ\gateway\EWARM\Gateway_407\Obj\FreeRTOS-Plus-TCP_16686340316780321206.dir\FreeRTOS_TCP_State_Handling_IPv6.o"
#        "C:\Users\Koche\Desktop\Work\Smart Dispenser
#        PRJ\gateway\EWARM\Gateway_407\Obj\FreeRTOS-Plus-TCP_16686340316780321206.dir\FreeRTOS_TCP_Transmission.o"
#        "C:\Users\Koche\Desktop\Work\Smart Dispenser
#        PRJ\gateway\EWARM\Gateway_407\Obj\FreeRTOS-Plus-TCP_16686340316780321206.dir\FreeRTOS_TCP_Transmission_IPv4.o"
#        "C:\Users\Koche\Desktop\Work\Smart Dispenser
#        PRJ\gateway\EWARM\Gateway_407\Obj\FreeRTOS-Plus-TCP_16686340316780321206.dir\FreeRTOS_TCP_Transmission_IPv6.o"
#        "C:\Users\Koche\Desktop\Work\Smart Dispenser
#        PRJ\gateway\EWARM\Gateway_407\Obj\FreeRTOS-Plus-TCP_16686340316780321206.dir\FreeRTOS_TCP_Utils.o"
#        "C:\Users\Koche\Desktop\Work\Smart Dispenser
#        PRJ\gateway\EWARM\Gateway_407\Obj\FreeRTOS-Plus-TCP_16686340316780321206.dir\FreeRTOS_TCP_Utils_IPv4.o"
#        "C:\Users\Koche\Desktop\Work\Smart Dispenser
#        PRJ\gateway\EWARM\Gateway_407\Obj\FreeRTOS-Plus-TCP_16686340316780321206.dir\FreeRTOS_TCP_Utils_IPv6.o"
#        "C:\Users\Koche\Desktop\Work\Smart Dispenser
#        PRJ\gateway\EWARM\Gateway_407\Obj\FreeRTOS-Plus-TCP_16686340316780321206.dir\FreeRTOS_TCP_WIN.o"
#        "C:\Users\Koche\Desktop\Work\Smart Dispenser
#        PRJ\gateway\EWARM\Gateway_407\Obj\FreeRTOS-Plus-TCP_16686340316780321206.dir\FreeRTOS_Tiny_TCP.o"
#        "C:\Users\Koche\Desktop\Work\Smart Dispenser
#        PRJ\gateway\EWARM\Gateway_407\Obj\FreeRTOS-Plus-TCP_16686340316780321206.dir\FreeRTOS_UDP_IP.o"
#        "C:\Users\Koche\Desktop\Work\Smart Dispenser
#        PRJ\gateway\EWARM\Gateway_407\Obj\FreeRTOS-Plus-TCP_16686340316780321206.dir\FreeRTOS_UDP_IPv4.o"
#        "C:\Users\Koche\Desktop\Work\Smart Dispenser
#        PRJ\gateway\EWARM\Gateway_407\Obj\FreeRTOS-Plus-TCP_16686340316780321206.dir\FreeRTOS_UDP_IPv6.o"
#        "C:\Users\Koche\Desktop\Work\Smart Dispenser
#        PRJ\gateway\EWARM\Gateway_407\Obj\Core_13247989168731456611.dir\gpio.o"
#        "C:\Users\Koche\Desktop\Work\Smart Dispenser
#        PRJ\gateway\EWARM\Gateway_407\Obj\portable_15954926109208205999.dir\heap_4.o"
#        "C:\Users\Koche\Desktop\Work\Smart Dispenser
#        PRJ\gateway\EWARM\Gateway_407\Obj\FreeRTOS_15068288790229095433.dir\list.o"
#        "C:\Users\Koche\Desktop\Work\Smart Dispenser
#        PRJ\gateway\EWARM\Gateway_407\Obj\Core_13247989168731456611.dir\main.o"
#        "C:\Users\Koche\Desktop\Work\Smart Dispenser
#        PRJ\gateway\EWARM\Gateway_407\Obj\portable_7947777220660125680.dir\NetworkInterface.o"
#        "C:\Users\Koche\Desktop\Work\Smart Dispenser
#        PRJ\gateway\EWARM\Gateway_407\Obj\portable_7947777220660125680.dir\phyHandling.o"
#        "C:\Users\Koche\Desktop\Work\Smart Dispenser
#        PRJ\gateway\EWARM\Gateway_407\Obj\portable_15954926109208205999.dir\port.o"
#        "C:\Users\Koche\Desktop\Work\Smart Dispenser
#        PRJ\gateway\EWARM\Gateway_407\Obj\portable_15954926109208205999.dir\portasm.o"
#        "C:\Users\Koche\Desktop\Work\Smart Dispenser
#        PRJ\gateway\EWARM\Gateway_407\Obj\Qr_16551614283803889394.dir\qr.o"
#        "C:\Users\Koche\Desktop\Work\Smart Dispenser
#        PRJ\gateway\EWARM\Gateway_407\Obj\FreeRTOS_15068288790229095433.dir\queue.o"
#        "C:\Users\Koche\Desktop\Work\Smart Dispenser
#        PRJ\gateway\EWARM\Gateway_407\Obj\EWARM_18443280873093131863.dir\startup_stm32f407xx.o"
#        "C:\Users\Koche\Desktop\Work\Smart Dispenser
#        PRJ\gateway\EWARM\Gateway_407\Obj\STM32F4xx_HAL_Driver_1244631019742807970.dir\stm32f4xx_hal.o"
#        "C:\Users\Koche\Desktop\Work\Smart Dispenser
#        PRJ\gateway\EWARM\Gateway_407\Obj\STM32F4xx_HAL_Driver_1244631019742807970.dir\stm32f4xx_hal_cortex.o"
#        "C:\Users\Koche\Desktop\Work\Smart Dispenser
#        PRJ\gateway\EWARM\Gateway_407\Obj\STM32F4xx_HAL_Driver_1244631019742807970.dir\stm32f4xx_hal_dma.o"
#        "C:\Users\Koche\Desktop\Work\Smart Dispenser
#        PRJ\gateway\EWARM\Gateway_407\Obj\STM32F4xx_HAL_Driver_1244631019742807970.dir\stm32f4xx_hal_dma_ex.o"
#        "C:\Users\Koche\Desktop\Work\Smart Dispenser
#        PRJ\gateway\EWARM\Gateway_407\Obj\STM32F4xx_HAL_Driver_1244631019742807970.dir\stm32f4xx_hal_exti.o"
#        "C:\Users\Koche\Desktop\Work\Smart Dispenser
#        PRJ\gateway\EWARM\Gateway_407\Obj\STM32F4xx_HAL_Driver_1244631019742807970.dir\stm32f4xx_hal_flash.o"
#        "C:\Users\Koche\Desktop\Work\Smart Dispenser
#        PRJ\gateway\EWARM\Gateway_407\Obj\STM32F4xx_HAL_Driver_1244631019742807970.dir\stm32f4xx_hal_flash_ex.o"
#        "C:\Users\Koche\Desktop\Work\Smart Dispenser
#        PRJ\gateway\EWARM\Gateway_407\Obj\STM32F4xx_HAL_Driver_1244631019742807970.dir\stm32f4xx_hal_flash_ramfunc.o"
#        "C:\Users\Koche\Desktop\Work\Smart Dispenser
#        PRJ\gateway\EWARM\Gateway_407\Obj\STM32F4xx_HAL_Driver_1244631019742807970.dir\stm32f4xx_hal_gpio.o"
#        "C:\Users\Koche\Desktop\Work\Smart Dispenser
#        PRJ\gateway\EWARM\Gateway_407\Obj\Core_13247989168731456611.dir\stm32f4xx_hal_msp.o"
#        "C:\Users\Koche\Desktop\Work\Smart Dispenser
#        PRJ\gateway\EWARM\Gateway_407\Obj\STM32F4xx_HAL_Driver_1244631019742807970.dir\stm32f4xx_hal_pcd.o"
#        "C:\Users\Koche\Desktop\Work\Smart Dispenser
#        PRJ\gateway\EWARM\Gateway_407\Obj\STM32F4xx_HAL_Driver_1244631019742807970.dir\stm32f4xx_hal_pcd_ex.o"
#        "C:\Users\Koche\Desktop\Work\Smart Dispenser
#        PRJ\gateway\EWARM\Gateway_407\Obj\STM32F4xx_HAL_Driver_1244631019742807970.dir\stm32f4xx_hal_pwr.o"
#        "C:\Users\Koche\Desktop\Work\Smart Dispenser
#        PRJ\gateway\EWARM\Gateway_407\Obj\STM32F4xx_HAL_Driver_1244631019742807970.dir\stm32f4xx_hal_pwr_ex.o"
#        "C:\Users\Koche\Desktop\Work\Smart Dispenser
#        PRJ\gateway\EWARM\Gateway_407\Obj\STM32F4xx_HAL_Driver_1244631019742807970.dir\stm32f4xx_hal_rcc.o"
#        "C:\Users\Koche\Desktop\Work\Smart Dispenser
#        PRJ\gateway\EWARM\Gateway_407\Obj\STM32F4xx_HAL_Driver_1244631019742807970.dir\stm32f4xx_hal_rcc_ex.o"
#        "C:\Users\Koche\Desktop\Work\Smart Dispenser
#        PRJ\gateway\EWARM\Gateway_407\Obj\STM32F4xx_HAL_Driver_1244631019742807970.dir\stm32f4xx_hal_tim.o"
#        "C:\Users\Koche\Desktop\Work\Smart Dispenser
#        PRJ\gateway\EWARM\Gateway_407\Obj\STM32F4xx_HAL_Driver_1244631019742807970.dir\stm32f4xx_hal_tim_ex.o"
#        "C:\Users\Koche\Desktop\Work\Smart Dispenser
#        PRJ\gateway\EWARM\Gateway_407\Obj\Core_13247989168731456611.dir\stm32f4xx_hal_timebase_tim.o"
#        "C:\Users\Koche\Desktop\Work\Smart Dispenser
#        PRJ\gateway\EWARM\Gateway_407\Obj\Core_13247989168731456611.dir\stm32f4xx_it.o"
#        "C:\Users\Koche\Desktop\Work\Smart Dispenser
#        PRJ\gateway\EWARM\Gateway_407\Obj\STM32F4xx_HAL_Driver_1244631019742807970.dir\stm32f4xx_ll_dma.o"
#        "C:\Users\Koche\Desktop\Work\Smart Dispenser
#        PRJ\gateway\EWARM\Gateway_407\Obj\STM32F4xx_HAL_Driver_1244631019742807970.dir\stm32f4xx_ll_exti.o"
#        "C:\Users\Koche\Desktop\Work\Smart Dispenser
#        PRJ\gateway\EWARM\Gateway_407\Obj\STM32F4xx_HAL_Driver_1244631019742807970.dir\stm32f4xx_ll_gpio.o"
#        "C:\Users\Koche\Desktop\Work\Smart Dispenser
#        PRJ\gateway\EWARM\Gateway_407\Obj\STM32F4xx_HAL_Driver_1244631019742807970.dir\stm32f4xx_ll_rcc.o"
#        "C:\Users\Koche\Desktop\Work\Smart Dispenser
#        PRJ\gateway\EWARM\Gateway_407\Obj\STM32F4xx_HAL_Driver_1244631019742807970.dir\stm32f4xx_ll_tim.o"
#        "C:\Users\Koche\Desktop\Work\Smart Dispenser
#        PRJ\gateway\EWARM\Gateway_407\Obj\STM32F4xx_HAL_Driver_1244631019742807970.dir\stm32f4xx_ll_usart.o"
#        "C:\Users\Koche\Desktop\Work\Smart Dispenser
#        PRJ\gateway\EWARM\Gateway_407\Obj\STM32F4xx_HAL_Driver_1244631019742807970.dir\stm32f4xx_ll_usb.o"
#        "C:\Users\Koche\Desktop\Work\Smart Dispenser
#        PRJ\gateway\EWARM\Gateway_407\Obj\STM32F4xx_HAL_Driver_1244631019742807970.dir\stm32f4xx_ll_utils.o"
#        "C:\Users\Koche\Desktop\Work\Smart Dispenser
#        PRJ\gateway\EWARM\Gateway_407\Obj\portable_7947777220660125680.dir\stm32fxx_hal_eth.o"
#        "C:\Users\Koche\Desktop\Work\Smart Dispenser
#        PRJ\gateway\EWARM\Gateway_407\Obj\FreeRTOS_15068288790229095433.dir\stream_buffer.o"
#        "C:\Users\Koche\Desktop\Work\Smart Dispenser
#        PRJ\gateway\EWARM\Gateway_407\Obj\CMSIS_6603591812247902717.dir\system_stm32f4xx.o"
#        "C:\Users\Koche\Desktop\Work\Smart Dispenser
#        PRJ\gateway\EWARM\Gateway_407\Obj\FreeRTOS_15068288790229095433.dir\tasks.o"
#        "C:\Users\Koche\Desktop\Work\Smart Dispenser
#        PRJ\gateway\EWARM\Gateway_407\Obj\Core_13247989168731456611.dir\tim.o"
#        "C:\Users\Koche\Desktop\Work\Smart Dispenser
#        PRJ\gateway\EWARM\Gateway_407\Obj\FreeRTOS_15068288790229095433.dir\timers.o"
#        "C:\Users\Koche\Desktop\Work\Smart Dispenser
#        PRJ\gateway\EWARM\Gateway_407\Obj\Core_13247989168731456611.dir\usart.o"
#        "C:\Users\Koche\Desktop\Work\Smart Dispenser
#        PRJ\gateway\EWARM\Gateway_407\Obj\App_6048373297342892631.dir\usb_device.o"
#        "C:\Users\Koche\Desktop\Work\Smart Dispenser
#        PRJ\gateway\EWARM\Gateway_407\Obj\USB_Device_Library_15009154495834662892.dir\usbd_cdc.o"
#        "C:\Users\Koche\Desktop\Work\Smart Dispenser
#        PRJ\gateway\EWARM\Gateway_407\Obj\App_6048373297342892631.dir\usbd_cdc_if.o"
#        "C:\Users\Koche\Desktop\Work\Smart Dispenser
#        PRJ\gateway\EWARM\Gateway_407\Obj\Target_2794460481546860895.dir\usbd_conf.o"
#        "C:\Users\Koche\Desktop\Work\Smart Dispenser
#        PRJ\gateway\EWARM\Gateway_407\Obj\USB_Device_Library_15009154495834662892.dir\usbd_core.o"
#        "C:\Users\Koche\Desktop\Work\Smart Dispenser
#        PRJ\gateway\EWARM\Gateway_407\Obj\USB_Device_Library_15009154495834662892.dir\usbd_ctlreq.o"
#        "C:\Users\Koche\Desktop\Work\Smart Dispenser
#        PRJ\gateway\EWARM\Gateway_407\Obj\App_6048373297342892631.dir\usbd_desc.o"
#        "C:\Users\Koche\Desktop\Work\Smart Dispenser
#        PRJ\gateway\EWARM\Gateway_407\Obj\USB_Device_Library_15009154495834662892.dir\usbd_ioreq.o"
#        --no_out_extension -o "C:\Users\Koche\Desktop\Work\Smart Dispenser
#        PRJ\gateway\EWARM\Gateway_407\Exe\Gateway_407.out" --redirect
#        _Printf=_PrintfFullNoMb --redirect _Scanf=_ScanfFullNoMb --map
#        "C:\Users\Koche\Desktop\Work\Smart Dispenser
#        PRJ\gateway\EWARM\Gateway_407\List\Gateway_407.map" --config
#        "C:\Users\Koche\Desktop\Work\Smart Dispenser
#        PRJ\gateway\EWARM/stm32f407xx_flash.icf" --semihosting --entry
#        __iar_program_start --vfe --text_out locale --cpu=Cortex-M4
#        --fpu=VFPv4_sp) --dependencies=n "C:\Users\Koche\Desktop\Work\Smart
#        Dispenser PRJ\gateway\EWARM\Gateway_407\Exe\Gateway_407.out.iar_deps"
#
###############################################################################

*******************************************************************************
*** RUNTIME MODEL ATTRIBUTES
***

CppFlavor       = *
__CPP_Runtime   = 1
__SystemLibrary = DLib
__dlib_version  = 6


*******************************************************************************
*** HEAP SELECTION
***

The basic heap was selected because --advanced_heap
was not specified and the application did not appear to
be primarily optimized for speed.


*******************************************************************************
*** PLACEMENT SUMMARY
***

"A0":  place at address 0x800'0000 { ro section .intvec };
"P1":  place in [from 0x1000'0000 to 0x1000'ffff] { section .ccmram };
"P2":  place in [from 0x800'0000 to 0x80f'ffff] { ro };
define block CSTACK with size = 1K, alignment = 8 { };
define block HEAP with size = 512, alignment = 8 { };
"P3":  place in [from 0x2000'0000 to 0x2001'ffff] {
          rw, block CSTACK, block HEAP };
do not initialize { section .ccmram };
initialize by copy { rw };

  Section            Kind         Address  Alignment      Size  Object
  -------            ----         -------  ---------      ----  ------
"A0":                                                    0x188
  .intvec            ro code   0x800'0000          4     0x188  startup_stm32f407xx.o [5]
                             - 0x800'0188                0x188

"P2":                                                   0xe257
  .text              ro code   0x800'0188          4     0xece  xprintffull_nomb.o [17]
  .text              ro code   0x800'1056          2      0x7e  lz77_init_single.o [19]
  .text              ro code   0x800'10d4          4      0x16  strchr.o [19]
  .text              ro code   0x800'10ea          2      0x1a  xsnprout.o [17]
  .text              ro code   0x800'1104          4      0x40  xfail_s.o [17]
  .text              ro code   0x800'1144          4      0x14  strlen_small.o [19]
  .text              ro code   0x800'1158          4      0x58  memchr.o [19]
  .text              ro code   0x800'11b0          4      0x18  ABImemcpy_small.o [19]
  .text              ro code   0x800'11c8          4      0x70  frexp.o [18]
  .text              ro code   0x800'1238          4      0x34  DblCmpLe.o [18]
  .text              ro code   0x800'126c          4      0x34  DblCmpGe.o [18]
  .text              ro code   0x800'12a0          4     0x13a  ldexp.o [18]
  .rodata            const     0x800'13da          2       0x2  xlocale_c.o [17]
  .text              ro code   0x800'13dc          4      0x36  DblToS32.o [18]
  .rodata            const     0x800'1412                  0x1  xlocale_c.o [17]
  .text              ro code   0x800'1414          4      0x22  S32ToDbl.o [18]
  .text              ro code   0x800'1438          4     0x24e  DblAddSub.o [18]
  .text              ro code   0x800'1688          4     0x246  DblDiv.o [18]
  .text              ro code   0x800'18d0          4      0x22  DblToU32.o [18]
  .text              ro code   0x800'18f4          4      0x1c  U32ToDbl.o [18]
  .text              ro code   0x800'1910          4     0x1aa  DblMul.o [18]
  .text              ro code   0x800'1abc          4       0x8  xlocale_c.o [17]
  .text              ro code   0x800'1ac4          4     0x106  I64DivMod_small.o [19]
  .text              ro code   0x800'1bca          2       0x6  abort.o [17]
  .text              ro code   0x800'1bd0          4       0x2  I64DivZer.o [19]
  .text              ro code   0x800'1bd4          4      0x14  exit.o [20]
  .text              ro code   0x800'1be8          4      0x7c  iarttio.o [20]
  .text              ro code   0x800'1c64          4       0x8  XShttio.o [17]
  .text              ro code   0x800'1c6c          4     0xcc0  tasks.o [10]
  .text              ro code   0x800'292c          4       0x6  ABImemclr.o [19]
  .text              ro code   0x800'2934          4     0x228  heap_4.o [15]
  .text              ro code   0x800'2b5c          4      0x3a  ABImemset48.o [19]
  .text              ro code   0x800'2b96          2      0x90  list.o [10]
  .text              ro code   0x800'2c28          4     0x10e  port.o [15]
  .text              ro code   0x800'2d38          4      0x12  ABImemset_small.o [19]
  .text              ro code   0x800'2d4c          4     0x9ec  stm32f4xx_ll_usb.o [12]
  .text              ro code   0x800'3738          4      0x28  stm32f4xx_hal.o [12]
  .text              ro code   0x800'3760          4       0xc  stm32f4xx_hal.o [12]
  .text              ro code   0x800'376c          4     0x990  stm32f4xx_hal_pcd.o [12]
  .text              ro code   0x800'40fc          4     0x24c  usbd_conf.o [13]
  .text              ro code   0x800'4348          2       0x2  stm32f4xx_hal_pcd_ex.o [12]
  .text              ro code   0x800'434c          4     0x17c  stm32f4xx_hal_rcc.o [12]
  .text              ro code   0x800'44c8          4       0x6  ABImemclr4.o [19]
  .text              ro code   0x800'44d0          4     0x1ec  stm32f4xx_hal_gpio.o [12]
  .text              ro code   0x800'46bc          4      0x90  stm32f4xx_hal_cortex.o [12]
  .text              ro code   0x800'474c          2     0x362  usbd_core.o [14]
  .text              ro code   0x800'4ab0          4      0xe0  main.o [4]
  .text              ro code   0x800'4b90          2      0x4a  stm32f4xx_hal_pcd_ex.o [12]
  .text              ro code   0x800'4bdc          4      0x60  stm32f4xx_hal_rcc.o [12]
  .text              ro code   0x800'4c3c          4      0xa0  stm32f4xx_hal_timebase_tim.o [4]
  .text              ro code   0x800'4cdc          4     0x504  usbd_ctlreq.o [14]
  .text              ro code   0x800'51e0          2      0x64  usbd_ioreq.o [14]
  .text              ro code   0x800'5244          4      0x34  stm32f4xx_hal.o [12]
  .text              ro code   0x800'5278          4     0x1fe  gpio.o [4]
  .text              ro code   0x800'5478          4      0x64  dma.o [4]
  .text              ro code   0x800'54dc          4      0x54  usb_device.o [1]
  .text              ro code   0x800'5530          4     0x1fc  usart.o [4]
  .text              ro code   0x800'572c          4      0x58  qr.o [11]
  .text              ro code   0x800'5784          4     0x310  stm32f4xx_hal_rcc.o [12]
  .text              ro code   0x800'5a94          4      0x10  stm32f4xx_hal.o [12]
  .text              ro code   0x800'5aa4          4     0x2e0  stm32f4xx_hal_tim.o [12]
  .text              ro code   0x800'5d84          4      0x38  stm32f4xx_hal_msp.o [4]
  .text              ro code   0x800'5dbc          4      0xee  stm32f4xx_ll_gpio.o [12]
  .text              ro code   0x800'5eac          4      0xb0  stm32f4xx_ll_exti.o [12]
  .text              ro code   0x800'5f5c          4     0x3e2  usbd_cdc.o [14]
  .text              ro code   0x800'6340          4     0x10c  stm32f4xx_ll_usart.o [12]
  .text              ro code   0x800'644c          4      0x14  flash.o [7]
  .text              ro code   0x800'6460          4      0x7c  eth_init.o [6]
  .text              ro code   0x800'64dc          2       0x2  stm32f4xx_hal_tim.o [12]
  .text              ro code   0x800'64de          2       0x2  stm32f4xx_hal_tim.o [12]
  .text              ro code   0x800'64e0          2       0x2  stm32f4xx_hal_tim.o [12]
  .text              ro code   0x800'64e2          2       0x2  stm32f4xx_hal_tim_ex.o [12]
  .text              ro code   0x800'64e4          2       0x2  stm32f4xx_hal_tim.o [12]
  .text              ro code   0x800'64e6          2       0x2  stm32f4xx_hal_tim_ex.o [12]
  .text              ro code   0x800'64e8          2       0x2  stm32f4xx_hal_tim.o [12]
  .text              ro code   0x800'64ec          4      0xb8  stm32f4xx_ll_rcc.o [12]
  .text              ro code   0x800'65a4          4     0x654  NetworkInterface.o [16]
  .text              ro code   0x800'6bf8          4      0x1e  memcmp_small.o [19]
  .text              ro code   0x800'6c18          4     0x508  FreeRTOS_Routing.o [9]
  .text              ro code   0x800'7120          4     0x6bc  FreeRTOS_IP.o [9]
  .text              ro code   0x800'77dc          4     0x718  queue.o [10]
  .text              ro code   0x800'7ef4          4     0x676  stm32fxx_hal_eth.o [16]
  .text              ro code   0x800'856c          4     0x17c  BufferAllocation_2.o [16]
  .text              ro code   0x800'86e8          4     0x530  phyHandling.o [16]
  .text              ro code   0x800'8c18          4      0x44  snprintf.o [17]
  .text              ro code   0x800'8c5c          4     0x318  FreeRTOS_IPv6.o [9]
  .text              ro code   0x800'8f74          4     0x218  FreeRTOS_IP_Timers.o [9]
  .text              ro code   0x800'918c          4     0x11a  event_groups.o [10]
  .text              ro code   0x800'92a8          4     0x51c  FreeRTOS_TCP_IP.o [9]
  .text              ro code   0x800'97c4          4     0x904  FreeRTOS_Sockets.o [9]
  .text              ro code   0x800'a0c8          4     0x3b4  FreeRTOS_RA.o [9]
  .text              ro code   0x800'a47c          2      0x6a  FreeRTOS_UDP_IP.o [9]
  .text              ro code   0x800'a4e8          4     0x64c  FreeRTOS_ARP.o [9]
  .text              ro code   0x800'ab34          4     0x63c  FreeRTOS_ND.o [9]
  .text              ro code   0x800'b170          4     0x1dc  FreeRTOS_IPv4.o [9]
  .text              ro code   0x800'b34c          2      0x46  FreeRTOS_ICMP.o [9]
  .text              ro code   0x800'b394          4     0x1fc  FreeRTOS_IP_Utils.o [9]
  .text              ro code   0x800'b590          2      0xfe  FreeRTOS_IPv6_Utils.o [9]
  .text              ro code   0x800'b68e          2       0x2  stm32fxx_hal_eth.o [16]
  .text              ro code   0x800'b690          4      0x1e  ABImemmove_small.o [19]
  .text              ro code   0x800'b6b0          4     0x5f8  FreeRTOS_TCP_Transmission.o [9]
  .text              ro code   0x800'bca8          4     0x58a  FreeRTOS_TCP_State_Handling.o [9]
  .text              ro code   0x800'c234          4     0x784  FreeRTOS_TCP_WIN.o [9]
  .text              ro code   0x800'c9b8          2     0x2be  FreeRTOS_TCP_Reception.o [9]
  .text              ro code   0x800'cc78          4      0x34  eth_helper.o [6]
  .text              ro code   0x800'ccac          2      0x1a  FreeRTOS_IPv4_Sockets.o [9]
  .text              ro code   0x800'ccc8          4     0x18c  FreeRTOS_IPv6_Sockets.o [9]
  .text              ro code   0x800'ce54          2     0x182  FreeRTOS_Stream_Buffer.o [9]
  .text              ro code   0x800'cfd8          4     0x188  FreeRTOS_UDP_IPv4.o [9]
  .text              ro code   0x800'd160          2     0x1ae  FreeRTOS_UDP_IPv6.o [9]
  .text              ro code   0x800'd30e          2      0x30  FreeRTOS_IPv4_Utils.o [9]
  .text              ro code   0x800'd33e          2     0x318  FreeRTOS_TCP_Transmission_IPv6.o [9]
  .text              ro code   0x800'd658          4     0x2c2  FreeRTOS_TCP_Transmission_IPv4.o [9]
  .text              ro code   0x800'd91a          2     0x13c  FreeRTOS_TCP_State_Handling_IPv4.o [9]
  .text              ro code   0x800'da56          2     0x132  FreeRTOS_TCP_State_Handling_IPv6.o [9]
  .text              ro code   0x800'db88          2      0x16  FreeRTOS_TCP_Utils.o [9]
  .text              ro code   0x800'db9e          2      0x3e  FreeRTOS_TCP_Utils_IPv4.o [9]
  .text              ro code   0x800'dbdc          2      0x2c  FreeRTOS_TCP_Utils_IPv6.o [9]
  .text              ro code   0x800'dc08          4     0x100  usbd_desc.o [1]
  CODE               ro code   0x800'dd08          4      0xb0  portasm.o [15]
  .text              ro code   0x800'ddb8          4      0x9c  cli_helper.o [3]
  .text              ro code   0x800'de54          4      0x28  printf.o [17]
  .text              ro code   0x800'de7c          4      0x54  usbd_cdc_if.o [1]
  .text              ro code   0x800'ded0          4      0x44  putchar.o [17]
  .text              ro code   0x800'df14          2      0x10  write.o [20]
  .text              ro code   0x800'df24          2      0x1e  dwrite.o [20]
  .text              ro code   0x800'df42          2      0x20  iarwstd.o [20]
  .text              ro code   0x800'df62          2      0x22  iarwrite.o [20]
  .text              ro code   0x800'df84          2      0x38  zero_init3.o [19]
  .rodata            const     0x800'dfbc          4      0x28  FreeRTOS_ARP.o [9]
  .text              ro code   0x800'dfe4          4      0x28  stm32f4xx_it.o [4]
  .text              ro code   0x800'e00c          4      0x28  data_init.o [19]
  .text              ro code   0x800'e034          4      0x22  fpinit_M.o [18]
  .iar.init_table    const     0x800'e058          4      0x20  - Linker created -
  .text              ro code   0x800'e078          4      0x20  system_stm32f4xx.o [2]
  .text              ro code   0x800'e098          4      0x1e  cmain.o [19]
  .text              ro code   0x800'e0b6          2       0x4  low_level_init.o [17]
  .text              ro code   0x800'e0ba          2       0x4  exit.o [17]
  .text              ro code   0x800'e0c0          4       0xa  cexit.o [19]
  .text              ro code   0x800'e0cc          4      0x1c  cstartup_M.o [19]
  .text              ro code   0x800'e0e8          2      0x16  xprout.o [17]
  .text              ro code   0x800'e100          4      0x10  startup_stm32f407xx.o [5]
  .rodata            const     0x800'e110          4       0x8  system_stm32f4xx.o [2]
  .rodata            const     0x800'e118          4       0x4  BufferAllocation_2.o [16]
  .text              ro code   0x800'e11c          2       0x4  startup_stm32f407xx.o [5]
  .text              ro code   0x800'e120          2       0x4  startup_stm32f407xx.o [5]
  .text              ro code   0x800'e124          2       0x4  startup_stm32f407xx.o [5]
  .text              ro code   0x800'e128          2       0x4  startup_stm32f407xx.o [5]
  .text              ro code   0x800'e12c          2       0x4  startup_stm32f407xx.o [5]
  .text              ro code   0x800'e130          2       0x4  startup_stm32f407xx.o [5]
  .text              ro code   0x800'e134          2       0x4  startup_stm32f407xx.o [5]
  .text              ro code   0x800'e138          2       0x4  startup_stm32f407xx.o [5]
  .text              ro code   0x800'e13c          2       0x4  startup_stm32f407xx.o [5]
  .text              ro code   0x800'e140          2       0x4  startup_stm32f407xx.o [5]
  .text              ro code   0x800'e144          2       0x4  startup_stm32f407xx.o [5]
  .text              ro code   0x800'e148          2       0x4  startup_stm32f407xx.o [5]
  .text              ro code   0x800'e14c          2       0x4  startup_stm32f407xx.o [5]
  .text              ro code   0x800'e150          2       0x4  startup_stm32f407xx.o [5]
  .text              ro code   0x800'e154          2       0x4  startup_stm32f407xx.o [5]
  .text              ro code   0x800'e158          2       0x4  startup_stm32f407xx.o [5]
  .text              ro code   0x800'e15c          2       0x4  startup_stm32f407xx.o [5]
  .text              ro code   0x800'e160          2       0x4  startup_stm32f407xx.o [5]
  .text              ro code   0x800'e164          2       0x4  startup_stm32f407xx.o [5]
  .text              ro code   0x800'e168          2       0x4  startup_stm32f407xx.o [5]
  .text              ro code   0x800'e16c          2       0x4  startup_stm32f407xx.o [5]
  .text              ro code   0x800'e170          2       0x4  startup_stm32f407xx.o [5]
  .text              ro code   0x800'e174          2       0x4  startup_stm32f407xx.o [5]
  .text              ro code   0x800'e178          2       0x4  startup_stm32f407xx.o [5]
  .text              ro code   0x800'e17c          2       0x4  startup_stm32f407xx.o [5]
  .text              ro code   0x800'e180          2       0x4  startup_stm32f407xx.o [5]
  .text              ro code   0x800'e184          2       0x4  startup_stm32f407xx.o [5]
  .text              ro code   0x800'e188          2       0x4  startup_stm32f407xx.o [5]
  .text              ro code   0x800'e18c          2       0x4  startup_stm32f407xx.o [5]
  .text              ro code   0x800'e190          2       0x4  startup_stm32f407xx.o [5]
  .text              ro code   0x800'e194          2       0x4  startup_stm32f407xx.o [5]
  .text              ro code   0x800'e198          2       0x4  startup_stm32f407xx.o [5]
  .text              ro code   0x800'e19c          2       0x4  startup_stm32f407xx.o [5]
  .text              ro code   0x800'e1a0          2       0x4  startup_stm32f407xx.o [5]
  .text              ro code   0x800'e1a4          2       0x4  startup_stm32f407xx.o [5]
  .text              ro code   0x800'e1a8          2       0x4  startup_stm32f407xx.o [5]
  .text              ro code   0x800'e1ac          2       0x4  startup_stm32f407xx.o [5]
  .text              ro code   0x800'e1b0          2       0x4  startup_stm32f407xx.o [5]
  .text              ro code   0x800'e1b4          2       0x4  startup_stm32f407xx.o [5]
  .text              ro code   0x800'e1b8          2       0x4  startup_stm32f407xx.o [5]
  .text              ro code   0x800'e1bc          2       0x4  startup_stm32f407xx.o [5]
  .text              ro code   0x800'e1c0          2       0x4  startup_stm32f407xx.o [5]
  .text              ro code   0x800'e1c4          2       0x4  startup_stm32f407xx.o [5]
  .text              ro code   0x800'e1c8          2       0x4  startup_stm32f407xx.o [5]
  .text              ro code   0x800'e1cc          2       0x4  startup_stm32f407xx.o [5]
  .text              ro code   0x800'e1d0          2       0x4  startup_stm32f407xx.o [5]
  .text              ro code   0x800'e1d4          2       0x4  startup_stm32f407xx.o [5]
  .text              ro code   0x800'e1d8          2       0x4  startup_stm32f407xx.o [5]
  .text              ro code   0x800'e1dc          2       0x4  startup_stm32f407xx.o [5]
  .text              ro code   0x800'e1e0          2       0x4  startup_stm32f407xx.o [5]
  .text              ro code   0x800'e1e4          2       0x4  startup_stm32f407xx.o [5]
  .text              ro code   0x800'e1e8          2       0x4  startup_stm32f407xx.o [5]
  .text              ro code   0x800'e1ec          2       0x4  startup_stm32f407xx.o [5]
  .text              ro code   0x800'e1f0          2       0x4  startup_stm32f407xx.o [5]
  .text              ro code   0x800'e1f4          2       0x4  startup_stm32f407xx.o [5]
  .text              ro code   0x800'e1f8          2       0x4  startup_stm32f407xx.o [5]
  .text              ro code   0x800'e1fc          2       0x4  startup_stm32f407xx.o [5]
  .text              ro code   0x800'e200          2       0x4  startup_stm32f407xx.o [5]
  .text              ro code   0x800'e204          2       0x4  startup_stm32f407xx.o [5]
  .text              ro code   0x800'e208          2       0x4  startup_stm32f407xx.o [5]
  .text              ro code   0x800'e20c          2       0x4  startup_stm32f407xx.o [5]
  .text              ro code   0x800'e210          2       0x4  startup_stm32f407xx.o [5]
  .text              ro code   0x800'e214          2       0x4  startup_stm32f407xx.o [5]
  .text              ro code   0x800'e218          2       0x4  startup_stm32f407xx.o [5]
  .text              ro code   0x800'e21c          2       0x4  startup_stm32f407xx.o [5]
  .text              ro code   0x800'e220          2       0x4  startup_stm32f407xx.o [5]
  .text              ro code   0x800'e224          2       0x4  startup_stm32f407xx.o [5]
  .text              ro code   0x800'e228          2       0x4  startup_stm32f407xx.o [5]
  .text              ro code   0x800'e22c          2       0x4  startup_stm32f407xx.o [5]
  .text              ro code   0x800'e230          2       0x4  startup_stm32f407xx.o [5]
  .text              ro code   0x800'e234          2       0x4  startup_stm32f407xx.o [5]
  .text              ro code   0x800'e238          2       0x4  startup_stm32f407xx.o [5]
  .text              ro code   0x800'e23c          2       0x4  startup_stm32f407xx.o [5]
  .text              ro code   0x800'e240          2       0x4  startup_stm32f407xx.o [5]
  .text              ro code   0x800'e244          2       0x4  startup_stm32f407xx.o [5]
  .text              ro code   0x800'e248          2       0x4  startup_stm32f407xx.o [5]
  .rodata            const     0x800'e24c                  0x0  zero_init3.o [19]
  .rodata            const     0x800'e24c                  0x0  lz77_init_single.o [19]
  Initializer bytes  const     0x800'e24c                0x193  <for P3-1>
                             - 0x800'e3df               0xe257

"P1":                                                    0x858
  .ccmram            uninit   0x1000'0000          4     0x858  qr.o [11]
                            - 0x1000'0858                0x858

"P3", part 1 of 3:                                      0x32fc
  P3-1                        0x2000'0000               0x32fc  <Init block>
    .data            inited   0x2000'0000          4      0x74  FreeRTOS_ARP.o [9]
    .data            inited   0x2000'0074          4    0x3054  NetworkInterface.o [16]
    .data            inited   0x2000'30c8          4       0xc  port.o [15]
    .data            inited   0x2000'30d4          4       0xc  stm32f4xx_hal.o [12]
    .data            inited   0x2000'30e0          4       0x4  system_stm32f4xx.o [2]
    .data            inited   0x2000'30e4          4      0xa4  tasks.o [10]
    .data            inited   0x2000'3188          4       0xc  usbd_cdc.o [14]
    .data            inited   0x2000'3194          4      0x38  usbd_cdc.o [14]
    .data            inited   0x2000'31cc          4      0x44  usbd_cdc.o [14]
    .data            inited   0x2000'3210          4      0x14  usbd_cdc_if.o [1]
    .data            inited   0x2000'3224          4      0x1c  usbd_desc.o [1]
    .data            inited   0x2000'3240          4      0x14  usbd_desc.o [1]
    .data            inited   0x2000'3254          4       0x4  usbd_desc.o [1]
    .data            inited   0x2000'3258          4      0x1c  usbd_desc.o [1]
    .data            inited   0x2000'3274          4      0x38  xlocale_c.o [17]
    .data            inited   0x2000'32ac          4      0x48  xfiles.o [17]
    .data            inited   0x2000'32f4          4       0x8  XShttio.o [17]
                            - 0x2000'32fc               0x32fc

"P3", part 2 of 3:                                    0x1'4dcc
  .bss               zero     0x2000'32fc          4  0x1'041c  heap_4.o [15]
  .bss               zero     0x2001'3718          4    0x1000  usbd_cdc_if.o [1]
  .bss               zero     0x2001'4718          4     0xd70  BufferAllocation_2.o [16]
  .bss               zero     0x2001'5488          4     0xcec  FreeRTOS_IP.o [9]
  .bss               zero     0x2001'6174          4     0x65c  cli.o [3]
  .bss               zero     0x2001'67d0          4     0x4e4  usbd_conf.o [13]
  .bss               zero     0x2001'6cb4          4     0x300  cli.o [3]
  .bss               zero     0x2001'6fb4          4     0x300  FreeRTOS_ND.o [9]
  .bss               zero     0x2001'72b4          4     0x2dc  usb_device.o [1]
  .bss               zero     0x2001'7590          4     0x220  usbd_conf.o [13]
  .bss               zero     0x2001'77b0          4     0x200  usbd_desc.o [1]
  .bss               zero     0x2001'79b0          4      0x6c  FreeRTOS_Routing.o [9]
  .bss               zero     0x2001'7a20          8     0x170  eth_init.o [6]
  .bss               zero     0x2001'7b90          4     0x12c  tasks.o [10]
  .bss               zero     0x2001'7cbc          4     0x100  usart.o [4]
  .bss               zero     0x2001'7dc0         32      0x80  NetworkInterface.o [16]
  .bss               zero     0x2001'7e40         32      0x80  NetworkInterface.o [16]
  .bss               zero     0x2001'7ec0          4      0x54  FreeRTOS_IP_Timers.o [9]
  .bss               zero     0x2001'7f14          4      0x50  xfiles.o [17]
  .bss               zero     0x2001'7f64          4      0x48  NetworkInterface.o [16]
  .bss               zero     0x2001'7fac          4      0x48  stm32f4xx_hal_timebase_tim.o [4]
  .bss               zero     0x2001'7ff4          4      0x40  queue.o [10]
  .bss               zero     0x2001'8034          4      0x2c  FreeRTOS_Sockets.o [9]
  .bss               zero     0x2001'8060          4      0x1c  BufferAllocation_2.o [16]
  .bss               zero     0x2001'807c          4      0x18  FreeRTOS_TCP_WIN.o [9]
  .bss               zero     0x2001'8094          4      0x14  NetworkInterface.o [16]
  .bss               zero     0x2001'80a8          4       0x4  FreeRTOS_Routing.o [9]
  .bss               zero     0x2001'80ac          4       0x4  FreeRTOS_TCP_IP.o [9]
  .bss               zero     0x2001'80b0          4       0x4  FreeRTOS_TCP_IP.o [9]
  .bss               zero     0x2001'80b4          4       0x4  FreeRTOS_TCP_WIN.o [9]
  .bss               zero     0x2001'80b8          4       0x4  qr.o [11]
  .bss               zero     0x2001'80bc          4       0x4  xfail_s.o [17]
  .bss               zero     0x2001'80c0          2       0x2  FreeRTOS_IP.o [9]
  .bss               zero     0x2001'80c2                  0x1  cli_helper.o [3]
  .bss               zero     0x2001'80c3                  0x1  NetworkInterface.o [16]
  .bss               zero     0x2001'80c4                  0x1  usbd_ctlreq.o [14]
                            - 0x2001'80c5             0x1'4dc9

"P3", part 3 of 3:                                       0x400
  CSTACK                      0x2001'80c8          8     0x400  <Block>
    CSTACK           uninit   0x2001'80c8                0x400  <Block tail>
                            - 0x2001'84c8                0x400

Unused ranges:

         From           To      Size
         ----           --      ----
   0x800'e3df   0x80f'ffff  0xf'1c21
  0x1000'0858  0x1000'ffff    0xf7a8
  0x2001'84c8  0x2001'ffff    0x7b38


*******************************************************************************
*** INIT TABLE
***

          Address      Size
          -------      ----
Zero (__iar_zero_init3)
    1 destination range, total size 0x1'4dc9:
          0x2000'32fc  0x1'4dc9

Copy/lz77 (__iar_lz77_init_single3)
    1 source range, total size 0x193 (3% of destination):
           0x800'e24c     0x193
    1 destination range, total size 0x32fc:
          0x2000'0000    0x32fc



*******************************************************************************
*** MODULE SUMMARY
***

    Module                              ro code  ro data  rw data
    ------                              -------  -------  -------
command line/config:
    -------------------------------------------------------------
    Total:

C:\Users\Koche\Desktop\Work\Smart Dispenser PRJ\gateway\EWARM\Gateway_407\Obj\App_6048373297342892631.dir: [1]
    usb_device.o                             84               732
    usbd_cdc_if.o                            84        1    4'116
    usbd_desc.o                             256        2      592
    -------------------------------------------------------------
    Total:                                  424        3    5'440

C:\Users\Koche\Desktop\Work\Smart Dispenser PRJ\gateway\EWARM\Gateway_407\Obj\CMSIS_6603591812247902717.dir: [2]
    system_stm32f4xx.o                       32        8        4
    -------------------------------------------------------------
    Total:                                   32        8        4

C:\Users\Koche\Desktop\Work\Smart Dispenser PRJ\gateway\EWARM\Gateway_407\Obj\Cli_11707894225168942927.dir: [3]
    cli.o                                                   2'396
    cli_helper.o                            156                 1
    -------------------------------------------------------------
    Total:                                  156             2'397

C:\Users\Koche\Desktop\Work\Smart Dispenser PRJ\gateway\EWARM\Gateway_407\Obj\Core_13247989168731456611.dir: [4]
    dma.o                                   100
    gpio.o                                  510
    main.o                                  224
    stm32f4xx_hal_msp.o                      56
    stm32f4xx_hal_timebase_tim.o            160                72
    stm32f4xx_it.o                           40
    usart.o                                 508               256
    -------------------------------------------------------------
    Total:                                1'598               328

C:\Users\Koche\Desktop\Work\Smart Dispenser PRJ\gateway\EWARM\Gateway_407\Obj\EWARM_18443280873093131863.dir: [5]
    startup_stm32f407xx.o                   712
    -------------------------------------------------------------
    Total:                                  712

C:\Users\Koche\Desktop\Work\Smart Dispenser PRJ\gateway\EWARM\Gateway_407\Obj\Ethernet_5605320102233052314.dir: [6]
    eth_helper.o                             52
    eth_init.o                              124               368
    -------------------------------------------------------------
    Total:                                  176               368

C:\Users\Koche\Desktop\Work\Smart Dispenser PRJ\gateway\EWARM\Gateway_407\Obj\Flash_13912709933827620245.dir: [7]
    flash.o                                  20
    -------------------------------------------------------------
    Total:                                   20

C:\Users\Koche\Desktop\Work\Smart Dispenser PRJ\gateway\EWARM\Gateway_407\Obj\FreeRTOS-Plu-Cli_11501085631675054166.dir: [8]
    -------------------------------------------------------------
    Total:

C:\Users\Koche\Desktop\Work\Smart Dispenser PRJ\gateway\EWARM\Gateway_407\Obj\FreeRTOS-Plus-TCP_16686340316780321206.dir: [9]
    FreeRTOS_ARP.o                        1'612       43      116
    FreeRTOS_ICMP.o                          70
    FreeRTOS_IP.o                         1'724             3'310
    FreeRTOS_IP_Timers.o                    536                84
    FreeRTOS_IP_Utils.o                     508
    FreeRTOS_IPv4.o                         476
    FreeRTOS_IPv4_Sockets.o                  26
    FreeRTOS_IPv4_Utils.o                    48
    FreeRTOS_IPv6.o                         792
    FreeRTOS_IPv6_Sockets.o                 396
    FreeRTOS_IPv6_Utils.o                   254
    FreeRTOS_ND.o                         1'596               768
    FreeRTOS_RA.o                           948
    FreeRTOS_Routing.o                    1'288               112
    FreeRTOS_Sockets.o                    2'308                44
    FreeRTOS_Stream_Buffer.o                386
    FreeRTOS_TCP_IP.o                     1'308                 8
    FreeRTOS_TCP_Reception.o                702
    FreeRTOS_TCP_State_Handling.o         1'418
    FreeRTOS_TCP_State_Handling_IPv4.o      316
    FreeRTOS_TCP_State_Handling_IPv6.o      306
    FreeRTOS_TCP_Transmission.o           1'528
    FreeRTOS_TCP_Transmission_IPv4.o        706
    FreeRTOS_TCP_Transmission_IPv6.o        792
    FreeRTOS_TCP_Utils.o                     22
    FreeRTOS_TCP_Utils_IPv4.o                62
    FreeRTOS_TCP_Utils_IPv6.o                44
    FreeRTOS_TCP_WIN.o                    1'924                28
    FreeRTOS_UDP_IP.o                       106
    FreeRTOS_UDP_IPv4.o                     392
    FreeRTOS_UDP_IPv6.o                     430
    -------------------------------------------------------------
    Total:                               23'024       43    4'470

C:\Users\Koche\Desktop\Work\Smart Dispenser PRJ\gateway\EWARM\Gateway_407\Obj\FreeRTOS_15068288790229095433.dir: [10]
    event_groups.o                          282
    list.o                                  144
    queue.o                               1'816                64
    tasks.o                               3'264        5      464
    -------------------------------------------------------------
    Total:                                5'506        5      528

C:\Users\Koche\Desktop\Work\Smart Dispenser PRJ\gateway\EWARM\Gateway_407\Obj\Qr_16551614283803889394.dir: [11]
    qr.o                                     88             2'140
    -------------------------------------------------------------
    Total:                                   88             2'140

C:\Users\Koche\Desktop\Work\Smart Dispenser PRJ\gateway\EWARM\Gateway_407\Obj\STM32F4xx_HAL_Driver_1244631019742807970.dir: [12]
    stm32f4xx_hal.o                         120        1       12
    stm32f4xx_hal_cortex.o                  144
    stm32f4xx_hal_gpio.o                    492
    stm32f4xx_hal_pcd.o                   2'448
    stm32f4xx_hal_pcd_ex.o                   76
    stm32f4xx_hal_rcc.o                   1'260
    stm32f4xx_hal_tim.o                     746
    stm32f4xx_hal_tim_ex.o                    4
    stm32f4xx_ll_exti.o                     176
    stm32f4xx_ll_gpio.o                     238
    stm32f4xx_ll_rcc.o                      184
    stm32f4xx_ll_usart.o                    268
    stm32f4xx_ll_usb.o                    2'540
    -------------------------------------------------------------
    Total:                                8'696        1       12

C:\Users\Koche\Desktop\Work\Smart Dispenser PRJ\gateway\EWARM\Gateway_407\Obj\Target_2794460481546860895.dir: [13]
    usbd_conf.o                             588             1'796
    -------------------------------------------------------------
    Total:                                  588             1'796

C:\Users\Koche\Desktop\Work\Smart Dispenser PRJ\gateway\EWARM\Gateway_407\Obj\USB_Device_Library_15009154495834662892.dir: [14]
    usbd_cdc.o                              994        4      136
    usbd_core.o                             866
    usbd_ctlreq.o                         1'284                 1
    usbd_ioreq.o                            100
    -------------------------------------------------------------
    Total:                                3'244        4      137

C:\Users\Koche\Desktop\Work\Smart Dispenser PRJ\gateway\EWARM\Gateway_407\Obj\portable_15954926109208205999.dir: [15]
    heap_4.o                                552            66'588
    port.o                                  270                12
    portasm.o                               176
    -------------------------------------------------------------
    Total:                                  998            66'600

C:\Users\Koche\Desktop\Work\Smart Dispenser PRJ\gateway\EWARM\Gateway_407\Obj\portable_7947777220660125680.dir: [16]
    BufferAllocation_2.o                    380        4    3'468
    NetworkInterface.o                    1'620      382   12'721
    phyHandling.o                         1'328
    stm32fxx_hal_eth.o                    1'656
    -------------------------------------------------------------
    Total:                                4'984      386   16'189

dl7M_tlf.a: [17]
    XShttio.o                                 8        1        8
    abort.o                                   6
    exit.o                                    4
    low_level_init.o                          4
    printf.o                                 40
    putchar.o                                68
    snprintf.o                               68
    xfail_s.o                                64                 4
    xfiles.o                                           2      152
    xlocale_c.o                               8        5       56
    xprintffull_nomb.o                    3'790
    xprout.o                                 22
    xsnprout.o                               26
    -------------------------------------------------------------
    Total:                                4'108        8      220

m7M_tls.a: [18]
    DblAddSub.o                             590
    DblCmpGe.o                               52
    DblCmpLe.o                               52
    DblDiv.o                                582
    DblMul.o                                426
    DblToS32.o                               54
    DblToU32.o                               34
    S32ToDbl.o                               34
    U32ToDbl.o                               28
    fpinit_M.o                               34
    frexp.o                                 112
    ldexp.o                                 314
    -------------------------------------------------------------
    Total:                                2'312

rt7M_tl.a: [19]
    ABImemclr.o                               6
    ABImemclr4.o                              6
    ABImemcpy_small.o                        24
    ABImemmove_small.o                       30
    ABImemset48.o                            58
    ABImemset_small.o                        18
    I64DivMod_small.o                       262
    I64DivZer.o                               2
    cexit.o                                  10
    cmain.o                                  30
    cstartup_M.o                             28
    data_init.o                              40
    lz77_init_single.o                      126
    memchr.o                                 88
    memcmp_small.o                           30
    strchr.o                                 22
    strlen_small.o                           20
    zero_init3.o                             56
    -------------------------------------------------------------
    Total:                                  856

shb_l.a: [20]
    dwrite.o                                 30
    exit.o                                   20
    iarttio.o                               124
    iarwrite.o                               34
    iarwstd.o                                32
    write.o                                  16
    -------------------------------------------------------------
    Total:                                  256

    Gaps                                     65        2        8
    Linker created                                    32    1'024
-----------------------------------------------------------------
    Grand Total:                         57'843      492  101'661


*******************************************************************************
*** ENTRY LIST
***

Entry                       Address      Size  Type      Object
-----                       -------      ----  ----      ------
.iar.init_table$$Base    0x800'e058             --   Gb  - Linker created -
.iar.init_table$$Limit   0x800'e078             --   Gb  - Linker created -
?main                    0x800'e099            Code  Gb  cmain.o [19]
ADC_IRQHandler           0x800'e165            Code  Wk  startup_stm32f407xx.o [5]
AHBPrescTable            0x800'e088      0x10  Data  Gb  system_stm32f4xx.o [2]
APBPrescTable            0x800'e110       0x8  Data  Gb  system_stm32f4xx.o [2]
BusFault_Handler         0x800'dfeb       0x2  Code  Gb  stm32f4xx_it.o [4]
CAN1_RX0_IRQHandler      0x800'e16d            Code  Wk  startup_stm32f407xx.o [5]
CAN1_RX1_IRQHandler      0x800'e171            Code  Wk  startup_stm32f407xx.o [5]
CAN1_SCE_IRQHandler      0x800'e175            Code  Wk  startup_stm32f407xx.o [5]
CAN1_TX_IRQHandler       0x800'e169            Code  Wk  startup_stm32f407xx.o [5]
CAN2_RX0_IRQHandler      0x800'e20d            Code  Wk  startup_stm32f407xx.o [5]
CAN2_RX1_IRQHandler      0x800'e211            Code  Wk  startup_stm32f407xx.o [5]
CAN2_SCE_IRQHandler      0x800'e215            Code  Wk  startup_stm32f407xx.o [5]
CAN2_TX_IRQHandler       0x800'e209            Code  Wk  startup_stm32f407xx.o [5]
CDC_Control_FS           0x800'de9f       0x4  Code  Lc  usbd_cdc_if.o [1]
CDC_DeInit_FS            0x800'de9b       0x4  Code  Lc  usbd_cdc_if.o [1]
CDC_Init_FS              0x800'de7d      0x1e  Code  Lc  usbd_cdc_if.o [1]
CDC_ReceiveData          0x800'de21      0x1a  Code  Gb  cli_helper.o [3]
CDC_Receive_FS           0x800'dea3      0x20  Code  Lc  usbd_cdc_if.o [1]
CDC_TransmitCplt_FS      0x800'decd       0x4  Code  Lc  usbd_cdc_if.o [1]
CLI_USB_Receive_Char     0x800'ddb9      0x58  Code  Gb  cli_helper.o [3]
CSTACK$$Base            0x2001'80c8             --   Gb  - Linker created -
CSTACK$$Limit           0x2001'84c8             --   Gb  - Linker created -
DCMI_IRQHandler          0x800'e241            Code  Wk  startup_stm32f407xx.o [5]
DMA1_Stream0_IRQHandler
                         0x800'e149            Code  Wk  startup_stm32f407xx.o [5]
DMA1_Stream1_IRQHandler
                         0x800'e14d            Code  Wk  startup_stm32f407xx.o [5]
DMA1_Stream2_IRQHandler
                         0x800'e151            Code  Wk  startup_stm32f407xx.o [5]
DMA1_Stream3_IRQHandler
                         0x800'e155            Code  Wk  startup_stm32f407xx.o [5]
DMA1_Stream4_IRQHandler
                         0x800'e159            Code  Wk  startup_stm32f407xx.o [5]
DMA1_Stream5_IRQHandler
                         0x800'e15d            Code  Wk  startup_stm32f407xx.o [5]
DMA1_Stream6_IRQHandler
                         0x800'e161            Code  Wk  startup_stm32f407xx.o [5]
DMA1_Stream7_IRQHandler
                         0x800'e1d5            Code  Wk  startup_stm32f407xx.o [5]
DMA2_Stream0_IRQHandler
                         0x800'e1f5            Code  Wk  startup_stm32f407xx.o [5]
DMA2_Stream1_IRQHandler
                         0x800'e1f9            Code  Wk  startup_stm32f407xx.o [5]
DMA2_Stream2_IRQHandler
                         0x800'dffb       0x2  Code  Gb  stm32f4xx_it.o [4]
DMA2_Stream3_IRQHandler
                         0x800'e1fd            Code  Wk  startup_stm32f407xx.o [5]
DMA2_Stream4_IRQHandler
                         0x800'e201            Code  Wk  startup_stm32f407xx.o [5]
DMA2_Stream5_IRQHandler
                         0x800'e219            Code  Wk  startup_stm32f407xx.o [5]
DMA2_Stream6_IRQHandler
                         0x800'e21d            Code  Wk  startup_stm32f407xx.o [5]
DMA2_Stream7_IRQHandler
                         0x800'e221            Code  Wk  startup_stm32f407xx.o [5]
DMARxDscrTab            0x2001'7dc0      0x80  Data  Gb  NetworkInterface.o [16]
DMATxDescToClear        0x2000'00b8       0x4  Data  Lc  NetworkInterface.o [16]
DMATxDscrTab            0x2001'7e40      0x80  Data  Gb  NetworkInterface.o [16]
DebugMon_Handler         0x800'dfef       0x2  Code  Gb  stm32f4xx_it.o [4]
ETH_FlushTransmitFIFO    0x800'8555      0x16  Code  Lc  stm32fxx_hal_eth.o [16]
ETH_IRQHandler           0x800'6b89       0x6  Code  Gb  NetworkInterface.o [16]
ETH_WKUP_IRQHandler      0x800'e205            Code  Wk  startup_stm32f407xx.o [5]
EXTI0_IRQHandler         0x800'e135            Code  Wk  startup_stm32f407xx.o [5]
EXTI15_10_IRQHandler     0x800'e1b9            Code  Wk  startup_stm32f407xx.o [5]
EXTI1_IRQHandler         0x800'e139            Code  Wk  startup_stm32f407xx.o [5]
EXTI2_IRQHandler         0x800'e13d            Code  Wk  startup_stm32f407xx.o [5]
EXTI3_IRQHandler         0x800'e141            Code  Wk  startup_stm32f407xx.o [5]
EXTI4_IRQHandler         0x800'e145            Code  Wk  startup_stm32f407xx.o [5]
EXTI9_5_IRQHandler       0x800'e179            Code  Wk  startup_stm32f407xx.o [5]
Error_Handler            0x800'4b8d       0x4  Code  Gb  main.o [4]
FLASH_IRQHandler         0x800'e12d            Code  Wk  startup_stm32f407xx.o [5]
FPU_IRQHandler           0x800'e249            Code  Wk  startup_stm32f407xx.o [5]
FSMC_IRQHandler          0x800'e1d9            Code  Wk  startup_stm32f407xx.o [5]
FS_Desc                 0x2000'3224      0x1c  Data  Gb  usbd_desc.o [1]
Flash_Read_Data          0x800'644d      0x14  Code  Gb  flash.o [7]
FreeRTOS_AddEndPoint     0x800'6cfb      0x32  Code  Lc  FreeRTOS_Routing.o [9]
FreeRTOS_AddNetworkInterface
                         0x800'6ccb      0x22  Code  Gb  FreeRTOS_Routing.o [9]
FreeRTOS_AllEndPointsUp
                         0x800'7765      0x2a  Code  Gb  FreeRTOS_IP.o [9]
FreeRTOS_ClearARP        0x800'aaf1      0x2e  Code  Gb  FreeRTOS_ARP.o [9]
FreeRTOS_CreateIPv6Address
                         0x800'b0b3      0x94  Code  Gb  FreeRTOS_ND.o [9]
FreeRTOS_FillEndPoint    0x800'6c19      0xb2  Code  Gb  FreeRTOS_Routing.o [9]
FreeRTOS_FindEndPointOnIP_IPv4
                         0x800'6d69      0x40  Code  Gb  FreeRTOS_Routing.o [9]
FreeRTOS_FindEndPointOnIP_IPv6
                         0x800'6da9       0x6  Code  Gb  FreeRTOS_Routing.o [9]
FreeRTOS_FindEndPointOnMAC
                         0x800'6daf      0x3e  Code  Gb  FreeRTOS_Routing.o [9]
FreeRTOS_FindEndPointOnNetMask
                         0x800'6ded       0x6  Code  Gb  FreeRTOS_Routing.o [9]
FreeRTOS_FindGateWay     0x800'7061      0x46  Code  Gb  FreeRTOS_Routing.o [9]
FreeRTOS_FirstEndPoint   0x800'6d2d      0x1e  Code  Gb  FreeRTOS_Routing.o [9]
FreeRTOS_FirstNetworkInterface
                         0x800'6ced       0x8  Code  Gb  FreeRTOS_Routing.o [9]
FreeRTOS_GetIPTaskHandle
                         0x800'7517       0x8  Code  Gb  FreeRTOS_IP.o [9]
FreeRTOS_GetLocalAddress
                         0x800'9c39      0x56  Code  Gb  FreeRTOS_Sockets.o [9]
FreeRTOS_IPInit_Multi    0x800'7585      0x74  Code  Gb  FreeRTOS_IP.o [9]
FreeRTOS_IPInit_Multi{3}::ucNetworkEventQueueStorageArea
                        0x2001'54ec     0x208  Data  Lc  FreeRTOS_IP.o [9]
FreeRTOS_IPInit_Multi{3}::xNetworkEventStaticQueue
                        0x2001'549c      0x50  Data  Lc  FreeRTOS_IP.o [9]
FreeRTOS_IPInit_Multi{4}{5}{7}{8}{9}::xIPTaskBuffer
                        0x2001'56f4      0x58  Data  Lc  FreeRTOS_IP.o [9]
FreeRTOS_IPInit_Multi{4}{5}{7}{8}{9}::xIPTaskStack
                        0x2001'574c     0xa28  Data  Lc  FreeRTOS_IP.o [9]
FreeRTOS_InterfaceEPInSameSubnet_IPv6
                         0x800'6e47      0x3c  Code  Gb  FreeRTOS_Routing.o [9]
FreeRTOS_InterfaceEndPointOnNetMask
                         0x800'6df3      0x54  Code  Gb  FreeRTOS_Routing.o [9]
FreeRTOS_IsEndPointUp    0x800'7753      0x12  Code  Gb  FreeRTOS_IP.o [9]
FreeRTOS_IsNetworkUp     0x800'774f       0x4  Code  Gb  FreeRTOS_IP.o [9]
FreeRTOS_MatchingEndpoint
                         0x800'6f89      0xca  Code  Gb  FreeRTOS_Routing.o [9]
FreeRTOS_NetworkDown     0x800'754d      0x38  Code  Gb  FreeRTOS_IP.o [9]
FreeRTOS_NextEndPoint    0x800'6d4b      0x1e  Code  Gb  FreeRTOS_Routing.o [9]
FreeRTOS_NextNetworkInterface
                         0x800'6cf5       0x6  Code  Gb  FreeRTOS_Routing.o [9]
FreeRTOS_OutputARPRequest
                         0x800'aa5b      0x16  Code  Gb  FreeRTOS_ARP.o [9]
FreeRTOS_OutputARPRequest_Multi
                         0x800'a9fb      0x60  Code  Gb  FreeRTOS_ARP.o [9]
FreeRTOS_OutputAdvertiseIPv6
                         0x800'af85      0xdc  Code  Gb  FreeRTOS_ND.o [9]
FreeRTOS_in6addr_any     0x800'8f44      0x10  Data  Gb  FreeRTOS_IPv6.o [9]
FreeRTOS_in6addr_loopback
                         0x800'8f54      0x10  Data  Gb  FreeRTOS_IPv6.o [9]
FreeRTOS_inet_ntoa       0x800'9bad      0x62  Code  Gb  FreeRTOS_Sockets.o [9]
FreeRTOS_inet_ntop       0x800'9c0f      0x2a  Code  Gb  FreeRTOS_Sockets.o [9]
FreeRTOS_inet_ntop4      0x800'ccad      0x1a  Code  Gb  FreeRTOS_IPv4_Sockets.o [9]
FreeRTOS_inet_ntop6      0x800'cd9f      0xb6  Code  Gb  FreeRTOS_IPv6_Sockets.o [9]
FreeRTOS_listen          0x800'9cf1      0x6c  Code  Gb  FreeRTOS_Sockets.o [9]
FreeRTOS_max_size_t      0x800'b52f       0x8  Code  Gb  FreeRTOS_IP_Utils.o [9]
FreeRTOS_min_int32       0x800'b537       0x8  Code  Gb  FreeRTOS_IP_Utils.o [9]
FreeRTOS_min_size_t      0x800'b547       0x8  Code  Gb  FreeRTOS_IP_Utils.o [9]
FreeRTOS_min_uint32      0x800'b53f       0x8  Code  Gb  FreeRTOS_IP_Utils.o [9]
FreeRTOS_round_up        0x800'b54f      0x18  Code  Gb  FreeRTOS_IP_Utils.o [9]
FreeRTOS_rx_size         0x800'9f63      0x18  Code  Gb  FreeRTOS_Sockets.o [9]
FreeRTOS_socket          0x800'9805     0x128  Code  Gb  FreeRTOS_Sockets.o [9]
FreeRTOS_tx_space        0x800'9f41      0x1c  Code  Gb  FreeRTOS_Sockets.o [9]
HAL_Delay                0x800'3739      0x28  Code  Wk  stm32f4xx_hal.o [12]
HAL_ETH_ConfigMAC        0x800'83e9     0x106  Code  Gb  stm32fxx_hal_eth.o [16]
HAL_ETH_ErrorCallback    0x800'b68f       0x2  Code  Wk  stm32fxx_hal_eth.o [16]
HAL_ETH_IRQHandler       0x800'818d      0x3a  Code  Gb  stm32fxx_hal_eth.o [16]
HAL_ETH_Init             0x800'7ef5     0x19c  Code  Gb  stm32fxx_hal_eth.o [16]
HAL_ETH_MspInit          0x800'8091      0xe2  Code  Gb  stm32fxx_hal_eth.o [16]
HAL_ETH_ReadPHYRegister
                         0x800'81c7      0x6e  Code  Gb  stm32fxx_hal_eth.o [16]
HAL_ETH_RxCpltCallback   0x800'65a5      0x1e  Code  Gb  NetworkInterface.o [16]
HAL_ETH_Start            0x800'82b1      0x54  Code  Gb  stm32fxx_hal_eth.o [16]
HAL_ETH_Stop             0x800'8305      0x52  Code  Gb  stm32fxx_hal_eth.o [16]
HAL_ETH_TxCpltCallback   0x800'65d7      0x1e  Code  Gb  NetworkInterface.o [16]
HAL_ETH_WritePHYRegister
                         0x800'8235      0x6e  Code  Gb  stm32fxx_hal_eth.o [16]
HAL_GPIO_Init            0x800'44d1     0x1be  Code  Gb  stm32f4xx_hal_gpio.o [12]
HAL_GetTick              0x800'3761       0xc  Code  Wk  stm32f4xx_hal.o [12]
HAL_IncTick              0x800'5a95      0x10  Code  Wk  stm32f4xx_hal.o [12]
HAL_Init                 0x800'5245      0x30  Code  Gb  stm32f4xx_hal.o [12]
HAL_InitTick             0x800'4c3d      0x8a  Code  Gb  stm32f4xx_hal_timebase_tim.o [4]
HAL_MspInit              0x800'5d85      0x38  Code  Gb  stm32f4xx_hal_msp.o [4]
HAL_NVIC_EnableIRQ       0x800'4725      0x16  Code  Gb  stm32f4xx_hal_cortex.o [12]
HAL_NVIC_SetPriority     0x800'46eb      0x3a  Code  Gb  stm32f4xx_hal_cortex.o [12]
HAL_NVIC_SetPriorityGrouping
                         0x800'46d7      0x14  Code  Gb  stm32f4xx_hal_cortex.o [12]
HAL_PCDEx_LPM_Callback   0x800'4349       0x2  Code  Wk  stm32f4xx_hal_pcd_ex.o [12]
HAL_PCDEx_SetRxFiFo      0x800'4bd3       0x8  Code  Gb  stm32f4xx_hal_pcd_ex.o [12]
HAL_PCDEx_SetTxFiFo      0x800'4b91      0x42  Code  Gb  stm32f4xx_hal_pcd_ex.o [12]
HAL_PCD_ConnectCallback
                         0x800'4221       0x8  Code  Gb  usbd_conf.o [13]
HAL_PCD_DataInStageCallback
                         0x800'4199      0x12  Code  Gb  usbd_conf.o [13]
HAL_PCD_DataOutStageCallback
                         0x800'4185      0x14  Code  Gb  usbd_conf.o [13]
HAL_PCD_DisconnectCallback
                         0x800'4229       0x8  Code  Gb  usbd_conf.o [13]
HAL_PCD_EP_Abort         0x800'40e1      0x1c  Code  Gb  stm32f4xx_hal_pcd.o [12]
HAL_PCD_EP_Close         0x800'3f85      0x20  Code  Gb  stm32f4xx_hal_pcd.o [12]
HAL_PCD_EP_ClrStall      0x800'407d      0x2e  Code  Gb  stm32f4xx_hal_pcd.o [12]
HAL_PCD_EP_GetRxCount    0x800'3fc1      0x10  Code  Gb  stm32f4xx_hal_pcd.o [12]
HAL_PCD_EP_Open          0x800'3f2b      0x5a  Code  Gb  stm32f4xx_hal_pcd.o [12]
HAL_PCD_EP_Receive       0x800'3fa5      0x1c  Code  Gb  stm32f4xx_hal_pcd.o [12]
HAL_PCD_EP_SetStall      0x800'4013      0x62  Code  Gb  stm32f4xx_hal_pcd.o [12]
HAL_PCD_EP_Transmit      0x800'3fd1      0x18  Code  Gb  stm32f4xx_hal_pcd.o [12]
HAL_PCD_IRQHandler       0x800'3857     0x66e  Code  Gb  stm32f4xx_hal_pcd.o [12]
HAL_PCD_ISOINIncompleteCallback
                         0x800'4219       0x8  Code  Gb  usbd_conf.o [13]
HAL_PCD_ISOOUTIncompleteCallback
                         0x800'4211       0x8  Code  Gb  usbd_conf.o [13]
HAL_PCD_Init             0x800'376d      0xc2  Code  Gb  stm32f4xx_hal_pcd.o [12]
HAL_PCD_MspInit          0x800'40fd      0x7c  Code  Gb  usbd_conf.o [13]
HAL_PCD_ResetCallback    0x800'41b3      0x2c  Code  Gb  usbd_conf.o [13]
HAL_PCD_ResumeCallback   0x800'4209       0x8  Code  Gb  usbd_conf.o [13]
HAL_PCD_SOFCallback      0x800'41ab       0x8  Code  Gb  usbd_conf.o [13]
HAL_PCD_SetAddress       0x800'3f0b      0x20  Code  Gb  stm32f4xx_hal_pcd.o [12]
HAL_PCD_SetupStageCallback
                         0x800'4179       0xc  Code  Gb  usbd_conf.o [13]
HAL_PCD_Start            0x800'3839      0x1e  Code  Gb  stm32f4xx_hal_pcd.o [12]
HAL_PCD_SuspendCallback
                         0x800'41df      0x2a  Code  Gb  usbd_conf.o [13]
HAL_RCC_ClockConfig      0x800'434d     0x100  Code  Gb  stm32f4xx_hal_rcc.o [12]
HAL_RCC_GetClockConfig   0x800'4475      0x36  Code  Gb  stm32f4xx_hal_rcc.o [12]
HAL_RCC_GetHCLKFreq      0x800'4459       0x6  Code  Gb  stm32f4xx_hal_rcc.o [12]
HAL_RCC_GetPCLK1Freq     0x800'445f      0x10  Code  Gb  stm32f4xx_hal_rcc.o [12]
HAL_RCC_GetSysClockFreq
                         0x800'4bdd      0x60  Code  Wk  stm32f4xx_hal_rcc.o [12]
HAL_RCC_OscConfig        0x800'5785     0x310  Code  Wk  stm32f4xx_hal_rcc.o [12]
HAL_TIMEx_BreakCallback
                         0x800'64e3       0x2  Code  Wk  stm32f4xx_hal_tim_ex.o [12]
HAL_TIMEx_CommutCallback
                         0x800'64e7       0x2  Code  Wk  stm32f4xx_hal_tim_ex.o [12]
HAL_TIM_Base_Init        0x800'5aa5      0x1a  Code  Gb  stm32f4xx_hal_tim.o [12]
HAL_TIM_Base_MspInit     0x800'64dd       0x2  Code  Wk  stm32f4xx_hal_tim.o [12]
HAL_TIM_Base_Start_IT    0x800'5abf      0x76  Code  Gb  stm32f4xx_hal_tim.o [12]
HAL_TIM_IC_CaptureCallback
                         0x800'64df       0x2  Code  Wk  stm32f4xx_hal_tim.o [12]
HAL_TIM_IRQHandler       0x800'5b89     0x12a  Code  Gb  stm32f4xx_hal_tim.o [12]
HAL_TIM_OC_DelayElapsedCallback
                         0x800'64e1       0x2  Code  Wk  stm32f4xx_hal_tim.o [12]
HAL_TIM_PWM_PulseFinishedCallback
                         0x800'64e9       0x2  Code  Wk  stm32f4xx_hal_tim.o [12]
HAL_TIM_PeriodElapsedCallback
                         0x800'4b71       0xe  Code  Gb  main.o [4]
HAL_TIM_TriggerCallback
                         0x800'64e5       0x2  Code  Wk  stm32f4xx_hal_tim.o [12]
HASH_RNG_IRQHandler      0x800'e245            Code  Wk  startup_stm32f407xx.o [5]
HardFault_Handler        0x800'dfe7       0x2  Code  Gb  stm32f4xx_it.o [4]
I2C1_ER_IRQHandler       0x800'e19d            Code  Wk  startup_stm32f407xx.o [5]
I2C1_EV_IRQHandler       0x800'e199            Code  Wk  startup_stm32f407xx.o [5]
I2C2_ER_IRQHandler       0x800'e1a5            Code  Wk  startup_stm32f407xx.o [5]
I2C2_EV_IRQHandler       0x800'e1a1            Code  Wk  startup_stm32f407xx.o [5]
I2C3_ER_IRQHandler       0x800'e22d            Code  Wk  startup_stm32f407xx.o [5]
I2C3_EV_IRQHandler       0x800'e229            Code  Wk  startup_stm32f407xx.o [5]
IntToUnicode             0x800'dc99      0x26  Code  Lc  usbd_desc.o [1]
LL_AHB1_GRP1_EnableClock
                         0x800'52cf      0x16  Code  Lc  gpio.o [4]
LL_DMA_DisableStream     0x800'5541      0x10  Code  Lc  usart.o [4]
LL_DMA_EnableStream      0x800'5531      0x10  Code  Lc  usart.o [4]
LL_DMA_SetDataLength     0x800'5569      0x16  Code  Lc  usart.o [4]
LL_DMA_SetDataTransferDirection
                         0x800'5551      0x16  Code  Lc  usart.o [4]
LL_DMA_SetMemoryAddress
                         0x800'5581       0xa  Code  Lc  usart.o [4]
LL_EXTI_Init             0x800'5ead      0xaa  Code  Gb  stm32f4xx_ll_exti.o [12]
LL_GPIO_Init             0x800'5dbd      0xee  Code  Gb  stm32f4xx_ll_gpio.o [12]
LL_GPIO_SetPinMode       0x800'5297      0x10  Code  Lc  gpio.o [4]
LL_GPIO_SetPinPull       0x800'52b1      0x10  Code  Lc  gpio.o [4]
LL_RCC_GetSystemClocksFreq
                         0x800'64ed      0x20  Code  Gb  stm32f4xx_ll_rcc.o [12]
LL_SYSCFG_SetEXTISource
                         0x800'5279      0x1e  Code  Lc  gpio.o [4]
LL_USART_Init            0x800'6341      0xe2  Code  Gb  stm32f4xx_ll_usart.o [12]
MX_DMA_Init              0x800'5479      0x64  Code  Gb  dma.o [4]
MX_GPIO_Init             0x800'52e5     0x152  Code  Gb  gpio.o [4]
MX_USART1_UART_Init      0x800'558d     0x122  Code  Gb  usart.o [4]
MX_USB_DEVICE_Init       0x800'54dd      0x54  Code  Gb  usb_device.o [1]
MemManage_Handler        0x800'dfe9       0x2  Code  Gb  stm32f4xx_it.o [4]
NMI_Handler              0x800'dfe5       0x2  Code  Gb  stm32f4xx_it.o [4]
OTG_FS_IRQHandler        0x800'dffd       0x6  Code  Gb  stm32f4xx_it.o [4]
OTG_FS_WKUP_IRQHandler   0x800'e1c1            Code  Wk  startup_stm32f407xx.o [5]
OTG_HS_EP1_IN_IRQHandler
                         0x800'e235            Code  Wk  startup_stm32f407xx.o [5]
OTG_HS_EP1_OUT_IRQHandler
                         0x800'e231            Code  Wk  startup_stm32f407xx.o [5]
OTG_HS_IRQHandler        0x800'e23d            Code  Wk  startup_stm32f407xx.o [5]
OTG_HS_WKUP_IRQHandler   0x800'e239            Code  Wk  startup_stm32f407xx.o [5]
PVD_IRQHandler           0x800'e121            Code  Wk  startup_stm32f407xx.o [5]
PendSV_Handler           0x800'dd09            Code  Gb  portasm.o [15]
ProcessICMPPacket        0x800'b34d      0x46  Code  Gb  FreeRTOS_ICMP.o [9]
QR_Init                  0x800'572d      0x34  Code  Gb  qr.o [11]
RCC_GetHCLKClockFreq     0x800'6529       0xc  Code  Gb  stm32f4xx_ll_rcc.o [12]
RCC_GetPCLK1ClockFreq    0x800'6535       0xa  Code  Gb  stm32f4xx_ll_rcc.o [12]
RCC_GetPCLK2ClockFreq    0x800'6545       0xc  Code  Gb  stm32f4xx_ll_rcc.o [12]
RCC_GetSystemClockFreq   0x800'650d      0x1c  Code  Gb  stm32f4xx_ll_rcc.o [12]
RCC_IRQHandler           0x800'e131            Code  Wk  startup_stm32f407xx.o [5]
RCC_PLL_GetFreqDomain_SYS
                         0x800'6551      0x3c  Code  Gb  stm32f4xx_ll_rcc.o [12]
RTC_Alarm_IRQHandler     0x800'e1bd            Code  Wk  startup_stm32f407xx.o [5]
RTC_WKUP_IRQHandler      0x800'e129            Code  Wk  startup_stm32f407xx.o [5]
Region$$Table$$Base      0x800'e058             --   Gb  - Linker created -
Region$$Table$$Limit     0x800'e078             --   Gb  - Linker created -
Reset_Handler            0x800'e101            Code  Wk  startup_stm32f407xx.o [5]
Rx_Buff                 0x2000'00c8    0x1800  Data  Gb  NetworkInterface.o [16]
SDIO_IRQHandler          0x800'e1dd            Code  Wk  startup_stm32f407xx.o [5]
SPI1_IRQHandler          0x800'e1a9            Code  Wk  startup_stm32f407xx.o [5]
SPI2_IRQHandler          0x800'e1ad            Code  Wk  startup_stm32f407xx.o [5]
SPI3_IRQHandler          0x800'e1e5            Code  Wk  startup_stm32f407xx.o [5]
STREAM_OFFSET_TAB        0x800'5724       0x8  Data  Lc  usart.o [4]
SVC_Handler              0x800'dd61            Code  Gb  portasm.o [15]
SWAPBYTE                 0x800'4cdd       0xa  Code  Lc  usbd_ctlreq.o [14]
SysTick_Handler          0x800'2cc1      0x26  Code  Gb  port.o [15]
SystemClock_Config       0x800'4ad1      0xa0  Code  Gb  main.o [4]
SystemCoreClock         0x2000'30e0       0x4  Data  Gb  system_stm32f4xx.o [2]
SystemInit               0x800'e079       0xc  Code  Gb  system_stm32f4xx.o [2]
TAMP_STAMP_IRQHandler    0x800'e125            Code  Wk  startup_stm32f407xx.o [5]
TIM1_BRK_TIM9_IRQHandler
                         0x800'e17d            Code  Wk  startup_stm32f407xx.o [5]
TIM1_CC_IRQHandler       0x800'e189            Code  Wk  startup_stm32f407xx.o [5]
TIM1_TRG_COM_TIM11_IRQHandler
                         0x800'e185            Code  Wk  startup_stm32f407xx.o [5]
TIM1_UP_TIM10_IRQHandler
                         0x800'e181            Code  Wk  startup_stm32f407xx.o [5]
TIM2_IRQHandler          0x800'e18d            Code  Wk  startup_stm32f407xx.o [5]
TIM3_IRQHandler          0x800'e191            Code  Wk  startup_stm32f407xx.o [5]
TIM4_IRQHandler          0x800'e195            Code  Wk  startup_stm32f407xx.o [5]
TIM5_IRQHandler          0x800'e1e1            Code  Wk  startup_stm32f407xx.o [5]
TIM6_DAC_IRQHandler      0x800'dff5       0x6  Code  Gb  stm32f4xx_it.o [4]
TIM7_IRQHandler          0x800'e1f1            Code  Wk  startup_stm32f407xx.o [5]
TIM8_BRK_TIM12_IRQHandler
                         0x800'e1c5            Code  Wk  startup_stm32f407xx.o [5]
TIM8_CC_IRQHandler       0x800'e1d1            Code  Wk  startup_stm32f407xx.o [5]
TIM8_TRG_COM_TIM14_IRQHandler
                         0x800'e1cd            Code  Wk  startup_stm32f407xx.o [5]
TIM8_UP_TIM13_IRQHandler
                         0x800'e1c9            Code  Wk  startup_stm32f407xx.o [5]
TIM_Base_SetConfig       0x800'5cb9      0x9e  Code  Gb  stm32f4xx_hal_tim.o [12]
Tx_Buff                 0x2000'18c8    0x1800  Data  Gb  NetworkInterface.o [16]
UART4_IRQHandler         0x800'e1e9            Code  Wk  startup_stm32f407xx.o [5]
UART5_IRQHandler         0x800'e1ed            Code  Wk  startup_stm32f407xx.o [5]
USART1_IRQHandler        0x800'dff1       0x4  Code  Gb  stm32f4xx_it.o [4]
USART2_IRQHandler        0x800'e1b1            Code  Wk  startup_stm32f407xx.o [5]
USART3_IRQHandler        0x800'e1b5            Code  Wk  startup_stm32f407xx.o [5]
USART6_IRQHandler        0x800'e225            Code  Wk  startup_stm32f407xx.o [5]
USART_Process            0x800'56bb      0x3a  Code  Gb  usart.o [4]
USBD_CDC                0x2000'3194      0x38  Data  Gb  usbd_cdc.o [14]
USBD_CDC_CfgDesc        0x2000'31cc      0x44  Data  Lc  usbd_cdc.o [14]
USBD_CDC_DataIn          0x800'6159      0x74  Code  Lc  usbd_cdc.o [14]
USBD_CDC_DataOut         0x800'61cd      0x3c  Code  Lc  usbd_cdc.o [14]
USBD_CDC_DeInit          0x800'6029      0x60  Code  Lc  usbd_cdc.o [14]
USBD_CDC_DeviceQualifierDesc
                        0x2000'3188       0xc  Data  Lc  usbd_cdc.o [14]
USBD_CDC_EP0_RxReady     0x800'6209      0x34  Code  Lc  usbd_cdc.o [14]
USBD_CDC_GetDeviceQualifierDescriptor
                         0x800'62ab       0x8  Code  Gb  usbd_cdc.o [14]
USBD_CDC_GetFSCfgDesc    0x800'623d       0x4  Code  Lc  usbd_cdc.o [14]
USBD_CDC_GetHSCfgDesc    0x800'6241      0x22  Code  Lc  usbd_cdc.o [14]
USBD_CDC_GetOtherSpeedCfgDesc
                         0x800'6263       0x2  Code  Lc  usbd_cdc.o [14]
USBD_CDC_Init            0x800'5f5d      0xc2  Code  Lc  usbd_cdc.o [14]
USBD_CDC_ReceivePacket   0x800'630b      0x26  Code  Gb  usbd_cdc.o [14]
USBD_CDC_RegisterInterface
                         0x800'62bd      0x16  Code  Gb  usbd_cdc.o [14]
USBD_CDC_SetRxBuffer     0x800'62f1      0x1a  Code  Gb  usbd_cdc.o [14]
[...]
uxStreamBufferGetSpace   0x800'ce77       0x6  Code  Gb  FreeRTOS_Stream_Buffer.o [9]
uxStreamBufferMidSpace   0x800'ce89       0x6  Code  Gb  FreeRTOS_Stream_Buffer.o [9]
uxStreamBufferSpace      0x800'ce55      0x12  Code  Gb  FreeRTOS_Stream_Buffer.o [9]
uxTaskNumber            0x2000'314c       0x4  Data  Lc  tasks.o [10]
uxTopReadyPriority      0x2000'3138       0x4  Data  Lc  tasks.o [10]
uxTopUsedPriority       0x2000'3158       0x4  Data  Lc  tasks.o [10]
vARPAgeCache             0x800'a97b      0x80  Code  Gb  FreeRTOS_ARP.o [9]
vARPGenerateRequestPacket
                         0x800'aa7f      0x64  Code  Gb  FreeRTOS_ARP.o [9]
vARPGenerateRequestPacket::xDefaultPartARPPacketHeader
                         0x800'dfbc      0x28  Data  Lc  FreeRTOS_ARP.o [9]
vARPRefreshCacheEntry    0x800'a7af      0xde  Code  Gb  FreeRTOS_ARP.o [9]
vARPRefreshCacheEntryAge
                         0x800'a779      0x36  Code  Gb  FreeRTOS_ARP.o [9]
vARPTimerReload          0x800'90c3       0x6  Code  Gb  FreeRTOS_IP_Timers.o [9]
vCheckNetworkTimers      0x800'8fbf      0xcc  Code  Gb  FreeRTOS_IP_Timers.o [9]
vDHCP_RATimerReload      0x800'90c9       0x4  Code  Gb  FreeRTOS_IP_Timers.o [9]
vEventGroupDelete        0x800'925b      0x4c  Code  Gb  event_groups.o [10]
vIPNetworkUpCalls        0x800'751f      0x2e  Code  Gb  FreeRTOS_IP.o [9]
vIPSetARPResolutionTimerEnableState
                         0x800'913d      0x14  Code  Gb  FreeRTOS_IP_Timers.o [9]
vIPSetARPTimerEnableState
                         0x800'9129      0x14  Code  Gb  FreeRTOS_IP_Timers.o [9]
vIPSetDHCP_RATimerEnableState
                         0x800'9151      0x16  Code  Gb  FreeRTOS_IP_Timers.o [9]
vIPSetTCPTimerExpiredState
                         0x800'910f      0x1a  Code  Gb  FreeRTOS_IP_Timers.o [9]
vIPTimerStartARPResolution
                         0x800'90b3       0x6  Code  Gb  FreeRTOS_IP_Timers.o [9]
vListInitialise          0x800'2b97      0x1a  Code  Gb  list.o [10]
vListInitialiseItem      0x800'2bb1       0x6  Code  Gb  list.o [10]
vListInsert              0x800'2bd1      0x32  Code  Gb  list.o [10]
vListInsertEnd           0x800'2bb7      0x1a  Code  Gb  list.o [10]
vListInsertFifo          0x800'c25d      0x1a  Code  Lc  FreeRTOS_TCP_WIN.o [9]
vMACBProbePhy            0x800'694d      0x22  Code  Gb  NetworkInterface.o [16]
vManageSolicitedNodeAddress
                         0x800'b619      0x68  Code  Gb  FreeRTOS_IPv6_Utils.o [9]
vNDAgeCache              0x800'ac73      0x44  Code  Gb  FreeRTOS_ND.o [9]
vNDRefreshCacheEntry     0x800'abf5      0x7e  Code  Gb  FreeRTOS_ND.o [9]
vNDSendNeighbourSolicitation
                         0x800'ad3b     0x112  Code  Gb  FreeRTOS_ND.o [9]
vNDSendRouterSolicitation
                         0x800'a0c9     0x10a  Code  Gb  FreeRTOS_RA.o [9]
vNetworkSocketsInit      0x800'97ed      0x18  Code  Gb  FreeRTOS_Sockets.o [9]
vNetworkTimerReload      0x800'90cd       0x6  Code  Gb  FreeRTOS_IP_Timers.o [9]
vPhyInitialise           0x800'86e9      0x14  Code  Gb  phyHandling.o [16]
vPortEnableVFP           0x800'dd9d            Code  Gb  portasm.o [15]
vPortEnterCritical       0x800'2c6d      0x32  Code  Gb  port.o [15]
vPortExitCritical        0x800'2c9f      0x22  Code  Gb  port.o [15]
vPortFree                0x800'2a97      0xb0  Code  Gb  heap_4.o [15]
vPortStartFirstTask      0x800'dd7d            Code  Gb  portasm.o [15]
vPortValidateInterruptPriority
                         0x800'2ce9      0x2c  Code  Gb  port.o [15]
vPreCheckConfigs         0x800'b4f3      0x2a  Code  Gb  FreeRTOS_IP_Utils.o [9]
vProcessGeneratedUDPPacket
                         0x800'a47d      0x1e  Code  Gb  FreeRTOS_UDP_IP.o [9]
vProcessGeneratedUDPPacket_IPv4
                         0x800'cfd9      0xce  Code  Gb  FreeRTOS_UDP_IPv4.o [9]
vProcessGeneratedUDPPacket_IPv4{5}{6}{7}{8}::ucDefaultPartUDPPacketHeader
                         0x800'd148      0x18  Data  Lc  FreeRTOS_UDP_IPv4.o [9]
vProcessGeneratedUDPPacket_IPv6
                         0x800'd161     0x114  Code  Gb  FreeRTOS_UDP_IPv6.o [9]
vQueueAddToRegistry      0x800'7e89      0x3a  Code  Gb  queue.o [10]
vQueueDelete             0x800'7d5d      0x22  Code  Gb  queue.o [10]
vQueueUnregisterQueue    0x800'7ec3      0x2a  Code  Gb  queue.o [10]
vRAProcess               0x800'a323     0x154  Code  Gb  FreeRTOS_RA.o [9]
vReceiveNA               0x800'a1d3      0x54  Code  Gb  FreeRTOS_RA.o [9]
vReceiveRA               0x800'a227      0xec  Code  Gb  FreeRTOS_RA.o [9]
vRegisterDelay           0x800'837f      0x24  Code  Lc  stm32fxx_hal_eth.o [16]
vReleaseNetworkBuffer    0x800'85d7       0xc  Code  Gb  BufferAllocation_2.o [16]
vReleaseNetworkBufferAndDescriptor
                         0x800'8693      0x42  Code  Gb  BufferAllocation_2.o [16]
vReturnEthernetFrame     0x800'7697      0xa2  Code  Gb  FreeRTOS_IP.o [9]
vSetAllNetworksUp        0x800'9167       0x6  Code  Gb  FreeRTOS_IP_Timers.o [9]
vSetMultiCastIPv4MacAddress
                         0x800'd30f      0x30  Code  Gb  FreeRTOS_IPv4_Utils.o [9]
vSetMultiCastIPv6MacAddress
                         0x800'b591      0x18  Code  Gb  FreeRTOS_IPv6_Utils.o [9]
vSocketBind              0x800'995b     0x12c  Code  Gb  FreeRTOS_Sockets.o [9]
vSocketClose             0x800'9a87      0xd2  Code  Gb  FreeRTOS_Sockets.o [9]
vSocketCloseNextTime     0x800'92a9      0x18  Code  Gb  FreeRTOS_TCP_IP.o [9]
vSocketListenNextTime    0x800'92c1      0x1c  Code  Gb  FreeRTOS_TCP_IP.o [9]
vSocketSelect            0x800'9f8b     0x110  Code  Gb  FreeRTOS_Sockets.o [9]
vSocketWakeUpUser        0x800'9c8f      0x3a  Code  Gb  FreeRTOS_Sockets.o [9]
vStreamBufferClear       0x800'ce8f      0x10  Code  Gb  FreeRTOS_Stream_Buffer.o [9]
vStreamBufferMoveMid     0x800'ce9f      0x20  Code  Gb  FreeRTOS_Stream_Buffer.o [9]
vTCPStateChange          0x800'9365     0x170  Code  Gb  FreeRTOS_TCP_IP.o [9]
vTCPTimerReload          0x800'90bd       0x6  Code  Gb  FreeRTOS_IP_Timers.o [9]
vTCPWindowDestroy        0x800'c38d      0x34  Code  Gb  FreeRTOS_TCP_WIN.o [9]
vTCPWindowFree           0x800'c35b      0x32  Code  Lc  FreeRTOS_TCP_WIN.o [9]
vTCPWindowInit           0x800'c457      0x42  Code  Gb  FreeRTOS_TCP_WIN.o [9]
vTaskDelay               0x800'1e8d      0x30  Code  Gb  tasks.o [10]
vTaskGenericNotifyGiveFromISR
                         0x800'27a7      0xcc  Code  Gb  tasks.o [10]
vTaskInternalSetTimeOutState
                         0x800'2339       0xe  Code  Gb  tasks.o [10]
vTaskMissedYield         0x800'23a7       0xa  Code  Gb  tasks.o [10]
vTaskPlaceOnEventList    0x800'2177      0x24  Code  Gb  tasks.o [10]
vTaskPriorityDisinheritAfterTimeout
                         0x800'251b      0x78  Code  Gb  tasks.o [10]
vTaskRemoveFromUnorderedEventList
                         0x800'2261      0xae  Code  Gb  tasks.o [10]
vTaskSetTimeOutState     0x800'230f      0x24  Code  Gb  tasks.o [10]
vTaskSuspendAll          0x800'1ee1       0xc  Code  Gb  tasks.o [10]
vTaskSwitchContext       0x800'2127      0x50  Code  Gb  tasks.o [10]
xARPCache               0x2000'0000      0x60  Data  Lc  FreeRTOS_ARP.o [9]
xARPResolutionTimer     0x2001'7eec      0x14  Data  Lc  FreeRTOS_IP_Timers.o [9]
xARPTimer               0x2001'7ec0      0x14  Data  Lc  FreeRTOS_IP_Timers.o [9]
xAllNetworksUp          0x2001'7ee8       0x4  Data  Lc  FreeRTOS_IP_Timers.o [9]
xApplicationGetRandomNumber
                         0x800'cc79       0xe  Code  Gb  eth_helper.o [6]
xBadIPv4Loopback         0x800'b195      0x26  Code  Gb  FreeRTOS_IPv4.o [9]
xBadIPv6Loopback         0x800'8c71      0x34  Code  Gb  FreeRTOS_IPv6.o [9]
xBoundTCPSocketsList    0x2001'8034      0x14  Data  Gb  FreeRTOS_Sockets.o [9]
xBoundUDPSocketsList    0x2001'8048      0x14  Data  Gb  FreeRTOS_Sockets.o [9]
xBroadcastMACAddress     0x800'77d4       0x8  Data  Gb  FreeRTOS_IP.o [9]
xBufferAllocFixedSize    0x800'e118       0x4  Data  Gb  BufferAllocation_2.o [16]
xCalculateSleepTime      0x800'8f75      0x4a  Code  Gb  FreeRTOS_IP_Timers.o [9]
xCheckRequiresARPResolution
                         0x800'a6f1      0x88  Code  Gb  FreeRTOS_ARP.o [9]
xCompareIPv6_Address     0x800'8cf9      0x9e  Code  Gb  FreeRTOS_IPv6.o [9]
xCompareIPv6_Address::FreeRTOS_in6addr_allnodes
                         0x800'8f64      0x10  Data  Lc  FreeRTOS_IPv6.o [9]
xDelayedTaskList1       0x2000'3160      0x14  Data  Lc  tasks.o [10]
xDelayedTaskList2       0x2000'3174      0x14  Data  Lc  tasks.o [10]
xEMACTaskHandle         0x2000'00c0       0x4  Data  Lc  NetworkInterface.o [16]
xETH                    0x2001'7f64      0x48  Data  Lc  NetworkInterface.o [16]
xEndPoints              0x2001'7a68     0x128  Data  Gb  eth_init.o [6]
xEventGroupClearBits     0x800'91b9      0x30  Code  Gb  event_groups.o [10]
xEventGroupCreate        0x800'919b      0x1e  Code  Gb  event_groups.o [10]
xEventGroupSetBits       0x800'91e9      0x72  Code  Gb  event_groups.o [10]
xFreeBuffersList        0x2001'8060      0x14  Data  Lc  BufferAllocation_2.o [16]
xFreeBytesRemaining     0x2000'3308       0x4  Data  Lc  heap_4.o [15]
xGetExtensionOrder       0x800'8e91      0x44  Code  Gb  FreeRTOS_IPv6.o [9]
xIPIsNetworkTaskReady    0x800'7749       0x6  Code  Gb  FreeRTOS_IP.o [9]
xIPTaskHandle           0x2001'5494       0x4  Data  Lc  FreeRTOS_IP.o [9]
xIPTaskInitialised      0x2001'5498       0x4  Data  Lc  FreeRTOS_IP.o [9]
xIPv6_GetIPType          0x800'70b5      0x4c  Code  Gb  FreeRTOS_Routing.o [9]
xIPv6_GetIPType::xIPCouples
                         0x800'7100      0x20  Data  Lc  FreeRTOS_Routing.o [9]
xIdleTaskHandles        0x2000'3154       0x4  Data  Lc  tasks.o [10]
xInterfaces             0x2001'7a40      0x28  Data  Gb  eth_init.o [6]
xIsCallingFromIPTask     0x800'b3f9      0x18  Code  Gb  FreeRTOS_IP_Utils.o [9]
xIsIPInARPCache          0x800'a6c9      0x28  Code  Gb  FreeRTOS_ARP.o [9]
xIsIPv4Loopback          0x800'b1bb      0x28  Code  Gb  FreeRTOS_IPv4.o [9]
xIsIPv4Multicast         0x800'b171      0x24  Code  Gb  FreeRTOS_IPv4.o [9]
xIsIPv6AllowedMulticast
                         0x800'8ca5      0x52  Code  Gb  FreeRTOS_IPv6.o [9]
xIsIPv6Loopback          0x800'8c5d      0x14  Code  Gb  FreeRTOS_IPv6.o [9]
xLastGratuitousARPTime  0x2000'0060       0x4  Data  Lc  FreeRTOS_ARP.o [9]
xMacInitStatus          0x2001'80c3       0x1  Data  Lc  NetworkInterface.o [16]
xMinimumEverFreeBytesRemaining
                        0x2000'330c       0x4  Data  Lc  heap_4.o [15]
xNDCache                0x2001'6fb4     0x300  Data  Lc  FreeRTOS_ND.o [9]
xNetworkBufferSemaphore
                        0x2001'8078       0x4  Data  Lc  BufferAllocation_2.o [16]
xNetworkBuffersInitialise
                         0x800'856d      0x56  Code  Gb  BufferAllocation_2.o [16]
xNetworkBuffersInitialise::xNetworkBufferDescriptors
                        0x2001'4718     0xd20  Data  Lc  BufferAllocation_2.o [16]
xNetworkBuffersInitialise{1}{2}{3}::xNetworkBufferSemaphoreBuffer
                        0x2001'5438      0x50  Data  Lc  BufferAllocation_2.o [16]
xNetworkDownEventPending
                        0x2001'5490       0x4  Data  Lc  FreeRTOS_IP.o [9]
xNetworkEventQueue      0x2001'548c       0x4  Data  Gb  FreeRTOS_IP.o [9]
xNetworkTimer           0x2001'7f00      0x14  Data  Lc  FreeRTOS_IP_Timers.o [9]
xNextTaskUnblockTime    0x2000'3150       0x4  Data  Lc  tasks.o [10]
xNumOfOverflows         0x2000'3148       0x4  Data  Lc  tasks.o [10]
xNumberOfSuccessfulAllocations
                        0x2000'3310       0x4  Data  Lc  heap_4.o [15]
xNumberOfSuccessfulFrees
                        0x2000'3314       0x4  Data  Lc  heap_4.o [15]
xPHYProperties           0x800'6bf4       0x4  Data  Gb  NetworkInterface.o [16]
xPendedTicks            0x2000'3140       0x4  Data  Lc  tasks.o [10]
xPendingReadyList       0x2000'30e4      0x14  Data  Lc  tasks.o [10]
xPhyCheckLinkStatus      0x800'8b71      0xa8  Code  Gb  phyHandling.o [16]
xPhyConfigure            0x800'875d     0x1e2  Code  Gb  phyHandling.o [16]
xPhyDiscover             0x800'86fd      0x60  Code  Gb  phyHandling.o [16]
xPhyFixedValue           0x800'893f      0x4a  Code  Gb  phyHandling.o [16]
xPhyObject              0x2000'0074      0x40  Data  Lc  NetworkInterface.o [16]
xPhyStartAutoNegotiation
                         0x800'8989     0x1ce  Code  Gb  phyHandling.o [16]
xProcessReceivedTCPPacket
                         0x800'9569     0x204  Code  Gb  FreeRTOS_TCP_IP.o [9]
xProcessReceivedUDPPacket
                         0x800'a49b      0x3e  Code  Gb  FreeRTOS_UDP_IP.o [9]
xProcessReceivedUDPPacket_IPv4
                         0x800'd0a7      0x94  Code  Gb  FreeRTOS_UDP_IPv4.o [9]
xProcessReceivedUDPPacket_IPv6
                         0x800'd275      0x8c  Code  Gb  FreeRTOS_UDP_IPv6.o [9]
xQrTaskBuffer           0x1000'0000      0x58  Data  Lc  qr.o [11]
xQrTaskStack            0x1000'0058     0x800  Data  Lc  qr.o [11]
xQueueCreateCountingSemaphore
                         0x800'795d      0x1e  Code  Gb  queue.o [10]
xQueueCreateCountingSemaphoreStatic
                         0x800'7939      0x24  Code  Gb  queue.o [10]
xQueueGenericCreate      0x800'78bf      0x4a  Code  Gb  queue.o [10]
xQueueGenericCreateStatic
                         0x800'786f      0x50  Code  Gb  queue.o [10]
xQueueGenericReset       0x800'77dd      0x92  Code  Gb  queue.o [10]
xQueueGenericSend        0x800'797b     0x12c  Code  Gb  queue.o [10]
xQueueReceive            0x800'7aaf     0x110  Code  Gb  queue.o [10]
xQueueRegistry          0x2001'7ff4      0x40  Data  Gb  queue.o [10]
xQueueSemaphoreTake      0x800'7bbf     0x120  Code  Gb  queue.o [10]
xRoutingStatistics      0x2001'79b0      0x68  Data  Gb  FreeRTOS_Routing.o [9]
xSTM32F_GetPhyLinkStatus
                         0x800'69f9       0x2  Code  Lc  NetworkInterface.o [16]
xSTM32F_NetworkInterfaceInitialise
                         0x800'660d      0xd0  Code  Lc  NetworkInterface.o [16]
xSTM32F_NetworkInterfaceOutput
                         0x800'685f      0x8c  Code  Lc  NetworkInterface.o [16]
xSTM32_PhyRead           0x800'691f       0xc  Code  Gb  NetworkInterface.o [16]
xSTM32_PhyWrite          0x800'692b       0xa  Code  Gb  NetworkInterface.o [16]
xSchedulerRunning       0x2000'313c       0x4  Data  Lc  tasks.o [10]
xSegmentList            0x2001'807c      0x14  Data  Lc  FreeRTOS_TCP_WIN.o [9]
xSendEventStructToIPTask
                         0x800'7621      0x48  Code  Gb  FreeRTOS_IP.o [9]
xSendEventToIPTask       0x800'760d      0x14  Code  Gb  FreeRTOS_IP.o [9]
xSequenceGreaterThan     0x800'c243       0xe  Code  Gb  FreeRTOS_TCP_WIN.o [9]
xSequenceGreaterThanOrEqual
                         0x800'c251       0xc  Code  Lc  FreeRTOS_TCP_WIN.o [9]
xSequenceLessThan        0x800'c235       0xe  Code  Gb  FreeRTOS_TCP_WIN.o [9]
xSocketToClose          0x2001'80ac       0x4  Data  Lc  FreeRTOS_TCP_IP.o [9]
xSocketToListen         0x2001'80b0       0x4  Data  Lc  FreeRTOS_TCP_IP.o [9]
xSocketValid             0x800'9f7b      0x10  Code  Gb  FreeRTOS_Sockets.o [9]
xStart                  0x2000'32fc       0x8  Data  Lc  heap_4.o [15]
xStreamBufferLessThenEqual
                         0x800'cebf      0x12  Code  Gb  FreeRTOS_Stream_Buffer.o [9]
xSuspendedTaskList      0x2000'310c      0x14  Data  Lc  tasks.o [10]
xTCPCheckNewClient       0x800'9779      0x40  Code  Gb  FreeRTOS_TCP_IP.o [9]
xTCPSegments            0x2001'8090       0x4  Data  Lc  FreeRTOS_TCP_WIN.o [9]
xTCPSocketCheck          0x800'92dd      0x7c  Code  Gb  FreeRTOS_TCP_IP.o [9]
xTCPTimer               0x2001'7ed4      0x14  Data  Lc  FreeRTOS_IP_Timers.o [9]
xTCPTimerCheck           0x800'9d5d      0x7a  Code  Gb  FreeRTOS_Sockets.o [9]
xTCPTimerCheck::xLastTime
                        0x2001'805c       0x4  Data  Lc  FreeRTOS_Sockets.o [9]
xTCPWindowCreate         0x800'c3c1      0x96  Code  Gb  FreeRTOS_TCP_WIN.o [9]
xTCPWindowGetHead        0x800'c337      0x16  Code  Lc  FreeRTOS_TCP_WIN.o [9]
xTCPWindowLoggingLevel  0x2001'80b4       0x4  Data  Gb  FreeRTOS_TCP_WIN.o [9]
xTCPWindowNew            0x800'c2a7      0x66  Code  Lc  FreeRTOS_TCP_WIN.o [9]
xTCPWindowPeekHead       0x800'c34d       0xe  Code  Lc  FreeRTOS_TCP_WIN.o [9]
xTCPWindowRxEmpty        0x800'c31b      0x1c  Code  Gb  FreeRTOS_TCP_WIN.o [9]
xTCPWindowRxFind         0x800'c285      0x22  Code  Lc  FreeRTOS_TCP_WIN.o [9]
xTCPWindowTxDone         0x800'c6ab       0xc  Code  Gb  FreeRTOS_TCP_WIN.o [9]
xTCPWindowTxHasData      0x800'c6f7      0x66  Code  Gb  FreeRTOS_TCP_WIN.o [9]
xTXDescriptorSemaphore  0x2000'00b4       0x4  Data  Lc  NetworkInterface.o [16]
xTaskCheckForTimeOut     0x800'2347      0x60  Code  Gb  tasks.o [10]
xTaskCreate              0x800'1ce1      0x5c  Code  Gb  tasks.o [10]
xTaskCreateStatic        0x800'1c6d      0x74  Code  Gb  tasks.o [10]
xTaskGenericNotifyFromISR
                         0x800'2685     0x11c  Code  Gb  tasks.o [10]
xTaskGenericNotifyWait   0x800'25d7      0x8a  Code  Gb  tasks.o [10]
xTaskGetCurrentTaskHandle
                         0x800'23cd       0x8  Code  Gb  tasks.o [10]
xTaskGetSchedulerState   0x800'23d5      0x18  Code  Gb  tasks.o [10]
xTaskGetTickCount        0x800'1ff3       0x8  Code  Gb  tasks.o [10]
xTaskIncrementTick       0x800'1ffb     0x12c  Code  Gb  tasks.o [10]
xTaskPriorityDisinherit
                         0x800'2475      0x84  Code  Gb  tasks.o [10]
xTaskPriorityInherit     0x800'23ed      0x88  Code  Gb  tasks.o [10]
xTaskRemoveFromEventList
                         0x800'219b      0xbc  Code  Gb  tasks.o [10]
xTaskResumeAll           0x800'1eed      0xf0  Code  Gb  tasks.o [10]
xTasksWaitingTermination
                        0x2000'30f8      0x14  Data  Lc  tasks.o [10]
xTickCount              0x2000'3134       0x4  Data  Lc  tasks.o [10]
xYieldPendings          0x2000'3144       0x4  Data  Lc  tasks.o [10]


[1] = C:\Users\Koche\Desktop\Work\Smart Dispenser PRJ\gateway\EWARM\Gateway_407\Obj\App_6048373297342892631.dir
[2] = C:\Users\Koche\Desktop\Work\Smart Dispenser PRJ\gateway\EWARM\Gateway_407\Obj\CMSIS_6603591812247902717.dir
[3] = C:\Users\Koche\Desktop\Work\Smart Dispenser PRJ\gateway\EWARM\Gateway_407\Obj\Cli_11707894225168942927.dir
[4] = C:\Users\Koche\Desktop\Work\Smart Dispenser PRJ\gateway\EWARM\Gateway_407\Obj\Core_13247989168731456611.dir
[5] = C:\Users\Koche\Desktop\Work\Smart Dispenser PRJ\gateway\EWARM\Gateway_407\Obj\EWARM_18443280873093131863.dir
[6] = C:\Users\Koche\Desktop\Work\Smart Dispenser PRJ\gateway\EWARM\Gateway_407\Obj\Ethernet_5605320102233052314.dir
[7] = C:\Users\Koche\Desktop\Work\Smart Dispenser PRJ\gateway\EWARM\Gateway_407\Obj\Flash_13912709933827620245.dir
[8] = C:\Users\Koche\Desktop\Work\Smart Dispenser PRJ\gateway\EWARM\Gateway_407\Obj\FreeRTOS-Plu-Cli_11501085631675054166.dir
[9] = C:\Users\Koche\Desktop\Work\Smart Dispenser PRJ\gateway\EWARM\Gateway_407\Obj\FreeRTOS-Plus-TCP_16686340316780321206.dir
[10] = C:\Users\Koche\Desktop\Work\Smart Dispenser PRJ\gateway\EWARM\Gateway_407\Obj\FreeRTOS_15068288790229095433.dir
[11] = C:\Users\Koche\Desktop\Work\Smart Dispenser PRJ\gateway\EWARM\Gateway_407\Obj\Qr_16551614283803889394.dir
[12] = C:\Users\Koche\Desktop\Work\Smart Dispenser PRJ\gateway\EWARM\Gateway_407\Obj\STM32F4xx_HAL_Driver_1244631019742807970.dir
[13] = C:\Users\Koche\Desktop\Work\Smart Dispenser PRJ\gateway\EWARM\Gateway_407\Obj\Target_2794460481546860895.dir
[14] = C:\Users\Koche\Desktop\Work\Smart Dispenser PRJ\gateway\EWARM\Gateway_407\Obj\USB_Device_Library_15009154495834662892.dir
[15] = C:\Users\Koche\Desktop\Work\Smart Dispenser PRJ\gateway\EWARM\Gateway_407\Obj\portable_15954926109208205999.dir
[16] = C:\Users\Koche\Desktop\Work\Smart Dispenser PRJ\gateway\EWARM\Gateway_407\Obj\portable_7947777220660125680.dir
[17] = dl7M_tlf.a
[18] = m7M_tls.a
[19] = rt7M_tl.a
[20] = shb_l.a

   57'843 bytes of readonly  code memory
      492 bytes of readonly  data memory
  101'661 bytes of readwrite data memory

Errors: none
Warnings: none
