###############################################################################
#
# IAR ELF Linker V9.60.3.422/W64 for ARM                  30/Sep/2025  21:47:31
# Copyright 2007-2024 IAR Systems AB.
#
#    Output file  =
#        C:\Users\Koche\Desktop\Work\Smart Dispenser
#        PRJ\gateway\EWARM\Gateway_407\Exe\Gateway_407.out
#    Map file     =
#        C:\Users\Koche\Desktop\Work\Smart Dispenser
#        PRJ\gateway\EWARM\Gateway_407\List\Gateway_407.map
#    Command line =
#        -f "C:\Users\Koche\Desktop\Work\Smart Dispenser
#        PRJ\gateway\EWARM\Gateway_407\Exe\Gateway_407.out.rsp"
#        ("C:\Users\Koche\Desktop\Work\Smart Dispenser
#        PRJ\gateway\EWARM\Gateway_407\Obj\portable_7947777220660125680.dir\BufferAllocation_2.o"
#        "C:\Users\Koche\Desktop\Work\Smart Dispenser
#        PRJ\gateway\EWARM\Gateway_407\Obj\Cli_11707894225168942927.dir\cli.o"
#        "C:\Users\Koche\Desktop\Work\Smart Dispenser
#        PRJ\gateway\EWARM\Gateway_407\Obj\Cli_11707894225168942927.dir\cli_handlers.o"
#        "C:\Users\Koche\Desktop\Work\Smart Dispenser
#        PRJ\gateway\EWARM\Gateway_407\Obj\Cli_11707894225168942927.dir\cli_helper.o"
#        "C:\Users\Koche\Desktop\Work\Smart Dispenser
#        PRJ\gateway\EWARM\Gateway_407\Obj\Core_13247989168731456611.dir\dma.o"
#        "C:\Users\Koche\Desktop\Work\Smart Dispenser
#        PRJ\gateway\EWARM\Gateway_407\Obj\Ethernet_5605320102233052314.dir\eth.o"
#        "C:\Users\Koche\Desktop\Work\Smart Dispenser
#        PRJ\gateway\EWARM\Gateway_407\Obj\Ethernet_5605320102233052314.dir\eth_helper.o"
#        "C:\Users\Koche\Desktop\Work\Smart Dispenser
#        PRJ\gateway\EWARM\Gateway_407\Obj\FreeRTOS_15068288790229095433.dir\event_groups.o"
#        "C:\Users\Koche\Desktop\Work\Smart Dispenser
#        PRJ\gateway\EWARM\Gateway_407\Obj\Flash_13912709933827620245.dir\flash.o"
#        "C:\Users\Koche\Desktop\Work\Smart Dispenser
#        PRJ\gateway\EWARM\Gateway_407\Obj\FreeRTOS-Plus-TCP_16686340316780321206.dir\FreeRTOS_ARP.o"
#        "C:\Users\Koche\Desktop\Work\Smart Dispenser
#        PRJ\gateway\EWARM\Gateway_407\Obj\FreeRTOS-Plus-TCP_16686340316780321206.dir\FreeRTOS_BitConfig.o"
#        "C:\Users\Koche\Desktop\Work\Smart Dispenser
#        PRJ\gateway\EWARM\Gateway_407\Obj\FreeRTOS-Plu-Cli_11501085631675054166.dir\FreeRTOS_CLI.o"
#        "C:\Users\Koche\Desktop\Work\Smart Dispenser
#        PRJ\gateway\EWARM\Gateway_407\Obj\FreeRTOS-Plus-TCP_16686340316780321206.dir\FreeRTOS_DHCP.o"
#        "C:\Users\Koche\Desktop\Work\Smart Dispenser
#        PRJ\gateway\EWARM\Gateway_407\Obj\FreeRTOS-Plus-TCP_16686340316780321206.dir\FreeRTOS_DHCPv6.o"
#        "C:\Users\Koche\Desktop\Work\Smart Dispenser
#        PRJ\gateway\EWARM\Gateway_407\Obj\FreeRTOS-Plus-TCP_16686340316780321206.dir\FreeRTOS_DNS.o"
#        "C:\Users\Koche\Desktop\Work\Smart Dispenser
#        PRJ\gateway\EWARM\Gateway_407\Obj\FreeRTOS-Plus-TCP_16686340316780321206.dir\FreeRTOS_DNS_Cache.o"
#        "C:\Users\Koche\Desktop\Work\Smart Dispenser
#        PRJ\gateway\EWARM\Gateway_407\Obj\FreeRTOS-Plus-TCP_16686340316780321206.dir\FreeRTOS_DNS_Callback.o"
#        "C:\Users\Koche\Desktop\Work\Smart Dispenser
#        PRJ\gateway\EWARM\Gateway_407\Obj\FreeRTOS-Plus-TCP_16686340316780321206.dir\FreeRTOS_DNS_Networking.o"
#        "C:\Users\Koche\Desktop\Work\Smart Dispenser
#        PRJ\gateway\EWARM\Gateway_407\Obj\FreeRTOS-Plus-TCP_16686340316780321206.dir\FreeRTOS_DNS_Parser.o"
#        "C:\Users\Koche\Desktop\Work\Smart Dispenser
#        PRJ\gateway\EWARM\Gateway_407\Obj\FreeRTOS-Plus-TCP_16686340316780321206.dir\FreeRTOS_ICMP.o"
#        "C:\Users\Koche\Desktop\Work\Smart Dispenser
#        PRJ\gateway\EWARM\Gateway_407\Obj\FreeRTOS-Plus-TCP_16686340316780321206.dir\FreeRTOS_IP.o"
#        "C:\Users\Koche\Desktop\Work\Smart Dispenser
#        PRJ\gateway\EWARM\Gateway_407\Obj\FreeRTOS-Plus-TCP_16686340316780321206.dir\FreeRTOS_IP_Timers.o"
#        "C:\Users\Koche\Desktop\Work\Smart Dispenser
#        PRJ\gateway\EWARM\Gateway_407\Obj\FreeRTOS-Plus-TCP_16686340316780321206.dir\FreeRTOS_IP_Utils.o"
#        "C:\Users\Koche\Desktop\Work\Smart Dispenser
#        PRJ\gateway\EWARM\Gateway_407\Obj\FreeRTOS-Plus-TCP_16686340316780321206.dir\FreeRTOS_IPv4.o"
#        "C:\Users\Koche\Desktop\Work\Smart Dispenser
#        PRJ\gateway\EWARM\Gateway_407\Obj\FreeRTOS-Plus-TCP_16686340316780321206.dir\FreeRTOS_IPv4_Sockets.o"
#        "C:\Users\Koche\Desktop\Work\Smart Dispenser
#        PRJ\gateway\EWARM\Gateway_407\Obj\FreeRTOS-Plus-TCP_16686340316780321206.dir\FreeRTOS_IPv4_Utils.o"
#        "C:\Users\Koche\Desktop\Work\Smart Dispenser
#        PRJ\gateway\EWARM\Gateway_407\Obj\FreeRTOS-Plus-TCP_16686340316780321206.dir\FreeRTOS_IPv6.o"
#        "C:\Users\Koche\Desktop\Work\Smart Dispenser
#        PRJ\gateway\EWARM\Gateway_407\Obj\FreeRTOS-Plus-TCP_16686340316780321206.dir\FreeRTOS_IPv6_Sockets.o"
#        "C:\Users\Koche\Desktop\Work\Smart Dispenser
#        PRJ\gateway\EWARM\Gateway_407\Obj\FreeRTOS-Plus-TCP_16686340316780321206.dir\FreeRTOS_IPv6_Utils.o"
#        "C:\Users\Koche\Desktop\Work\Smart Dispenser
#        PRJ\gateway\EWARM\Gateway_407\Obj\FreeRTOS-Plus-TCP_16686340316780321206.dir\FreeRTOS_ND.o"
#        "C:\Users\Koche\Desktop\Work\Smart Dispenser
#        PRJ\gateway\EWARM\Gateway_407\Obj\FreeRTOS-Plus-TCP_16686340316780321206.dir\FreeRTOS_RA.o"
#        "C:\Users\Koche\Desktop\Work\Smart Dispenser
#        PRJ\gateway\EWARM\Gateway_407\Obj\FreeRTOS-Plus-TCP_16686340316780321206.dir\FreeRTOS_Routing.o"
#        "C:\Users\Koche\Desktop\Work\Smart Dispenser
#        PRJ\gateway\EWARM\Gateway_407\Obj\FreeRTOS-Plus-TCP_16686340316780321206.dir\FreeRTOS_Sockets.o"
#        "C:\Users\Koche\Desktop\Work\Smart Dispenser
#        PRJ\gateway\EWARM\Gateway_407\Obj\FreeRTOS-Plus-TCP_16686340316780321206.dir\FreeRTOS_Stream_Buffer.o"
#        "C:\Users\Koche\Desktop\Work\Smart Dispenser
#        PRJ\gateway\EWARM\Gateway_407\Obj\FreeRTOS-Plus-TCP_16686340316780321206.dir\FreeRTOS_TCP_IP.o"
#        "C:\Users\Koche\Desktop\Work\Smart Dispenser
#        PRJ\gateway\EWARM\Gateway_407\Obj\FreeRTOS-Plus-TCP_16686340316780321206.dir\FreeRTOS_TCP_IP_IPv4.o"
#        "C:\Users\Koche\Desktop\Work\Smart Dispenser
#        PRJ\gateway\EWARM\Gateway_407\Obj\FreeRTOS-Plus-TCP_16686340316780321206.dir\FreeRTOS_TCP_IP_IPv6.o"
#        "C:\Users\Koche\Desktop\Work\Smart Dispenser
#        PRJ\gateway\EWARM\Gateway_407\Obj\FreeRTOS-Plus-TCP_16686340316780321206.dir\FreeRTOS_TCP_Reception.o"
#        "C:\Users\Koche\Desktop\Work\Smart Dispenser
#        PRJ\gateway\EWARM\Gateway_407\Obj\FreeRTOS-Plus-TCP_16686340316780321206.dir\FreeRTOS_TCP_State_Handling.o"
#        "C:\Users\Koche\Desktop\Work\Smart Dispenser
#        PRJ\gateway\EWARM\Gateway_407\Obj\FreeRTOS-Plus-TCP_16686340316780321206.dir\FreeRTOS_TCP_State_Handling_IPv4.o"
#        "C:\Users\Koche\Desktop\Work\Smart Dispenser
#        PRJ\gateway\EWARM\Gateway_407\Obj\FreeRTOS-Plus-TCP_16686340316780321206.dir\FreeRTOS_TCP_State_Handling_IPv6.o"
#        "C:\Users\Koche\Desktop\Work\Smart Dispenser
#        PRJ\gateway\EWARM\Gateway_407\Obj\FreeRTOS-Plus-TCP_16686340316780321206.dir\FreeRTOS_TCP_Transmission.o"
#        "C:\Users\Koche\Desktop\Work\Smart Dispenser
#        PRJ\gateway\EWARM\Gateway_407\Obj\FreeRTOS-Plus-TCP_16686340316780321206.dir\FreeRTOS_TCP_Transmission_IPv4.o"
#        "C:\Users\Koche\Desktop\Work\Smart Dispenser
#        PRJ\gateway\EWARM\Gateway_407\Obj\FreeRTOS-Plus-TCP_16686340316780321206.dir\FreeRTOS_TCP_Transmission_IPv6.o"
#        "C:\Users\Koche\Desktop\Work\Smart Dispenser
#        PRJ\gateway\EWARM\Gateway_407\Obj\FreeRTOS-Plus-TCP_16686340316780321206.dir\FreeRTOS_TCP_Utils.o"
#        "C:\Users\Koche\Desktop\Work\Smart Dispenser
#        PRJ\gateway\EWARM\Gateway_407\Obj\FreeRTOS-Plus-TCP_16686340316780321206.dir\FreeRTOS_TCP_Utils_IPv4.o"
#        "C:\Users\Koche\Desktop\Work\Smart Dispenser
#        PRJ\gateway\EWARM\Gateway_407\Obj\FreeRTOS-Plus-TCP_16686340316780321206.dir\FreeRTOS_TCP_Utils_IPv6.o"
#        "C:\Users\Koche\Desktop\Work\Smart Dispenser
#        PRJ\gateway\EWARM\Gateway_407\Obj\FreeRTOS-Plus-TCP_16686340316780321206.dir\FreeRTOS_TCP_WIN.o"
#        "C:\Users\Koche\Desktop\Work\Smart Dispenser
#        PRJ\gateway\EWARM\Gateway_407\Obj\FreeRTOS-Plus-TCP_16686340316780321206.dir\FreeRTOS_Tiny_TCP.o"
#        "C:\Users\Koche\Desktop\Work\Smart Dispenser
#        PRJ\gateway\EWARM\Gateway_407\Obj\FreeRTOS-Plus-TCP_16686340316780321206.dir\FreeRTOS_UDP_IP.o"
#        "C:\Users\Koche\Desktop\Work\Smart Dispenser
#        PRJ\gateway\EWARM\Gateway_407\Obj\FreeRTOS-Plus-TCP_16686340316780321206.dir\FreeRTOS_UDP_IPv4.o"
#        "C:\Users\Koche\Desktop\Work\Smart Dispenser
#        PRJ\gateway\EWARM\Gateway_407\Obj\FreeRTOS-Plus-TCP_16686340316780321206.dir\FreeRTOS_UDP_IPv6.o"
#        "C:\Users\Koche\Desktop\Work\Smart Dispenser
#        PRJ\gateway\EWARM\Gateway_407\Obj\Gate_3448444589264835548.dir\gate.o"
#        "C:\Users\Koche\Desktop\Work\Smart Dispenser
#        PRJ\gateway\EWARM\Gateway_407\Obj\Core_13247989168731456611.dir\gpio.o"
#        "C:\Users\Koche\Desktop\Work\Smart Dispenser
#        PRJ\gateway\EWARM\Gateway_407\Obj\portable_15954926109208205999.dir\heap_4.o"
#        "C:\Users\Koche\Desktop\Work\Smart Dispenser
#        PRJ\gateway\EWARM\Gateway_407\Obj\Core_13247989168731456611.dir\iwdg.o"
#        "C:\Users\Koche\Desktop\Work\Smart Dispenser
#        PRJ\gateway\EWARM\Gateway_407\Obj\FreeRTOS_15068288790229095433.dir\list.o"
#        "C:\Users\Koche\Desktop\Work\Smart Dispenser
#        PRJ\gateway\EWARM\Gateway_407\Obj\Core_13247989168731456611.dir\main.o"
#        "C:\Users\Koche\Desktop\Work\Smart Dispenser
#        PRJ\gateway\EWARM\Gateway_407\Obj\portable_7947777220660125680.dir\NetworkInterface.o"
#        "C:\Users\Koche\Desktop\Work\Smart Dispenser
#        PRJ\gateway\EWARM\Gateway_407\Obj\portable_7947777220660125680.dir\phyHandling.o"
#        "C:\Users\Koche\Desktop\Work\Smart Dispenser
#        PRJ\gateway\EWARM\Gateway_407\Obj\portable_15954926109208205999.dir\port.o"
#        "C:\Users\Koche\Desktop\Work\Smart Dispenser
#        PRJ\gateway\EWARM\Gateway_407\Obj\portable_15954926109208205999.dir\portasm.o"
#        "C:\Users\Koche\Desktop\Work\Smart Dispenser
#        PRJ\gateway\EWARM\Gateway_407\Obj\FreeRTOS_15068288790229095433.dir\queue.o"
#        "C:\Users\Koche\Desktop\Work\Smart Dispenser
#        PRJ\gateway\EWARM\Gateway_407\Obj\Core_13247989168731456611.dir\spi.o"
#        "C:\Users\Koche\Desktop\Work\Smart Dispenser
#        PRJ\gateway\EWARM\Gateway_407\Obj\EWARM_18443280873093131863.dir\startup_stm32f407xx.o"
#        "C:\Users\Koche\Desktop\Work\Smart Dispenser
#        PRJ\gateway\EWARM\Gateway_407\Obj\STM32F4xx_HAL_Driver_1244631019742807970.dir\stm32f4xx_hal.o"
#        "C:\Users\Koche\Desktop\Work\Smart Dispenser
#        PRJ\gateway\EWARM\Gateway_407\Obj\STM32F4xx_HAL_Driver_1244631019742807970.dir\stm32f4xx_hal_cortex.o"
#        "C:\Users\Koche\Desktop\Work\Smart Dispenser
#        PRJ\gateway\EWARM\Gateway_407\Obj\STM32F4xx_HAL_Driver_1244631019742807970.dir\stm32f4xx_hal_dma.o"
#        "C:\Users\Koche\Desktop\Work\Smart Dispenser
#        PRJ\gateway\EWARM\Gateway_407\Obj\STM32F4xx_HAL_Driver_1244631019742807970.dir\stm32f4xx_hal_dma_ex.o"
#        "C:\Users\Koche\Desktop\Work\Smart Dispenser
#        PRJ\gateway\EWARM\Gateway_407\Obj\STM32F4xx_HAL_Driver_1244631019742807970.dir\stm32f4xx_hal_exti.o"
#        "C:\Users\Koche\Desktop\Work\Smart Dispenser
#        PRJ\gateway\EWARM\Gateway_407\Obj\STM32F4xx_HAL_Driver_1244631019742807970.dir\stm32f4xx_hal_flash.o"
#        "C:\Users\Koche\Desktop\Work\Smart Dispenser
#        PRJ\gateway\EWARM\Gateway_407\Obj\STM32F4xx_HAL_Driver_1244631019742807970.dir\stm32f4xx_hal_flash_ex.o"
#        "C:\Users\Koche\Desktop\Work\Smart Dispenser
#        PRJ\gateway\EWARM\Gateway_407\Obj\STM32F4xx_HAL_Driver_1244631019742807970.dir\stm32f4xx_hal_flash_ramfunc.o"
#        "C:\Users\Koche\Desktop\Work\Smart Dispenser
#        PRJ\gateway\EWARM\Gateway_407\Obj\STM32F4xx_HAL_Driver_1244631019742807970.dir\stm32f4xx_hal_gpio.o"
#        "C:\Users\Koche\Desktop\Work\Smart Dispenser
#        PRJ\gateway\EWARM\Gateway_407\Obj\STM32F4xx_HAL_Driver_1244631019742807970.dir\stm32f4xx_hal_iwdg.o"
#        "C:\Users\Koche\Desktop\Work\Smart Dispenser
#        PRJ\gateway\EWARM\Gateway_407\Obj\Core_13247989168731456611.dir\stm32f4xx_hal_msp.o"
#        "C:\Users\Koche\Desktop\Work\Smart Dispenser
#        PRJ\gateway\EWARM\Gateway_407\Obj\STM32F4xx_HAL_Driver_1244631019742807970.dir\stm32f4xx_hal_pcd.o"
#        "C:\Users\Koche\Desktop\Work\Smart Dispenser
#        PRJ\gateway\EWARM\Gateway_407\Obj\STM32F4xx_HAL_Driver_1244631019742807970.dir\stm32f4xx_hal_pcd_ex.o"
#        "C:\Users\Koche\Desktop\Work\Smart Dispenser
#        PRJ\gateway\EWARM\Gateway_407\Obj\STM32F4xx_HAL_Driver_1244631019742807970.dir\stm32f4xx_hal_pwr.o"
#        "C:\Users\Koche\Desktop\Work\Smart Dispenser
#        PRJ\gateway\EWARM\Gateway_407\Obj\STM32F4xx_HAL_Driver_1244631019742807970.dir\stm32f4xx_hal_pwr_ex.o"
#        "C:\Users\Koche\Desktop\Work\Smart Dispenser
#        PRJ\gateway\EWARM\Gateway_407\Obj\STM32F4xx_HAL_Driver_1244631019742807970.dir\stm32f4xx_hal_rcc.o"
#        "C:\Users\Koche\Desktop\Work\Smart Dispenser
#        PRJ\gateway\EWARM\Gateway_407\Obj\STM32F4xx_HAL_Driver_1244631019742807970.dir\stm32f4xx_hal_rcc_ex.o"
#        "C:\Users\Koche\Desktop\Work\Smart Dispenser
#        PRJ\gateway\EWARM\Gateway_407\Obj\STM32F4xx_HAL_Driver_1244631019742807970.dir\stm32f4xx_hal_spi.o"
#        "C:\Users\Koche\Desktop\Work\Smart Dispenser
#        PRJ\gateway\EWARM\Gateway_407\Obj\STM32F4xx_HAL_Driver_1244631019742807970.dir\stm32f4xx_hal_tim.o"
#        "C:\Users\Koche\Desktop\Work\Smart Dispenser
#        PRJ\gateway\EWARM\Gateway_407\Obj\STM32F4xx_HAL_Driver_1244631019742807970.dir\stm32f4xx_hal_tim_ex.o"
#        "C:\Users\Koche\Desktop\Work\Smart Dispenser
#        PRJ\gateway\EWARM\Gateway_407\Obj\Core_13247989168731456611.dir\stm32f4xx_hal_timebase_tim.o"
#        "C:\Users\Koche\Desktop\Work\Smart Dispenser
#        PRJ\gateway\EWARM\Gateway_407\Obj\Core_13247989168731456611.dir\stm32f4xx_it.o"
#        "C:\Users\Koche\Desktop\Work\Smart Dispenser
#        PRJ\gateway\EWARM\Gateway_407\Obj\STM32F4xx_HAL_Driver_1244631019742807970.dir\stm32f4xx_ll_dma.o"
#        "C:\Users\Koche\Desktop\Work\Smart Dispenser
#        PRJ\gateway\EWARM\Gateway_407\Obj\STM32F4xx_HAL_Driver_1244631019742807970.dir\stm32f4xx_ll_exti.o"
#        "C:\Users\Koche\Desktop\Work\Smart Dispenser
#        PRJ\gateway\EWARM\Gateway_407\Obj\STM32F4xx_HAL_Driver_1244631019742807970.dir\stm32f4xx_ll_gpio.o"
#        "C:\Users\Koche\Desktop\Work\Smart Dispenser
#        PRJ\gateway\EWARM\Gateway_407\Obj\STM32F4xx_HAL_Driver_1244631019742807970.dir\stm32f4xx_ll_rcc.o"
#        "C:\Users\Koche\Desktop\Work\Smart Dispenser
#        PRJ\gateway\EWARM\Gateway_407\Obj\STM32F4xx_HAL_Driver_1244631019742807970.dir\stm32f4xx_ll_tim.o"
#        "C:\Users\Koche\Desktop\Work\Smart Dispenser
#        PRJ\gateway\EWARM\Gateway_407\Obj\STM32F4xx_HAL_Driver_1244631019742807970.dir\stm32f4xx_ll_usart.o"
#        "C:\Users\Koche\Desktop\Work\Smart Dispenser
#        PRJ\gateway\EWARM\Gateway_407\Obj\STM32F4xx_HAL_Driver_1244631019742807970.dir\stm32f4xx_ll_usb.o"
#        "C:\Users\Koche\Desktop\Work\Smart Dispenser
#        PRJ\gateway\EWARM\Gateway_407\Obj\STM32F4xx_HAL_Driver_1244631019742807970.dir\stm32f4xx_ll_utils.o"
#        "C:\Users\Koche\Desktop\Work\Smart Dispenser
#        PRJ\gateway\EWARM\Gateway_407\Obj\portable_7947777220660125680.dir\stm32fxx_hal_eth.o"
#        "C:\Users\Koche\Desktop\Work\Smart Dispenser
#        PRJ\gateway\EWARM\Gateway_407\Obj\FreeRTOS_15068288790229095433.dir\stream_buffer.o"
#        "C:\Users\Koche\Desktop\Work\Smart Dispenser
#        PRJ\gateway\EWARM\Gateway_407\Obj\System_11455613988876714787.dir\system.o"
#        "C:\Users\Koche\Desktop\Work\Smart Dispenser
#        PRJ\gateway\EWARM\Gateway_407\Obj\CMSIS_6603591812247902717.dir\system_stm32f4xx.o"
#        "C:\Users\Koche\Desktop\Work\Smart Dispenser
#        PRJ\gateway\EWARM\Gateway_407\Obj\System_11455613988876714787.dir\system_thread.o"
#        "C:\Users\Koche\Desktop\Work\Smart Dispenser
#        PRJ\gateway\EWARM\Gateway_407\Obj\System_11455613988876714787.dir\system_uart.o"
#        "C:\Users\Koche\Desktop\Work\Smart Dispenser
#        PRJ\gateway\EWARM\Gateway_407\Obj\FreeRTOS_15068288790229095433.dir\tasks.o"
#        "C:\Users\Koche\Desktop\Work\Smart Dispenser
#        PRJ\gateway\EWARM\Gateway_407\Obj\Core_13247989168731456611.dir\tim.o"
#        "C:\Users\Koche\Desktop\Work\Smart Dispenser
#        PRJ\gateway\EWARM\Gateway_407\Obj\FreeRTOS_15068288790229095433.dir\timers.o"
#        "C:\Users\Koche\Desktop\Work\Smart Dispenser
#        PRJ\gateway\EWARM\Gateway_407\Obj\App_6048373297342892631.dir\usb_device.o"
#        "C:\Users\Koche\Desktop\Work\Smart Dispenser
#        PRJ\gateway\EWARM\Gateway_407\Obj\USB_Device_Library_15009154495834662892.dir\usbd_cdc.o"
#        "C:\Users\Koche\Desktop\Work\Smart Dispenser
#        PRJ\gateway\EWARM\Gateway_407\Obj\App_6048373297342892631.dir\usbd_cdc_if.o"
#        "C:\Users\Koche\Desktop\Work\Smart Dispenser
#        PRJ\gateway\EWARM\Gateway_407\Obj\Target_2794460481546860895.dir\usbd_conf.o"
#        "C:\Users\Koche\Desktop\Work\Smart Dispenser
#        PRJ\gateway\EWARM\Gateway_407\Obj\USB_Device_Library_15009154495834662892.dir\usbd_core.o"
#        "C:\Users\Koche\Desktop\Work\Smart Dispenser
#        PRJ\gateway\EWARM\Gateway_407\Obj\USB_Device_Library_15009154495834662892.dir\usbd_ctlreq.o"
#        "C:\Users\Koche\Desktop\Work\Smart Dispenser
#        PRJ\gateway\EWARM\Gateway_407\Obj\App_6048373297342892631.dir\usbd_desc.o"
#        "C:\Users\Koche\Desktop\Work\Smart Dispenser
#        PRJ\gateway\EWARM\Gateway_407\Obj\USB_Device_Library_15009154495834662892.dir\usbd_ioreq.o"
#        --no_out_extension -o "C:\Users\Koche\Desktop\Work\Smart Dispenser
#        PRJ\gateway\EWARM\Gateway_407\Exe\Gateway_407.out" --redirect
#        _Printf=_PrintfFullNoMb --redirect _Scanf=_ScanfFullNoMb --map
#        "C:\Users\Koche\Desktop\Work\Smart Dispenser
#        PRJ\gateway\EWARM\Gateway_407\List\Gateway_407.map" --config
#        "C:\Users\Koche\Desktop\Work\Smart Dispenser
#        PRJ\gateway\EWARM/stm32f407xx_flash.icf" --semihosting --entry
#        __iar_program_start --redirect __iar_sh_stdout=__iar_sh_stdout_swo
#        --vfe --text_out locale --cpu=Cortex-M4 --fpu=VFPv4_sp)
#        --dependencies=n "C:\Users\Koche\Desktop\Work\Smart Dispenser
#        PRJ\gateway\EWARM\Gateway_407\Exe\Gateway_407.out.iar_deps"
#
###############################################################################

*******************************************************************************
*** RUNTIME MODEL ATTRIBUTES
***

CppFlavor        = *
__CPP_Exceptions = Disabled
__CPP_Language   = C++14
__CPP_Library    = DLib
__CPP_Runtime    = 1
__SystemLibrary  = DLib
__dlib_version   = 6


*******************************************************************************
*** HEAP SELECTION
***

The basic heap was selected because --advanced_heap
was not specified and the application did not appear to
be primarily optimized for speed.


*******************************************************************************
*** PLACEMENT SUMMARY
***

"A0":  place at address 0x800'0000 { ro section .intvec };
"P2":  place in [from 0x800'0000 to 0x80f'ffff] { ro };
define block CSTACK with size = 1K, alignment = 8 { };
define block HEAP with size = 512, alignment = 8 { };
"P3":  place in [from 0x2000'0000 to 0x2001'ffff] {
          rw, block CSTACK, block HEAP };
initialize by copy { rw };

No sections matched the following patterns:

  section .ccmram  in "P1"


  Section            Kind         Address  Alignment      Size  Object
  -------            ----         -------  ---------      ----  ------
"A0":                                                    0x188
  .intvec            ro code   0x800'0000          4     0x188  startup_stm32f407xx.o [5]
                             - 0x800'0188                0x188

"P2":                                                 0x1'234b
  .text              ro code   0x800'0188          4    0x11f8  FreeRTOS_Sockets.o [9]
  .text              ro code   0x800'1380          2      0x90  list.o [10]
  .text              ro code   0x800'1410          4     0x6bc  FreeRTOS_IP.o [9]
  .text              ro code   0x800'1acc          4     0x228  heap_4.o [16]
  .text              ro code   0x800'1cf4          4     0x21c  event_groups.o [10]
  .text              ro code   0x800'1f10          4       0x6  ABImemclr.o [20]
  .text              ro code   0x800'1f16          2      0x7e  lz77_init_single.o [20]
  .text              ro code   0x800'1f94          4     0x238  FreeRTOS_IP_Utils.o [9]
  .text              ro code   0x800'21cc          4    0x1150  tasks.o [10]
  .text              ro code   0x800'331c          2      0xe2  FreeRTOS_IPv4_Sockets.o [9]
  .text              ro code   0x800'33fe          2      0x1a  xsnprout.o [18]
  .text              ro code   0x800'3418          4      0x18  ABImemcpy_small.o [20]
  .text              ro code   0x800'3430          4     0x200  FreeRTOS_IPv6_Sockets.o [9]
  .text              ro code   0x800'3630          4     0x17c  BufferAllocation_2.o [17]
  .text              ro code   0x800'37ac          4      0x5c  eth_helper.o [6]
  .text              ro code   0x800'3808          4     0x508  FreeRTOS_Routing.o [9]
  .text              ro code   0x800'3d10          4     0x784  FreeRTOS_TCP_WIN.o [9]
  .text              ro code   0x800'4494          4     0x51c  FreeRTOS_TCP_IP.o [9]
  .text              ro code   0x800'49b0          2     0x1a0  FreeRTOS_Stream_Buffer.o [9]
  .text              ro code   0x800'4b50          4       0x6  ABImemclr4.o [20]
  .rodata            const     0x800'4b56          2       0x2  xlocale_c.o [18]
  .text              ro code   0x800'4b58          4     0x218  FreeRTOS_IP_Timers.o [9]
  .text              ro code   0x800'4d70          4     0x820  queue.o [10]
  .text              ro code   0x800'5590          4     0x3b4  FreeRTOS_RA.o [9]
  .text              ro code   0x800'5944          2      0x6a  FreeRTOS_UDP_IP.o [9]
  .rodata            const     0x800'59ae          2       0x2  xlocale_c.o [18]
  .text              ro code   0x800'59b0          4     0x64c  FreeRTOS_ARP.o [9]
  .text              ro code   0x800'5ffc          4     0x63c  FreeRTOS_ND.o [9]
  .text              ro code   0x800'6638          4     0x1dc  FreeRTOS_IPv4.o [9]
  .text              ro code   0x800'6814          4     0x318  FreeRTOS_IPv6.o [9]
  .text              ro code   0x800'6b2c          2      0x46  FreeRTOS_ICMP.o [9]
  .text              ro code   0x800'6b72          2      0xfe  FreeRTOS_IPv6_Utils.o [9]
  .text              ro code   0x800'6c70          4      0x1e  memcmp_small.o [20]
  .rodata            const     0x800'6c8e                  0x1  unwind_debug.o [21]
  .rodata            const     0x800'6c8f                  0x1  xlocale_c.o [18]
  .text              ro code   0x800'6c90          4     0x216  port.o [16]
  .text              ro code   0x800'6ea8          4      0x12  ABImemset_small.o [20]
  .text              ro code   0x800'6ebc          4      0x3a  ABImemset48.o [20]
  .text              ro code   0x800'6ef8          4     0x448  timers.o [10]
  .text              ro code   0x800'7340          4       0xc  stm32f4xx_hal.o [12]
  .text              ro code   0x800'734c          4     0x5f8  FreeRTOS_TCP_Transmission.o [9]
  .text              ro code   0x800'7944          4     0x58a  FreeRTOS_TCP_State_Handling.o [9]
  .text              ro code   0x800'7ed0          4     0x106  I64DivMod_small.o [20]
  .text              ro code   0x800'7fd6          2     0x2be  FreeRTOS_TCP_Reception.o [9]
  .text              ro code   0x800'8294          4     0x188  FreeRTOS_UDP_IPv4.o [9]
  .text              ro code   0x800'841c          2     0x1ae  FreeRTOS_UDP_IPv6.o [9]
  .text              ro code   0x800'85ca          2      0x30  FreeRTOS_IPv4_Utils.o [9]
  .text              ro code   0x800'85fc          4      0x1e  ABImemmove_small.o [20]
  .text              ro code   0x800'861c          4      0x28  port.o [16]
  CODE               ro code   0x800'8644          4      0xb0  portasm.o [16]
  .text              ro code   0x800'86f4          2     0x318  FreeRTOS_TCP_Transmission_IPv6.o [9]
  .text              ro code   0x800'8a0c          4     0x2c2  FreeRTOS_TCP_Transmission_IPv4.o [9]
  .text              ro code   0x800'8cce          2     0x13c  FreeRTOS_TCP_State_Handling_IPv4.o [9]
  .text              ro code   0x800'8e0a          2     0x132  FreeRTOS_TCP_State_Handling_IPv6.o [9]
  .text              ro code   0x800'8f3c          4       0x2  I64DivZer.o [20]
  .text              ro code   0x800'8f3e          2      0x16  FreeRTOS_TCP_Utils.o [9]
  .text              ro code   0x800'8f54          2      0x3e  FreeRTOS_TCP_Utils_IPv4.o [9]
  .text              ro code   0x800'8f92          2      0x2c  FreeRTOS_TCP_Utils_IPv6.o [9]
  .text              ro code   0x800'8fc0          4     0xece  xprintffull_nomb.o [18]
  .text              ro code   0x800'9e90          4      0x16  strchr.o [20]
  .text              ro code   0x800'9ea8          4      0x40  xfail_s.o [18]
  .text              ro code   0x800'9ee8          4      0x14  strlen_small.o [20]
  .text              ro code   0x800'9efc          4      0x58  memchr.o [20]
  .text              ro code   0x800'9f54          4      0x70  frexp.o [19]
  .text              ro code   0x800'9fc4          4      0x34  DblCmpLe.o [19]
  .text              ro code   0x800'9ff8          4      0x34  DblCmpGe.o [19]
  .text              ro code   0x800'a02c          4     0x13a  ldexp.o [19]
  .text              ro code   0x800'a168          4      0x36  DblToS32.o [19]
  .text              ro code   0x800'a1a0          4      0x22  S32ToDbl.o [19]
  .text              ro code   0x800'a1c4          4     0x24e  DblAddSub.o [19]
  .text              ro code   0x800'a414          4     0x246  DblDiv.o [19]
  .text              ro code   0x800'a65c          4      0x22  DblToU32.o [19]
  .text              ro code   0x800'a680          4      0x1c  U32ToDbl.o [19]
  .text              ro code   0x800'a69c          4     0x1aa  DblMul.o [19]
  .text              ro code   0x800'a848          4      0x3c  xlocale_c.o [18]
  .text              ro code   0x800'a884          2       0x6  abort.o [18]
  .text              ro code   0x800'a88c          4      0x14  exit.o [21]
  .text              ro code   0x800'a8a0          4     0x9ec  stm32f4xx_ll_usb.o [12]
  .text              ro code   0x800'b28c          4      0x28  stm32f4xx_hal.o [12]
  .text              ro code   0x800'b2b4          4     0x990  stm32f4xx_hal_pcd.o [12]
  .text              ro code   0x800'bc44          4     0x24c  usbd_conf.o [14]
  .text              ro code   0x800'be90          2       0x2  stm32f4xx_hal_pcd_ex.o [12]
  .text              ro code   0x800'be94          4     0x17c  stm32f4xx_hal_rcc.o [12]
  .text              ro code   0x800'c010          4     0x1ec  stm32f4xx_hal_gpio.o [12]
  .text              ro code   0x800'c1fc          4      0x90  stm32f4xx_hal_cortex.o [12]
  .text              ro code   0x800'c28c          2     0x362  usbd_core.o [15]
  .text              ro code   0x800'c5f0          4      0xe8  main.o [4]
  .text              ro code   0x800'c6d8          2      0x4a  stm32f4xx_hal_pcd_ex.o [12]
  .text              ro code   0x800'c724          4      0x60  stm32f4xx_hal_rcc.o [12]
  .text              ro code   0x800'c784          4      0xa0  stm32f4xx_hal_timebase_tim.o [4]
  .text              ro code   0x800'c824          4     0x504  usbd_ctlreq.o [15]
  .text              ro code   0x800'cd28          2      0x64  usbd_ioreq.o [15]
  .text              ro code   0x800'cd8c          4      0x34  stm32f4xx_hal.o [12]
  .text              ro code   0x800'cdc0          4     0x282  gpio.o [4]
  .text              ro code   0x800'd044          4      0x64  dma.o [4]
  .text              ro code   0x800'd0a8          4      0x54  usb_device.o [1]
  .text              ro code   0x800'd0fc          4     0x1f4  tim.o [4]
  .text              ro code   0x800'd2f0          4      0x2c  iwdg.o [4]
  .text              ro code   0x800'd31c          4      0xc0  system.o [13]
  .text              ro code   0x800'd3dc          4     0x310  stm32f4xx_hal_rcc.o [12]
  .text              ro code   0x800'd6ec          4      0x10  stm32f4xx_hal.o [12]
  .text              ro code   0x800'd6fc          4     0x7e6  stm32f4xx_hal_tim.o [12]
  .text              ro code   0x800'dee4          4      0x38  stm32f4xx_hal_msp.o [4]
  .text              ro code   0x800'df1c          4      0xee  stm32f4xx_ll_gpio.o [12]
  .text              ro code   0x800'e00c          4      0xb0  stm32f4xx_ll_exti.o [12]
  .text              ro code   0x800'e0bc          4     0x40e  usbd_cdc.o [15]
  .text              ro code   0x800'e4cc          4      0xc0  stm32f4xx_ll_tim.o [12]
  .text              ro code   0x800'e58c          2      0x62  stm32f4xx_hal_iwdg.o [12]
  .text              ro code   0x800'e5f0          4      0xf0  cli.o [3]
  .text              ro code   0x800'e6e0          4     0x124  flash.o [7]
  .text              ro code   0x800'e804          4      0x28  printf.o [18]
  .text              ro code   0x800'e82c          4     0x600  eth.o [6]
  .text              ro code   0x800'ee2c          4      0xfc  system_thread.o [13]
  .text              ro code   0x800'ef28          4     0x290  system_uart.o [13]
  .text              ro code   0x800'f1b8          4     0x3b8  gate.o [11]
  .text              ro code   0x800'f570          2       0x2  stm32f4xx_hal_tim.o [12]
  .text              ro code   0x800'f572          2       0x2  stm32f4xx_hal_tim.o [12]
  .text              ro code   0x800'f574          2       0x2  stm32f4xx_hal_tim.o [12]
  .text              ro code   0x800'f576          2       0x2  stm32f4xx_hal_tim_ex.o [12]
  .text              ro code   0x800'f578          2       0x2  stm32f4xx_hal_tim.o [12]
  .text              ro code   0x800'f57a          2       0x2  stm32f4xx_hal_tim_ex.o [12]
  .text              ro code   0x800'f57c          2       0x2  stm32f4xx_hal_tim.o [12]
  .text              ro code   0x800'f580          4     0x1b4  FreeRTOS_CLI.o [8]
  .text              ro code   0x800'f734          4      0x78  usbd_cdc_if.o [1]
  .text              ro code   0x800'f7ac          4     0x1e8  stm32f4xx_hal_flash.o [12]
  .text              ro code   0x800'f994          4     0x15c  stm32f4xx_hal_flash_ex.o [12]
  .text              ro code   0x800'faf0          4     0x654  NetworkInterface.o [17]
  .text              ro code   0x801'0144          2      0x2c  strstr.o [18]
  .text              ro code   0x801'0170          4     0x10c  stm32f4xx_ll_usart.o [12]
  .text              ro code   0x801'027c          4      0xb4  spi.o [4]
  .text              ro code   0x801'0330          2      0x2a  strncmp.o [18]
  .text              ro code   0x801'035c          4      0x1e  strncpy_small.o [20]
  .text              ro code   0x801'037c          4      0x9c  cli_helper.o [3]
  .text              ro code   0x801'0418          4     0x676  stm32fxx_hal_eth.o [17]
  .text              ro code   0x801'0a90          4     0x530  phyHandling.o [17]
  .text              ro code   0x801'0fc0          4      0x44  snprintf.o [18]
  .text              ro code   0x801'1004          4      0xb8  stm32f4xx_ll_rcc.o [12]
  .text              ro code   0x801'10bc          4      0xc8  stm32f4xx_hal_spi.o [12]
  .text              ro code   0x801'1184          2       0x2  stm32fxx_hal_eth.o [17]
  .text              ro code   0x801'1188          4     0x748  cli_handlers.o [3]
  .text              ro code   0x801'18d0          4      0x12  strcmp.o [20]
  .text              ro code   0x801'18e4          4     0x136  iar_Stoulx.o [18]
  .text              ro code   0x801'1a1a          2      0x14  isspace.o [18]
  .text              ro code   0x801'1a2e          2      0x14  tolower.o [18]
  .text              ro code   0x801'1a44          4     0x100  usbd_desc.o [1]
  .text              ro code   0x801'1b44          4      0xc8  stm32f4xx_it.o [4]
  .rodata            const     0x801'1c0c          4      0xa8  FreeRTOS_CLI.o [8]
  .rodata            const     0x801'1cb4          4      0xa0  cli_handlers.o [3]
  .rodata            const     0x801'1d54          4      0x80  cli.o [3]
  .rodata            const     0x801'1dd4          4      0x78  cli_handlers.o [3]
  .rodata            const     0x801'1e4c          4      0x70  cli.o [3]
  .rodata            const     0x801'1ebc          4      0x50  iar_Stoulx.o [18]
  .text              ro code   0x801'1f0c          4      0x4c  iarwstdswo.o [21]
  .text              ro code   0x801'1f58          4      0x44  putchar.o [18]
  .text              ro code   0x801'1f9c          2      0x10  write.o [21]
  .text              ro code   0x801'1fac          2      0x1e  dwrite.o [21]
  .text              ro code   0x801'1fca          2      0x22  iarwrite.o [21]
  .text              ro code   0x801'1fec          2      0x38  zero_init3.o [20]
  .rodata            const     0x801'2024          4      0x30  FreeRTOS_CLI.o [8]
  .rodata            const     0x801'2054          4      0x28  FreeRTOS_ARP.o [9]
  .text              ro code   0x801'207c          4      0x28  data_init.o [20]
  .rodata            const     0x801'20a4          4      0x24  system_thread.o [13]
  .text              ro code   0x801'20c8          4      0x22  fpinit_M.o [19]
  .iar.init_table    const     0x801'20ec          4      0x20  - Linker created -
  .text              ro code   0x801'210c          4      0x20  system_stm32f4xx.o [2]
  .text              ro code   0x801'212c          4      0x1e  cmain.o [20]
  .text              ro code   0x801'214a          2       0x4  low_level_init.o [18]
  .text              ro code   0x801'214e          2       0x4  exit.o [18]
  .text              ro code   0x801'2154          4       0xa  cexit.o [20]
  .text              ro code   0x801'2160          4      0x1c  cstartup_M.o [20]
  .rodata            const     0x801'217c          4      0x18  cli.o [3]
  .text              ro code   0x801'2194          2      0x16  xprout.o [18]
  .rodata            const     0x801'21ac          4      0x10  FreeRTOS_CLI.o [8]
  .text              ro code   0x801'21bc          4      0x10  startup_stm32f407xx.o [5]
  .rodata            const     0x801'21cc          4       0x8  cli.o [3]
  .rodata            const     0x801'21d4          4       0x8  FreeRTOS_CLI.o [8]
  .rodata            const     0x801'21dc          4       0x8  system_stm32f4xx.o [2]
  .rodata            const     0x801'21e4          4       0x4  BufferAllocation_2.o [17]
  .rodata            const     0x801'21e8          4       0x4  cli.o [3]
  .rodata            const     0x801'21ec          4       0x4  cli.o [3]
  .text              ro code   0x801'21f0          2       0x4  startup_stm32f407xx.o [5]
  .text              ro code   0x801'21f4          2       0x4  startup_stm32f407xx.o [5]
  .text              ro code   0x801'21f8          2       0x4  startup_stm32f407xx.o [5]
  .text              ro code   0x801'21fc          2       0x4  startup_stm32f407xx.o [5]
  .text              ro code   0x801'2200          2       0x4  startup_stm32f407xx.o [5]
  .text              ro code   0x801'2204          2       0x4  startup_stm32f407xx.o [5]
  .text              ro code   0x801'2208          2       0x4  startup_stm32f407xx.o [5]
  .text              ro code   0x801'220c          2       0x4  startup_stm32f407xx.o [5]
  .text              ro code   0x801'2210          2       0x4  startup_stm32f407xx.o [5]
  .text              ro code   0x801'2214          2       0x4  startup_stm32f407xx.o [5]
  .text              ro code   0x801'2218          2       0x4  startup_stm32f407xx.o [5]
  .text              ro code   0x801'221c          2       0x4  startup_stm32f407xx.o [5]
  .text              ro code   0x801'2220          2       0x4  startup_stm32f407xx.o [5]
  .text              ro code   0x801'2224          2       0x4  startup_stm32f407xx.o [5]
  .text              ro code   0x801'2228          2       0x4  startup_stm32f407xx.o [5]
  .text              ro code   0x801'222c          2       0x4  startup_stm32f407xx.o [5]
  .text              ro code   0x801'2230          2       0x4  startup_stm32f407xx.o [5]
  .text              ro code   0x801'2234          2       0x4  startup_stm32f407xx.o [5]
  .text              ro code   0x801'2238          2       0x4  startup_stm32f407xx.o [5]
  .text              ro code   0x801'223c          2       0x4  startup_stm32f407xx.o [5]
  .text              ro code   0x801'2240          2       0x4  startup_stm32f407xx.o [5]
  .text              ro code   0x801'2244          2       0x4  startup_stm32f407xx.o [5]
  .text              ro code   0x801'2248          2       0x4  startup_stm32f407xx.o [5]
  .text              ro code   0x801'224c          2       0x4  startup_stm32f407xx.o [5]
  .text              ro code   0x801'2250          2       0x4  startup_stm32f407xx.o [5]
  .text              ro code   0x801'2254          2       0x4  startup_stm32f407xx.o [5]
  .text              ro code   0x801'2258          2       0x4  startup_stm32f407xx.o [5]
  .text              ro code   0x801'225c          2       0x4  startup_stm32f407xx.o [5]
  .text              ro code   0x801'2260          2       0x4  startup_stm32f407xx.o [5]
  .text              ro code   0x801'2264          2       0x4  startup_stm32f407xx.o [5]
  .text              ro code   0x801'2268          2       0x4  startup_stm32f407xx.o [5]
  .text              ro code   0x801'226c          2       0x4  startup_stm32f407xx.o [5]
  .text              ro code   0x801'2270          2       0x4  startup_stm32f407xx.o [5]
  .text              ro code   0x801'2274          2       0x4  startup_stm32f407xx.o [5]
  .text              ro code   0x801'2278          2       0x4  startup_stm32f407xx.o [5]
  .text              ro code   0x801'227c          2       0x4  startup_stm32f407xx.o [5]
  .text              ro code   0x801'2280          2       0x4  startup_stm32f407xx.o [5]
  .text              ro code   0x801'2284          2       0x4  startup_stm32f407xx.o [5]
  .text              ro code   0x801'2288          2       0x4  startup_stm32f407xx.o [5]
  .text              ro code   0x801'228c          2       0x4  startup_stm32f407xx.o [5]
  .text              ro code   0x801'2290          2       0x4  startup_stm32f407xx.o [5]
  .text              ro code   0x801'2294          2       0x4  startup_stm32f407xx.o [5]
  .text              ro code   0x801'2298          2       0x4  startup_stm32f407xx.o [5]
  .text              ro code   0x801'229c          2       0x4  startup_stm32f407xx.o [5]
  .text              ro code   0x801'22a0          2       0x4  startup_stm32f407xx.o [5]
  .text              ro code   0x801'22a4          2       0x4  startup_stm32f407xx.o [5]
  .text              ro code   0x801'22a8          2       0x4  startup_stm32f407xx.o [5]
  .text              ro code   0x801'22ac          2       0x4  startup_stm32f407xx.o [5]
  .text              ro code   0x801'22b0          2       0x4  startup_stm32f407xx.o [5]
  .text              ro code   0x801'22b4          2       0x4  startup_stm32f407xx.o [5]
  .text              ro code   0x801'22b8          2       0x4  startup_stm32f407xx.o [5]
  .text              ro code   0x801'22bc          2       0x4  startup_stm32f407xx.o [5]
  .text              ro code   0x801'22c0          2       0x4  startup_stm32f407xx.o [5]
  .text              ro code   0x801'22c4          2       0x4  startup_stm32f407xx.o [5]
  .text              ro code   0x801'22c8          2       0x4  startup_stm32f407xx.o [5]
  .text              ro code   0x801'22cc          2       0x4  startup_stm32f407xx.o [5]
  .text              ro code   0x801'22d0          2       0x4  startup_stm32f407xx.o [5]
  .text              ro code   0x801'22d4          2       0x4  startup_stm32f407xx.o [5]
  .text              ro code   0x801'22d8          2       0x4  startup_stm32f407xx.o [5]
  .text              ro code   0x801'22dc          2       0x4  startup_stm32f407xx.o [5]
  .text              ro code   0x801'22e0          2       0x4  startup_stm32f407xx.o [5]
  .text              ro code   0x801'22e4          2       0x4  startup_stm32f407xx.o [5]
  .text              ro code   0x801'22e8          2       0x4  startup_stm32f407xx.o [5]
  .text              ro code   0x801'22ec          2       0x4  startup_stm32f407xx.o [5]
  .text              ro code   0x801'22f0          2       0x4  startup_stm32f407xx.o [5]
  .text              ro code   0x801'22f4          2       0x4  startup_stm32f407xx.o [5]
  .text              ro code   0x801'22f8          2       0x4  startup_stm32f407xx.o [5]
  .text              ro code   0x801'22fc          2       0x4  startup_stm32f407xx.o [5]
  .text              ro code   0x801'2300          2       0x4  startup_stm32f407xx.o [5]
  .text              ro code   0x801'2304          2       0x4  startup_stm32f407xx.o [5]
  .text              ro code   0x801'2308          2       0x4  startup_stm32f407xx.o [5]
  .text              ro code   0x801'230c          2       0x4  startup_stm32f407xx.o [5]
  .text              ro code   0x801'2310          2       0x4  startup_stm32f407xx.o [5]
  .rodata            const     0x801'2314                  0x0  zero_init3.o [20]
  .rodata            const     0x801'2314                  0x0  lz77_init_single.o [20]
  Initializer bytes  const     0x801'2314                0x1bf  <for P3-1>
                             - 0x801'24d3             0x1'234b

"P3", part 1 of 3:                                      0x3350
  P3-1                        0x2000'0000               0x3350  <Init block>
    .data            inited   0x2000'0000          4      0x74  FreeRTOS_ARP.o [9]
    .data            inited   0x2000'0074          4      0x10  FreeRTOS_CLI.o [8]
    .data            inited   0x2000'0084          4       0x4  FreeRTOS_CLI.o [8]
    .data            inited   0x2000'0088          4    0x3054  NetworkInterface.o [17]
    .data            inited   0x2000'30dc          4       0xc  port.o [16]
    .data            inited   0x2000'30e8          4       0xc  stm32f4xx_hal.o [12]
    .data            inited   0x2000'30f4          4       0x4  system_stm32f4xx.o [2]
    .data            inited   0x2000'30f8          4      0xa4  tasks.o [10]
    .data            inited   0x2000'319c          4       0xc  usbd_cdc.o [15]
    .data            inited   0x2000'31a8          4      0x38  usbd_cdc.o [15]
    .data            inited   0x2000'31e0          4      0x44  usbd_cdc.o [15]
    .data            inited   0x2000'3224          4      0x14  usbd_cdc_if.o [1]
    .data            inited   0x2000'3238          4      0x1c  usbd_desc.o [1]
    .data            inited   0x2000'3254          4      0x14  usbd_desc.o [1]
    .data            inited   0x2000'3268          4       0x4  usbd_desc.o [1]
    .data            inited   0x2000'326c          4      0x1c  usbd_desc.o [1]
    .data            inited   0x2000'3288          4      0x38  xlocale_c.o [18]
    .data            inited   0x2000'32c0          4      0x48  xlocale_c.o [18]
    .data            inited   0x2000'3308          4      0x48  xfiles.o [18]
                            - 0x2000'3350               0x3350

"P3", part 2 of 3:                                    0x1'7d40
  .bss               zero     0x2000'3350          4  0x1'041c  heap_4.o [16]
  .bss               zero     0x2001'376c          4      0x6c  FreeRTOS_Routing.o [9]
  .bss               zero     0x2001'37d8          8    0x1de8  system.o [13]
  .bss               zero     0x2001'55c0          4    0x1000  usbd_cdc_if.o [1]
  .bss               zero     0x2001'65c0          4     0xd70  BufferAllocation_2.o [17]
  .bss               zero     0x2001'7330          4     0xcec  FreeRTOS_IP.o [9]
  .bss               zero     0x2001'801c          4     0xb54  gate.o [11]
  .bss               zero     0x2001'8b70          4     0x65c  cli.o [3]
  .bss               zero     0x2001'91cc          4     0x4e4  usbd_conf.o [14]
  .bss               zero     0x2001'96b0          4     0x468  eth_helper.o [6]
  .bss               zero     0x2001'9b18          4     0x300  cli.o [3]
  .bss               zero     0x2001'9e18          4     0x300  FreeRTOS_ND.o [9]
  .bss               zero     0x2001'a118          4     0x2dc  usb_device.o [1]
  .bss               zero     0x2001'a3f4          4     0x260  eth_helper.o [6]
  .bss               zero     0x2001'a654          4     0x220  usbd_conf.o [14]
  .bss               zero     0x2001'a874          4     0x200  usbd_desc.o [1]
  .bss               zero     0x2001'aa74          4     0x12c  tasks.o [10]
  .bss               zero     0x2001'aba0          4     0x104  timers.o [10]
  .bss               zero     0x2001'acc0         32      0x80  NetworkInterface.o [17]
  .bss               zero     0x2001'ad40         32      0x80  NetworkInterface.o [17]
  .bss               zero     0x2001'adc0          4      0x58  spi.o [4]
  .bss               zero     0x2001'ae18          4      0x54  FreeRTOS_IP_Timers.o [9]
  .bss               zero     0x2001'ae6c          4      0x50  xfiles.o [18]
  .bss               zero     0x2001'aebc          4      0x48  NetworkInterface.o [17]
  .bss               zero     0x2001'af04          4      0x48  stm32f4xx_hal_timebase_tim.o [4]
  .bss               zero     0x2001'af4c          4      0x48  tim.o [4]
  .bss               zero     0x2001'af94          4      0x40  queue.o [10]
  .bss               zero     0x2001'afd4          4      0x2c  FreeRTOS_Sockets.o [9]
  .bss               zero     0x2001'b000          4      0x20  stm32f4xx_hal_flash.o [12]
  .bss               zero     0x2001'b020          4      0x1c  BufferAllocation_2.o [17]
  .bss               zero     0x2001'b03c          4      0x18  FreeRTOS_TCP_WIN.o [9]
  .bss               zero     0x2001'b054          4      0x14  NetworkInterface.o [17]
  .bss               zero     0x2001'b068          4       0xc  iwdg.o [4]
  .bss               zero     0x2001'b074          4       0x4  FreeRTOS_Routing.o [9]
  .bss               zero     0x2001'b078          4       0x4  FreeRTOS_TCP_IP.o [9]
  .bss               zero     0x2001'b07c          4       0x4  FreeRTOS_TCP_IP.o [9]
  .bss               zero     0x2001'b080          4       0x4  FreeRTOS_TCP_WIN.o [9]
  .bss               zero     0x2001'b084          4       0x4  xfail_s.o [18]
  .bss               zero     0x2001'b088          2       0x2  FreeRTOS_IP.o [9]
  .bss               zero     0x2001'b08a                  0x1  cli_helper.o [3]
  .bss               zero     0x2001'b08b                  0x1  NetworkInterface.o [17]
  .bss               zero     0x2001'b08c                  0x1  usbd_ctlreq.o [15]
                            - 0x2001'b08d             0x1'7d3d

"P3", part 3 of 3:                                       0x400
  CSTACK                      0x2001'b090          8     0x400  <Block>
    CSTACK           uninit   0x2001'b090                0x400  <Block tail>
                            - 0x2001'b490                0x400

Unused ranges:

         From           To      Size
         ----           --      ----
   0x801'24d3   0x80f'ffff  0xe'db2d
  0x2001'b490  0x2001'ffff    0x4b70


*******************************************************************************
*** INIT TABLE
***

          Address      Size
          -------      ----
Zero (__iar_zero_init3)
    1 destination range, total size 0x1'7d3d:
          0x2000'3350  0x1'7d3d

Copy/lz77 (__iar_lz77_init_single3)
    1 source range, total size 0x1bf (3% of destination):
           0x801'2314     0x1bf
    1 destination range, total size 0x3350:
          0x2000'0000    0x3350



*******************************************************************************
*** MODULE SUMMARY
***

    Module                              ro code  ro data  rw data
    ------                              -------  -------  -------
command line/config:
    -------------------------------------------------------------
    Total:

C:\Users\Koche\Desktop\Work\Smart Dispenser PRJ\gateway\EWARM\Gateway_407\Obj\App_6048373297342892631.dir: [1]
    usb_device.o                             84               732
    usbd_cdc_if.o                           120        1    4'116
    usbd_desc.o                             256        3      592
    -------------------------------------------------------------
    Total:                                  460        4    5'440

C:\Users\Koche\Desktop\Work\Smart Dispenser PRJ\gateway\EWARM\Gateway_407\Obj\CMSIS_6603591812247902717.dir: [2]
    system_stm32f4xx.o                       32        8        4
    -------------------------------------------------------------
    Total:                                   32        8        4

C:\Users\Koche\Desktop\Work\Smart Dispenser PRJ\gateway\EWARM\Gateway_407\Obj\Cli_11707894225168942927.dir: [3]
    cli.o                                   240      280    2'396
    cli_handlers.o                        1'864      280
    cli_helper.o                            156                 1
    -------------------------------------------------------------
    Total:                                2'260      560    2'397

C:\Users\Koche\Desktop\Work\Smart Dispenser PRJ\gateway\EWARM\Gateway_407\Obj\Core_13247989168731456611.dir: [4]
    dma.o                                   100
    gpio.o                                  642
    iwdg.o                                   44                12
    main.o                                  232
    spi.o                                   180                88
    stm32f4xx_hal_msp.o                      56
    stm32f4xx_hal_timebase_tim.o            160                72
    stm32f4xx_it.o                          200
    tim.o                                   500                72
    -------------------------------------------------------------
    Total:                                2'114               244

C:\Users\Koche\Desktop\Work\Smart Dispenser PRJ\gateway\EWARM\Gateway_407\Obj\EWARM_18443280873093131863.dir: [5]
    startup_stm32f407xx.o                   700
    -------------------------------------------------------------
    Total:                                  700

C:\Users\Koche\Desktop\Work\Smart Dispenser PRJ\gateway\EWARM\Gateway_407\Obj\Ethernet_5605320102233052314.dir: [6]
    eth.o                                 1'536
    eth_helper.o                             92             1'736
    -------------------------------------------------------------
    Total:                                1'628             1'736

C:\Users\Koche\Desktop\Work\Smart Dispenser PRJ\gateway\EWARM\Gateway_407\Obj\Flash_13912709933827620245.dir: [7]
    flash.o                                 292
    -------------------------------------------------------------
    Total:                                  292

C:\Users\Koche\Desktop\Work\Smart Dispenser PRJ\gateway\EWARM\Gateway_407\Obj\FreeRTOS-Plu-Cli_11501085631675054166.dir: [8]
    FreeRTOS_CLI.o                          436      241       20
    -------------------------------------------------------------
    Total:                                  436      241       20

C:\Users\Koche\Desktop\Work\Smart Dispenser PRJ\gateway\EWARM\Gateway_407\Obj\FreeRTOS-Plus-TCP_16686340316780321206.dir: [9]
    FreeRTOS_ARP.o                        1'612       43      116
    FreeRTOS_ICMP.o                          70
    FreeRTOS_IP.o                         1'724             3'310
    FreeRTOS_IP_Timers.o                    536                84
    FreeRTOS_IP_Utils.o                     568
    FreeRTOS_IPv4.o                         476
    FreeRTOS_IPv4_Sockets.o                 226
    FreeRTOS_IPv4_Utils.o                    48
    FreeRTOS_IPv6.o                         792
    FreeRTOS_IPv6_Sockets.o                 512
    FreeRTOS_IPv6_Utils.o                   254
    FreeRTOS_ND.o                         1'596               768
    FreeRTOS_RA.o                           948
    FreeRTOS_Routing.o                    1'288               112
    FreeRTOS_Sockets.o                    4'600                44
    FreeRTOS_Stream_Buffer.o                416
    FreeRTOS_TCP_IP.o                     1'308                 8
    FreeRTOS_TCP_Reception.o                702
    FreeRTOS_TCP_State_Handling.o         1'418
    FreeRTOS_TCP_State_Handling_IPv4.o      316
    FreeRTOS_TCP_State_Handling_IPv6.o      306
    FreeRTOS_TCP_Transmission.o           1'528
    FreeRTOS_TCP_Transmission_IPv4.o        706
    FreeRTOS_TCP_Transmission_IPv6.o        792
    FreeRTOS_TCP_Utils.o                     22
    FreeRTOS_TCP_Utils_IPv4.o                62
    FreeRTOS_TCP_Utils_IPv6.o                44
    FreeRTOS_TCP_WIN.o                    1'924                28
    FreeRTOS_UDP_IP.o                       106
    FreeRTOS_UDP_IPv4.o                     392
    FreeRTOS_UDP_IPv6.o                     430
    -------------------------------------------------------------
    Total:                               25'722       43    4'470

C:\Users\Koche\Desktop\Work\Smart Dispenser PRJ\gateway\EWARM\Gateway_407\Obj\FreeRTOS_15068288790229095433.dir: [10]
    event_groups.o                          540
    list.o                                  144
    queue.o                               2'080                64
    tasks.o                               4'432        6      464
    timers.o                              1'096               260
    -------------------------------------------------------------
    Total:                                8'292        6      788

C:\Users\Koche\Desktop\Work\Smart Dispenser PRJ\gateway\EWARM\Gateway_407\Obj\Gate_3448444589264835548.dir: [11]
    gate.o                                  952             2'900
    -------------------------------------------------------------
    Total:                                  952             2'900

C:\Users\Koche\Desktop\Work\Smart Dispenser PRJ\gateway\EWARM\Gateway_407\Obj\STM32F4xx_HAL_Driver_1244631019742807970.dir: [12]
    stm32f4xx_hal.o                         120                12
    stm32f4xx_hal_cortex.o                  144
    stm32f4xx_hal_flash.o                   488                32
    stm32f4xx_hal_flash_ex.o                348
    stm32f4xx_hal_gpio.o                    492
    stm32f4xx_hal_iwdg.o                     98
    stm32f4xx_hal_pcd.o                   2'448
    stm32f4xx_hal_pcd_ex.o                   76
    stm32f4xx_hal_rcc.o                   1'260
    stm32f4xx_hal_spi.o                     200
    stm32f4xx_hal_tim.o                   2'032
    stm32f4xx_hal_tim_ex.o                    4
    stm32f4xx_ll_exti.o                     176
    stm32f4xx_ll_gpio.o                     238
    stm32f4xx_ll_rcc.o                      184
    stm32f4xx_ll_tim.o                      192
    stm32f4xx_ll_usart.o                    268
    stm32f4xx_ll_usb.o                    2'540
    -------------------------------------------------------------
    Total:                               11'308                44

C:\Users\Koche\Desktop\Work\Smart Dispenser PRJ\gateway\EWARM\Gateway_407\Obj\System_11455613988876714787.dir: [13]
    system.o                                192             7'656
    system_thread.o                         252       36
    system_uart.o                           656
    -------------------------------------------------------------
    Total:                                1'100       36    7'656

C:\Users\Koche\Desktop\Work\Smart Dispenser PRJ\gateway\EWARM\Gateway_407\Obj\Target_2794460481546860895.dir: [14]
    usbd_conf.o                             588             1'796
    -------------------------------------------------------------
    Total:                                  588             1'796

C:\Users\Koche\Desktop\Work\Smart Dispenser PRJ\gateway\EWARM\Gateway_407\Obj\USB_Device_Library_15009154495834662892.dir: [15]
    usbd_cdc.o                            1'038        4      136
    usbd_core.o                             866
    usbd_ctlreq.o                         1'284                 1
    usbd_ioreq.o                            100
    -------------------------------------------------------------
    Total:                                3'288        4      137

C:\Users\Koche\Desktop\Work\Smart Dispenser PRJ\gateway\EWARM\Gateway_407\Obj\portable_15954926109208205999.dir: [16]
    heap_4.o                                552            66'588
    port.o                                  574        1       12
    portasm.o                               176
    -------------------------------------------------------------
    Total:                                1'302        1   66'600

C:\Users\Koche\Desktop\Work\Smart Dispenser PRJ\gateway\EWARM\Gateway_407\Obj\portable_7947777220660125680.dir: [17]
    BufferAllocation_2.o                    380        4    3'468
    NetworkInterface.o                    1'620      421   12'721
    phyHandling.o                         1'328
    stm32fxx_hal_eth.o                    1'656
    -------------------------------------------------------------
    Total:                                4'984      425   16'189

dl7M_tlf.a: [18]
    abort.o                                   6
    exit.o                                    4
    iar_Stoulx.o                            310       80
    isspace.o                                20
    low_level_init.o                          4
    printf.o                                 40
    putchar.o                                68
    snprintf.o                               68
    strncmp.o                                42
    strstr.o                                 44
    tolower.o                                20
    xfail_s.o                                64                 4
    xfiles.o                                           3      152
    xlocale_c.o                              60        9      128
    xprintffull_nomb.o                    3'790
    xprout.o                                 22
    xsnprout.o                               26
    -------------------------------------------------------------
    Total:                                4'588       92      284

m7M_tls.a: [19]
    DblAddSub.o                             590
    DblCmpGe.o                               52
    DblCmpLe.o                               52
    DblDiv.o                                582
    DblMul.o                                426
    DblToS32.o                               54
    DblToU32.o                               34
    S32ToDbl.o                               34
    U32ToDbl.o                               28
    fpinit_M.o                               34
    frexp.o                                 112
    ldexp.o                                 314
    -------------------------------------------------------------
    Total:                                2'312

rt7M_tl.a: [20]
    ABImemclr.o                               6
    ABImemclr4.o                              6
    ABImemcpy_small.o                        24
    ABImemmove_small.o                       30
    ABImemset48.o                            58
    ABImemset_small.o                        18
    I64DivMod_small.o                       262
    I64DivZer.o                               2
    cexit.o                                  10
    cmain.o                                  30
    cstartup_M.o                             28
    data_init.o                              40
    lz77_init_single.o                      126
    memchr.o                                 88
    memcmp_small.o                           30
    strchr.o                                 22
    strcmp.o                                 18
    strlen_small.o                           20
    strncpy_small.o                          30
    zero_init3.o                             56
    -------------------------------------------------------------
    Total:                                  904

shb_l.a: [21]
    dwrite.o                                 30
    exit.o                                   20
    iarwrite.o                               34
    iarwstdswo.o                             76
    unwind_debug.o                                     1
    write.o                                  16
    -------------------------------------------------------------
    Total:                                  176        1

    Gaps                                     68        4       28
    Linker created                                    32    1'024
-----------------------------------------------------------------
    Grand Total:                         73'506    1'457  111'757


*******************************************************************************
*** ENTRY LIST
***

Entry                       Address      Size  Type      Object
-----                       -------      ----  ----      ------
.iar.init_table$$Base    0x801'20ec             --   Gb  - Linker created -
.iar.init_table$$Limit   0x801'210c             --   Gb  - Linker created -
?main                    0x801'212d            Code  Gb  cmain.o [20]
ADC_IRQHandler           0x801'2235            Code  Wk  startup_stm32f407xx.o [5]
AHBPrescTable            0x801'211c      0x10  Data  Gb  system_stm32f4xx.o [2]
APBPrescTable            0x801'21dc       0x8  Data  Gb  system_stm32f4xx.o [2]
BusFault_Handler         0x801'1b6d       0x2  Code  Gb  stm32f4xx_it.o [4]
CAN1_RX0_IRQHandler      0x801'223d            Code  Wk  startup_stm32f407xx.o [5]
CAN1_RX1_IRQHandler      0x801'2241            Code  Wk  startup_stm32f407xx.o [5]
CAN1_SCE_IRQHandler      0x801'2245            Code  Wk  startup_stm32f407xx.o [5]
CAN1_TX_IRQHandler       0x801'2239            Code  Wk  startup_stm32f407xx.o [5]
CAN2_RX0_IRQHandler      0x801'22d5            Code  Wk  startup_stm32f407xx.o [5]
CAN2_RX1_IRQHandler      0x801'22d9            Code  Wk  startup_stm32f407xx.o [5]
CAN2_SCE_IRQHandler      0x801'22dd            Code  Wk  startup_stm32f407xx.o [5]
CAN2_TX_IRQHandler       0x801'22d1            Code  Wk  startup_stm32f407xx.o [5]
CDC_Control_FS           0x800'f757       0x4  Code  Lc  usbd_cdc_if.o [1]
CDC_DeInit_FS            0x800'f753       0x4  Code  Lc  usbd_cdc_if.o [1]
CDC_Init_FS              0x800'f735      0x1e  Code  Lc  usbd_cdc_if.o [1]
CDC_ReceiveData          0x801'03e5      0x1a  Code  Gb  cli_helper.o [3]
CDC_Receive_FS           0x800'f75b      0x20  Code  Lc  usbd_cdc_if.o [1]
CDC_TransmitCplt_FS      0x800'f7a9       0x4  Code  Lc  usbd_cdc_if.o [1]
CDC_Transmit_FS          0x800'f77b      0x26  Code  Gb  usbd_cdc_if.o [1]
CLI_USB_Receive_Char     0x801'037d      0x58  Code  Gb  cli_helper.o [3]
CSTACK$$Base            0x2001'b090             --   Gb  - Linker created -
CSTACK$$Limit           0x2001'b490             --   Gb  - Linker created -
DCMI_IRQHandler          0x801'2309            Code  Wk  startup_stm32f407xx.o [5]
DMA1_Stream0_IRQHandler
                         0x801'2219            Code  Wk  startup_stm32f407xx.o [5]
DMA1_Stream1_IRQHandler
                         0x801'221d            Code  Wk  startup_stm32f407xx.o [5]
DMA1_Stream2_IRQHandler
                         0x801'2221            Code  Wk  startup_stm32f407xx.o [5]
DMA1_Stream3_IRQHandler
                         0x801'2225            Code  Wk  startup_stm32f407xx.o [5]
DMA1_Stream4_IRQHandler
                         0x801'2229            Code  Wk  startup_stm32f407xx.o [5]
DMA1_Stream5_IRQHandler
                         0x801'222d            Code  Wk  startup_stm32f407xx.o [5]
DMA1_Stream6_IRQHandler
                         0x801'2231            Code  Wk  startup_stm32f407xx.o [5]
DMA1_Stream7_IRQHandler
                         0x801'22a1            Code  Wk  startup_stm32f407xx.o [5]
DMA2_Stream0_IRQHandler
                         0x801'22bd            Code  Wk  startup_stm32f407xx.o [5]
DMA2_Stream1_IRQHandler
                         0x801'22c1            Code  Wk  startup_stm32f407xx.o [5]
DMA2_Stream2_IRQHandler
                         0x801'1be9       0x2  Code  Gb  stm32f4xx_it.o [4]
DMA2_Stream3_IRQHandler
                         0x801'22c5            Code  Wk  startup_stm32f407xx.o [5]
DMA2_Stream4_IRQHandler
                         0x801'22c9            Code  Wk  startup_stm32f407xx.o [5]
DMA2_Stream5_IRQHandler
                         0x801'22e1            Code  Wk  startup_stm32f407xx.o [5]
DMA2_Stream6_IRQHandler
                         0x801'22e5            Code  Wk  startup_stm32f407xx.o [5]
DMA2_Stream7_IRQHandler
                         0x801'22e9            Code  Wk  startup_stm32f407xx.o [5]
DMARxDscrTab            0x2001'acc0      0x80  Data  Gb  NetworkInterface.o [17]
DMATxDescToClear        0x2000'00cc       0x4  Data  Lc  NetworkInterface.o [17]
DMATxDscrTab            0x2001'ad40      0x80  Data  Gb  NetworkInterface.o [17]
DebugMon_Handler         0x801'1b71       0x2  Code  Gb  stm32f4xx_it.o [4]
ETH_FlushTransmitFIFO    0x801'0a79      0x16  Code  Lc  stm32fxx_hal_eth.o [17]
ETH_IRQHandler           0x801'00d5       0x6  Code  Gb  NetworkInterface.o [17]
ETH_WKUP_IRQHandler      0x801'22cd            Code  Wk  startup_stm32f407xx.o [5]
EXTI0_IRQHandler         0x801'2209            Code  Wk  startup_stm32f407xx.o [5]
EXTI15_10_IRQHandler     0x801'2285            Code  Wk  startup_stm32f407xx.o [5]
EXTI1_IRQHandler         0x801'220d            Code  Wk  startup_stm32f407xx.o [5]
EXTI2_IRQHandler         0x801'2211            Code  Wk  startup_stm32f407xx.o [5]
EXTI3_IRQHandler         0x801'1b73      0x12  Code  Gb  stm32f4xx_it.o [4]
EXTI4_IRQHandler         0x801'2215            Code  Wk  startup_stm32f407xx.o [5]
EXTI9_5_IRQHandler       0x801'1b85      0x16  Code  Gb  stm32f4xx_it.o [4]
Error_Handler            0x800'c6d5       0x4  Code  Gb  main.o [4]
Ethernet::Ethernet(Config_t)
                         0x800'e82d     0x174  Code  Gb  eth.o [6]
Ethernet::printConfig()
                         0x800'eb4d      0x52  Code  Gb  eth.o [6]
Ethernet::xTCPSendAndReceive(char const *, unsigned int, unsigned int)
                         0x800'eba1     0x174  Code  Gb  eth.o [6]
Ethernet::xUDPSendISR(char const *, unsigned int)
                         0x800'eb0f      0x3c  Code  Gb  eth.o [6]
Ethernet::xUDPTxTask(void *)
                         0x800'ea8d      0x82  Code  Gb  eth.o [6]
Ethernet::xUdpTask(void *)
                         0x800'e9a1      0xda  Code  Gb  eth.o [6]
FLASH_Erase_Sector       0x800'fa47      0x4c  Code  Gb  stm32f4xx_hal_flash_ex.o [12]
FLASH_FlushCaches        0x800'fa93      0x50  Code  Gb  stm32f4xx_hal_flash_ex.o [12]
FLASH_IRQHandler         0x801'2201            Code  Wk  startup_stm32f407xx.o [5]
FLASH_MassErase          0x800'fa27      0x20  Code  Lc  stm32f4xx_hal_flash_ex.o [12]
FLASH_Program_Byte       0x800'f905      0x14  Code  Lc  stm32f4xx_hal_flash.o [12]
FLASH_Program_DoubleWord
                         0x800'f89f      0x28  Code  Lc  stm32f4xx_hal_flash.o [12]
FLASH_Program_HalfWord   0x800'f8d9      0x12  Code  Lc  stm32f4xx_hal_flash.o [12]
FLASH_Program_Word       0x800'f8c7      0x12  Code  Lc  stm32f4xx_hal_flash.o [12]
FLASH_SetErrorCode       0x800'f919      0x60  Code  Lc  stm32f4xx_hal_flash.o [12]
FLASH_WaitForLastOperation
                         0x800'f851      0x4e  Code  Gb  stm32f4xx_hal_flash.o [12]
FPU_IRQHandler           0x801'2311            Code  Wk  startup_stm32f407xx.o [5]
FSMC_IRQHandler          0x801'22a5            Code  Wk  startup_stm32f407xx.o [5]
FS_Desc                 0x2000'3238      0x1c  Data  Gb  usbd_desc.o [1]
Flash_Read_Data          0x800'e7f1      0x14  Code  Gb  flash.o [7]
Flash_Write_Data         0x800'e74f      0x7c  Code  Gb  flash.o [7]
FreeRTOS_AddEndPoint     0x800'38eb      0x32  Code  Lc  FreeRTOS_Routing.o [9]
FreeRTOS_AddNetworkInterface
                         0x800'38bb      0x22  Code  Gb  FreeRTOS_Routing.o [9]
FreeRTOS_AllEndPointsUp
                         0x800'1a55      0x2a  Code  Gb  FreeRTOS_IP.o [9]
FreeRTOS_CLIGetParameter
                         0x800'f665      0x52  Code  Gb  FreeRTOS_CLI.o [8]
FreeRTOS_CLIProcessCommand
                         0x800'f5a9      0xbc  Code  Gb  FreeRTOS_CLI.o [8]
FreeRTOS_CLIProcessCommand::pxCommand
                        0x2000'0074       0x4  Data  Lc  FreeRTOS_CLI.o [8]
FreeRTOS_CLIRegisterCommand
                         0x800'f581      0x28  Code  Gb  FreeRTOS_CLI.o [8]
FreeRTOS_ClearARP        0x800'5fb9      0x2e  Code  Gb  FreeRTOS_ARP.o [9]
FreeRTOS_CreateIPv6Address
                         0x800'657b      0x94  Code  Gb  FreeRTOS_ND.o [9]
FreeRTOS_FillEndPoint    0x800'3809      0xb2  Code  Gb  FreeRTOS_Routing.o [9]
FreeRTOS_FindEndPointOnIP_IPv4
                         0x800'3959      0x40  Code  Gb  FreeRTOS_Routing.o [9]
FreeRTOS_FindEndPointOnIP_IPv6
                         0x800'3999       0x6  Code  Gb  FreeRTOS_Routing.o [9]
FreeRTOS_FindEndPointOnMAC
                         0x800'399f      0x3e  Code  Gb  FreeRTOS_Routing.o [9]
FreeRTOS_FindEndPointOnNetMask
                         0x800'39dd       0x6  Code  Gb  FreeRTOS_Routing.o [9]
FreeRTOS_FindGateWay     0x800'3c51      0x46  Code  Gb  FreeRTOS_Routing.o [9]
FreeRTOS_FirstEndPoint   0x800'391d      0x1e  Code  Gb  FreeRTOS_Routing.o [9]
FreeRTOS_FirstNetworkInterface
                         0x800'38dd       0x8  Code  Gb  FreeRTOS_Routing.o [9]
FreeRTOS_GetIPTaskHandle
                         0x800'1807       0x8  Code  Gb  FreeRTOS_IP.o [9]
FreeRTOS_GetLocalAddress
                         0x800'0afd      0x56  Code  Gb  FreeRTOS_Sockets.o [9]
FreeRTOS_IPInit_Multi    0x800'1875      0x74  Code  Gb  FreeRTOS_IP.o [9]
FreeRTOS_IPInit_Multi{3}::ucNetworkEventQueueStorageArea
                        0x2001'7394     0x208  Data  Lc  FreeRTOS_IP.o [9]
FreeRTOS_IPInit_Multi{3}::xNetworkEventStaticQueue
                        0x2001'7344      0x50  Data  Lc  FreeRTOS_IP.o [9]
FreeRTOS_IPInit_Multi{4}{5}{7}{8}{9}::xIPTaskBuffer
                        0x2001'759c      0x58  Data  Lc  FreeRTOS_IP.o [9]
FreeRTOS_IPInit_Multi{4}{5}{7}{8}{9}::xIPTaskStack
                        0x2001'75f4     0xa28  Data  Lc  FreeRTOS_IP.o [9]
FreeRTOS_InterfaceEPInSameSubnet_IPv6
                         0x800'3a37      0x3c  Code  Gb  FreeRTOS_Routing.o [9]
FreeRTOS_InterfaceEndPointOnNetMask
                         0x800'39e3      0x54  Code  Gb  FreeRTOS_Routing.o [9]
FreeRTOS_IsEndPointUp    0x800'1a43      0x12  Code  Gb  FreeRTOS_IP.o [9]
FreeRTOS_IsNetworkUp     0x800'1a3f       0x4  Code  Gb  FreeRTOS_IP.o [9]
FreeRTOS_MatchingEndpoint
                         0x800'3b79      0xca  Code  Gb  FreeRTOS_Routing.o [9]
FreeRTOS_NetworkDown     0x800'183d      0x38  Code  Gb  FreeRTOS_IP.o [9]
FreeRTOS_NextEndPoint    0x800'393b      0x1e  Code  Gb  FreeRTOS_Routing.o [9]
FreeRTOS_NextNetworkInterface
                         0x800'38e5       0x6  Code  Gb  FreeRTOS_Routing.o [9]
FreeRTOS_OutputARPRequest
                         0x800'5f23      0x16  Code  Gb  FreeRTOS_ARP.o [9]
FreeRTOS_OutputARPRequest_Multi
                         0x800'5ec3      0x60  Code  Gb  FreeRTOS_ARP.o [9]
FreeRTOS_OutputAdvertiseIPv6
                         0x800'644d      0xdc  Code  Gb  FreeRTOS_ND.o [9]
FreeRTOS_bind            0x800'0555      0xc8  Code  Gb  FreeRTOS_Sockets.o [9]
FreeRTOS_closesocket     0x800'0753      0x26  Code  Gb  FreeRTOS_Sockets.o [9]
FreeRTOS_connect         0x800'0b8d     0x138  Code  Gb  FreeRTOS_Sockets.o [9]
FreeRTOS_in6addr_any     0x800'6afc      0x10  Data  Gb  FreeRTOS_IPv6.o [9]
FreeRTOS_in6addr_loopback
                         0x800'6b0c      0x10  Data  Gb  FreeRTOS_IPv6.o [9]
FreeRTOS_inet_addr       0x800'0ae9      0x14  Code  Gb  FreeRTOS_Sockets.o [9]
FreeRTOS_inet_ntoa       0x800'0a5d      0x62  Code  Gb  FreeRTOS_Sockets.o [9]
FreeRTOS_inet_ntop       0x800'0abf      0x2a  Code  Gb  FreeRTOS_Sockets.o [9]
FreeRTOS_inet_ntop4      0x800'33b7      0x1a  Code  Gb  FreeRTOS_IPv4_Sockets.o [9]
FreeRTOS_inet_ntop6      0x800'357b      0xb6  Code  Gb  FreeRTOS_IPv6_Sockets.o [9]
FreeRTOS_inet_pton4      0x800'331d      0x9a  Code  Gb  FreeRTOS_IPv4_Sockets.o [9]
FreeRTOS_issocketconnected
                         0x800'11ff      0x1c  Code  Gb  FreeRTOS_Sockets.o [9]
FreeRTOS_listen          0x800'0f45      0x6c  Code  Gb  FreeRTOS_Sockets.o [9]
FreeRTOS_max_size_t      0x800'216b       0x8  Code  Gb  FreeRTOS_IP_Utils.o [9]
FreeRTOS_min_int32       0x800'2173       0x8  Code  Gb  FreeRTOS_IP_Utils.o [9]
FreeRTOS_min_size_t      0x800'2183       0x8  Code  Gb  FreeRTOS_IP_Utils.o [9]
FreeRTOS_min_uint32      0x800'217b       0x8  Code  Gb  FreeRTOS_IP_Utils.o [9]
FreeRTOS_recv            0x800'0cf7      0xe0  Code  Gb  FreeRTOS_Sockets.o [9]
FreeRTOS_recvfrom        0x800'031f      0xda  Code  Gb  FreeRTOS_Sockets.o [9]
FreeRTOS_round_up        0x800'218b      0x18  Code  Gb  FreeRTOS_IP_Utils.o [9]
FreeRTOS_rx_size         0x800'121b      0x18  Code  Gb  FreeRTOS_Sockets.o [9]
FreeRTOS_send            0x800'0e45      0xfa  Code  Gb  FreeRTOS_Sockets.o [9]
FreeRTOS_sendto          0x800'03f9     0x152  Code  Gb  FreeRTOS_Sockets.o [9]
FreeRTOS_setsockopt      0x800'08a9     0x162  Code  Gb  FreeRTOS_Sockets.o [9]
FreeRTOS_shutdown        0x800'0fb1      0x32  Code  Gb  FreeRTOS_Sockets.o [9]
FreeRTOS_socket          0x800'01c9     0x128  Code  Gb  FreeRTOS_Sockets.o [9]
FreeRTOS_tx_size         0x800'11e7      0x18  Code  Gb  FreeRTOS_Sockets.o [9]
FreeRTOS_tx_space        0x800'11c5      0x1c  Code  Gb  FreeRTOS_Sockets.o [9]
Gate::Gate()             0x800'f279      0xa2  Code  Gb  gate.o [11]
Gate::controlGateMotor(GateAction)
                         0x800'f4b5      0x2a  Code  Gb  gate.o [11]
Gate::gateControlTask(void *)
                         0x800'f1f3      0x58  Code  Gb  gate.o [11]
Gate::gateHandler(GateAction)
                         0x800'f455      0x60  Code  Gb  gate.o [11]
Gate::gateIWDGTask(void *)
                         0x800'f263      0x14  Code  Gb  gate.o [11]
Gate::gateMonitorTask(void *)
                         0x800'f24b      0x18  Code  Gb  gate.o [11]
Gate::getGateActualState()
                         0x800'f419      0x3c  Code  Gb  gate.o [11]
Gate::getInstance()      0x800'f1c9      0x16  Code  Gb  gate.o [11]
Gate::getInstance()::instance
                        0x2001'8020     0xb50  Data  Lc  gate.o [11]
Gate::getInstance()::static guard for instance
                        0x2001'801c       0x1  Data  Lc  gate.o [11]
Gate::handleClosedState()
                         0x800'f3e9      0x30  Code  Gb  gate.o [11]
Gate::handleOpenedState()
                         0x800'f3b1      0x2c  Code  Gb  gate.o [11]
Gate::restartTimer()     0x800'f37d      0x32  Code  Gb  gate.o [11]
Gate::restartTimerISR()
                         0x800'f337      0x46  Code  Gb  gate.o [11]
Gate::timerCallback(tmrTimerControl *)
                         0x800'f327      0x10  Code  Gb  gate.o [11]
GetSector                0x800'e6e1      0x6e  Code  Lc  flash.o [7]
HAL_Delay                0x800'b28d      0x28  Code  Wk  stm32f4xx_hal.o [12]
HAL_ETH_ConfigMAC        0x801'090d     0x106  Code  Gb  stm32fxx_hal_eth.o [17]
HAL_ETH_ErrorCallback    0x801'1185       0x2  Code  Wk  stm32fxx_hal_eth.o [17]
HAL_ETH_IRQHandler       0x801'06b1      0x3a  Code  Gb  stm32fxx_hal_eth.o [17]
HAL_ETH_Init             0x801'0419     0x19c  Code  Gb  stm32fxx_hal_eth.o [17]
HAL_ETH_MspInit          0x801'05b5      0xe2  Code  Gb  stm32fxx_hal_eth.o [17]
HAL_ETH_ReadPHYRegister
                         0x801'06eb      0x6e  Code  Gb  stm32fxx_hal_eth.o [17]
HAL_ETH_RxCpltCallback   0x800'faf1      0x1e  Code  Gb  NetworkInterface.o [17]
HAL_ETH_Start            0x801'07d5      0x54  Code  Gb  stm32fxx_hal_eth.o [17]
HAL_ETH_Stop             0x801'0829      0x52  Code  Gb  stm32fxx_hal_eth.o [17]
HAL_ETH_TxCpltCallback   0x800'fb23      0x1e  Code  Gb  NetworkInterface.o [17]
HAL_ETH_WritePHYRegister
                         0x801'0759      0x6e  Code  Gb  stm32fxx_hal_eth.o [17]
HAL_FLASHEx_Erase        0x800'f995      0x92  Code  Gb  stm32f4xx_hal_flash_ex.o [12]
HAL_FLASH_GetError       0x800'f84b       0x6  Code  Gb  stm32f4xx_hal_flash.o [12]
HAL_FLASH_Lock           0x800'f83b       0xa  Code  Gb  stm32f4xx_hal_flash.o [12]
HAL_FLASH_Program        0x800'f7ad      0x6e  Code  Gb  stm32f4xx_hal_flash.o [12]
HAL_FLASH_Unlock         0x800'f81b      0x20  Code  Gb  stm32f4xx_hal_flash.o [12]
HAL_GPIO_Init            0x800'c011     0x1be  Code  Gb  stm32f4xx_hal_gpio.o [12]
HAL_GetTick              0x800'7341       0xc  Code  Wk  stm32f4xx_hal.o [12]
HAL_IWDG_Init            0x800'e58d      0x56  Code  Gb  stm32f4xx_hal_iwdg.o [12]
HAL_IWDG_Refresh         0x800'e5e3       0xc  Code  Gb  stm32f4xx_hal_iwdg.o [12]
HAL_IncTick              0x800'd6ed      0x10  Code  Wk  stm32f4xx_hal.o [12]
HAL_Init                 0x800'cd8d      0x30  Code  Gb  stm32f4xx_hal.o [12]
HAL_InitTick             0x800'c785      0x8a  Code  Gb  stm32f4xx_hal_timebase_tim.o [4]
HAL_MspInit              0x800'dee5      0x38  Code  Gb  stm32f4xx_hal_msp.o [4]
HAL_NVIC_EnableIRQ       0x800'c265      0x16  Code  Gb  stm32f4xx_hal_cortex.o [12]
HAL_NVIC_SetPriority     0x800'c22b      0x3a  Code  Gb  stm32f4xx_hal_cortex.o [12]
HAL_NVIC_SetPriorityGrouping
                         0x800'c217      0x14  Code  Gb  stm32f4xx_hal_cortex.o [12]
HAL_PCDEx_LPM_Callback   0x800'be91       0x2  Code  Wk  stm32f4xx_hal_pcd_ex.o [12]
HAL_PCDEx_SetRxFiFo      0x800'c71b       0x8  Code  Gb  stm32f4xx_hal_pcd_ex.o [12]
HAL_PCDEx_SetTxFiFo      0x800'c6d9      0x42  Code  Gb  stm32f4xx_hal_pcd_ex.o [12]
HAL_PCD_ConnectCallback
                         0x800'bd69       0x8  Code  Gb  usbd_conf.o [14]
HAL_PCD_DataInStageCallback
                         0x800'bce1      0x12  Code  Gb  usbd_conf.o [14]
HAL_PCD_DataOutStageCallback
                         0x800'bccd      0x14  Code  Gb  usbd_conf.o [14]
HAL_PCD_DisconnectCallback
                         0x800'bd71       0x8  Code  Gb  usbd_conf.o [14]
HAL_PCD_EP_Abort         0x800'bc29      0x1c  Code  Gb  stm32f4xx_hal_pcd.o [12]
HAL_PCD_EP_Close         0x800'bacd      0x20  Code  Gb  stm32f4xx_hal_pcd.o [12]
HAL_PCD_EP_ClrStall      0x800'bbc5      0x2e  Code  Gb  stm32f4xx_hal_pcd.o [12]
HAL_PCD_EP_GetRxCount    0x800'bb09      0x10  Code  Gb  stm32f4xx_hal_pcd.o [12]
HAL_PCD_EP_Open          0x800'ba73      0x5a  Code  Gb  stm32f4xx_hal_pcd.o [12]
HAL_PCD_EP_Receive       0x800'baed      0x1c  Code  Gb  stm32f4xx_hal_pcd.o [12]
HAL_PCD_EP_SetStall      0x800'bb5b      0x62  Code  Gb  stm32f4xx_hal_pcd.o [12]
HAL_PCD_EP_Transmit      0x800'bb19      0x18  Code  Gb  stm32f4xx_hal_pcd.o [12]
HAL_PCD_IRQHandler       0x800'b39f     0x66e  Code  Gb  stm32f4xx_hal_pcd.o [12]
HAL_PCD_ISOINIncompleteCallback
                         0x800'bd61       0x8  Code  Gb  usbd_conf.o [14]
HAL_PCD_ISOOUTIncompleteCallback
[...]
vMACBProbePhy            0x800'fe99      0x22  Code  Gb  NetworkInterface.o [17]
vManageSolicitedNodeAddress
                         0x800'6bfb      0x68  Code  Gb  FreeRTOS_IPv6_Utils.o [9]
vNDAgeCache              0x800'613b      0x44  Code  Gb  FreeRTOS_ND.o [9]
vNDRefreshCacheEntry     0x800'60bd      0x7e  Code  Gb  FreeRTOS_ND.o [9]
vNDSendNeighbourSolicitation
                         0x800'6203     0x112  Code  Gb  FreeRTOS_ND.o [9]
vNDSendRouterSolicitation
                         0x800'5591     0x10a  Code  Gb  FreeRTOS_RA.o [9]
vNetworkSocketsInit      0x800'01b1      0x18  Code  Gb  FreeRTOS_Sockets.o [9]
vNetworkTimerReload      0x800'4cb1       0x6  Code  Gb  FreeRTOS_IP_Timers.o [9]
vPhyInitialise           0x801'0a91      0x14  Code  Gb  phyHandling.o [17]
vPortEnableVFP           0x800'86d9            Code  Gb  portasm.o [16]
vPortEnterCritical       0x800'6dc3      0x32  Code  Gb  port.o [16]
vPortExitCritical        0x800'6df5      0x22  Code  Gb  port.o [16]
vPortFree                0x800'1c2f      0xb0  Code  Gb  heap_4.o [16]
vPortSetupTimerInterrupt
                         0x800'861d      0x28  Code  Wk  port.o [16]
vPortStartFirstTask      0x800'86b9            Code  Gb  portasm.o [16]
vPortValidateInterruptPriority
                         0x800'6e3d      0x2c  Code  Gb  port.o [16]
vPreCheckConfigs         0x800'212f      0x2a  Code  Gb  FreeRTOS_IP_Utils.o [9]
vProcessGeneratedUDPPacket
                         0x800'5945      0x1e  Code  Gb  FreeRTOS_UDP_IP.o [9]
vProcessGeneratedUDPPacket_IPv4
                         0x800'8295      0xce  Code  Gb  FreeRTOS_UDP_IPv4.o [9]
vProcessGeneratedUDPPacket_IPv4{5}{6}{7}{8}::ucDefaultPartUDPPacketHeader
                         0x800'8404      0x18  Data  Lc  FreeRTOS_UDP_IPv4.o [9]
vProcessGeneratedUDPPacket_IPv6
                         0x800'841d     0x114  Code  Gb  FreeRTOS_UDP_IPv6.o [9]
vQueueAddToRegistry      0x800'54dd      0x3a  Code  Gb  queue.o [10]
vQueueDelete             0x800'53b1      0x22  Code  Gb  queue.o [10]
vQueueUnregisterQueue    0x800'5517      0x2a  Code  Gb  queue.o [10]
vQueueWaitForMessageRestricted
                         0x800'5549      0x48  Code  Gb  queue.o [10]
vRAProcess               0x800'57eb     0x154  Code  Gb  FreeRTOS_RA.o [9]
vReceiveNA               0x800'569b      0x54  Code  Gb  FreeRTOS_RA.o [9]
vReceiveRA               0x800'56ef      0xec  Code  Gb  FreeRTOS_RA.o [9]
vRegisterDelay           0x801'08a3      0x24  Code  Lc  stm32fxx_hal_eth.o [17]
vReleaseNetworkBuffer    0x800'369b       0xc  Code  Gb  BufferAllocation_2.o [17]
vReleaseNetworkBufferAndDescriptor
                         0x800'3757      0x42  Code  Gb  BufferAllocation_2.o [17]
vReturnEthernetFrame     0x800'1987      0xa2  Code  Gb  FreeRTOS_IP.o [9]
vSetAllNetworksUp        0x800'4d4b       0x6  Code  Gb  FreeRTOS_IP_Timers.o [9]
vSetMultiCastIPv4MacAddress
                         0x800'85cb      0x30  Code  Gb  FreeRTOS_IPv4_Utils.o [9]
vSetMultiCastIPv6MacAddress
                         0x800'6b73      0x18  Code  Gb  FreeRTOS_IPv6_Utils.o [9]
vSocketBind              0x800'0627     0x12c  Code  Gb  FreeRTOS_Sockets.o [9]
vSocketClose             0x800'0779      0xd2  Code  Gb  FreeRTOS_Sockets.o [9]
vSocketCloseNextTime     0x800'4495      0x18  Code  Gb  FreeRTOS_TCP_IP.o [9]
vSocketListenNextTime    0x800'44ad      0x1c  Code  Gb  FreeRTOS_TCP_IP.o [9]
vSocketSelect            0x800'1243     0x110  Code  Gb  FreeRTOS_Sockets.o [9]
vSocketWakeUpUser        0x800'0b53      0x3a  Code  Gb  FreeRTOS_Sockets.o [9]
vStreamBufferClear       0x800'49eb      0x10  Code  Gb  FreeRTOS_Stream_Buffer.o [9]
vStreamBufferMoveMid     0x800'49fb      0x20  Code  Gb  FreeRTOS_Stream_Buffer.o [9]
vTCPStateChange          0x800'4551     0x170  Code  Gb  FreeRTOS_TCP_IP.o [9]
vTCPTimerReload          0x800'4ca1       0x6  Code  Gb  FreeRTOS_IP_Timers.o [9]
vTCPWindowDestroy        0x800'3e69      0x34  Code  Gb  FreeRTOS_TCP_WIN.o [9]
vTCPWindowFree           0x800'3e37      0x32  Code  Lc  FreeRTOS_TCP_WIN.o [9]
vTCPWindowInit           0x800'3f33      0x42  Code  Gb  FreeRTOS_TCP_WIN.o [9]
vTaskDelay               0x800'23ed      0x30  Code  Gb  tasks.o [10]
vTaskGenericNotifyGiveFromISR
                         0x800'3197      0xcc  Code  Gb  tasks.o [10]
vTaskInternalSetTimeOutState
                         0x800'2b49       0xe  Code  Gb  tasks.o [10]
vTaskMissedYield         0x800'2bb7       0xa  Code  Gb  tasks.o [10]
vTaskPlaceOnEventList    0x800'28e1      0x24  Code  Gb  tasks.o [10]
vTaskPlaceOnEventListRestricted
                         0x800'2961      0x48  Code  Gb  tasks.o [10]
vTaskPlaceOnUnorderedEventList
                         0x800'2905      0x5c  Code  Gb  tasks.o [10]
vTaskPriorityDisinheritAfterTimeout
                         0x800'2da3      0x78  Code  Gb  tasks.o [10]
vTaskRemoveFromUnorderedEventList
                         0x800'2a71      0xae  Code  Gb  tasks.o [10]
vTaskResume              0x800'250b      0x68  Code  Gb  tasks.o [10]
vTaskSetTimeOutState     0x800'2b1f      0x24  Code  Gb  tasks.o [10]
vTaskStartScheduler      0x800'2595      0x98  Code  Gb  tasks.o [10]
vTaskSuspend             0x800'2423      0xa0  Code  Gb  tasks.o [10]
vTaskSuspendAll          0x800'2635       0xc  Code  Gb  tasks.o [10]
vTaskSwitchContext       0x800'2891      0x50  Code  Gb  tasks.o [10]
xARPCache               0x2000'0000      0x60  Data  Lc  FreeRTOS_ARP.o [9]
xARPResolutionTimer     0x2001'ae44      0x14  Data  Lc  FreeRTOS_IP_Timers.o [9]
xARPTimer               0x2001'ae18      0x14  Data  Lc  FreeRTOS_IP_Timers.o [9]
xActiveTimerList1       0x2001'abb4      0x14  Data  Lc  timers.o [10]
xActiveTimerList2       0x2001'abc8      0x14  Data  Lc  timers.o [10]
xAllNetworksUp          0x2001'ae40       0x4  Data  Lc  FreeRTOS_IP_Timers.o [9]
xApplicationGetRandomNumber
                         0x800'37ad       0xe  Code  Gb  eth_helper.o [6]
xBadIPv4Loopback         0x800'665d      0x26  Code  Gb  FreeRTOS_IPv4.o [9]
xBadIPv6Loopback         0x800'6829      0x34  Code  Gb  FreeRTOS_IPv6.o [9]
xBoundTCPSocketsList    0x2001'afd4      0x14  Data  Gb  FreeRTOS_Sockets.o [9]
xBoundUDPSocketsList    0x2001'afe8      0x14  Data  Gb  FreeRTOS_Sockets.o [9]
xBroadcastMACAddress     0x800'1ac4       0x8  Data  Gb  FreeRTOS_IP.o [9]
xBufferAllocFixedSize    0x801'21e4       0x4  Data  Gb  BufferAllocation_2.o [17]
xCalculateSleepTime      0x800'4b59      0x4a  Code  Gb  FreeRTOS_IP_Timers.o [9]
xCheckRequiresARPResolution
                         0x800'5bb9      0x88  Code  Gb  FreeRTOS_ARP.o [9]
xCompareIPv6_Address     0x800'68b1      0x9e  Code  Gb  FreeRTOS_IPv6.o [9]
xCompareIPv6_Address::FreeRTOS_in6addr_allnodes
                         0x800'6b1c      0x10  Data  Lc  FreeRTOS_IPv6.o [9]
xDelayedTaskList1       0x2000'3174      0x14  Data  Lc  tasks.o [10]
xDelayedTaskList2       0x2000'3188      0x14  Data  Lc  tasks.o [10]
xEMACTaskHandle         0x2000'00d4       0x4  Data  Lc  NetworkInterface.o [17]
xETH                    0x2001'aebc      0x48  Data  Lc  NetworkInterface.o [17]
xEventGroupClearBits     0x800'1e0f      0x30  Code  Gb  event_groups.o [10]
xEventGroupCreate        0x800'1d03      0x1e  Code  Gb  event_groups.o [10]
xEventGroupSetBits       0x800'1e3f      0x72  Code  Gb  event_groups.o [10]
xEventGroupWaitBits      0x800'1d21      0xd6  Code  Gb  event_groups.o [10]
xFreeBuffersList        0x2001'b020      0x14  Data  Lc  BufferAllocation_2.o [17]
xFreeBytesRemaining     0x2000'335c       0x4  Data  Lc  heap_4.o [16]
xGetCommand              0x800'e6c0      0x10  Data  Gb  cli.o [3]
xGetExtensionOrder       0x800'6a49      0x44  Code  Gb  FreeRTOS_IPv6.o [9]
xHelpCommand             0x801'21ac      0x10  Data  Lc  FreeRTOS_CLI.o [8]
xIPIsNetworkTaskReady    0x800'1a39       0x6  Code  Gb  FreeRTOS_IP.o [9]
xIPTaskHandle           0x2001'733c       0x4  Data  Lc  FreeRTOS_IP.o [9]
xIPTaskInitialised      0x2001'7340       0x4  Data  Lc  FreeRTOS_IP.o [9]
xIPv6_GetIPType          0x800'3ca5      0x4c  Code  Gb  FreeRTOS_Routing.o [9]
xIPv6_GetIPType::xIPCouples
                         0x800'3cf0      0x20  Data  Lc  FreeRTOS_Routing.o [9]
xIdleTaskHandles        0x2000'3168       0x4  Data  Lc  tasks.o [10]
xIsCallingFromIPTask     0x800'2035      0x18  Code  Gb  FreeRTOS_IP_Utils.o [9]
xIsIPInARPCache          0x800'5b91      0x28  Code  Gb  FreeRTOS_ARP.o [9]
xIsIPv4Loopback          0x800'6683      0x28  Code  Gb  FreeRTOS_IPv4.o [9]
xIsIPv4Multicast         0x800'6639      0x24  Code  Gb  FreeRTOS_IPv4.o [9]
xIsIPv6AllowedMulticast
                         0x800'685d      0x52  Code  Gb  FreeRTOS_IPv6.o [9]
xIsIPv6Loopback          0x800'6815      0x14  Code  Gb  FreeRTOS_IPv6.o [9]
xLastGratuitousARPTime  0x2000'0060       0x4  Data  Lc  FreeRTOS_ARP.o [9]
xMacInitStatus          0x2001'b08b       0x1  Data  Lc  NetworkInterface.o [17]
xMinimumEverFreeBytesRemaining
                        0x2000'3360       0x4  Data  Lc  heap_4.o [16]
xNDCache                0x2001'9e18     0x300  Data  Lc  FreeRTOS_ND.o [9]
xNetworkBufferSemaphore
                        0x2001'b038       0x4  Data  Lc  BufferAllocation_2.o [17]
xNetworkBuffersInitialise
                         0x800'3631      0x56  Code  Gb  BufferAllocation_2.o [17]
xNetworkBuffersInitialise::xNetworkBufferDescriptors
                        0x2001'65c0     0xd20  Data  Lc  BufferAllocation_2.o [17]
xNetworkBuffersInitialise{1}{2}{3}::xNetworkBufferSemaphoreBuffer
                        0x2001'72e0      0x50  Data  Lc  BufferAllocation_2.o [17]
xNetworkDownEventPending
                        0x2001'7338       0x4  Data  Lc  FreeRTOS_IP.o [9]
xNetworkEventQueue      0x2001'7334       0x4  Data  Gb  FreeRTOS_IP.o [9]
xNetworkTimer           0x2001'ae58      0x14  Data  Lc  FreeRTOS_IP_Timers.o [9]
xNextTaskUnblockTime    0x2000'3164       0x4  Data  Lc  tasks.o [10]
xNumOfOverflows         0x2000'315c       0x4  Data  Lc  tasks.o [10]
xNumberOfSuccessfulAllocations
                        0x2000'3364       0x4  Data  Lc  heap_4.o [16]
xNumberOfSuccessfulFrees
                        0x2000'3368       0x4  Data  Lc  heap_4.o [16]
xPHYProperties           0x801'0140       0x4  Data  Gb  NetworkInterface.o [17]
xPendedTicks            0x2000'3154       0x4  Data  Lc  tasks.o [10]
xPendingReadyList       0x2000'30f8      0x14  Data  Lc  tasks.o [10]
xPhyCheckLinkStatus      0x801'0f19      0xa8  Code  Gb  phyHandling.o [17]
xPhyConfigure            0x801'0b05     0x1e2  Code  Gb  phyHandling.o [17]
xPhyDiscover             0x801'0aa5      0x60  Code  Gb  phyHandling.o [17]
xPhyFixedValue           0x801'0ce7      0x4a  Code  Gb  phyHandling.o [17]
xPhyObject              0x2000'0088      0x40  Data  Lc  NetworkInterface.o [17]
xPhyStartAutoNegotiation
                         0x801'0d31     0x1ce  Code  Gb  phyHandling.o [17]
xPortStartScheduler      0x800'6cd5      0xe0  Code  Gb  port.o [16]
xProcessReceivedTCPPacket
                         0x800'4755     0x204  Code  Gb  FreeRTOS_TCP_IP.o [9]
xProcessReceivedUDPPacket
                         0x800'5963      0x3e  Code  Gb  FreeRTOS_UDP_IP.o [9]
xProcessReceivedUDPPacket_IPv4
                         0x800'8363      0x94  Code  Gb  FreeRTOS_UDP_IPv4.o [9]
xProcessReceivedUDPPacket_IPv6
                         0x800'8531      0x8c  Code  Gb  FreeRTOS_UDP_IPv6.o [9]
xQueueCreateCountingSemaphore
                         0x800'4ef1      0x1e  Code  Gb  queue.o [10]
xQueueCreateCountingSemaphoreStatic
                         0x800'4ecd      0x24  Code  Gb  queue.o [10]
xQueueGenericCreate      0x800'4e53      0x4a  Code  Gb  queue.o [10]
xQueueGenericCreateStatic
                         0x800'4e03      0x50  Code  Gb  queue.o [10]
xQueueGenericReset       0x800'4d71      0x92  Code  Gb  queue.o [10]
xQueueGenericSend        0x800'4f0f     0x12c  Code  Gb  queue.o [10]
xQueueGenericSendFromISR
                         0x800'503b      0xb0  Code  Gb  queue.o [10]
xQueueReceive            0x800'5103     0x110  Code  Gb  queue.o [10]
xQueueRegistry          0x2001'af94      0x40  Data  Gb  queue.o [10]
xQueueSemaphoreTake      0x800'5213     0x120  Code  Gb  queue.o [10]
xRecv_Update_IPv4        0x800'33e7      0x18  Code  Gb  FreeRTOS_IPv4_Sockets.o [9]
xRecv_Update_IPv6        0x800'34ad      0x2e  Code  Gb  FreeRTOS_IPv6_Sockets.o [9]
xRegisteredCommands     0x2000'007c       0x8  Data  Lc  FreeRTOS_CLI.o [8]
xResetCommand            0x800'e6d0      0x10  Data  Gb  cli.o [3]
xRoutingStatistics      0x2001'376c      0x68  Data  Gb  FreeRTOS_Routing.o [9]
xSTM32F_GetPhyLinkStatus
                         0x800'ff45       0x2  Code  Lc  NetworkInterface.o [17]
xSTM32F_NetworkInterfaceInitialise
                         0x800'fb59      0xd0  Code  Lc  NetworkInterface.o [17]
xSTM32F_NetworkInterfaceOutput
                         0x800'fdab      0x8c  Code  Lc  NetworkInterface.o [17]
xSTM32_PhyRead           0x800'fe6b       0xc  Code  Gb  NetworkInterface.o [17]
xSTM32_PhyWrite          0x800'fe77       0xa  Code  Gb  NetworkInterface.o [17]
xSchedulerRunning       0x2000'3150       0x4  Data  Lc  tasks.o [10]
xSegmentList            0x2001'b03c      0x14  Data  Lc  FreeRTOS_TCP_WIN.o [9]
xSendEventStructToIPTask
                         0x800'1911      0x48  Code  Gb  FreeRTOS_IP.o [9]
xSendEventToIPTask       0x800'18fd      0x14  Code  Gb  FreeRTOS_IP.o [9]
xSend_UDP_Update_IPv4    0x800'33d1      0x16  Code  Gb  FreeRTOS_IPv4_Sockets.o [9]
xSend_UDP_Update_IPv6    0x800'3467      0x46  Code  Gb  FreeRTOS_IPv6_Sockets.o [9]
xSequenceGreaterThan     0x800'3d1f       0xe  Code  Gb  FreeRTOS_TCP_WIN.o [9]
xSequenceGreaterThanOrEqual
                         0x800'3d2d       0xc  Code  Lc  FreeRTOS_TCP_WIN.o [9]
xSequenceLessThan        0x800'3d11       0xe  Code  Gb  FreeRTOS_TCP_WIN.o [9]
xSetCommand              0x800'e6b0      0x10  Data  Gb  cli.o [3]
xSocketToClose          0x2001'b078       0x4  Data  Lc  FreeRTOS_TCP_IP.o [9]
xSocketToListen         0x2001'b07c       0x4  Data  Lc  FreeRTOS_TCP_IP.o [9]
xSocketValid             0x800'1233      0x10  Code  Gb  FreeRTOS_Sockets.o [9]
xStart                  0x2000'3350       0x8  Data  Lc  heap_4.o [16]
xStreamBufferLessThenEqual
                         0x800'4a1b      0x12  Code  Gb  FreeRTOS_Stream_Buffer.o [9]
xSuspendedTaskList      0x2000'3120      0x14  Data  Lc  tasks.o [10]
xTCPCheckNewClient       0x800'4965      0x40  Code  Gb  FreeRTOS_TCP_IP.o [9]
xTCPSegments            0x2001'b050       0x4  Data  Lc  FreeRTOS_TCP_WIN.o [9]
xTCPSocketCheck          0x800'44c9      0x7c  Code  Gb  FreeRTOS_TCP_IP.o [9]
xTCPTimer               0x2001'ae2c      0x14  Data  Lc  FreeRTOS_IP_Timers.o [9]
xTCPTimerCheck           0x800'0fe3      0x7a  Code  Gb  FreeRTOS_Sockets.o [9]
xTCPTimerCheck::xLastTime
                        0x2001'affc       0x4  Data  Lc  FreeRTOS_Sockets.o [9]
xTCPWindowCreate         0x800'3e9d      0x96  Code  Gb  FreeRTOS_TCP_WIN.o [9]
xTCPWindowGetHead        0x800'3e13      0x16  Code  Lc  FreeRTOS_TCP_WIN.o [9]
xTCPWindowLoggingLevel  0x2001'b080       0x4  Data  Gb  FreeRTOS_TCP_WIN.o [9]
xTCPWindowNew            0x800'3d83      0x66  Code  Lc  FreeRTOS_TCP_WIN.o [9]
xTCPWindowPeekHead       0x800'3e29       0xe  Code  Lc  FreeRTOS_TCP_WIN.o [9]
xTCPWindowRxEmpty        0x800'3df7      0x1c  Code  Gb  FreeRTOS_TCP_WIN.o [9]
xTCPWindowRxFind         0x800'3d61      0x22  Code  Lc  FreeRTOS_TCP_WIN.o [9]
xTCPWindowTxDone         0x800'4187       0xc  Code  Gb  FreeRTOS_TCP_WIN.o [9]
xTCPWindowTxHasData      0x800'41d3      0x66  Code  Gb  FreeRTOS_TCP_WIN.o [9]
xTXDescriptorSemaphore  0x2000'00c8       0x4  Data  Lc  NetworkInterface.o [17]
xTaskCheckForTimeOut     0x800'2b57      0x60  Code  Gb  tasks.o [10]
xTaskCreate              0x800'2241      0x5c  Code  Gb  tasks.o [10]
xTaskCreateStatic        0x800'21cd      0x74  Code  Gb  tasks.o [10]
xTaskGenericNotify       0x800'2f79      0xfa  Code  Gb  tasks.o [10]
xTaskGenericNotifyFromISR
                         0x800'3075     0x11c  Code  Gb  tasks.o [10]
xTaskGenericNotifyWait   0x800'2ecd      0x8a  Code  Gb  tasks.o [10]
xTaskGetCurrentTaskHandle
                         0x800'2c55       0x8  Code  Gb  tasks.o [10]
xTaskGetSchedulerState   0x800'2c5d      0x18  Code  Gb  tasks.o [10]
xTaskGetTickCount        0x800'2747       0x8  Code  Gb  tasks.o [10]
xTaskGetTickCountFromISR
                         0x800'274f       0xe  Code  Gb  tasks.o [10]
xTaskIncrementTick       0x800'2765     0x12c  Code  Gb  tasks.o [10]
xTaskPriorityDisinherit
                         0x800'2cfd      0x84  Code  Gb  tasks.o [10]
xTaskPriorityInherit     0x800'2c75      0x88  Code  Gb  tasks.o [10]
xTaskRemoveFromEventList
                         0x800'29a9      0xbc  Code  Gb  tasks.o [10]
xTaskResumeAll           0x800'2641      0xf0  Code  Gb  tasks.o [10]
xTasksWaitingTermination
                        0x2000'310c      0x14  Data  Lc  tasks.o [10]
xTickCount              0x2000'3148       0x4  Data  Lc  tasks.o [10]
xTimerCreateStatic       0x800'6f4d      0x40  Code  Gb  timers.o [10]
xTimerCreateTimerTask    0x800'6ef9      0x54  Code  Gb  timers.o [10]
xTimerGenericCommandFromISR
                         0x800'7019      0x40  Code  Gb  timers.o [10]
xTimerGenericCommandFromTask
                         0x800'6fcd      0x4c  Code  Gb  timers.o [10]
xTimerIsTimerActive      0x800'72d7       0xc  Code  Gb  timers.o [10]
xTimerQueue             0x2001'aba8       0x4  Data  Lc  timers.o [10]
xTimerTaskHandle        0x2001'abac       0x4  Data  Lc  timers.o [10]
xYieldPendings          0x2000'3158       0x4  Data  Lc  tasks.o [10]


[1] = C:\Users\Koche\Desktop\Work\Smart Dispenser PRJ\gateway\EWARM\Gateway_407\Obj\App_6048373297342892631.dir
[2] = C:\Users\Koche\Desktop\Work\Smart Dispenser PRJ\gateway\EWARM\Gateway_407\Obj\CMSIS_6603591812247902717.dir
[3] = C:\Users\Koche\Desktop\Work\Smart Dispenser PRJ\gateway\EWARM\Gateway_407\Obj\Cli_11707894225168942927.dir
[4] = C:\Users\Koche\Desktop\Work\Smart Dispenser PRJ\gateway\EWARM\Gateway_407\Obj\Core_13247989168731456611.dir
[5] = C:\Users\Koche\Desktop\Work\Smart Dispenser PRJ\gateway\EWARM\Gateway_407\Obj\EWARM_18443280873093131863.dir
[6] = C:\Users\Koche\Desktop\Work\Smart Dispenser PRJ\gateway\EWARM\Gateway_407\Obj\Ethernet_5605320102233052314.dir
[7] = C:\Users\Koche\Desktop\Work\Smart Dispenser PRJ\gateway\EWARM\Gateway_407\Obj\Flash_13912709933827620245.dir
[8] = C:\Users\Koche\Desktop\Work\Smart Dispenser PRJ\gateway\EWARM\Gateway_407\Obj\FreeRTOS-Plu-Cli_11501085631675054166.dir
[9] = C:\Users\Koche\Desktop\Work\Smart Dispenser PRJ\gateway\EWARM\Gateway_407\Obj\FreeRTOS-Plus-TCP_16686340316780321206.dir
[10] = C:\Users\Koche\Desktop\Work\Smart Dispenser PRJ\gateway\EWARM\Gateway_407\Obj\FreeRTOS_15068288790229095433.dir
[11] = C:\Users\Koche\Desktop\Work\Smart Dispenser PRJ\gateway\EWARM\Gateway_407\Obj\Gate_3448444589264835548.dir
[12] = C:\Users\Koche\Desktop\Work\Smart Dispenser PRJ\gateway\EWARM\Gateway_407\Obj\STM32F4xx_HAL_Driver_1244631019742807970.dir
[13] = C:\Users\Koche\Desktop\Work\Smart Dispenser PRJ\gateway\EWARM\Gateway_407\Obj\System_11455613988876714787.dir
[14] = C:\Users\Koche\Desktop\Work\Smart Dispenser PRJ\gateway\EWARM\Gateway_407\Obj\Target_2794460481546860895.dir
[15] = C:\Users\Koche\Desktop\Work\Smart Dispenser PRJ\gateway\EWARM\Gateway_407\Obj\USB_Device_Library_15009154495834662892.dir
[16] = C:\Users\Koche\Desktop\Work\Smart Dispenser PRJ\gateway\EWARM\Gateway_407\Obj\portable_15954926109208205999.dir
[17] = C:\Users\Koche\Desktop\Work\Smart Dispenser PRJ\gateway\EWARM\Gateway_407\Obj\portable_7947777220660125680.dir
[18] = dl7M_tlf.a
[19] = m7M_tls.a
[20] = rt7M_tl.a
[21] = shb_l.a

   73'506 bytes of readonly  code memory
    1'457 bytes of readonly  data memory
  111'757 bytes of readwrite data memory

Errors: none
Warnings: none
