###############################################################################
#
# IAR ELF Linker V9.60.3.422/W64 for ARM                  11/Sep/2025  23:29:33
# Copyright 2007-2024 IAR Systems AB.
#
#    Output file  =
#        C:\Users\Koche\Desktop\Work\Smart Dispenser
#        PRJ\gateway\EWARM\Gateway_407\Exe\Gateway_407.out
#    Map file     =
#        C:\Users\Koche\Desktop\Work\Smart Dispenser
#        PRJ\gateway\EWARM\Gateway_407\List\Gateway_407.map
#    Command line =
#        -f "C:\Users\Koche\Desktop\Work\Smart Dispenser
#        PRJ\gateway\EWARM\Gateway_407\Exe\Gateway_407.out.rsp"
#        ("C:\Users\Koche\Desktop\Work\Smart Dispenser
#        PRJ\gateway\EWARM\Gateway_407\Obj\portable_7947777220660125680.dir\BufferAllocation_2.o"
#        "C:\Users\Koche\Desktop\Work\Smart Dispenser
#        PRJ\gateway\EWARM\Gateway_407\Obj\Cli_11707894225168942927.dir\cli.o"
#        "C:\Users\Koche\Desktop\Work\Smart Dispenser
#        PRJ\gateway\EWARM\Gateway_407\Obj\Cli_11707894225168942927.dir\cli_handlers.o"
#        "C:\Users\Koche\Desktop\Work\Smart Dispenser
#        PRJ\gateway\EWARM\Gateway_407\Obj\Cli_11707894225168942927.dir\cli_helper.o"
#        "C:\Users\Koche\Desktop\Work\Smart Dispenser
#        PRJ\gateway\EWARM\Gateway_407\Obj\Core_13247989168731456611.dir\dma.o"
#        "C:\Users\Koche\Desktop\Work\Smart Dispenser
#        PRJ\gateway\EWARM\Gateway_407\Obj\Ethernet_5605320102233052314.dir\eth_helper.o"
#        "C:\Users\Koche\Desktop\Work\Smart Dispenser
#        PRJ\gateway\EWARM\Gateway_407\Obj\Ethernet_5605320102233052314.dir\eth_init.o"
#        "C:\Users\Koche\Desktop\Work\Smart Dispenser
#        PRJ\gateway\EWARM\Gateway_407\Obj\FreeRTOS_15068288790229095433.dir\event_groups.o"
#        "C:\Users\Koche\Desktop\Work\Smart Dispenser
#        PRJ\gateway\EWARM\Gateway_407\Obj\Flash_13912709933827620245.dir\flash.o"
#        "C:\Users\Koche\Desktop\Work\Smart Dispenser
#        PRJ\gateway\EWARM\Gateway_407\Obj\FreeRTOS-Plus-TCP_16686340316780321206.dir\FreeRTOS_ARP.o"
#        "C:\Users\Koche\Desktop\Work\Smart Dispenser
#        PRJ\gateway\EWARM\Gateway_407\Obj\FreeRTOS-Plus-TCP_16686340316780321206.dir\FreeRTOS_BitConfig.o"
#        "C:\Users\Koche\Desktop\Work\Smart Dispenser
#        PRJ\gateway\EWARM\Gateway_407\Obj\FreeRTOS-Plu-Cli_11501085631675054166.dir\FreeRTOS_CLI.o"
#        "C:\Users\Koche\Desktop\Work\Smart Dispenser
#        PRJ\gateway\EWARM\Gateway_407\Obj\FreeRTOS-Plus-TCP_16686340316780321206.dir\FreeRTOS_DHCP.o"
#        "C:\Users\Koche\Desktop\Work\Smart Dispenser
#        PRJ\gateway\EWARM\Gateway_407\Obj\FreeRTOS-Plus-TCP_16686340316780321206.dir\FreeRTOS_DHCPv6.o"
#        "C:\Users\Koche\Desktop\Work\Smart Dispenser
#        PRJ\gateway\EWARM\Gateway_407\Obj\FreeRTOS-Plus-TCP_16686340316780321206.dir\FreeRTOS_DNS.o"
#        "C:\Users\Koche\Desktop\Work\Smart Dispenser
#        PRJ\gateway\EWARM\Gateway_407\Obj\FreeRTOS-Plus-TCP_16686340316780321206.dir\FreeRTOS_DNS_Cache.o"
#        "C:\Users\Koche\Desktop\Work\Smart Dispenser
#        PRJ\gateway\EWARM\Gateway_407\Obj\FreeRTOS-Plus-TCP_16686340316780321206.dir\FreeRTOS_DNS_Callback.o"
#        "C:\Users\Koche\Desktop\Work\Smart Dispenser
#        PRJ\gateway\EWARM\Gateway_407\Obj\FreeRTOS-Plus-TCP_16686340316780321206.dir\FreeRTOS_DNS_Networking.o"
#        "C:\Users\Koche\Desktop\Work\Smart Dispenser
#        PRJ\gateway\EWARM\Gateway_407\Obj\FreeRTOS-Plus-TCP_16686340316780321206.dir\FreeRTOS_DNS_Parser.o"
#        "C:\Users\Koche\Desktop\Work\Smart Dispenser
#        PRJ\gateway\EWARM\Gateway_407\Obj\FreeRTOS-Plus-TCP_16686340316780321206.dir\FreeRTOS_ICMP.o"
#        "C:\Users\Koche\Desktop\Work\Smart Dispenser
#        PRJ\gateway\EWARM\Gateway_407\Obj\FreeRTOS-Plus-TCP_16686340316780321206.dir\FreeRTOS_IP.o"
#        "C:\Users\Koche\Desktop\Work\Smart Dispenser
#        PRJ\gateway\EWARM\Gateway_407\Obj\FreeRTOS-Plus-TCP_16686340316780321206.dir\FreeRTOS_IP_Timers.o"
#        "C:\Users\Koche\Desktop\Work\Smart Dispenser
#        PRJ\gateway\EWARM\Gateway_407\Obj\FreeRTOS-Plus-TCP_16686340316780321206.dir\FreeRTOS_IP_Utils.o"
#        "C:\Users\Koche\Desktop\Work\Smart Dispenser
#        PRJ\gateway\EWARM\Gateway_407\Obj\FreeRTOS-Plus-TCP_16686340316780321206.dir\FreeRTOS_IPv4.o"
#        "C:\Users\Koche\Desktop\Work\Smart Dispenser
#        PRJ\gateway\EWARM\Gateway_407\Obj\FreeRTOS-Plus-TCP_16686340316780321206.dir\FreeRTOS_IPv4_Sockets.o"
#        "C:\Users\Koche\Desktop\Work\Smart Dispenser
#        PRJ\gateway\EWARM\Gateway_407\Obj\FreeRTOS-Plus-TCP_16686340316780321206.dir\FreeRTOS_IPv4_Utils.o"
#        "C:\Users\Koche\Desktop\Work\Smart Dispenser
#        PRJ\gateway\EWARM\Gateway_407\Obj\FreeRTOS-Plus-TCP_16686340316780321206.dir\FreeRTOS_IPv6.o"
#        "C:\Users\Koche\Desktop\Work\Smart Dispenser
#        PRJ\gateway\EWARM\Gateway_407\Obj\FreeRTOS-Plus-TCP_16686340316780321206.dir\FreeRTOS_IPv6_Sockets.o"
#        "C:\Users\Koche\Desktop\Work\Smart Dispenser
#        PRJ\gateway\EWARM\Gateway_407\Obj\FreeRTOS-Plus-TCP_16686340316780321206.dir\FreeRTOS_IPv6_Utils.o"
#        "C:\Users\Koche\Desktop\Work\Smart Dispenser
#        PRJ\gateway\EWARM\Gateway_407\Obj\FreeRTOS-Plus-TCP_16686340316780321206.dir\FreeRTOS_ND.o"
#        "C:\Users\Koche\Desktop\Work\Smart Dispenser
#        PRJ\gateway\EWARM\Gateway_407\Obj\FreeRTOS-Plus-TCP_16686340316780321206.dir\FreeRTOS_RA.o"
#        "C:\Users\Koche\Desktop\Work\Smart Dispenser
#        PRJ\gateway\EWARM\Gateway_407\Obj\FreeRTOS-Plus-TCP_16686340316780321206.dir\FreeRTOS_Routing.o"
#        "C:\Users\Koche\Desktop\Work\Smart Dispenser
#        PRJ\gateway\EWARM\Gateway_407\Obj\FreeRTOS-Plus-TCP_16686340316780321206.dir\FreeRTOS_Sockets.o"
#        "C:\Users\Koche\Desktop\Work\Smart Dispenser
#        PRJ\gateway\EWARM\Gateway_407\Obj\FreeRTOS-Plus-TCP_16686340316780321206.dir\FreeRTOS_Stream_Buffer.o"
#        "C:\Users\Koche\Desktop\Work\Smart Dispenser
#        PRJ\gateway\EWARM\Gateway_407\Obj\FreeRTOS-Plus-TCP_16686340316780321206.dir\FreeRTOS_TCP_IP.o"
#        "C:\Users\Koche\Desktop\Work\Smart Dispenser
#        PRJ\gateway\EWARM\Gateway_407\Obj\FreeRTOS-Plus-TCP_16686340316780321206.dir\FreeRTOS_TCP_IP_IPv4.o"
#        "C:\Users\Koche\Desktop\Work\Smart Dispenser
#        PRJ\gateway\EWARM\Gateway_407\Obj\FreeRTOS-Plus-TCP_16686340316780321206.dir\FreeRTOS_TCP_IP_IPv6.o"
#        "C:\Users\Koche\Desktop\Work\Smart Dispenser
#        PRJ\gateway\EWARM\Gateway_407\Obj\FreeRTOS-Plus-TCP_16686340316780321206.dir\FreeRTOS_TCP_Reception.o"
#        "C:\Users\Koche\Desktop\Work\Smart Dispenser
#        PRJ\gateway\EWARM\Gateway_407\Obj\FreeRTOS-Plus-TCP_16686340316780321206.dir\FreeRTOS_TCP_State_Handling.o"
#        "C:\Users\Koche\Desktop\Work\Smart Dispenser
#        PRJ\gateway\EWARM\Gateway_407\Obj\FreeRTOS-Plus-TCP_16686340316780321206.dir\FreeRTOS_TCP_State_Handling_IPv4.o"
#        "C:\Users\Koche\Desktop\Work\Smart Dispenser
#        PRJ\gateway\EWARM\Gateway_407\Obj\FreeRTOS-Plus-TCP_16686340316780321206.dir\FreeRTOS_TCP_State_Handling_IPv6.o"
#        "C:\Users\Koche\Desktop\Work\Smart Dispenser
#        PRJ\gateway\EWARM\Gateway_407\Obj\FreeRTOS-Plus-TCP_16686340316780321206.dir\FreeRTOS_TCP_Transmission.o"
#        "C:\Users\Koche\Desktop\Work\Smart Dispenser
#        PRJ\gateway\EWARM\Gateway_407\Obj\FreeRTOS-Plus-TCP_16686340316780321206.dir\FreeRTOS_TCP_Transmission_IPv4.o"
#        "C:\Users\Koche\Desktop\Work\Smart Dispenser
#        PRJ\gateway\EWARM\Gateway_407\Obj\FreeRTOS-Plus-TCP_16686340316780321206.dir\FreeRTOS_TCP_Transmission_IPv6.o"
#        "C:\Users\Koche\Desktop\Work\Smart Dispenser
#        PRJ\gateway\EWARM\Gateway_407\Obj\FreeRTOS-Plus-TCP_16686340316780321206.dir\FreeRTOS_TCP_Utils.o"
#        "C:\Users\Koche\Desktop\Work\Smart Dispenser
#        PRJ\gateway\EWARM\Gateway_407\Obj\FreeRTOS-Plus-TCP_16686340316780321206.dir\FreeRTOS_TCP_Utils_IPv4.o"
#        "C:\Users\Koche\Desktop\Work\Smart Dispenser
#        PRJ\gateway\EWARM\Gateway_407\Obj\FreeRTOS-Plus-TCP_16686340316780321206.dir\FreeRTOS_TCP_Utils_IPv6.o"
#        "C:\Users\Koche\Desktop\Work\Smart Dispenser
#        PRJ\gateway\EWARM\Gateway_407\Obj\FreeRTOS-Plus-TCP_16686340316780321206.dir\FreeRTOS_TCP_WIN.o"
#        "C:\Users\Koche\Desktop\Work\Smart Dispenser
#        PRJ\gateway\EWARM\Gateway_407\Obj\FreeRTOS-Plus-TCP_16686340316780321206.dir\FreeRTOS_Tiny_TCP.o"
#        "C:\Users\Koche\Desktop\Work\Smart Dispenser
#        PRJ\gateway\EWARM\Gateway_407\Obj\FreeRTOS-Plus-TCP_16686340316780321206.dir\FreeRTOS_UDP_IP.o"
#        "C:\Users\Koche\Desktop\Work\Smart Dispenser
#        PRJ\gateway\EWARM\Gateway_407\Obj\FreeRTOS-Plus-TCP_16686340316780321206.dir\FreeRTOS_UDP_IPv4.o"
#        "C:\Users\Koche\Desktop\Work\Smart Dispenser
#        PRJ\gateway\EWARM\Gateway_407\Obj\FreeRTOS-Plus-TCP_16686340316780321206.dir\FreeRTOS_UDP_IPv6.o"
#        "C:\Users\Koche\Desktop\Work\Smart Dispenser
#        PRJ\gateway\EWARM\Gateway_407\Obj\Gate_3448444589264835548.dir\gate.o"
#        "C:\Users\Koche\Desktop\Work\Smart Dispenser
#        PRJ\gateway\EWARM\Gateway_407\Obj\Core_13247989168731456611.dir\gpio.o"
#        "C:\Users\Koche\Desktop\Work\Smart Dispenser
#        PRJ\gateway\EWARM\Gateway_407\Obj\portable_15954926109208205999.dir\heap_4.o"
#        "C:\Users\Koche\Desktop\Work\Smart Dispenser
#        PRJ\gateway\EWARM\Gateway_407\Obj\FreeRTOS_15068288790229095433.dir\list.o"
#        "C:\Users\Koche\Desktop\Work\Smart Dispenser
#        PRJ\gateway\EWARM\Gateway_407\Obj\Core_13247989168731456611.dir\main.o"
#        "C:\Users\Koche\Desktop\Work\Smart Dispenser
#        PRJ\gateway\EWARM\Gateway_407\Obj\portable_7947777220660125680.dir\NetworkInterface.o"
#        "C:\Users\Koche\Desktop\Work\Smart Dispenser
#        PRJ\gateway\EWARM\Gateway_407\Obj\portable_7947777220660125680.dir\phyHandling.o"
#        "C:\Users\Koche\Desktop\Work\Smart Dispenser
#        PRJ\gateway\EWARM\Gateway_407\Obj\portable_15954926109208205999.dir\port.o"
#        "C:\Users\Koche\Desktop\Work\Smart Dispenser
#        PRJ\gateway\EWARM\Gateway_407\Obj\portable_15954926109208205999.dir\portasm.o"
#        "C:\Users\Koche\Desktop\Work\Smart Dispenser
#        PRJ\gateway\EWARM\Gateway_407\Obj\Qr_16551614283803889394.dir\qr.o"
#        "C:\Users\Koche\Desktop\Work\Smart Dispenser
#        PRJ\gateway\EWARM\Gateway_407\Obj\FreeRTOS_15068288790229095433.dir\queue.o"
#        "C:\Users\Koche\Desktop\Work\Smart Dispenser
#        PRJ\gateway\EWARM\Gateway_407\Obj\EWARM_18443280873093131863.dir\startup_stm32f407xx.o"
#        "C:\Users\Koche\Desktop\Work\Smart Dispenser
#        PRJ\gateway\EWARM\Gateway_407\Obj\STM32F4xx_HAL_Driver_1244631019742807970.dir\stm32f4xx_hal.o"
#        "C:\Users\Koche\Desktop\Work\Smart Dispenser
#        PRJ\gateway\EWARM\Gateway_407\Obj\STM32F4xx_HAL_Driver_1244631019742807970.dir\stm32f4xx_hal_cortex.o"
#        "C:\Users\Koche\Desktop\Work\Smart Dispenser
#        PRJ\gateway\EWARM\Gateway_407\Obj\STM32F4xx_HAL_Driver_1244631019742807970.dir\stm32f4xx_hal_dma.o"
#        "C:\Users\Koche\Desktop\Work\Smart Dispenser
#        PRJ\gateway\EWARM\Gateway_407\Obj\STM32F4xx_HAL_Driver_1244631019742807970.dir\stm32f4xx_hal_dma_ex.o"
#        "C:\Users\Koche\Desktop\Work\Smart Dispenser
#        PRJ\gateway\EWARM\Gateway_407\Obj\STM32F4xx_HAL_Driver_1244631019742807970.dir\stm32f4xx_hal_exti.o"
#        "C:\Users\Koche\Desktop\Work\Smart Dispenser
#        PRJ\gateway\EWARM\Gateway_407\Obj\STM32F4xx_HAL_Driver_1244631019742807970.dir\stm32f4xx_hal_flash.o"
#        "C:\Users\Koche\Desktop\Work\Smart Dispenser
#        PRJ\gateway\EWARM\Gateway_407\Obj\STM32F4xx_HAL_Driver_1244631019742807970.dir\stm32f4xx_hal_flash_ex.o"
#        "C:\Users\Koche\Desktop\Work\Smart Dispenser
#        PRJ\gateway\EWARM\Gateway_407\Obj\STM32F4xx_HAL_Driver_1244631019742807970.dir\stm32f4xx_hal_flash_ramfunc.o"
#        "C:\Users\Koche\Desktop\Work\Smart Dispenser
#        PRJ\gateway\EWARM\Gateway_407\Obj\STM32F4xx_HAL_Driver_1244631019742807970.dir\stm32f4xx_hal_gpio.o"
#        "C:\Users\Koche\Desktop\Work\Smart Dispenser
#        PRJ\gateway\EWARM\Gateway_407\Obj\Core_13247989168731456611.dir\stm32f4xx_hal_msp.o"
#        "C:\Users\Koche\Desktop\Work\Smart Dispenser
#        PRJ\gateway\EWARM\Gateway_407\Obj\STM32F4xx_HAL_Driver_1244631019742807970.dir\stm32f4xx_hal_pcd.o"
#        "C:\Users\Koche\Desktop\Work\Smart Dispenser
#        PRJ\gateway\EWARM\Gateway_407\Obj\STM32F4xx_HAL_Driver_1244631019742807970.dir\stm32f4xx_hal_pcd_ex.o"
#        "C:\Users\Koche\Desktop\Work\Smart Dispenser
#        PRJ\gateway\EWARM\Gateway_407\Obj\STM32F4xx_HAL_Driver_1244631019742807970.dir\stm32f4xx_hal_pwr.o"
#        "C:\Users\Koche\Desktop\Work\Smart Dispenser
#        PRJ\gateway\EWARM\Gateway_407\Obj\STM32F4xx_HAL_Driver_1244631019742807970.dir\stm32f4xx_hal_pwr_ex.o"
#        "C:\Users\Koche\Desktop\Work\Smart Dispenser
#        PRJ\gateway\EWARM\Gateway_407\Obj\STM32F4xx_HAL_Driver_1244631019742807970.dir\stm32f4xx_hal_rcc.o"
#        "C:\Users\Koche\Desktop\Work\Smart Dispenser
#        PRJ\gateway\EWARM\Gateway_407\Obj\STM32F4xx_HAL_Driver_1244631019742807970.dir\stm32f4xx_hal_rcc_ex.o"
#        "C:\Users\Koche\Desktop\Work\Smart Dispenser
#        PRJ\gateway\EWARM\Gateway_407\Obj\STM32F4xx_HAL_Driver_1244631019742807970.dir\stm32f4xx_hal_tim.o"
#        "C:\Users\Koche\Desktop\Work\Smart Dispenser
#        PRJ\gateway\EWARM\Gateway_407\Obj\STM32F4xx_HAL_Driver_1244631019742807970.dir\stm32f4xx_hal_tim_ex.o"
#        "C:\Users\Koche\Desktop\Work\Smart Dispenser
#        PRJ\gateway\EWARM\Gateway_407\Obj\Core_13247989168731456611.dir\stm32f4xx_hal_timebase_tim.o"
#        "C:\Users\Koche\Desktop\Work\Smart Dispenser
#        PRJ\gateway\EWARM\Gateway_407\Obj\Core_13247989168731456611.dir\stm32f4xx_it.o"
#        "C:\Users\Koche\Desktop\Work\Smart Dispenser
#        PRJ\gateway\EWARM\Gateway_407\Obj\STM32F4xx_HAL_Driver_1244631019742807970.dir\stm32f4xx_ll_dma.o"
#        "C:\Users\Koche\Desktop\Work\Smart Dispenser
#        PRJ\gateway\EWARM\Gateway_407\Obj\STM32F4xx_HAL_Driver_1244631019742807970.dir\stm32f4xx_ll_exti.o"
#        "C:\Users\Koche\Desktop\Work\Smart Dispenser
#        PRJ\gateway\EWARM\Gateway_407\Obj\STM32F4xx_HAL_Driver_1244631019742807970.dir\stm32f4xx_ll_gpio.o"
#        "C:\Users\Koche\Desktop\Work\Smart Dispenser
#        PRJ\gateway\EWARM\Gateway_407\Obj\STM32F4xx_HAL_Driver_1244631019742807970.dir\stm32f4xx_ll_rcc.o"
#        "C:\Users\Koche\Desktop\Work\Smart Dispenser
#        PRJ\gateway\EWARM\Gateway_407\Obj\STM32F4xx_HAL_Driver_1244631019742807970.dir\stm32f4xx_ll_tim.o"
#        "C:\Users\Koche\Desktop\Work\Smart Dispenser
#        PRJ\gateway\EWARM\Gateway_407\Obj\STM32F4xx_HAL_Driver_1244631019742807970.dir\stm32f4xx_ll_usart.o"
#        "C:\Users\Koche\Desktop\Work\Smart Dispenser
#        PRJ\gateway\EWARM\Gateway_407\Obj\STM32F4xx_HAL_Driver_1244631019742807970.dir\stm32f4xx_ll_usb.o"
#        "C:\Users\Koche\Desktop\Work\Smart Dispenser
#        PRJ\gateway\EWARM\Gateway_407\Obj\STM32F4xx_HAL_Driver_1244631019742807970.dir\stm32f4xx_ll_utils.o"
#        "C:\Users\Koche\Desktop\Work\Smart Dispenser
#        PRJ\gateway\EWARM\Gateway_407\Obj\portable_7947777220660125680.dir\stm32fxx_hal_eth.o"
#        "C:\Users\Koche\Desktop\Work\Smart Dispenser
#        PRJ\gateway\EWARM\Gateway_407\Obj\FreeRTOS_15068288790229095433.dir\stream_buffer.o"
#        "C:\Users\Koche\Desktop\Work\Smart Dispenser
#        PRJ\gateway\EWARM\Gateway_407\Obj\CMSIS_6603591812247902717.dir\system_stm32f4xx.o"
#        "C:\Users\Koche\Desktop\Work\Smart Dispenser
#        PRJ\gateway\EWARM\Gateway_407\Obj\FreeRTOS_15068288790229095433.dir\tasks.o"
#        "C:\Users\Koche\Desktop\Work\Smart Dispenser
#        PRJ\gateway\EWARM\Gateway_407\Obj\Core_13247989168731456611.dir\tim.o"
#        "C:\Users\Koche\Desktop\Work\Smart Dispenser
#        PRJ\gateway\EWARM\Gateway_407\Obj\FreeRTOS_15068288790229095433.dir\timers.o"
#        "C:\Users\Koche\Desktop\Work\Smart Dispenser
#        PRJ\gateway\EWARM\Gateway_407\Obj\Core_13247989168731456611.dir\usart.o"
#        "C:\Users\Koche\Desktop\Work\Smart Dispenser
#        PRJ\gateway\EWARM\Gateway_407\Obj\App_6048373297342892631.dir\usb_device.o"
#        "C:\Users\Koche\Desktop\Work\Smart Dispenser
#        PRJ\gateway\EWARM\Gateway_407\Obj\USB_Device_Library_15009154495834662892.dir\usbd_cdc.o"
#        "C:\Users\Koche\Desktop\Work\Smart Dispenser
#        PRJ\gateway\EWARM\Gateway_407\Obj\App_6048373297342892631.dir\usbd_cdc_if.o"
#        "C:\Users\Koche\Desktop\Work\Smart Dispenser
#        PRJ\gateway\EWARM\Gateway_407\Obj\Target_2794460481546860895.dir\usbd_conf.o"
#        "C:\Users\Koche\Desktop\Work\Smart Dispenser
#        PRJ\gateway\EWARM\Gateway_407\Obj\USB_Device_Library_15009154495834662892.dir\usbd_core.o"
#        "C:\Users\Koche\Desktop\Work\Smart Dispenser
#        PRJ\gateway\EWARM\Gateway_407\Obj\USB_Device_Library_15009154495834662892.dir\usbd_ctlreq.o"
#        "C:\Users\Koche\Desktop\Work\Smart Dispenser
#        PRJ\gateway\EWARM\Gateway_407\Obj\App_6048373297342892631.dir\usbd_desc.o"
#        "C:\Users\Koche\Desktop\Work\Smart Dispenser
#        PRJ\gateway\EWARM\Gateway_407\Obj\USB_Device_Library_15009154495834662892.dir\usbd_ioreq.o"
#        --no_out_extension -o "C:\Users\Koche\Desktop\Work\Smart Dispenser
#        PRJ\gateway\EWARM\Gateway_407\Exe\Gateway_407.out" --redirect
#        _Printf=_PrintfFullNoMb --redirect _Scanf=_ScanfFullNoMb --map
#        "C:\Users\Koche\Desktop\Work\Smart Dispenser
#        PRJ\gateway\EWARM\Gateway_407\List\Gateway_407.map" --config
#        "C:\Users\Koche\Desktop\Work\Smart Dispenser
#        PRJ\gateway\EWARM/stm32f407xx_flash.icf" --semihosting --entry
#        __iar_program_start --redirect __iar_sh_stdout=__iar_sh_stdout_swo
#        --vfe --text_out locale --cpu=Cortex-M4 --fpu=VFPv4_sp)
#        --dependencies=n "C:\Users\Koche\Desktop\Work\Smart Dispenser
#        PRJ\gateway\EWARM\Gateway_407\Exe\Gateway_407.out.iar_deps"
#
###############################################################################

*******************************************************************************
*** RUNTIME MODEL ATTRIBUTES
***

CppFlavor       = *
__CPP_Runtime   = 1
__SystemLibrary = DLib
__dlib_version  = 6


*******************************************************************************
*** HEAP SELECTION
***

The basic heap was selected because --advanced_heap
was not specified and the application did not appear to
be primarily optimized for speed.


*******************************************************************************
*** PLACEMENT SUMMARY
***

"A0":  place at address 0x800'0000 { ro section .intvec };
"P1":  place in [from 0x1000'0000 to 0x1000'ffff] { section .ccmram };
"P2":  place in [from 0x800'0000 to 0x80f'ffff] { ro };
define block CSTACK with size = 1K, alignment = 8 { };
define block HEAP with size = 512, alignment = 8 { };
"P3":  place in [from 0x2000'0000 to 0x2001'ffff] {
          rw, block CSTACK, block HEAP };
do not initialize { section .ccmram };
initialize by copy { rw };

  Section            Kind         Address  Alignment      Size  Object
  -------            ----         -------  ---------      ----  ------
"A0":                                                    0x188
  .intvec            ro code   0x800'0000          4     0x188  startup_stm32f407xx.o [5]
                             - 0x800'0188                0x188

"P2":                                                   0x890a
  .text              ro code   0x800'0188          4     0xece  xprintffull_nomb.o [18]
  .text              ro code   0x800'1056          2      0x7e  lz77_init_single.o [20]
  .text              ro code   0x800'10d4          4      0x16  strchr.o [20]
  .text              ro code   0x800'10ea          2      0x1a  xsnprout.o [18]
  .text              ro code   0x800'1104          4      0x40  xfail_s.o [18]
  .text              ro code   0x800'1144          4      0x14  strlen_small.o [20]
  .text              ro code   0x800'1158          4      0x58  memchr.o [20]
  .text              ro code   0x800'11b0          4      0x18  ABImemcpy_small.o [20]
  .text              ro code   0x800'11c8          4      0x70  frexp.o [19]
  .text              ro code   0x800'1238          4      0x34  DblCmpLe.o [19]
  .text              ro code   0x800'126c          4      0x34  DblCmpGe.o [19]
  .text              ro code   0x800'12a0          4     0x13a  ldexp.o [19]
  .rodata            const     0x800'13da          2       0x2  xlocale_c.o [18]
  .text              ro code   0x800'13dc          4      0x36  DblToS32.o [19]
  .rodata            const     0x800'1412          2       0x2  xlocale_c.o [18]
  .text              ro code   0x800'1414          4      0x22  S32ToDbl.o [19]
  .rodata            const     0x800'1436                  0x1  xlocale_c.o [18]
  .text              ro code   0x800'1438          4     0x24e  DblAddSub.o [19]
  .text              ro code   0x800'1688          4     0x246  DblDiv.o [19]
  .text              ro code   0x800'18d0          4      0x22  DblToU32.o [19]
  .text              ro code   0x800'18f4          4      0x1c  U32ToDbl.o [19]
  .text              ro code   0x800'1910          4     0x1aa  DblMul.o [19]
  .text              ro code   0x800'1abc          4      0x3c  xlocale_c.o [18]
  .text              ro code   0x800'1af8          4     0x106  I64DivMod_small.o [20]
  .text              ro code   0x800'1bfe          2       0x6  abort.o [18]
  .text              ro code   0x800'1c04          4       0x2  I64DivZer.o [20]
  .text              ro code   0x800'1c08          4      0x14  exit.o [21]
  .text              ro code   0x800'1c1c          4     0xc04  tasks.o [10]
  .text              ro code   0x800'2820          4       0x6  ABImemclr.o [20]
  .text              ro code   0x800'2828          4      0x3a  ABImemset48.o [20]
  .text              ro code   0x800'2862          2      0x76  list.o [10]
  .text              ro code   0x800'28d8          4     0x216  port.o [16]
  .text              ro code   0x800'2af0          4      0x2c  eth_helper.o [6]
  .text              ro code   0x800'2b1c          4     0x344  timers.o [10]
  .text              ro code   0x800'2e60          4     0x228  heap_4.o [16]
  .text              ro code   0x800'3088          4      0x12  ABImemset_small.o [20]
  .text              ro code   0x800'309c          4      0x28  port.o [16]
  CODE               ro code   0x800'30c4          4      0xb0  portasm.o [16]
  .text              ro code   0x800'3174          4     0x52c  queue.o [10]
  .text              ro code   0x800'36a0          4     0x9ec  stm32f4xx_ll_usb.o [13]
  .text              ro code   0x800'408c          4      0x28  stm32f4xx_hal.o [13]
  .text              ro code   0x800'40b4          4       0xc  stm32f4xx_hal.o [13]
  .text              ro code   0x800'40c0          4     0x990  stm32f4xx_hal_pcd.o [13]
  .text              ro code   0x800'4a50          4     0x24c  usbd_conf.o [14]
  .text              ro code   0x800'4c9c          2       0x2  stm32f4xx_hal_pcd_ex.o [13]
  .text              ro code   0x800'4ca0          4     0x17c  stm32f4xx_hal_rcc.o [13]
  .text              ro code   0x800'4e1c          4       0x6  ABImemclr4.o [20]
  .text              ro code   0x800'4e24          4     0x1ec  stm32f4xx_hal_gpio.o [13]
  .text              ro code   0x800'5010          4      0x90  stm32f4xx_hal_cortex.o [13]
  .text              ro code   0x800'50a0          2     0x362  usbd_core.o [15]
  .text              ro code   0x800'5404          4      0xe0  main.o [4]
  .text              ro code   0x800'54e4          2      0x4a  stm32f4xx_hal_pcd_ex.o [13]
  .text              ro code   0x800'5530          4      0x60  stm32f4xx_hal_rcc.o [13]
  .text              ro code   0x800'5590          4      0xa0  stm32f4xx_hal_timebase_tim.o [4]
  .text              ro code   0x800'5630          4     0x504  usbd_ctlreq.o [15]
  .text              ro code   0x800'5b34          2      0x64  usbd_ioreq.o [15]
  .text              ro code   0x800'5b98          4      0x34  stm32f4xx_hal.o [13]
  .text              ro code   0x800'5bcc          4     0x282  gpio.o [4]
  .text              ro code   0x800'5e50          4      0x64  dma.o [4]
  .text              ro code   0x800'5eb4          4      0x54  usb_device.o [1]
  .text              ro code   0x800'5f08          4     0x280  usart.o [4]
  .text              ro code   0x800'6188          4      0x6c  qr.o [12]
  .text              ro code   0x800'61f4          4     0x310  stm32f4xx_hal_rcc.o [13]
  .text              ro code   0x800'6504          4      0x10  stm32f4xx_hal.o [13]
  .text              ro code   0x800'6514          4     0x2e0  stm32f4xx_hal_tim.o [13]
  .text              ro code   0x800'67f4          4      0x38  stm32f4xx_hal_msp.o [4]
  .text              ro code   0x800'682c          4      0xb0  stm32f4xx_ll_exti.o [13]
  .text              ro code   0x800'68dc          4      0xee  stm32f4xx_ll_gpio.o [13]
  .text              ro code   0x800'69cc          4     0x40e  usbd_cdc.o [15]
  .text              ro code   0x800'6ddc          4     0x10c  stm32f4xx_ll_usart.o [13]
  .text              ro code   0x800'6ee8          4      0x28  printf.o [18]
  .text              ro code   0x800'6f10          4      0xf0  cli.o [3]
  .text              ro code   0x800'7000          4     0x124  flash.o [7]
  .text              ro code   0x800'7124          2       0x2  stm32f4xx_hal_tim.o [13]
  .text              ro code   0x800'7126          2       0x2  stm32f4xx_hal_tim.o [13]
  .text              ro code   0x800'7128          2       0x2  stm32f4xx_hal_tim.o [13]
  .text              ro code   0x800'712a          2       0x2  stm32f4xx_hal_tim_ex.o [13]
  .text              ro code   0x800'712c          2       0x2  stm32f4xx_hal_tim.o [13]
  .text              ro code   0x800'712e          2       0x2  stm32f4xx_hal_tim_ex.o [13]
  .text              ro code   0x800'7130          2       0x2  stm32f4xx_hal_tim.o [13]
  .text              ro code   0x800'7134          4      0xb8  stm32f4xx_ll_rcc.o [13]
  .text              ro code   0x800'71ec          4     0x1b4  FreeRTOS_CLI.o [8]
  .text              ro code   0x800'73a0          4      0x78  usbd_cdc_if.o [1]
  .text              ro code   0x800'7418          4     0x1e8  stm32f4xx_hal_flash.o [13]
  .text              ro code   0x800'7600          4     0x15c  stm32f4xx_hal_flash_ex.o [13]
  .text              ro code   0x800'775c          2      0x2a  strncmp.o [18]
  .text              ro code   0x800'7788          4      0x1e  strncpy_small.o [20]
  .text              ro code   0x800'77a8          4      0x9c  cli_helper.o [3]
  .text              ro code   0x800'7844          4     0x5b8  cli_handlers.o [3]
  .text              ro code   0x800'7dfc          4      0x12  strcmp.o [20]
  .text              ro code   0x800'7e10          4     0x136  iar_Stoulx.o [18]
  .text              ro code   0x800'7f48          4      0x44  snprintf.o [18]
  .text              ro code   0x800'7f8c          4      0x14  FreeRTOS_Sockets.o [9]
  .text              ro code   0x800'7fa0          2      0x14  isspace.o [18]
  .text              ro code   0x800'7fb4          2      0x14  tolower.o [18]
  .text              ro code   0x800'7fc8          2      0x9a  FreeRTOS_IPv4_Sockets.o [9]
  .text              ro code   0x800'8064          4     0x100  usbd_desc.o [1]
  .rodata            const     0x800'8164          4      0xa8  FreeRTOS_CLI.o [8]
  .text              ro code   0x800'820c          4      0x7c  NetworkInterface.o [17]
  .text              ro code   0x800'8288          4      0x40  stm32fxx_hal_eth.o [17]
  .text              ro code   0x800'82c8          2       0x2  stm32fxx_hal_eth.o [17]
  .text              ro code   0x800'82cc          4      0x70  stm32f4xx_it.o [4]
  .text              ro code   0x800'833c          4      0x34  gate.o [11]
  .rodata            const     0x800'8370          4      0x6c  cli_handlers.o [3]
  .rodata            const     0x800'83dc          4      0x64  cli_handlers.o [3]
  .rodata            const     0x800'8440          4      0x58  cli.o [3]
  .rodata            const     0x800'8498          4      0x50  iar_Stoulx.o [18]
  .text              ro code   0x800'84e8          4      0x4c  iarwstdswo.o [21]
  .text              ro code   0x800'8534          4      0x44  putchar.o [18]
  .text              ro code   0x800'8578          2      0x10  write.o [21]
  .text              ro code   0x800'8588          2      0x1e  dwrite.o [21]
  .text              ro code   0x800'85a6          2      0x22  iarwrite.o [21]
  .rodata            const     0x800'85c8          4      0x38  cli.o [3]
  .text              ro code   0x800'8600          2      0x38  zero_init3.o [20]
  .rodata            const     0x800'8638          4      0x30  FreeRTOS_CLI.o [8]
  .text              ro code   0x800'8668          4      0x28  data_init.o [20]
  .text              ro code   0x800'8690          4      0x22  fpinit_M.o [19]
  .iar.init_table    const     0x800'86b4          4      0x20  - Linker created -
  .text              ro code   0x800'86d4          4      0x20  system_stm32f4xx.o [2]
  .text              ro code   0x800'86f4          4      0x1e  cmain.o [20]
  .text              ro code   0x800'8712          2       0x4  low_level_init.o [18]
  .text              ro code   0x800'8716          2       0x4  exit.o [18]
  .text              ro code   0x800'871c          4       0xa  cexit.o [20]
  .text              ro code   0x800'8728          4      0x1c  cstartup_M.o [20]
  .rodata            const     0x800'8744          4      0x18  cli.o [3]
  .text              ro code   0x800'875c          2      0x16  xprout.o [18]
  .rodata            const     0x800'8774          4      0x10  FreeRTOS_CLI.o [8]
  .text              ro code   0x800'8784          4      0x10  startup_stm32f407xx.o [5]
  .rodata            const     0x800'8794          4       0x8  cli.o [3]
  .rodata            const     0x800'879c          4       0x8  FreeRTOS_CLI.o [8]
  .rodata            const     0x800'87a4          4       0x8  system_stm32f4xx.o [2]
  .rodata            const     0x800'87ac          4       0x4  cli.o [3]
  .rodata            const     0x800'87b0          4       0x4  cli.o [3]
  .text              ro code   0x800'87b4          2       0x4  startup_stm32f407xx.o [5]
  .text              ro code   0x800'87b8          2       0x4  startup_stm32f407xx.o [5]
  .text              ro code   0x800'87bc          2       0x4  startup_stm32f407xx.o [5]
  .text              ro code   0x800'87c0          2       0x4  startup_stm32f407xx.o [5]
  .text              ro code   0x800'87c4          2       0x4  startup_stm32f407xx.o [5]
  .text              ro code   0x800'87c8          2       0x4  startup_stm32f407xx.o [5]
  .text              ro code   0x800'87cc          2       0x4  startup_stm32f407xx.o [5]
  .text              ro code   0x800'87d0          2       0x4  startup_stm32f407xx.o [5]
  .text              ro code   0x800'87d4          2       0x4  startup_stm32f407xx.o [5]
  .text              ro code   0x800'87d8          2       0x4  startup_stm32f407xx.o [5]
  .text              ro code   0x800'87dc          2       0x4  startup_stm32f407xx.o [5]
  .text              ro code   0x800'87e0          2       0x4  startup_stm32f407xx.o [5]
  .text              ro code   0x800'87e4          2       0x4  startup_stm32f407xx.o [5]
  .text              ro code   0x800'87e8          2       0x4  startup_stm32f407xx.o [5]
  .text              ro code   0x800'87ec          2       0x4  startup_stm32f407xx.o [5]
  .text              ro code   0x800'87f0          2       0x4  startup_stm32f407xx.o [5]
  .text              ro code   0x800'87f4          2       0x4  startup_stm32f407xx.o [5]
  .text              ro code   0x800'87f8          2       0x4  startup_stm32f407xx.o [5]
  .text              ro code   0x800'87fc          2       0x4  startup_stm32f407xx.o [5]
  .text              ro code   0x800'8800          2       0x4  startup_stm32f407xx.o [5]
  .text              ro code   0x800'8804          2       0x4  startup_stm32f407xx.o [5]
  .text              ro code   0x800'8808          2       0x4  startup_stm32f407xx.o [5]
  .text              ro code   0x800'880c          2       0x4  startup_stm32f407xx.o [5]
  .text              ro code   0x800'8810          2       0x4  startup_stm32f407xx.o [5]
  .text              ro code   0x800'8814          2       0x4  startup_stm32f407xx.o [5]
  .text              ro code   0x800'8818          2       0x4  startup_stm32f407xx.o [5]
  .text              ro code   0x800'881c          2       0x4  startup_stm32f407xx.o [5]
  .text              ro code   0x800'8820          2       0x4  startup_stm32f407xx.o [5]
  .text              ro code   0x800'8824          2       0x4  startup_stm32f407xx.o [5]
  .text              ro code   0x800'8828          2       0x4  startup_stm32f407xx.o [5]
  .text              ro code   0x800'882c          2       0x4  startup_stm32f407xx.o [5]
  .text              ro code   0x800'8830          2       0x4  startup_stm32f407xx.o [5]
  .text              ro code   0x800'8834          2       0x4  startup_stm32f407xx.o [5]
  .text              ro code   0x800'8838          2       0x4  startup_stm32f407xx.o [5]
  .text              ro code   0x800'883c          2       0x4  startup_stm32f407xx.o [5]
  .text              ro code   0x800'8840          2       0x4  startup_stm32f407xx.o [5]
  .text              ro code   0x800'8844          2       0x4  startup_stm32f407xx.o [5]
  .text              ro code   0x800'8848          2       0x4  startup_stm32f407xx.o [5]
  .text              ro code   0x800'884c          2       0x4  startup_stm32f407xx.o [5]
  .text              ro code   0x800'8850          2       0x4  startup_stm32f407xx.o [5]
  .text              ro code   0x800'8854          2       0x4  startup_stm32f407xx.o [5]
  .text              ro code   0x800'8858          2       0x4  startup_stm32f407xx.o [5]
  .text              ro code   0x800'885c          2       0x4  startup_stm32f407xx.o [5]
  .text              ro code   0x800'8860          2       0x4  startup_stm32f407xx.o [5]
  .text              ro code   0x800'8864          2       0x4  startup_stm32f407xx.o [5]
  .text              ro code   0x800'8868          2       0x4  startup_stm32f407xx.o [5]
  .text              ro code   0x800'886c          2       0x4  startup_stm32f407xx.o [5]
  .text              ro code   0x800'8870          2       0x4  startup_stm32f407xx.o [5]
  .text              ro code   0x800'8874          2       0x4  startup_stm32f407xx.o [5]
  .text              ro code   0x800'8878          2       0x4  startup_stm32f407xx.o [5]
  .text              ro code   0x800'887c          2       0x4  startup_stm32f407xx.o [5]
  .text              ro code   0x800'8880          2       0x4  startup_stm32f407xx.o [5]
  .text              ro code   0x800'8884          2       0x4  startup_stm32f407xx.o [5]
  .text              ro code   0x800'8888          2       0x4  startup_stm32f407xx.o [5]
  .text              ro code   0x800'888c          2       0x4  startup_stm32f407xx.o [5]
  .text              ro code   0x800'8890          2       0x4  startup_stm32f407xx.o [5]
  .text              ro code   0x800'8894          2       0x4  startup_stm32f407xx.o [5]
  .text              ro code   0x800'8898          2       0x4  startup_stm32f407xx.o [5]
  .text              ro code   0x800'889c          2       0x4  startup_stm32f407xx.o [5]
  .text              ro code   0x800'88a0          2       0x4  startup_stm32f407xx.o [5]
  .text              ro code   0x800'88a4          2       0x4  startup_stm32f407xx.o [5]
  .text              ro code   0x800'88a8          2       0x4  startup_stm32f407xx.o [5]
  .text              ro code   0x800'88ac          2       0x4  startup_stm32f407xx.o [5]
  .text              ro code   0x800'88b0          2       0x4  startup_stm32f407xx.o [5]
  .text              ro code   0x800'88b4          2       0x4  startup_stm32f407xx.o [5]
  .text              ro code   0x800'88b8          2       0x4  startup_stm32f407xx.o [5]
  .text              ro code   0x800'88bc          2       0x4  startup_stm32f407xx.o [5]
  .text              ro code   0x800'88c0          2       0x4  startup_stm32f407xx.o [5]
  .text              ro code   0x800'88c4          2       0x4  startup_stm32f407xx.o [5]
  .text              ro code   0x800'88c8          2       0x4  startup_stm32f407xx.o [5]
  .text              ro code   0x800'88cc          2       0x4  startup_stm32f407xx.o [5]
  .text              ro code   0x800'88d0          2       0x4  startup_stm32f407xx.o [5]
  .text              ro code   0x800'88d4          2       0x4  startup_stm32f407xx.o [5]
  .text              ro code   0x800'88d8          2       0x4  startup_stm32f407xx.o [5]
  .rodata            const     0x800'88dc                  0x0  zero_init3.o [20]
  .rodata            const     0x800'88dc                  0x0  lz77_init_single.o [20]
  Initializer bytes  const     0x800'88dc                0x1b6  <for P3-1>
                             - 0x800'8a92               0x890a

"P1":                                                    0x858
  .ccmram            uninit   0x1000'0000          4     0x858  qr.o [12]
                            - 0x1000'0858                0x858

"P3", part 1 of 3:                                      0x32dc
  P3-1                        0x2000'0000               0x32dc  <Init block>
    .data            inited   0x2000'0000          4      0x10  FreeRTOS_CLI.o [8]
    .data            inited   0x2000'0010          4       0x4  FreeRTOS_CLI.o [8]
    .data            inited   0x2000'0014          4    0x3054  NetworkInterface.o [17]
    .data            inited   0x2000'3068          4       0xc  port.o [16]
    .data            inited   0x2000'3074          4       0xc  stm32f4xx_hal.o [13]
    .data            inited   0x2000'3080          4       0x4  system_stm32f4xx.o [2]
    .data            inited   0x2000'3084          4      0xa4  tasks.o [10]
    .data            inited   0x2000'3128          4       0xc  usbd_cdc.o [15]
    .data            inited   0x2000'3134          4      0x38  usbd_cdc.o [15]
    .data            inited   0x2000'316c          4      0x44  usbd_cdc.o [15]
    .data            inited   0x2000'31b0          4      0x14  usbd_cdc_if.o [1]
    .data            inited   0x2000'31c4          4      0x1c  usbd_desc.o [1]
    .data            inited   0x2000'31e0          4      0x14  usbd_desc.o [1]
    .data            inited   0x2000'31f4          4       0x4  usbd_desc.o [1]
    .data            inited   0x2000'31f8          4      0x1c  usbd_desc.o [1]
    .data            inited   0x2000'3214          4      0x38  xlocale_c.o [18]
    .data            inited   0x2000'324c          4      0x48  xlocale_c.o [18]
    .data            inited   0x2000'3294          4      0x48  xfiles.o [18]
                            - 0x2000'32dc               0x32dc

"P3", part 2 of 3:                                    0x1'371c
  .bss               zero     0x2000'32dc          4  0x1'041c  heap_4.o [16]
  .bss               zero     0x2001'36f8          4    0x1000  usbd_cdc_if.o [1]
  .bss               zero     0x2001'46f8          4     0x65c  cli.o [3]
  .bss               zero     0x2001'4d54          4     0x4e4  usbd_conf.o [14]
  .bss               zero     0x2001'5238          4     0x468  eth_helper.o [6]
  .bss               zero     0x2001'56a0          4     0x300  cli.o [3]
  .bss               zero     0x2001'59a0          4     0x2dc  usb_device.o [1]
  .bss               zero     0x2001'5c7c          4     0x260  eth_helper.o [6]
  .bss               zero     0x2001'5edc          4     0x220  usbd_conf.o [14]
  .bss               zero     0x2001'60fc          4     0x204  usart.o [4]
  .bss               zero     0x2001'6300          4     0x200  usbd_desc.o [1]
  .bss               zero     0x2001'6500          4       0x4  qr.o [12]
  .bss               zero     0x2001'6508          8     0x170  eth_init.o [6]
  .bss               zero     0x2001'6678          4     0x12c  tasks.o [10]
  .bss               zero     0x2001'67a4          4     0x104  timers.o [10]
  .bss               zero     0x2001'68a8          4      0x50  xfiles.o [18]
  .bss               zero     0x2001'68f8          4      0x48  NetworkInterface.o [17]
  .bss               zero     0x2001'6940          4      0x48  stm32f4xx_hal_timebase_tim.o [4]
  .bss               zero     0x2001'6988          4      0x40  queue.o [10]
  .bss               zero     0x2001'69c8          4      0x20  stm32f4xx_hal_flash.o [13]
  .bss               zero     0x2001'69e8          4       0x8  gate.o [11]
  .bss               zero     0x2001'69f0          4       0x4  xfail_s.o [18]
  .bss               zero     0x2001'69f4                  0x1  cli_helper.o [3]
  .bss               zero     0x2001'69f5                  0x1  usbd_ctlreq.o [15]
                            - 0x2001'69f6             0x1'371a

"P3", part 3 of 3:                                       0x400
  CSTACK                      0x2001'69f8          8     0x400  <Block>
    CSTACK           uninit   0x2001'69f8                0x400  <Block tail>
                            - 0x2001'6df8                0x400

Unused ranges:

         From           To      Size
         ----           --      ----
   0x800'8a92   0x80f'ffff  0xf'756e
  0x1000'0858  0x1000'ffff    0xf7a8
  0x2001'6df8  0x2001'ffff    0x9208


*******************************************************************************
*** INIT TABLE
***

          Address      Size
          -------      ----
Zero (__iar_zero_init3)
    1 destination range, total size 0x1'371a:
          0x2000'32dc  0x1'371a

Copy/lz77 (__iar_lz77_init_single3)
    1 source range, total size 0x1b6 (3% of destination):
           0x800'88dc     0x1b6
    1 destination range, total size 0x32dc:
          0x2000'0000    0x32dc



*******************************************************************************
*** MODULE SUMMARY
***

    Module                        ro code  ro data  rw data
    ------                        -------  -------  -------
command line/config:
    -------------------------------------------------------
    Total:

C:\Users\Koche\Desktop\Work\Smart Dispenser PRJ\gateway\EWARM\Gateway_407\Obj\App_6048373297342892631.dir: [1]
    usb_device.o                       84               732
    usbd_cdc_if.o                     120        1    4'116
    usbd_desc.o                       256        3      592
    -------------------------------------------------------
    Total:                            460        4    5'440

C:\Users\Koche\Desktop\Work\Smart Dispenser PRJ\gateway\EWARM\Gateway_407\Obj\CMSIS_6603591812247902717.dir: [2]
    system_stm32f4xx.o                 32        8        4
    -------------------------------------------------------
    Total:                             32        8        4

C:\Users\Koche\Desktop\Work\Smart Dispenser PRJ\gateway\EWARM\Gateway_407\Obj\Cli_11707894225168942927.dir: [3]
    cli.o                             240      184    2'396
    cli_handlers.o                  1'464      208
    cli_helper.o                      156                 1
    -------------------------------------------------------
    Total:                          1'860      392    2'397

C:\Users\Koche\Desktop\Work\Smart Dispenser PRJ\gateway\EWARM\Gateway_407\Obj\Core_13247989168731456611.dir: [4]
    dma.o                             100
    gpio.o                            642
    main.o                            224
    stm32f4xx_hal_msp.o                56
    stm32f4xx_hal_timebase_tim.o      160                72
    stm32f4xx_it.o                    112
    usart.o                           640               516
    -------------------------------------------------------
    Total:                          1'934               588

C:\Users\Koche\Desktop\Work\Smart Dispenser PRJ\gateway\EWARM\Gateway_407\Obj\EWARM_18443280873093131863.dir: [5]
    startup_stm32f407xx.o             704
    -------------------------------------------------------
    Total:                            704

C:\Users\Koche\Desktop\Work\Smart Dispenser PRJ\gateway\EWARM\Gateway_407\Obj\Ethernet_5605320102233052314.dir: [6]
    eth_helper.o                       44             1'736
    eth_init.o                                          368
    -------------------------------------------------------
    Total:                             44             2'104

C:\Users\Koche\Desktop\Work\Smart Dispenser PRJ\gateway\EWARM\Gateway_407\Obj\Flash_13912709933827620245.dir: [7]
    flash.o                           292
    -------------------------------------------------------
    Total:                            292

C:\Users\Koche\Desktop\Work\Smart Dispenser PRJ\gateway\EWARM\Gateway_407\Obj\FreeRTOS-Plu-Cli_11501085631675054166.dir: [8]
    FreeRTOS_CLI.o                    436      240       20
    -------------------------------------------------------
    Total:                            436      240       20

C:\Users\Koche\Desktop\Work\Smart Dispenser PRJ\gateway\EWARM\Gateway_407\Obj\FreeRTOS-Plus-TCP_16686340316780321206.dir: [9]
    FreeRTOS_IPv4_Sockets.o           154
    FreeRTOS_Sockets.o                 20
    -------------------------------------------------------
    Total:                            174

C:\Users\Koche\Desktop\Work\Smart Dispenser PRJ\gateway\EWARM\Gateway_407\Obj\FreeRTOS_15068288790229095433.dir: [10]
    list.o                            118
    queue.o                         1'324                64
    tasks.o                         3'076        6      464
    timers.o                          836               260
    -------------------------------------------------------
    Total:                          5'354        6      788

C:\Users\Koche\Desktop\Work\Smart Dispenser PRJ\gateway\EWARM\Gateway_407\Obj\Gate_3448444589264835548.dir: [11]
    gate.o                             52                 8
    -------------------------------------------------------
    Total:                             52                 8

C:\Users\Koche\Desktop\Work\Smart Dispenser PRJ\gateway\EWARM\Gateway_407\Obj\Qr_16551614283803889394.dir: [12]
    qr.o                              108             2'140
    -------------------------------------------------------
    Total:                            108             2'140

C:\Users\Koche\Desktop\Work\Smart Dispenser PRJ\gateway\EWARM\Gateway_407\Obj\STM32F4xx_HAL_Driver_1244631019742807970.dir: [13]
    stm32f4xx_hal.o                   120                12
    stm32f4xx_hal_cortex.o            144
    stm32f4xx_hal_flash.o             488                32
    stm32f4xx_hal_flash_ex.o          348
    stm32f4xx_hal_gpio.o              492
    stm32f4xx_hal_pcd.o             2'448
    stm32f4xx_hal_pcd_ex.o             76
    stm32f4xx_hal_rcc.o             1'260
    stm32f4xx_hal_tim.o               746
    stm32f4xx_hal_tim_ex.o              4
    stm32f4xx_ll_exti.o               176
    stm32f4xx_ll_gpio.o               238
    stm32f4xx_ll_rcc.o                184
    stm32f4xx_ll_usart.o              268
    stm32f4xx_ll_usb.o              2'540
    -------------------------------------------------------
    Total:                          9'532                44

C:\Users\Koche\Desktop\Work\Smart Dispenser PRJ\gateway\EWARM\Gateway_407\Obj\Target_2794460481546860895.dir: [14]
    usbd_conf.o                       588             1'796
    -------------------------------------------------------
    Total:                            588             1'796

C:\Users\Koche\Desktop\Work\Smart Dispenser PRJ\gateway\EWARM\Gateway_407\Obj\USB_Device_Library_15009154495834662892.dir: [15]
    usbd_cdc.o                      1'038        4      136
    usbd_core.o                       866
    usbd_ctlreq.o                   1'284                 1
    usbd_ioreq.o                      100
    -------------------------------------------------------
    Total:                          3'288        4      137

C:\Users\Koche\Desktop\Work\Smart Dispenser PRJ\gateway\EWARM\Gateway_407\Obj\portable_15954926109208205999.dir: [16]
    heap_4.o                          552            66'588
    port.o                            574        1       12
    portasm.o                         176
    -------------------------------------------------------
    Total:                          1'302        1   66'600

C:\Users\Koche\Desktop\Work\Smart Dispenser PRJ\gateway\EWARM\Gateway_407\Obj\portable_7947777220660125680.dir: [17]
    NetworkInterface.o                124      416   12'444
    stm32fxx_hal_eth.o                 66
    -------------------------------------------------------
    Total:                            190      416   12'444

dl7M_tlf.a: [18]
    abort.o                             6
    exit.o                              4
    iar_Stoulx.o                      310       80
    isspace.o                          20
    low_level_init.o                    4
    printf.o                           40
    putchar.o                          68
    snprintf.o                         68
    strncmp.o                          42
    tolower.o                          20
    xfail_s.o                          64                 4
    xfiles.o                                     3      152
    xlocale_c.o                        60        9      128
    xprintffull_nomb.o              3'790
    xprout.o                           22
    xsnprout.o                         26
    -------------------------------------------------------
    Total:                          4'544       92      284

m7M_tls.a: [19]
    DblAddSub.o                       590
    DblCmpGe.o                         52
    DblCmpLe.o                         52
    DblDiv.o                          582
    DblMul.o                          426
    DblToS32.o                         54
    DblToU32.o                         34
    S32ToDbl.o                         34
    U32ToDbl.o                         28
    fpinit_M.o                         34
    frexp.o                           112
    ldexp.o                           314
    -------------------------------------------------------
    Total:                          2'312

rt7M_tl.a: [20]
    ABImemclr.o                         6
    ABImemclr4.o                        6
    ABImemcpy_small.o                  24
    ABImemset48.o                      58
    ABImemset_small.o                  18
    I64DivMod_small.o                 262
    I64DivZer.o                         2
    cexit.o                            10
    cmain.o                            30
    cstartup_M.o                       28
    data_init.o                        40
    lz77_init_single.o                126
    memchr.o                           88
    strchr.o                           22
    strcmp.o                           18
    strlen_small.o                     20
    strncpy_small.o                    30
    zero_init3.o                       56
    -------------------------------------------------------
    Total:                            844

shb_l.a: [21]
    dwrite.o                           30
    exit.o                             20
    iarwrite.o                         34
    iarwstdswo.o                       76
    write.o                            16
    -------------------------------------------------------
    Total:                            176

    Gaps                               49        4        4
    Linker created                              32    1'024
-----------------------------------------------------------
    Grand Total:                   34'275    1'199   95'822


*******************************************************************************
*** ENTRY LIST
***

Entry                       Address      Size  Type      Object
-----                       -------      ----  ----      ------
.iar.init_table$$Base    0x800'86b4             --   Gb  - Linker created -
.iar.init_table$$Limit   0x800'86d4             --   Gb  - Linker created -
?main                    0x800'86f5            Code  Gb  cmain.o [20]
ADC_IRQHandler           0x800'87f5            Code  Wk  startup_stm32f407xx.o [5]
AHBPrescTable            0x800'86e4      0x10  Data  Gb  system_stm32f4xx.o [2]
APBPrescTable            0x800'87a4       0x8  Data  Gb  system_stm32f4xx.o [2]
BusFault_Handler         0x800'82e5       0x2  Code  Gb  stm32f4xx_it.o [4]
CAN1_RX0_IRQHandler      0x800'87fd            Code  Wk  startup_stm32f407xx.o [5]
CAN1_RX1_IRQHandler      0x800'8801            Code  Wk  startup_stm32f407xx.o [5]
CAN1_SCE_IRQHandler      0x800'8805            Code  Wk  startup_stm32f407xx.o [5]
CAN1_TX_IRQHandler       0x800'87f9            Code  Wk  startup_stm32f407xx.o [5]
CAN2_RX0_IRQHandler      0x800'889d            Code  Wk  startup_stm32f407xx.o [5]
CAN2_RX1_IRQHandler      0x800'88a1            Code  Wk  startup_stm32f407xx.o [5]
CAN2_SCE_IRQHandler      0x800'88a5            Code  Wk  startup_stm32f407xx.o [5]
CAN2_TX_IRQHandler       0x800'8899            Code  Wk  startup_stm32f407xx.o [5]
CDC_Control_FS           0x800'73c3       0x4  Code  Lc  usbd_cdc_if.o [1]
CDC_DeInit_FS            0x800'73bf       0x4  Code  Lc  usbd_cdc_if.o [1]
CDC_Init_FS              0x800'73a1      0x1e  Code  Lc  usbd_cdc_if.o [1]
CDC_ReceiveData          0x800'7811      0x1a  Code  Gb  cli_helper.o [3]
CDC_Receive_FS           0x800'73c7      0x20  Code  Lc  usbd_cdc_if.o [1]
CDC_TransmitCplt_FS      0x800'7415       0x4  Code  Lc  usbd_cdc_if.o [1]
CDC_Transmit_FS          0x800'73e7      0x26  Code  Gb  usbd_cdc_if.o [1]
CLI_USB_Receive_Char     0x800'77a9      0x58  Code  Gb  cli_helper.o [3]
CSTACK$$Base            0x2001'69f8             --   Gb  - Linker created -
CSTACK$$Limit           0x2001'6df8             --   Gb  - Linker created -
DCMI_IRQHandler          0x800'88d1            Code  Wk  startup_stm32f407xx.o [5]
DMA1_Stream0_IRQHandler
                         0x800'87d9            Code  Wk  startup_stm32f407xx.o [5]
DMA1_Stream1_IRQHandler
                         0x800'87dd            Code  Wk  startup_stm32f407xx.o [5]
DMA1_Stream2_IRQHandler
                         0x800'87e1            Code  Wk  startup_stm32f407xx.o [5]
DMA1_Stream3_IRQHandler
                         0x800'87e5            Code  Wk  startup_stm32f407xx.o [5]
DMA1_Stream4_IRQHandler
                         0x800'87e9            Code  Wk  startup_stm32f407xx.o [5]
DMA1_Stream5_IRQHandler
                         0x800'87ed            Code  Wk  startup_stm32f407xx.o [5]
DMA1_Stream6_IRQHandler
                         0x800'87f1            Code  Wk  startup_stm32f407xx.o [5]
DMA1_Stream7_IRQHandler
                         0x800'8865            Code  Wk  startup_stm32f407xx.o [5]
DMA2_Stream0_IRQHandler
                         0x800'8885            Code  Wk  startup_stm32f407xx.o [5]
DMA2_Stream1_IRQHandler
                         0x800'8889            Code  Wk  startup_stm32f407xx.o [5]
DMA2_Stream2_IRQHandler
                         0x800'8329       0x2  Code  Gb  stm32f4xx_it.o [4]
DMA2_Stream3_IRQHandler
                         0x800'888d            Code  Wk  startup_stm32f407xx.o [5]
DMA2_Stream4_IRQHandler
                         0x800'8891            Code  Wk  startup_stm32f407xx.o [5]
DMA2_Stream5_IRQHandler
                         0x800'88a9            Code  Wk  startup_stm32f407xx.o [5]
DMA2_Stream6_IRQHandler
                         0x800'88ad            Code  Wk  startup_stm32f407xx.o [5]
DMA2_Stream7_IRQHandler
                         0x800'88b1            Code  Wk  startup_stm32f407xx.o [5]
DMATxDescToClear        0x2000'0058       0x4  Data  Lc  NetworkInterface.o [17]
DebugMon_Handler         0x800'82e9       0x2  Code  Gb  stm32f4xx_it.o [4]
ETH_IRQHandler           0x800'8275       0x6  Code  Gb  NetworkInterface.o [17]
ETH_WKUP_IRQHandler      0x800'8895            Code  Wk  startup_stm32f407xx.o [5]
EXTI0_IRQHandler         0x800'87cd            Code  Wk  startup_stm32f407xx.o [5]
EXTI15_10_IRQHandler     0x800'8849            Code  Wk  startup_stm32f407xx.o [5]
EXTI1_IRQHandler         0x800'87d1            Code  Wk  startup_stm32f407xx.o [5]
EXTI2_IRQHandler         0x800'82eb      0x1a  Code  Gb  stm32f4xx_it.o [4]
EXTI3_IRQHandler         0x800'8305      0x1a  Code  Gb  stm32f4xx_it.o [4]
EXTI4_IRQHandler         0x800'87d5            Code  Wk  startup_stm32f407xx.o [5]
EXTI9_5_IRQHandler       0x800'8809            Code  Wk  startup_stm32f407xx.o [5]
Error_Handler            0x800'54e1       0x4  Code  Gb  main.o [4]
FLASH_Erase_Sector       0x800'76b3      0x4c  Code  Gb  stm32f4xx_hal_flash_ex.o [13]
FLASH_FlushCaches        0x800'76ff      0x50  Code  Gb  stm32f4xx_hal_flash_ex.o [13]
FLASH_IRQHandler         0x800'87c5            Code  Wk  startup_stm32f407xx.o [5]
FLASH_MassErase          0x800'7693      0x20  Code  Lc  stm32f4xx_hal_flash_ex.o [13]
FLASH_Program_Byte       0x800'7571      0x14  Code  Lc  stm32f4xx_hal_flash.o [13]
FLASH_Program_DoubleWord
                         0x800'750b      0x28  Code  Lc  stm32f4xx_hal_flash.o [13]
FLASH_Program_HalfWord   0x800'7545      0x12  Code  Lc  stm32f4xx_hal_flash.o [13]
FLASH_Program_Word       0x800'7533      0x12  Code  Lc  stm32f4xx_hal_flash.o [13]
FLASH_SetErrorCode       0x800'7585      0x60  Code  Lc  stm32f4xx_hal_flash.o [13]
FLASH_WaitForLastOperation
                         0x800'74bd      0x4e  Code  Gb  stm32f4xx_hal_flash.o [13]
FPU_IRQHandler           0x800'88d9            Code  Wk  startup_stm32f407xx.o [5]
FSMC_IRQHandler          0x800'8869            Code  Wk  startup_stm32f407xx.o [5]
FS_Desc                 0x2000'31c4      0x1c  Data  Gb  usbd_desc.o [1]
Flash_Read_Data          0x800'7111      0x14  Code  Gb  flash.o [7]
Flash_Write_Data         0x800'706f      0x7c  Code  Gb  flash.o [7]
FreeRTOS_CLIGetParameter
                         0x800'72d1      0x52  Code  Gb  FreeRTOS_CLI.o [8]
FreeRTOS_CLIProcessCommand
                         0x800'7215      0xbc  Code  Gb  FreeRTOS_CLI.o [8]
FreeRTOS_CLIProcessCommand::pxCommand
                        0x2000'0000       0x4  Data  Lc  FreeRTOS_CLI.o [8]
FreeRTOS_CLIRegisterCommand
                         0x800'71ed      0x28  Code  Gb  FreeRTOS_CLI.o [8]
FreeRTOS_inet_addr       0x800'7f8d      0x14  Code  Gb  FreeRTOS_Sockets.o [9]
FreeRTOS_inet_pton4      0x800'7fc9      0x9a  Code  Gb  FreeRTOS_IPv4_Sockets.o [9]
GetSector                0x800'7001      0x6e  Code  Lc  flash.o [7]
HAL_Delay                0x800'408d      0x28  Code  Wk  stm32f4xx_hal.o [13]
HAL_ETH_ErrorCallback    0x800'82c9       0x2  Code  Wk  stm32fxx_hal_eth.o [17]
HAL_ETH_IRQHandler       0x800'8289      0x3a  Code  Gb  stm32fxx_hal_eth.o [17]
HAL_ETH_RxCpltCallback   0x800'820d      0x1e  Code  Gb  NetworkInterface.o [17]
HAL_ETH_TxCpltCallback   0x800'823f      0x1e  Code  Gb  NetworkInterface.o [17]
HAL_FLASHEx_Erase        0x800'7601      0x92  Code  Gb  stm32f4xx_hal_flash_ex.o [13]
HAL_FLASH_GetError       0x800'74b7       0x6  Code  Gb  stm32f4xx_hal_flash.o [13]
HAL_FLASH_Lock           0x800'74a7       0xa  Code  Gb  stm32f4xx_hal_flash.o [13]
HAL_FLASH_Program        0x800'7419      0x6e  Code  Gb  stm32f4xx_hal_flash.o [13]
HAL_FLASH_Unlock         0x800'7487      0x20  Code  Gb  stm32f4xx_hal_flash.o [13]
HAL_GPIO_Init            0x800'4e25     0x1be  Code  Gb  stm32f4xx_hal_gpio.o [13]
HAL_GetTick              0x800'40b5       0xc  Code  Wk  stm32f4xx_hal.o [13]
HAL_IncTick              0x800'6505      0x10  Code  Wk  stm32f4xx_hal.o [13]
HAL_Init                 0x800'5b99      0x30  Code  Gb  stm32f4xx_hal.o [13]
HAL_InitTick             0x800'5591      0x8a  Code  Gb  stm32f4xx_hal_timebase_tim.o [4]
HAL_MspInit              0x800'67f5      0x38  Code  Gb  stm32f4xx_hal_msp.o [4]
HAL_NVIC_EnableIRQ       0x800'5079      0x16  Code  Gb  stm32f4xx_hal_cortex.o [13]
HAL_NVIC_SetPriority     0x800'503f      0x3a  Code  Gb  stm32f4xx_hal_cortex.o [13]
HAL_NVIC_SetPriorityGrouping
                         0x800'502b      0x14  Code  Gb  stm32f4xx_hal_cortex.o [13]
HAL_PCDEx_LPM_Callback   0x800'4c9d       0x2  Code  Wk  stm32f4xx_hal_pcd_ex.o [13]
HAL_PCDEx_SetRxFiFo      0x800'5527       0x8  Code  Gb  stm32f4xx_hal_pcd_ex.o [13]
HAL_PCDEx_SetTxFiFo      0x800'54e5      0x42  Code  Gb  stm32f4xx_hal_pcd_ex.o [13]
HAL_PCD_ConnectCallback
                         0x800'4b75       0x8  Code  Gb  usbd_conf.o [14]
HAL_PCD_DataInStageCallback
                         0x800'4aed      0x12  Code  Gb  usbd_conf.o [14]
HAL_PCD_DataOutStageCallback
                         0x800'4ad9      0x14  Code  Gb  usbd_conf.o [14]
HAL_PCD_DisconnectCallback
                         0x800'4b7d       0x8  Code  Gb  usbd_conf.o [14]
HAL_PCD_EP_Abort         0x800'4a35      0x1c  Code  Gb  stm32f4xx_hal_pcd.o [13]
HAL_PCD_EP_Close         0x800'48d9      0x20  Code  Gb  stm32f4xx_hal_pcd.o [13]
HAL_PCD_EP_ClrStall      0x800'49d1      0x2e  Code  Gb  stm32f4xx_hal_pcd.o [13]
HAL_PCD_EP_GetRxCount    0x800'4915      0x10  Code  Gb  stm32f4xx_hal_pcd.o [13]
HAL_PCD_EP_Open          0x800'487f      0x5a  Code  Gb  stm32f4xx_hal_pcd.o [13]
HAL_PCD_EP_Receive       0x800'48f9      0x1c  Code  Gb  stm32f4xx_hal_pcd.o [13]
HAL_PCD_EP_SetStall      0x800'4967      0x62  Code  Gb  stm32f4xx_hal_pcd.o [13]
HAL_PCD_EP_Transmit      0x800'4925      0x18  Code  Gb  stm32f4xx_hal_pcd.o [13]
HAL_PCD_IRQHandler       0x800'41ab     0x66e  Code  Gb  stm32f4xx_hal_pcd.o [13]
HAL_PCD_ISOINIncompleteCallback
                         0x800'4b6d       0x8  Code  Gb  usbd_conf.o [14]
HAL_PCD_ISOOUTIncompleteCallback
                         0x800'4b65       0x8  Code  Gb  usbd_conf.o [14]
HAL_PCD_Init             0x800'40c1      0xc2  Code  Gb  stm32f4xx_hal_pcd.o [13]
HAL_PCD_MspInit          0x800'4a51      0x7c  Code  Gb  usbd_conf.o [14]
HAL_PCD_ResetCallback    0x800'4b07      0x2c  Code  Gb  usbd_conf.o [14]
HAL_PCD_ResumeCallback   0x800'4b5d       0x8  Code  Gb  usbd_conf.o [14]
HAL_PCD_SOFCallback      0x800'4aff       0x8  Code  Gb  usbd_conf.o [14]
HAL_PCD_SetAddress       0x800'485f      0x20  Code  Gb  stm32f4xx_hal_pcd.o [13]
HAL_PCD_SetupStageCallback
                         0x800'4acd       0xc  Code  Gb  usbd_conf.o [14]
HAL_PCD_Start            0x800'418d      0x1e  Code  Gb  stm32f4xx_hal_pcd.o [13]
HAL_PCD_SuspendCallback
                         0x800'4b33      0x2a  Code  Gb  usbd_conf.o [14]
HAL_RCC_ClockConfig      0x800'4ca1     0x100  Code  Gb  stm32f4xx_hal_rcc.o [13]
HAL_RCC_GetClockConfig   0x800'4dc9      0x36  Code  Gb  stm32f4xx_hal_rcc.o [13]
HAL_RCC_GetHCLKFreq      0x800'4dad       0x6  Code  Gb  stm32f4xx_hal_rcc.o [13]
HAL_RCC_GetPCLK1Freq     0x800'4db3      0x10  Code  Gb  stm32f4xx_hal_rcc.o [13]
HAL_RCC_GetSysClockFreq
                         0x800'5531      0x60  Code  Wk  stm32f4xx_hal_rcc.o [13]
HAL_RCC_OscConfig        0x800'61f5     0x310  Code  Wk  stm32f4xx_hal_rcc.o [13]
HAL_TIMEx_BreakCallback
                         0x800'712b       0x2  Code  Wk  stm32f4xx_hal_tim_ex.o [13]
HAL_TIMEx_CommutCallback
                         0x800'712f       0x2  Code  Wk  stm32f4xx_hal_tim_ex.o [13]
HAL_TIM_Base_Init        0x800'6515      0x1a  Code  Gb  stm32f4xx_hal_tim.o [13]
HAL_TIM_Base_MspInit     0x800'7125       0x2  Code  Wk  stm32f4xx_hal_tim.o [13]
HAL_TIM_Base_Start_IT    0x800'652f      0x76  Code  Gb  stm32f4xx_hal_tim.o [13]
HAL_TIM_IC_CaptureCallback
                         0x800'7127       0x2  Code  Wk  stm32f4xx_hal_tim.o [13]
HAL_TIM_IRQHandler       0x800'65f9     0x12a  Code  Gb  stm32f4xx_hal_tim.o [13]
HAL_TIM_OC_DelayElapsedCallback
                         0x800'7129       0x2  Code  Wk  stm32f4xx_hal_tim.o [13]
HAL_TIM_PWM_PulseFinishedCallback
                         0x800'7131       0x2  Code  Wk  stm32f4xx_hal_tim.o [13]
HAL_TIM_PeriodElapsedCallback
                         0x800'54c5       0xe  Code  Gb  main.o [4]
HAL_TIM_TriggerCallback
                         0x800'712d       0x2  Code  Wk  stm32f4xx_hal_tim.o [13]
HASH_RNG_IRQHandler      0x800'88d5            Code  Wk  startup_stm32f407xx.o [5]
HardFault_Handler        0x800'82e1       0x2  Code  Gb  stm32f4xx_it.o [4]
I2C1_ER_IRQHandler       0x800'882d            Code  Wk  startup_stm32f407xx.o [5]
I2C1_EV_IRQHandler       0x800'8829            Code  Wk  startup_stm32f407xx.o [5]
I2C2_ER_IRQHandler       0x800'8835            Code  Wk  startup_stm32f407xx.o [5]
I2C2_EV_IRQHandler       0x800'8831            Code  Wk  startup_stm32f407xx.o [5]
I2C3_ER_IRQHandler       0x800'88bd            Code  Wk  startup_stm32f407xx.o [5]
I2C3_EV_IRQHandler       0x800'88b9            Code  Wk  startup_stm32f407xx.o [5]
IntToUnicode             0x800'80f5      0x26  Code  Lc  usbd_desc.o [1]
LL_AHB1_GRP1_EnableClock
                         0x800'5c6f      0x16  Code  Lc  gpio.o [4]
LL_EXTI_Init             0x800'682d      0xaa  Code  Gb  stm32f4xx_ll_exti.o [13]
LL_EXTI_IsActiveFlag_0_31
                         0x800'82cd      0x12  Code  Lc  stm32f4xx_it.o [4]
LL_GPIO_Init             0x800'68dd      0xee  Code  Gb  stm32f4xx_ll_gpio.o [13]
LL_GPIO_SetPinMode       0x800'5c37      0x10  Code  Lc  gpio.o [4]
LL_GPIO_SetPinPull       0x800'5c51      0x10  Code  Lc  gpio.o [4]
LL_RCC_GetSystemClocksFreq
                         0x800'7135      0x20  Code  Gb  stm32f4xx_ll_rcc.o [13]
LL_SYSCFG_SetEXTISource
                         0x800'5c19      0x1e  Code  Lc  gpio.o [4]
LL_USART_Init            0x800'6ddd      0xe2  Code  Gb  stm32f4xx_ll_usart.o [13]
MX_DMA_Init              0x800'5e51      0x64  Code  Gb  dma.o [4]
MX_GPIO_Init             0x800'5c85     0x164  Code  Gb  gpio.o [4]
MX_USART1_UART_Init      0x800'5f09     0x12e  Code  Gb  usart.o [4]
MX_USB_DEVICE_Init       0x800'5eb5      0x54  Code  Gb  usb_device.o [1]
MemManage_Handler        0x800'82e3       0x2  Code  Gb  stm32f4xx_it.o [4]
NMI_Handler              0x800'82df       0x2  Code  Gb  stm32f4xx_it.o [4]
NVIC_EncodePriority      0x800'5be7      0x32  Code  Lc  gpio.o [4]
OTG_FS_IRQHandler        0x800'832b       0x6  Code  Gb  stm32f4xx_it.o [4]
OTG_FS_WKUP_IRQHandler   0x800'8851            Code  Wk  startup_stm32f407xx.o [5]
OTG_HS_EP1_IN_IRQHandler
                         0x800'88c5            Code  Wk  startup_stm32f407xx.o [5]
OTG_HS_EP1_OUT_IRQHandler
                         0x800'88c1            Code  Wk  startup_stm32f407xx.o [5]
OTG_HS_IRQHandler        0x800'88cd            Code  Wk  startup_stm32f407xx.o [5]
OTG_HS_WKUP_IRQHandler   0x800'88c9            Code  Wk  startup_stm32f407xx.o [5]
PVD_IRQHandler           0x800'87b9            Code  Wk  startup_stm32f407xx.o [5]
PendSV_Handler           0x800'30c5            Code  Gb  portasm.o [16]
QR_Init                  0x800'6189      0x3a  Code  Gb  qr.o [12]
RCC_GetHCLKClockFreq     0x800'7171       0xc  Code  Gb  stm32f4xx_ll_rcc.o [13]
RCC_GetPCLK1ClockFreq    0x800'717d       0xa  Code  Gb  stm32f4xx_ll_rcc.o [13]
RCC_GetPCLK2ClockFreq    0x800'718d       0xc  Code  Gb  stm32f4xx_ll_rcc.o [13]
RCC_GetSystemClockFreq   0x800'7155      0x1c  Code  Gb  stm32f4xx_ll_rcc.o [13]
RCC_IRQHandler           0x800'87c9            Code  Wk  startup_stm32f407xx.o [5]
RCC_PLL_GetFreqDomain_SYS
                         0x800'7199      0x3c  Code  Gb  stm32f4xx_ll_rcc.o [13]
RTC_Alarm_IRQHandler     0x800'884d            Code  Wk  startup_stm32f407xx.o [5]
RTC_WKUP_IRQHandler      0x800'87c1            Code  Wk  startup_stm32f407xx.o [5]
Region$$Table$$Base      0x800'86b4             --   Gb  - Linker created -
Region$$Table$$Limit     0x800'86d4             --   Gb  - Linker created -
Reset_Handler            0x800'8785            Code  Wk  startup_stm32f407xx.o [5]
Rx_Buff                 0x2000'0068    0x1800  Data  Gb  NetworkInterface.o [17]
SDIO_IRQHandler          0x800'886d            Code  Wk  startup_stm32f407xx.o [5]
SPI1_IRQHandler          0x800'8839            Code  Wk  startup_stm32f407xx.o [5]
SPI2_IRQHandler          0x800'883d            Code  Wk  startup_stm32f407xx.o [5]
SPI3_IRQHandler          0x800'8875            Code  Wk  startup_stm32f407xx.o [5]
SVC_Handler              0x800'311d            Code  Gb  portasm.o [16]
SWAPBYTE                 0x800'5631       0xa  Code  Lc  usbd_ctlreq.o [15]
SysTick_Handler          0x800'2a5f      0x26  Code  Gb  port.o [16]
SystemClock_Config       0x800'5425      0xa0  Code  Gb  main.o [4]
SystemCoreClock         0x2000'3080       0x4  Data  Gb  system_stm32f4xx.o [2]
SystemInit               0x800'86d5       0xc  Code  Gb  system_stm32f4xx.o [2]
TAMP_STAMP_IRQHandler    0x800'87bd            Code  Wk  startup_stm32f407xx.o [5]
TIM1_BRK_TIM9_IRQHandler
                         0x800'880d            Code  Wk  startup_stm32f407xx.o [5]
TIM1_CC_IRQHandler       0x800'8819            Code  Wk  startup_stm32f407xx.o [5]
TIM1_TRG_COM_TIM11_IRQHandler
                         0x800'8815            Code  Wk  startup_stm32f407xx.o [5]
TIM1_UP_TIM10_IRQHandler
                         0x800'8811            Code  Wk  startup_stm32f407xx.o [5]
TIM2_IRQHandler          0x800'881d            Code  Wk  startup_stm32f407xx.o [5]
TIM3_IRQHandler          0x800'8821            Code  Wk  startup_stm32f407xx.o [5]
TIM4_IRQHandler          0x800'8825            Code  Wk  startup_stm32f407xx.o [5]
TIM5_IRQHandler          0x800'8871            Code  Wk  startup_stm32f407xx.o [5]
TIM6_DAC_IRQHandler      0x800'8323       0x6  Code  Gb  stm32f4xx_it.o [4]
TIM7_IRQHandler          0x800'8881            Code  Wk  startup_stm32f407xx.o [5]
TIM8_BRK_TIM12_IRQHandler
                         0x800'8855            Code  Wk  startup_stm32f407xx.o [5]
TIM8_CC_IRQHandler       0x800'8861            Code  Wk  startup_stm32f407xx.o [5]
TIM8_TRG_COM_TIM14_IRQHandler
                         0x800'885d            Code  Wk  startup_stm32f407xx.o [5]
TIM8_UP_TIM13_IRQHandler
                         0x800'8859            Code  Wk  startup_stm32f407xx.o [5]
TIM_Base_SetConfig       0x800'6729      0x9e  Code  Gb  stm32f4xx_hal_tim.o [13]
Tx_Buff                 0x2000'1868    0x1800  Data  Gb  NetworkInterface.o [17]
U1_Init                  0x800'6037      0x3e  Code  Gb  usart.o [4]
UART4_IRQHandler         0x800'8879            Code  Wk  startup_stm32f407xx.o [5]
UART5_IRQHandler         0x800'887d            Code  Wk  startup_stm32f407xx.o [5]
USART1_IRQHandler        0x800'831f       0x4  Code  Gb  stm32f4xx_it.o [4]
USART2_IRQHandler        0x800'8841            Code  Wk  startup_stm32f407xx.o [5]
USART3_IRQHandler        0x800'8845            Code  Wk  startup_stm32f407xx.o [5]
USART6_IRQHandler        0x800'88b5            Code  Wk  startup_stm32f407xx.o [5]
USART_Process            0x800'6075      0x96  Code  Gb  usart.o [4]
USBD_CDC                0x2000'3134      0x38  Data  Gb  usbd_cdc.o [15]
USBD_CDC_CfgDesc        0x2000'316c      0x44  Data  Lc  usbd_cdc.o [15]
USBD_CDC_DataIn          0x800'6bc9      0x74  Code  Lc  usbd_cdc.o [15]
USBD_CDC_DataOut         0x800'6c3d      0x3c  Code  Lc  usbd_cdc.o [15]
USBD_CDC_DeInit          0x800'6a99      0x60  Code  Lc  usbd_cdc.o [15]
USBD_CDC_DeviceQualifierDesc
                        0x2000'3128       0xc  Data  Lc  usbd_cdc.o [15]
USBD_CDC_EP0_RxReady     0x800'6c79      0x34  Code  Lc  usbd_cdc.o [15]
USBD_CDC_GetDeviceQualifierDescriptor
                         0x800'6d1b       0x8  Code  Gb  usbd_cdc.o [15]
USBD_CDC_GetFSCfgDesc    0x800'6cad       0x4  Code  Lc  usbd_cdc.o [15]
USBD_CDC_GetHSCfgDesc    0x800'6cb1      0x22  Code  Lc  usbd_cdc.o [15]
USBD_CDC_GetOtherSpeedCfgDesc
                         0x800'6cd3       0x2  Code  Lc  usbd_cdc.o [15]
USBD_CDC_Init            0x800'69cd      0xc2  Code  Lc  usbd_cdc.o [15]
USBD_CDC_ReceivePacket   0x800'6da7      0x26  Code  Gb  usbd_cdc.o [15]
USBD_CDC_RegisterInterface
                         0x800'6d2d      0x16  Code  Gb  usbd_cdc.o [15]
USBD_CDC_SetRxBuffer     0x800'6d61      0x1a  Code  Gb  usbd_cdc.o [15]
USBD_CDC_SetTxBuffer     0x800'6d43      0x1e  Code  Gb  usbd_cdc.o [15]
USBD_CDC_Setup           0x800'6af9      0xd0  Code  Lc  usbd_cdc.o [15]
USBD_CDC_TransmitPacket
                         0x800'6d7b      0x2c  Code  Gb  usbd_cdc.o [15]
USBD_ClrClassConfig      0x800'510f      0x14  Code  Gb  usbd_core.o [15]
USBD_CoreFindEP          0x800'53b7       0x4  Code  Gb  usbd_core.o [15]
USBD_CoreFindIF          0x800'53b3       0x4  Code  Gb  usbd_core.o [15]
USBD_CtlContinueRx       0x800'5b6d       0x4  Code  Gb  usbd_ioreq.o [15]
USBD_CtlContinueSendData
                         0x800'5b47       0x4  Code  Gb  usbd_ioreq.o [15]
USBD_CtlError            0x800'5acb      0x16  Code  Gb  usbd_ctlreq.o [15]
USBD_CtlPrepareRx        0x800'5b57      0x16  Code  Gb  usbd_ioreq.o [15]
USBD_CtlReceiveStatus    0x800'5b8b       0xe  Code  Gb  usbd_ioreq.o [15]
USBD_CtlSendData         0x800'5b35      0x12  Code  Gb  usbd_ioreq.o [15]
USBD_CtlSendStatus       0x800'5b7d       0xe  Code  Gb  usbd_ioreq.o [15]
USBD_FS_ConfigStrDescriptor
                         0x800'80c1       0xc  Code  Gb  usbd_desc.o [1]
USBD_FS_DeviceDesc      0x2000'31e0      0x14  Data  Gb  usbd_desc.o [1]
USBD_FS_DeviceDescriptor
                         0x800'8065       0x8  Code  Gb  usbd_desc.o [1]
USBD_FS_InterfaceStrDescriptor
                         0x800'80e9       0xc  Code  Gb  usbd_desc.o [1]
USBD_FS_LangIDStrDescriptor
                         0x800'806d       0x8  Code  Gb  usbd_desc.o [1]
USBD_FS_ManufacturerStrDescriptor
                         0x800'8081       0xa  Code  Gb  usbd_desc.o [1]
USBD_FS_ProductStrDescriptor
                         0x800'8075       0xc  Code  Gb  usbd_desc.o [1]
USBD_FS_SerialStrDescriptor
                         0x800'8095      0x2c  Code  Gb  usbd_desc.o [1]
USBD_GetEpDesc           0x800'53bb      0x3a  Code  Gb  usbd_core.o [15]
USBD_GetLen              0x800'5b21      0x14  Code  Lc  usbd_ctlreq.o [15]
USBD_GetNextDesc         0x800'53f5       0xe  Code  Gb  usbd_core.o [15]
USBD_GetString           0x800'5ae1      0x40  Code  Gb  usbd_ctlreq.o [15]
USBD_Get_USB_Status      0x800'4c8b      0x12  Code  Gb  usbd_conf.o [14]
USBD_Init                0x800'50a1      0x26  Code  Gb  usbd_core.o [15]
USBD_Interface_fops_FS  0x2000'31b0      0x14  Data  Gb  usbd_cdc_if.o [1]
USBD_LL_ClearStallEP     0x800'4c19       0xc  Code  Gb  usbd_conf.o [14]
USBD_LL_CloseEP          0x800'4c01       0xc  Code  Gb  usbd_conf.o [14]
USBD_LL_DataInStage      0x800'51f9      0xa4  Code  Gb  usbd_core.o [15]
USBD_LL_DataOutStage     0x800'517f      0x7a  Code  Gb  usbd_core.o [15]
USBD_LL_DevConnected     0x800'538f       0x4  Code  Gb  usbd_core.o [15]
USBD_LL_DevDisconnected
                         0x800'5393      0x20  Code  Gb  usbd_core.o [15]
USBD_LL_GetRxDataSize    0x800'4c65       0x8  Code  Gb  usbd_conf.o [14]
USBD_LL_Init             0x800'4b85      0x56  Code  Gb  usbd_conf.o [14]
USBD_LL_IsStallEP        0x800'4c25      0x1c  Code  Gb  usbd_conf.o [14]
USBD_LL_IsoINIncomplete
                         0x800'5347      0x1c  Code  Gb  usbd_core.o [15]
USBD_LL_IsoOUTIncomplete
                         0x800'5363      0x1c  Code  Gb  usbd_core.o [15]
USBD_LL_OpenEP           0x800'4beb      0x16  Code  Gb  usbd_conf.o [14]
USBD_LL_PrepareReceive   0x800'4c59       0xc  Code  Gb  usbd_conf.o [14]
USBD_LL_Reset            0x800'529d      0x60  Code  Gb  usbd_core.o [15]
USBD_LL_Resume           0x800'5319      0x12  Code  Gb  usbd_core.o [15]
USBD_LL_SOF              0x800'532b      0x1c  Code  Gb  usbd_core.o [15]
USBD_LL_SetSpeed         0x800'52fd       0x6  Code  Gb  usbd_core.o [15]
USBD_LL_SetUSBAddress    0x800'4c41       0xc  Code  Gb  usbd_conf.o [14]
USBD_LL_SetupStage       0x800'5123      0x5c  Code  Gb  usbd_core.o [15]
USBD_LL_StallEP          0x800'4c0d       0xc  Code  Gb  usbd_conf.o [14]
USBD_LL_Start            0x800'4bdb       0xa  Code  Gb  usbd_conf.o [14]
USBD_LL_Suspend          0x800'5303      0x16  Code  Gb  usbd_core.o [15]
USBD_LL_Transmit         0x800'4c4d       0xc  Code  Gb  usbd_conf.o [14]
USBD_LangIDDesc         0x2000'31f4       0x4  Data  Gb  usbd_desc.o [1]
USBD_ParseSetupRequest   0x800'5aa1      0x2a  Code  Gb  usbd_ctlreq.o [15]
USBD_RegisterClass       0x800'50c7      0x32  Code  Gb  usbd_core.o [15]
USBD_SetClassConfig      0x800'50fd      0x12  Code  Gb  usbd_core.o [15]
USBD_SetConfig::cfgidx  0x2001'69f5       0x1  Data  Lc  usbd_ctlreq.o [15]
USBD_Start               0x800'50f9       0x4  Code  Gb  usbd_core.o [15]
USBD_StdDevReq           0x800'563d     0x296  Code  Gb  usbd_ctlreq.o [15]
USBD_StdEPReq            0x800'5951     0x148  Code  Gb  usbd_ctlreq.o [15]
USBD_StdItfReq           0x800'58e1      0x64  Code  Gb  usbd_ctlreq.o [15]
USBD_StrDesc            0x2001'6300     0x200  Data  Gb  usbd_desc.o [1]
USBD_StringSerial       0x2000'31f8      0x1c  Data  Gb  usbd_desc.o [1]
USBD_static_free         0x800'4c89       0x2  Code  Gb  usbd_conf.o [14]
USBD_static_malloc       0x800'4c6d       0x4  Code  Gb  usbd_conf.o [14]
USBD_static_malloc::mem
                        0x2001'5edc     0x220  Data  Lc  usbd_conf.o [14]
USB_ActivateEndpoint     0x800'3a71      0x5a  Code  Gb  stm32f4xx_ll_usb.o [13]
USB_ActivateSetup        0x800'3f4f      0x18  Code  Gb  stm32f4xx_ll_usb.o [13]
USB_CoreInit             0x800'36a1      0x80  Code  Gb  stm32f4xx_ll_usb.o [13]
USB_CoreReset            0x800'3fab      0x54  Code  Lc  stm32f4xx_ll_usb.o [13]
USB_DeactivateEndpoint   0x800'3add      0x48  Code  Gb  stm32f4xx_ll_usb.o [13]
USB_DevConnect           0x800'3eb1      0x18  Code  Gb  stm32f4xx_ll_usb.o [13]
USB_DevDisconnect        0x800'3ec9      0x16  Code  Gb  stm32f4xx_ll_usb.o [13]
USB_DevInit              0x800'385b     0x16a  Code  Gb  stm32f4xx_ll_usb.o [13]
USB_DisableGlobalInt     0x800'37f7       0x6  Code  Gb  stm32f4xx_ll_usb.o [13]
USB_EP0_OutStart         0x800'3f67      0x44  Code  Gb  stm32f4xx_ll_usb.o [13]
USB_EPClearStall         0x800'3e63      0x32  Code  Gb  stm32f4xx_ll_usb.o [13]
USB_EPSetStall           0x800'3e33      0x30  Code  Gb  stm32f4xx_ll_usb.o [13]
USB_EPStartXfer          0x800'3b69     0x1a8  Code  Gb  stm32f4xx_ll_usb.o [13]
USB_EPStopXfer           0x800'3d31      0x80  Code  Gb  stm32f4xx_ll_usb.o [13]
USB_EnableGlobalInt      0x800'37ef       0x8  Code  Gb  stm32f4xx_ll_usb.o [13]
USB_FlushRxFifo          0x800'3a09      0x42  Code  Gb  stm32f4xx_ll_usb.o [13]
USB_FlushTxFifo          0x800'39c5      0x44  Code  Gb  stm32f4xx_ll_usb.o [13]
USB_GetDevSpeed          0x800'3a55      0x1c  Code  Gb  stm32f4xx_ll_usb.o [13]
USB_GetMode              0x800'3f47       0x8  Code  Gb  stm32f4xx_ll_usb.o [13]
USB_ReadDevAllInEpInterrupt
                         0x800'3efd       0xe  Code  Gb  stm32f4xx_ll_usb.o [13]
USB_ReadDevAllOutEpInterrupt
                         0x800'3eef       0xe  Code  Gb  stm32f4xx_ll_usb.o [13]
USB_ReadDevInEPInterrupt
                         0x800'3f21      0x26  Code  Gb  stm32f4xx_ll_usb.o [13]
USB_ReadDevOutEPInterrupt
                         0x800'3f0b      0x16  Code  Gb  stm32f4xx_ll_usb.o [13]
USB_ReadInterrupts       0x800'3ee5       0xa  Code  Gb  stm32f4xx_ll_usb.o [13]
USB_ReadPacket           0x800'3df3      0x40  Code  Gb  stm32f4xx_ll_usb.o [13]
USB_SetCurrentMode       0x800'3803      0x58  Code  Gb  stm32f4xx_ll_usb.o [13]
[...]
__aeabi_memclr           0x800'2821            Code  Gb  ABImemclr.o [20]
__aeabi_memclr4          0x800'4e1d            Code  Gb  ABImemclr4.o [20]
__aeabi_memset4          0x800'2829            Code  Gb  ABImemset48.o [20]
__aeabi_memset8          0x800'2829            Code  Gb  ABImemset48.o [20]
__aeabi_ui2d             0x800'18f5            Code  Gb  U32ToDbl.o [19]
__cmain                  0x800'86f5            Code  Gb  cmain.o [20]
__dwrite                 0x800'8589      0x1e  Code  Gb  dwrite.o [21]
__exit                   0x800'1c09      0x14  Code  Gb  exit.o [21]
__iar_Fail_s             0x800'1105      0x1c  Code  Gb  xfail_s.o [18]
__iar_Memchr             0x800'1159            Code  Gb  memchr.o [20]
__iar_Memset4_word       0x800'2831            Code  Gb  ABImemset48.o [20]
__iar_Memset8_word       0x800'2831            Code  Gb  ABImemset48.o [20]
__iar_Stdout            0x2000'3294      0x48  Data  Gb  xfiles.o [18]
__iar_Stoulx             0x800'7e11     0x12a  Code  Gb  iar_Stoulx.o [18]
__iar_Strchr             0x800'10d5            Code  Gb  strchr.o [20]
__iar_data_init3         0x800'8669      0x28  Code  Gb  data_init.o [20]
__iar_frexp              0x800'11d5            Code  Gb  frexp.o [19]
__iar_frexpl             0x800'11d5            Code  Gb  frexp.o [19]
__iar_globLocale        0x2000'324c      0x48  Data  Lc  xlocale_c.o [18]
__iar_global_Locale      0x800'1ae9       0x4  Code  Gb  xlocale_c.o [18]
__iar_init_vfp           0x800'8691            Code  Gb  fpinit_M.o [19]
__iar_ldexp64            0x800'12a1            Code  Gb  ldexp.o [19]
__iar_lz77_init_single3
                         0x800'1057      0x7e  Code  Gb  lz77_init_single.o [20]
__iar_program_start      0x800'8729            Code  Gb  cstartup_M.o [20]
__iar_scalbln64          0x800'12a1            Code  Gb  ldexp.o [19]
__iar_scalbn64           0x800'12a1            Code  Gb  ldexp.o [19]
__iar_sh_stdout_swo      0x800'84e9      0x4c  Code  Gb  iarwstdswo.o [21]
__iar_sh_write           0x800'85a7      0x22  Code  Gb  iarwrite.o [21]
__iar_small_Memcpy       0x800'11b5            Code  Gb  ABImemcpy_small.o [20]
__iar_small_Memset       0x800'3089            Code  Gb  ABImemset_small.o [20]
__iar_small_Memset_word
                         0x800'3089            Code  Gb  ABImemset_small.o [20]
__iar_small_memcpy       0x800'11b1            Code  Gb  ABImemcpy_small.o [20]
__iar_small_memcpy4      0x800'11b1            Code  Gb  ABImemcpy_small.o [20]
__iar_small_memcpy8      0x800'11b1            Code  Gb  ABImemcpy_small.o [20]
__iar_small_memset       0x800'3089            Code  Gb  ABImemset_small.o [20]
__iar_small_strlen       0x800'1145            Code  Gb  strlen_small.o [20]
__iar_small_strncpy      0x800'7789            Code  Gb  strncpy_small.o [20]
__iar_small_uldivmod     0x800'1af9            Code  Gb  I64DivMod_small.o [20]
__iar_softfp___iar_frexp64
                         0x800'11c9            Code  Gb  frexp.o [19]
__iar_softfp_frexp       0x800'11c9            Code  Gb  frexp.o [19]
__iar_softfp_frexpl      0x800'11c9            Code  Gb  frexp.o [19]
__iar_zero_init3         0x800'8601      0x38  Code  Gb  zero_init3.o [20]
__low_level_init         0x800'8713       0x4  Code  Gb  low_level_init.o [18]
__vector_table           0x800'0000            Data  Gb  startup_stm32f407xx.o [5]
__write                  0x800'8579      0x10  Code  Gb  write.o [21]
_call_main               0x800'8701            Code  Gb  cmain.o [20]
_exit                    0x800'871d            Code  Gb  cexit.o [20]
abort                    0x800'1bff       0x6  Code  Gb  abort.o [18]
cliInit                  0x800'6f11      0x3e  Code  Gb  cli.o [3]
cliTaskHandle           0x2001'46f8       0x4  Data  Gb  cli.o [3]
cliTaskStack            0x2001'4754     0x600  Data  Gb  cli.o [3]
cliTaskTCB              0x2001'46fc      0x58  Data  Gb  cli.o [3]
digits                   0x800'84c0      0x28  Data  Lc  iar_Stoulx.o [18]
dmaBuffer               0x2001'6100     0x100  Data  Gb  usart.o [4]
dmaProcessBuffer        0x2001'6200     0x100  Data  Gb  usart.o [4]
ethConfig               0x2001'6508      0x18  Data  Gb  eth_init.o [6]
exit                     0x800'8717       0x4  Code  Gb  exit.o [18]
gateState               0x2001'69e8       0x1  Data  Gb  gate.o [11]
gateTimerHandle         0x2001'69ec       0x4  Data  Gb  gate.o [11]
hUsbDeviceFS            0x2001'59a0     0x2dc  Data  Gb  usb_device.o [1]
handleClosedState        0x800'8365       0x6  Code  Gb  gate.o [11]
handleOpenedState        0x800'8345      0x20  Code  Gb  gate.o [11]
hpcd_USB_OTG_FS         0x2001'4d54     0x4e4  Data  Gb  usbd_conf.o [14]
htim6                   0x2001'6940      0x48  Data  Gb  stm32f4xx_hal_timebase_tim.o [4]
inputBuffer             0x2001'56a0     0x100  Data  Gb  cli.o [3]
inputIndex              0x2001'69f4       0x1  Data  Lc  cli_helper.o [3]
isspace                  0x800'7fa1      0x14  Code  Gb  isspace.o [18]
ldexp                    0x800'12a1            Code  Gb  ldexp.o [19]
ldexpl                   0x800'12a1            Code  Gb  ldexp.o [19]
localeconv               0x800'1aed       0x4  Code  Gb  xlocale_c.o [18]
main                     0x800'5405      0x20  Code  Gb  main.o [4]
memchr                   0x800'1159            Code  Gb  memchr.o [20]
ndigs                    0x800'8498      0x28  Data  Lc  iar_Stoulx.o [18]
obuf                    0x2001'68a8      0x50  Data  Lc  xfiles.o [18]
outputBuffer            0x2001'57a0     0x200  Data  Gb  cli.o [3]
pFlash                  0x2001'69c8      0x20  Data  Gb  stm32f4xx_hal_flash.o [13]
printf                   0x800'6ee9      0x28  Code  Gb  printf.o [18]
prvAddCurrentTaskToDelayedList
                         0x800'278d      0x8a  Code  Lc  tasks.o [10]
prvAddNewTaskToReadyList
                         0x800'1d1b      0xc6  Code  Lc  tasks.o [10]
prvCheckForValidListAndQueue
                         0x800'2ded      0x4e  Code  Lc  timers.o [10]
prvCheckForValidListAndQueue{1}{2}{3}{4}::ucStaticTimerQueueStorage
                        0x2001'6830      0x78  Data  Lc  timers.o [10]
prvCheckForValidListAndQueue{1}{2}{3}{4}::xStaticTimerQueue
                        0x2001'67e0      0x50  Data  Lc  timers.o [10]
prvCheckTasksWaitingTermination
                         0x800'2333      0x34  Code  Lc  tasks.o [10]
prvCopyDataFromQueue     0x800'3575      0x28  Code  Lc  queue.o [10]
prvCopyDataToQueue       0x800'350d      0x68  Code  Lc  queue.o [10]
prvDeleteTCB             0x800'2367      0x2a  Code  Lc  tasks.o [10]
prvEMACHandlerTask{2}{3}{4}{5}::uxLowestSemCount
                        0x2000'0064       0x4  Data  Lc  NetworkInterface.o [17]
prvGetCommand            0x800'79c5     0x1ae  Code  Gb  cli_handlers.o [3]
prvHelpCommand           0x800'736b      0x24  Code  Lc  FreeRTOS_CLI.o [8]
prvHelpCommand::pxCommand
                        0x2000'0004       0x4  Data  Lc  FreeRTOS_CLI.o [8]
prvIdleTask              0x800'2319      0x1a  Code  Lc  tasks.o [10]
prvInitialiseNewQueue    0x800'3267      0x20  Code  Lc  queue.o [10]
prvInitialiseNewTask     0x800'1c97      0x84  Code  Lc  tasks.o [10]
prvInsertTimerInActiveList
                         0x800'2db7      0x34  Code  Lc  timers.o [10]
prvIsQueueEmpty          0x800'3601      0x16  Code  Lc  queue.o [10]
prvProcessExpiredTimer   0x800'2bfb      0x3a  Code  Lc  timers.o [10]
prvRegisterCommand       0x800'7323      0x3a  Code  Lc  FreeRTOS_CLI.o [8]
prvRegisterCommand::pxLastCommandInList
                        0x2000'0010       0x4  Data  Lc  FreeRTOS_CLI.o [8]
prvReloadTimer           0x800'2bd3      0x28  Code  Lc  timers.o [10]
prvResetCommand          0x800'7b81      0xa0  Code  Gb  cli_handlers.o [3]
prvResetNextTaskUnblockTime
                         0x800'2391      0x1c  Code  Lc  tasks.o [10]
prvSampleTimeNow         0x800'2d7d      0x3a  Code  Lc  timers.o [10]
prvSampleTimeNow::xLastTime
                        0x2001'67b4       0x4  Data  Lc  timers.o [10]
prvSetCommand            0x800'7845     0x16c  Code  Gb  cli_handlers.o [3]
prvTaskExitError         0x800'2901      0x1c  Code  Lc  port.o [16]
prvTimerTask             0x800'2c39     0x144  Code  Lc  timers.o [10]
prvUnlockQueue           0x800'359d      0x64  Code  Lc  queue.o [10]
putchar                  0x800'8535      0x44  Code  Gb  putchar.o [18]
pvPortMalloc             0x800'2e61     0x154  Code  Gb  heap_4.o [16]
pxCurrentTCB            0x2000'30c0       0x4  Data  Gb  tasks.o [10]
pxCurrentTimerList      0x2001'67a4       0x4  Data  Lc  timers.o [10]
pxDelayedTaskList       0x2000'30c4       0x4  Data  Lc  tasks.o [10]
pxEnd                   0x2000'32e4       0x4  Data  Lc  heap_4.o [16]
pxMyInterface           0x2000'005c       0x4  Data  Lc  NetworkInterface.o [17]
pxOverflowDelayedTaskList
                        0x2000'30c8       0x4  Data  Lc  tasks.o [10]
pxOverflowTimerList     0x2001'67a8       0x4  Data  Lc  timers.o [10]
pxPortInitialiseStack    0x800'28d9      0x26  Code  Gb  port.o [16]
pxReadyTasksLists       0x2001'6678     0x12c  Data  Lc  tasks.o [10]
qrLastPos               0x2001'60fc       0x4  Data  Lc  usart.o [4]
qrTask                   0x800'61d5      0x16  Code  Lc  qr.o [12]
qrTaskHandle            0x2001'6500       0x4  Data  Gb  qr.o [12]
scalbln                  0x800'12a1            Code  Gb  ldexp.o [19]
scalblnl                 0x800'12a1            Code  Gb  ldexp.o [19]
scalbn                   0x800'12a1            Code  Gb  ldexp.o [19]
scalbnl                  0x800'12a1            Code  Gb  ldexp.o [19]
scale                    0x800'0f89      0x46  Code  Lc  xprintffull_nomb.o [18]
sec_hand                0x2001'69f0       0x4  Data  Lc  xfail_s.o [18]
snprintf                 0x800'7f49      0x44  Code  Gb  snprintf.o [18]
strchr                   0x800'10d5            Code  Gb  strchr.o [20]
strcmp                   0x800'7dfd            Code  Gb  strcmp.o [20]
strncmp                  0x800'775d      0x2a  Code  Gb  strncmp.o [18]
strtoul                  0x800'7f41       0x2  Code  Gb  iar_Stoulx.o [18]
tolower                  0x800'7fb5      0x14  Code  Gb  tolower.o [18]
ucHeap                  0x2000'32f8  0x1'0400  Data  Lc  heap_4.o [16]
ucMACAddress            0x2001'6520       0x8  Data  Gb  eth_init.o [6]
ucMaxSysCallPriority    0x2000'3068       0x1  Data  Lc  port.o [16]
ulMaxPRIGROUPValue      0x2000'3070       0x4  Data  Lc  port.o [16]
ulTaskGenericNotifyTake
                         0x800'246b      0x58  Code  Gb  tasks.o [10]
uwTick                  0x2000'3078       0x4  Data  Gb  stm32f4xx_hal.o [13]
uwTickFreq              0x2000'3074       0x1  Data  Gb  stm32f4xx_hal.o [13]
uwTickPrio              0x2000'307c       0x4  Data  Gb  stm32f4xx_hal.o [13]
uxCriticalNesting       0x2000'306c       0x4  Data  Lc  port.o [16]
uxCurrentNumberOfTasks  0x2000'30d0       0x4  Data  Lc  tasks.o [10]
uxDeletedTasksWaitingCleanUp
                        0x2000'30cc       0x4  Data  Lc  tasks.o [10]
uxListRemove             0x800'28b5      0x24  Code  Gb  list.o [10]
uxSchedulerSuspended    0x2000'30fc       0x4  Data  Lc  tasks.o [10]
uxTaskNumber            0x2000'30ec       0x4  Data  Lc  tasks.o [10]
uxTopReadyPriority      0x2000'30d8       0x4  Data  Lc  tasks.o [10]
uxTopUsedPriority       0x2000'30f8       0x4  Data  Lc  tasks.o [10]
vApplicationGetIdleTaskMemory
                         0x800'2af1      0x10  Code  Gb  eth_helper.o [6]
vApplicationGetIdleTaskMemory::xIdleStack
                        0x2001'5cd4     0x208  Data  Lc  eth_helper.o [6]
vApplicationGetIdleTaskMemory::xIdleTaskTCB
                        0x2001'5c7c      0x58  Data  Lc  eth_helper.o [6]
vApplicationGetTimerTaskMemory
                         0x800'2b01      0x12  Code  Gb  eth_helper.o [6]
vApplicationGetTimerTaskMemory::xTimerStack
                        0x2001'5290     0x410  Data  Lc  eth_helper.o [6]
vApplicationGetTimerTaskMemory::xTimerTaskTCB
                        0x2001'5238      0x58  Data  Lc  eth_helper.o [6]
vCliTask                 0x800'6f51      0x66  Code  Lc  cli.o [3]
vListInitialise          0x800'2863      0x1a  Code  Gb  list.o [10]
vListInitialiseItem      0x800'287d       0x6  Code  Gb  list.o [10]
vListInsert              0x800'2883      0x32  Code  Gb  list.o [10]
vPortEnableVFP           0x800'3159            Code  Gb  portasm.o [16]
vPortEnterCritical       0x800'2a0b      0x32  Code  Gb  port.o [16]
vPortExitCritical        0x800'2a3d      0x22  Code  Gb  port.o [16]
vPortFree                0x800'2fc3      0xb0  Code  Gb  heap_4.o [16]
vPortSetupTimerInterrupt
                         0x800'309d      0x28  Code  Wk  port.o [16]
vPortStartFirstTask      0x800'3139            Code  Gb  portasm.o [16]
vPortValidateInterruptPriority
                         0x800'2a85      0x2c  Code  Gb  port.o [16]
vQueueAddToRegistry      0x800'3617      0x3a  Code  Gb  queue.o [10]
vQueueWaitForMessageRestricted
                         0x800'3659      0x48  Code  Gb  queue.o [10]
vTaskDelay               0x800'1de1      0x30  Code  Gb  tasks.o [10]
vTaskGenericNotifyGiveFromISR
                         0x800'269b      0xcc  Code  Gb  tasks.o [10]
vTaskInternalSetTimeOutState
                         0x800'22a1       0xe  Code  Gb  tasks.o [10]
vTaskMissedYield         0x800'230f       0xa  Code  Gb  tasks.o [10]
vTaskPlaceOnEventList    0x800'216b      0x24  Code  Gb  tasks.o [10]
vTaskPlaceOnEventListRestricted
                         0x800'218f      0x48  Code  Gb  tasks.o [10]
vTaskStartScheduler      0x800'1e35      0x98  Code  Gb  tasks.o [10]
vTaskSuspendAll          0x800'1ed5       0xc  Code  Gb  tasks.o [10]
vTaskSwitchContext       0x800'211b      0x50  Code  Gb  tasks.o [10]
xActiveTimerList1       0x2001'67b8      0x14  Data  Lc  timers.o [10]
xActiveTimerList2       0x2001'67cc      0x14  Data  Lc  timers.o [10]
xDelayedTaskList1       0x2000'3100      0x14  Data  Lc  tasks.o [10]
xDelayedTaskList2       0x2000'3114      0x14  Data  Lc  tasks.o [10]
xEMACTaskHandle         0x2000'0060       0x4  Data  Lc  NetworkInterface.o [17]
xETH                    0x2001'68f8      0x48  Data  Lc  NetworkInterface.o [17]
xEndPoints              0x2001'6550     0x128  Data  Gb  eth_init.o [6]
xFreeBytesRemaining     0x2000'32e8       0x4  Data  Lc  heap_4.o [16]
xGetCommand              0x800'6fe0      0x10  Data  Gb  cli.o [3]
xHelpCommand             0x800'8774      0x10  Data  Lc  FreeRTOS_CLI.o [8]
xIdleTaskHandles        0x2000'30f4       0x4  Data  Lc  tasks.o [10]
xInterfaces             0x2001'6528      0x28  Data  Gb  eth_init.o [6]
xMinimumEverFreeBytesRemaining
                        0x2000'32ec       0x4  Data  Lc  heap_4.o [16]
xNextTaskUnblockTime    0x2000'30f0       0x4  Data  Lc  tasks.o [10]
xNumOfOverflows         0x2000'30e8       0x4  Data  Lc  tasks.o [10]
xNumberOfSuccessfulAllocations
                        0x2000'32f0       0x4  Data  Lc  heap_4.o [16]
xNumberOfSuccessfulFrees
                        0x2000'32f4       0x4  Data  Lc  heap_4.o [16]
xPendedTicks            0x2000'30e0       0x4  Data  Lc  tasks.o [10]
xPendingReadyList       0x2000'3084      0x14  Data  Lc  tasks.o [10]
xPhyObject              0x2000'0014      0x40  Data  Lc  NetworkInterface.o [17]
xPortStartScheduler      0x800'291d      0xe0  Code  Gb  port.o [16]
xQrTaskBuffer           0x1000'0000      0x58  Data  Lc  qr.o [12]
xQrTaskStack            0x1000'0058     0x800  Data  Lc  qr.o [12]
xQueueGenericCreateStatic
                         0x800'3207      0x50  Code  Gb  queue.o [10]
xQueueGenericReset       0x800'3175      0x92  Code  Gb  queue.o [10]
xQueueGenericSend        0x800'3287     0x12c  Code  Gb  queue.o [10]
xQueueReceive            0x800'33bb     0x110  Code  Gb  queue.o [10]
xQueueRegistry          0x2001'6988      0x40  Data  Gb  queue.o [10]
xRegisteredCommands     0x2000'0008       0x8  Data  Lc  FreeRTOS_CLI.o [8]
xResetCommand            0x800'6ff0      0x10  Data  Gb  cli.o [3]
xSchedulerRunning       0x2000'30dc       0x4  Data  Lc  tasks.o [10]
xSetCommand              0x800'6fd0      0x10  Data  Gb  cli.o [3]
xStart                  0x2000'32dc       0x8  Data  Lc  heap_4.o [16]
xSuspendedTaskList      0x2000'30ac      0x14  Data  Lc  tasks.o [10]
xTXDescriptorSemaphore  0x2000'0054       0x4  Data  Lc  NetworkInterface.o [17]
xTaskCheckForTimeOut     0x800'22af      0x60  Code  Gb  tasks.o [10]
xTaskCreateStatic        0x800'1c1d      0x74  Code  Gb  tasks.o [10]
xTaskGenericNotifyFromISR
                         0x800'2579     0x11c  Code  Gb  tasks.o [10]
xTaskGenericNotifyWait   0x800'24cb      0x8a  Code  Gb  tasks.o [10]
xTaskGetSchedulerState   0x800'23ad      0x18  Code  Gb  tasks.o [10]
xTaskGetTickCount        0x800'1fe7       0x8  Code  Gb  tasks.o [10]
xTaskIncrementTick       0x800'1fef     0x12c  Code  Gb  tasks.o [10]
xTaskPriorityDisinherit
                         0x800'23c5      0x84  Code  Gb  tasks.o [10]
xTaskRemoveFromEventList
                         0x800'21d7      0xbc  Code  Gb  tasks.o [10]
xTaskResumeAll           0x800'1ee1      0xf0  Code  Gb  tasks.o [10]
xTasksWaitingTermination
                        0x2000'3098      0x14  Data  Lc  tasks.o [10]
xTickCount              0x2000'30d4       0x4  Data  Lc  tasks.o [10]
xTimerCreateTimerTask    0x800'2b1d      0x54  Code  Gb  timers.o [10]
xTimerGenericCommandFromTask
                         0x800'2b71      0x4c  Code  Gb  timers.o [10]
xTimerQueue             0x2001'67ac       0x4  Data  Lc  timers.o [10]
xTimerTaskHandle        0x2001'67b0       0x4  Data  Lc  timers.o [10]
xYieldPendings          0x2000'30e4       0x4  Data  Lc  tasks.o [10]


[1] = C:\Users\Koche\Desktop\Work\Smart Dispenser PRJ\gateway\EWARM\Gateway_407\Obj\App_6048373297342892631.dir
[2] = C:\Users\Koche\Desktop\Work\Smart Dispenser PRJ\gateway\EWARM\Gateway_407\Obj\CMSIS_6603591812247902717.dir
[3] = C:\Users\Koche\Desktop\Work\Smart Dispenser PRJ\gateway\EWARM\Gateway_407\Obj\Cli_11707894225168942927.dir
[4] = C:\Users\Koche\Desktop\Work\Smart Dispenser PRJ\gateway\EWARM\Gateway_407\Obj\Core_13247989168731456611.dir
[5] = C:\Users\Koche\Desktop\Work\Smart Dispenser PRJ\gateway\EWARM\Gateway_407\Obj\EWARM_18443280873093131863.dir
[6] = C:\Users\Koche\Desktop\Work\Smart Dispenser PRJ\gateway\EWARM\Gateway_407\Obj\Ethernet_5605320102233052314.dir
[7] = C:\Users\Koche\Desktop\Work\Smart Dispenser PRJ\gateway\EWARM\Gateway_407\Obj\Flash_13912709933827620245.dir
[8] = C:\Users\Koche\Desktop\Work\Smart Dispenser PRJ\gateway\EWARM\Gateway_407\Obj\FreeRTOS-Plu-Cli_11501085631675054166.dir
[9] = C:\Users\Koche\Desktop\Work\Smart Dispenser PRJ\gateway\EWARM\Gateway_407\Obj\FreeRTOS-Plus-TCP_16686340316780321206.dir
[10] = C:\Users\Koche\Desktop\Work\Smart Dispenser PRJ\gateway\EWARM\Gateway_407\Obj\FreeRTOS_15068288790229095433.dir
[11] = C:\Users\Koche\Desktop\Work\Smart Dispenser PRJ\gateway\EWARM\Gateway_407\Obj\Gate_3448444589264835548.dir
[12] = C:\Users\Koche\Desktop\Work\Smart Dispenser PRJ\gateway\EWARM\Gateway_407\Obj\Qr_16551614283803889394.dir
[13] = C:\Users\Koche\Desktop\Work\Smart Dispenser PRJ\gateway\EWARM\Gateway_407\Obj\STM32F4xx_HAL_Driver_1244631019742807970.dir
[14] = C:\Users\Koche\Desktop\Work\Smart Dispenser PRJ\gateway\EWARM\Gateway_407\Obj\Target_2794460481546860895.dir
[15] = C:\Users\Koche\Desktop\Work\Smart Dispenser PRJ\gateway\EWARM\Gateway_407\Obj\USB_Device_Library_15009154495834662892.dir
[16] = C:\Users\Koche\Desktop\Work\Smart Dispenser PRJ\gateway\EWARM\Gateway_407\Obj\portable_15954926109208205999.dir
[17] = C:\Users\Koche\Desktop\Work\Smart Dispenser PRJ\gateway\EWARM\Gateway_407\Obj\portable_7947777220660125680.dir
[18] = dl7M_tlf.a
[19] = m7M_tls.a
[20] = rt7M_tl.a
[21] = shb_l.a

  34'275 bytes of readonly  code memory
   1'199 bytes of readonly  data memory
  95'822 bytes of readwrite data memory

Errors: none
Warnings: none
