###############################################################################
#
# IAR ELF Linker V9.60.3.422/W64 for ARM                  17/Sep/2025  21:29:37
# Copyright 2007-2024 IAR Systems AB.
#
#    Output file  =
#        C:\Users\Koche\Desktop\Work\Smart Dispenser
#        PRJ\gateway\EWARM\Gateway_407\Exe\Gateway_407.out
#    Map file     =
#        C:\Users\Koche\Desktop\Work\Smart Dispenser
#        PRJ\gateway\EWARM\Gateway_407\List\Gateway_407.map
#    Command line =
#        -f "C:\Users\Koche\Desktop\Work\Smart Dispenser
#        PRJ\gateway\EWARM\Gateway_407\Exe\Gateway_407.out.rsp"
#        ("C:\Users\Koche\Desktop\Work\Smart Dispenser
#        PRJ\gateway\EWARM\Gateway_407\Obj\portable_7947777220660125680.dir\BufferAllocation_2.o"
#        "C:\Users\Koche\Desktop\Work\Smart Dispenser
#        PRJ\gateway\EWARM\Gateway_407\Obj\Cli_11707894225168942927.dir\cli.o"
#        "C:\Users\Koche\Desktop\Work\Smart Dispenser
#        PRJ\gateway\EWARM\Gateway_407\Obj\Cli_11707894225168942927.dir\cli_handlers.o"
#        "C:\Users\Koche\Desktop\Work\Smart Dispenser
#        PRJ\gateway\EWARM\Gateway_407\Obj\Cli_11707894225168942927.dir\cli_helper.o"
#        "C:\Users\Koche\Desktop\Work\Smart Dispenser
#        PRJ\gateway\EWARM\Gateway_407\Obj\Core_13247989168731456611.dir\dma.o"
#        "C:\Users\Koche\Desktop\Work\Smart Dispenser
#        PRJ\gateway\EWARM\Gateway_407\Obj\Ethernet_5605320102233052314.dir\eth.o"
#        "C:\Users\Koche\Desktop\Work\Smart Dispenser
#        PRJ\gateway\EWARM\Gateway_407\Obj\Ethernet_5605320102233052314.dir\eth_helper.o"
#        "C:\Users\Koche\Desktop\Work\Smart Dispenser
#        PRJ\gateway\EWARM\Gateway_407\Obj\FreeRTOS_15068288790229095433.dir\event_groups.o"
#        "C:\Users\Koche\Desktop\Work\Smart Dispenser
#        PRJ\gateway\EWARM\Gateway_407\Obj\Flash_13912709933827620245.dir\flash.o"
#        "C:\Users\Koche\Desktop\Work\Smart Dispenser
#        PRJ\gateway\EWARM\Gateway_407\Obj\FreeRTOS-Plus-TCP_16686340316780321206.dir\FreeRTOS_ARP.o"
#        "C:\Users\Koche\Desktop\Work\Smart Dispenser
#        PRJ\gateway\EWARM\Gateway_407\Obj\FreeRTOS-Plus-TCP_16686340316780321206.dir\FreeRTOS_BitConfig.o"
#        "C:\Users\Koche\Desktop\Work\Smart Dispenser
#        PRJ\gateway\EWARM\Gateway_407\Obj\FreeRTOS-Plu-Cli_11501085631675054166.dir\FreeRTOS_CLI.o"
#        "C:\Users\Koche\Desktop\Work\Smart Dispenser
#        PRJ\gateway\EWARM\Gateway_407\Obj\FreeRTOS-Plus-TCP_16686340316780321206.dir\FreeRTOS_DHCP.o"
#        "C:\Users\Koche\Desktop\Work\Smart Dispenser
#        PRJ\gateway\EWARM\Gateway_407\Obj\FreeRTOS-Plus-TCP_16686340316780321206.dir\FreeRTOS_DHCPv6.o"
#        "C:\Users\Koche\Desktop\Work\Smart Dispenser
#        PRJ\gateway\EWARM\Gateway_407\Obj\FreeRTOS-Plus-TCP_16686340316780321206.dir\FreeRTOS_DNS.o"
#        "C:\Users\Koche\Desktop\Work\Smart Dispenser
#        PRJ\gateway\EWARM\Gateway_407\Obj\FreeRTOS-Plus-TCP_16686340316780321206.dir\FreeRTOS_DNS_Cache.o"
#        "C:\Users\Koche\Desktop\Work\Smart Dispenser
#        PRJ\gateway\EWARM\Gateway_407\Obj\FreeRTOS-Plus-TCP_16686340316780321206.dir\FreeRTOS_DNS_Callback.o"
#        "C:\Users\Koche\Desktop\Work\Smart Dispenser
#        PRJ\gateway\EWARM\Gateway_407\Obj\FreeRTOS-Plus-TCP_16686340316780321206.dir\FreeRTOS_DNS_Networking.o"
#        "C:\Users\Koche\Desktop\Work\Smart Dispenser
#        PRJ\gateway\EWARM\Gateway_407\Obj\FreeRTOS-Plus-TCP_16686340316780321206.dir\FreeRTOS_DNS_Parser.o"
#        "C:\Users\Koche\Desktop\Work\Smart Dispenser
#        PRJ\gateway\EWARM\Gateway_407\Obj\FreeRTOS-Plus-TCP_16686340316780321206.dir\FreeRTOS_ICMP.o"
#        "C:\Users\Koche\Desktop\Work\Smart Dispenser
#        PRJ\gateway\EWARM\Gateway_407\Obj\FreeRTOS-Plus-TCP_16686340316780321206.dir\FreeRTOS_IP.o"
#        "C:\Users\Koche\Desktop\Work\Smart Dispenser
#        PRJ\gateway\EWARM\Gateway_407\Obj\FreeRTOS-Plus-TCP_16686340316780321206.dir\FreeRTOS_IP_Timers.o"
#        "C:\Users\Koche\Desktop\Work\Smart Dispenser
#        PRJ\gateway\EWARM\Gateway_407\Obj\FreeRTOS-Plus-TCP_16686340316780321206.dir\FreeRTOS_IP_Utils.o"
#        "C:\Users\Koche\Desktop\Work\Smart Dispenser
#        PRJ\gateway\EWARM\Gateway_407\Obj\FreeRTOS-Plus-TCP_16686340316780321206.dir\FreeRTOS_IPv4.o"
#        "C:\Users\Koche\Desktop\Work\Smart Dispenser
#        PRJ\gateway\EWARM\Gateway_407\Obj\FreeRTOS-Plus-TCP_16686340316780321206.dir\FreeRTOS_IPv4_Sockets.o"
#        "C:\Users\Koche\Desktop\Work\Smart Dispenser
#        PRJ\gateway\EWARM\Gateway_407\Obj\FreeRTOS-Plus-TCP_16686340316780321206.dir\FreeRTOS_IPv4_Utils.o"
#        "C:\Users\Koche\Desktop\Work\Smart Dispenser
#        PRJ\gateway\EWARM\Gateway_407\Obj\FreeRTOS-Plus-TCP_16686340316780321206.dir\FreeRTOS_IPv6.o"
#        "C:\Users\Koche\Desktop\Work\Smart Dispenser
#        PRJ\gateway\EWARM\Gateway_407\Obj\FreeRTOS-Plus-TCP_16686340316780321206.dir\FreeRTOS_IPv6_Sockets.o"
#        "C:\Users\Koche\Desktop\Work\Smart Dispenser
#        PRJ\gateway\EWARM\Gateway_407\Obj\FreeRTOS-Plus-TCP_16686340316780321206.dir\FreeRTOS_IPv6_Utils.o"
#        "C:\Users\Koche\Desktop\Work\Smart Dispenser
#        PRJ\gateway\EWARM\Gateway_407\Obj\FreeRTOS-Plus-TCP_16686340316780321206.dir\FreeRTOS_ND.o"
#        "C:\Users\Koche\Desktop\Work\Smart Dispenser
#        PRJ\gateway\EWARM\Gateway_407\Obj\FreeRTOS-Plus-TCP_16686340316780321206.dir\FreeRTOS_RA.o"
#        "C:\Users\Koche\Desktop\Work\Smart Dispenser
#        PRJ\gateway\EWARM\Gateway_407\Obj\FreeRTOS-Plus-TCP_16686340316780321206.dir\FreeRTOS_Routing.o"
#        "C:\Users\Koche\Desktop\Work\Smart Dispenser
#        PRJ\gateway\EWARM\Gateway_407\Obj\FreeRTOS-Plus-TCP_16686340316780321206.dir\FreeRTOS_Sockets.o"
#        "C:\Users\Koche\Desktop\Work\Smart Dispenser
#        PRJ\gateway\EWARM\Gateway_407\Obj\FreeRTOS-Plus-TCP_16686340316780321206.dir\FreeRTOS_Stream_Buffer.o"
#        "C:\Users\Koche\Desktop\Work\Smart Dispenser
#        PRJ\gateway\EWARM\Gateway_407\Obj\FreeRTOS-Plus-TCP_16686340316780321206.dir\FreeRTOS_TCP_IP.o"
#        "C:\Users\Koche\Desktop\Work\Smart Dispenser
#        PRJ\gateway\EWARM\Gateway_407\Obj\FreeRTOS-Plus-TCP_16686340316780321206.dir\FreeRTOS_TCP_IP_IPv4.o"
#        "C:\Users\Koche\Desktop\Work\Smart Dispenser
#        PRJ\gateway\EWARM\Gateway_407\Obj\FreeRTOS-Plus-TCP_16686340316780321206.dir\FreeRTOS_TCP_IP_IPv6.o"
#        "C:\Users\Koche\Desktop\Work\Smart Dispenser
#        PRJ\gateway\EWARM\Gateway_407\Obj\FreeRTOS-Plus-TCP_16686340316780321206.dir\FreeRTOS_TCP_Reception.o"
#        "C:\Users\Koche\Desktop\Work\Smart Dispenser
#        PRJ\gateway\EWARM\Gateway_407\Obj\FreeRTOS-Plus-TCP_16686340316780321206.dir\FreeRTOS_TCP_State_Handling.o"
#        "C:\Users\Koche\Desktop\Work\Smart Dispenser
#        PRJ\gateway\EWARM\Gateway_407\Obj\FreeRTOS-Plus-TCP_16686340316780321206.dir\FreeRTOS_TCP_State_Handling_IPv4.o"
#        "C:\Users\Koche\Desktop\Work\Smart Dispenser
#        PRJ\gateway\EWARM\Gateway_407\Obj\FreeRTOS-Plus-TCP_16686340316780321206.dir\FreeRTOS_TCP_State_Handling_IPv6.o"
#        "C:\Users\Koche\Desktop\Work\Smart Dispenser
#        PRJ\gateway\EWARM\Gateway_407\Obj\FreeRTOS-Plus-TCP_16686340316780321206.dir\FreeRTOS_TCP_Transmission.o"
#        "C:\Users\Koche\Desktop\Work\Smart Dispenser
#        PRJ\gateway\EWARM\Gateway_407\Obj\FreeRTOS-Plus-TCP_16686340316780321206.dir\FreeRTOS_TCP_Transmission_IPv4.o"
#        "C:\Users\Koche\Desktop\Work\Smart Dispenser
#        PRJ\gateway\EWARM\Gateway_407\Obj\FreeRTOS-Plus-TCP_16686340316780321206.dir\FreeRTOS_TCP_Transmission_IPv6.o"
#        "C:\Users\Koche\Desktop\Work\Smart Dispenser
#        PRJ\gateway\EWARM\Gateway_407\Obj\FreeRTOS-Plus-TCP_16686340316780321206.dir\FreeRTOS_TCP_Utils.o"
#        "C:\Users\Koche\Desktop\Work\Smart Dispenser
#        PRJ\gateway\EWARM\Gateway_407\Obj\FreeRTOS-Plus-TCP_16686340316780321206.dir\FreeRTOS_TCP_Utils_IPv4.o"
#        "C:\Users\Koche\Desktop\Work\Smart Dispenser
#        PRJ\gateway\EWARM\Gateway_407\Obj\FreeRTOS-Plus-TCP_16686340316780321206.dir\FreeRTOS_TCP_Utils_IPv6.o"
#        "C:\Users\Koche\Desktop\Work\Smart Dispenser
#        PRJ\gateway\EWARM\Gateway_407\Obj\FreeRTOS-Plus-TCP_16686340316780321206.dir\FreeRTOS_TCP_WIN.o"
#        "C:\Users\Koche\Desktop\Work\Smart Dispenser
#        PRJ\gateway\EWARM\Gateway_407\Obj\FreeRTOS-Plus-TCP_16686340316780321206.dir\FreeRTOS_Tiny_TCP.o"
#        "C:\Users\Koche\Desktop\Work\Smart Dispenser
#        PRJ\gateway\EWARM\Gateway_407\Obj\FreeRTOS-Plus-TCP_16686340316780321206.dir\FreeRTOS_UDP_IP.o"
#        "C:\Users\Koche\Desktop\Work\Smart Dispenser
#        PRJ\gateway\EWARM\Gateway_407\Obj\FreeRTOS-Plus-TCP_16686340316780321206.dir\FreeRTOS_UDP_IPv4.o"
#        "C:\Users\Koche\Desktop\Work\Smart Dispenser
#        PRJ\gateway\EWARM\Gateway_407\Obj\FreeRTOS-Plus-TCP_16686340316780321206.dir\FreeRTOS_UDP_IPv6.o"
#        "C:\Users\Koche\Desktop\Work\Smart Dispenser
#        PRJ\gateway\EWARM\Gateway_407\Obj\Gate_3448444589264835548.dir\gate.o"
#        "C:\Users\Koche\Desktop\Work\Smart Dispenser
#        PRJ\gateway\EWARM\Gateway_407\Obj\Core_13247989168731456611.dir\gpio.o"
#        "C:\Users\Koche\Desktop\Work\Smart Dispenser
#        PRJ\gateway\EWARM\Gateway_407\Obj\portable_15954926109208205999.dir\heap_4.o"
#        "C:\Users\Koche\Desktop\Work\Smart Dispenser
#        PRJ\gateway\EWARM\Gateway_407\Obj\FreeRTOS_15068288790229095433.dir\list.o"
#        "C:\Users\Koche\Desktop\Work\Smart Dispenser
#        PRJ\gateway\EWARM\Gateway_407\Obj\Core_13247989168731456611.dir\main.o"
#        "C:\Users\Koche\Desktop\Work\Smart Dispenser
#        PRJ\gateway\EWARM\Gateway_407\Obj\portable_7947777220660125680.dir\NetworkInterface.o"
#        "C:\Users\Koche\Desktop\Work\Smart Dispenser
#        PRJ\gateway\EWARM\Gateway_407\Obj\portable_7947777220660125680.dir\phyHandling.o"
#        "C:\Users\Koche\Desktop\Work\Smart Dispenser
#        PRJ\gateway\EWARM\Gateway_407\Obj\portable_15954926109208205999.dir\port.o"
#        "C:\Users\Koche\Desktop\Work\Smart Dispenser
#        PRJ\gateway\EWARM\Gateway_407\Obj\portable_15954926109208205999.dir\portasm.o"
#        "C:\Users\Koche\Desktop\Work\Smart Dispenser
#        PRJ\gateway\EWARM\Gateway_407\Obj\FreeRTOS_15068288790229095433.dir\queue.o"
#        "C:\Users\Koche\Desktop\Work\Smart Dispenser
#        PRJ\gateway\EWARM\Gateway_407\Obj\EWARM_18443280873093131863.dir\startup_stm32f407xx.o"
#        "C:\Users\Koche\Desktop\Work\Smart Dispenser
#        PRJ\gateway\EWARM\Gateway_407\Obj\STM32F4xx_HAL_Driver_1244631019742807970.dir\stm32f4xx_hal.o"
#        "C:\Users\Koche\Desktop\Work\Smart Dispenser
#        PRJ\gateway\EWARM\Gateway_407\Obj\STM32F4xx_HAL_Driver_1244631019742807970.dir\stm32f4xx_hal_cortex.o"
#        "C:\Users\Koche\Desktop\Work\Smart Dispenser
#        PRJ\gateway\EWARM\Gateway_407\Obj\STM32F4xx_HAL_Driver_1244631019742807970.dir\stm32f4xx_hal_dma.o"
#        "C:\Users\Koche\Desktop\Work\Smart Dispenser
#        PRJ\gateway\EWARM\Gateway_407\Obj\STM32F4xx_HAL_Driver_1244631019742807970.dir\stm32f4xx_hal_dma_ex.o"
#        "C:\Users\Koche\Desktop\Work\Smart Dispenser
#        PRJ\gateway\EWARM\Gateway_407\Obj\STM32F4xx_HAL_Driver_1244631019742807970.dir\stm32f4xx_hal_exti.o"
#        "C:\Users\Koche\Desktop\Work\Smart Dispenser
#        PRJ\gateway\EWARM\Gateway_407\Obj\STM32F4xx_HAL_Driver_1244631019742807970.dir\stm32f4xx_hal_flash.o"
#        "C:\Users\Koche\Desktop\Work\Smart Dispenser
#        PRJ\gateway\EWARM\Gateway_407\Obj\STM32F4xx_HAL_Driver_1244631019742807970.dir\stm32f4xx_hal_flash_ex.o"
#        "C:\Users\Koche\Desktop\Work\Smart Dispenser
#        PRJ\gateway\EWARM\Gateway_407\Obj\STM32F4xx_HAL_Driver_1244631019742807970.dir\stm32f4xx_hal_flash_ramfunc.o"
#        "C:\Users\Koche\Desktop\Work\Smart Dispenser
#        PRJ\gateway\EWARM\Gateway_407\Obj\STM32F4xx_HAL_Driver_1244631019742807970.dir\stm32f4xx_hal_gpio.o"
#        "C:\Users\Koche\Desktop\Work\Smart Dispenser
#        PRJ\gateway\EWARM\Gateway_407\Obj\Core_13247989168731456611.dir\stm32f4xx_hal_msp.o"
#        "C:\Users\Koche\Desktop\Work\Smart Dispenser
#        PRJ\gateway\EWARM\Gateway_407\Obj\STM32F4xx_HAL_Driver_1244631019742807970.dir\stm32f4xx_hal_pcd.o"
#        "C:\Users\Koche\Desktop\Work\Smart Dispenser
#        PRJ\gateway\EWARM\Gateway_407\Obj\STM32F4xx_HAL_Driver_1244631019742807970.dir\stm32f4xx_hal_pcd_ex.o"
#        "C:\Users\Koche\Desktop\Work\Smart Dispenser
#        PRJ\gateway\EWARM\Gateway_407\Obj\STM32F4xx_HAL_Driver_1244631019742807970.dir\stm32f4xx_hal_pwr.o"
#        "C:\Users\Koche\Desktop\Work\Smart Dispenser
#        PRJ\gateway\EWARM\Gateway_407\Obj\STM32F4xx_HAL_Driver_1244631019742807970.dir\stm32f4xx_hal_pwr_ex.o"
#        "C:\Users\Koche\Desktop\Work\Smart Dispenser
#        PRJ\gateway\EWARM\Gateway_407\Obj\STM32F4xx_HAL_Driver_1244631019742807970.dir\stm32f4xx_hal_rcc.o"
#        "C:\Users\Koche\Desktop\Work\Smart Dispenser
#        PRJ\gateway\EWARM\Gateway_407\Obj\STM32F4xx_HAL_Driver_1244631019742807970.dir\stm32f4xx_hal_rcc_ex.o"
#        "C:\Users\Koche\Desktop\Work\Smart Dispenser
#        PRJ\gateway\EWARM\Gateway_407\Obj\STM32F4xx_HAL_Driver_1244631019742807970.dir\stm32f4xx_hal_tim.o"
#        "C:\Users\Koche\Desktop\Work\Smart Dispenser
#        PRJ\gateway\EWARM\Gateway_407\Obj\STM32F4xx_HAL_Driver_1244631019742807970.dir\stm32f4xx_hal_tim_ex.o"
#        "C:\Users\Koche\Desktop\Work\Smart Dispenser
#        PRJ\gateway\EWARM\Gateway_407\Obj\Core_13247989168731456611.dir\stm32f4xx_hal_timebase_tim.o"
#        "C:\Users\Koche\Desktop\Work\Smart Dispenser
#        PRJ\gateway\EWARM\Gateway_407\Obj\Core_13247989168731456611.dir\stm32f4xx_it.o"
#        "C:\Users\Koche\Desktop\Work\Smart Dispenser
#        PRJ\gateway\EWARM\Gateway_407\Obj\STM32F4xx_HAL_Driver_1244631019742807970.dir\stm32f4xx_ll_dma.o"
#        "C:\Users\Koche\Desktop\Work\Smart Dispenser
#        PRJ\gateway\EWARM\Gateway_407\Obj\STM32F4xx_HAL_Driver_1244631019742807970.dir\stm32f4xx_ll_exti.o"
#        "C:\Users\Koche\Desktop\Work\Smart Dispenser
#        PRJ\gateway\EWARM\Gateway_407\Obj\STM32F4xx_HAL_Driver_1244631019742807970.dir\stm32f4xx_ll_gpio.o"
#        "C:\Users\Koche\Desktop\Work\Smart Dispenser
#        PRJ\gateway\EWARM\Gateway_407\Obj\STM32F4xx_HAL_Driver_1244631019742807970.dir\stm32f4xx_ll_rcc.o"
#        "C:\Users\Koche\Desktop\Work\Smart Dispenser
#        PRJ\gateway\EWARM\Gateway_407\Obj\STM32F4xx_HAL_Driver_1244631019742807970.dir\stm32f4xx_ll_tim.o"
#        "C:\Users\Koche\Desktop\Work\Smart Dispenser
#        PRJ\gateway\EWARM\Gateway_407\Obj\STM32F4xx_HAL_Driver_1244631019742807970.dir\stm32f4xx_ll_usart.o"
#        "C:\Users\Koche\Desktop\Work\Smart Dispenser
#        PRJ\gateway\EWARM\Gateway_407\Obj\STM32F4xx_HAL_Driver_1244631019742807970.dir\stm32f4xx_ll_usb.o"
#        "C:\Users\Koche\Desktop\Work\Smart Dispenser
#        PRJ\gateway\EWARM\Gateway_407\Obj\STM32F4xx_HAL_Driver_1244631019742807970.dir\stm32f4xx_ll_utils.o"
#        "C:\Users\Koche\Desktop\Work\Smart Dispenser
#        PRJ\gateway\EWARM\Gateway_407\Obj\portable_7947777220660125680.dir\stm32fxx_hal_eth.o"
#        "C:\Users\Koche\Desktop\Work\Smart Dispenser
#        PRJ\gateway\EWARM\Gateway_407\Obj\FreeRTOS_15068288790229095433.dir\stream_buffer.o"
#        "C:\Users\Koche\Desktop\Work\Smart Dispenser
#        PRJ\gateway\EWARM\Gateway_407\Obj\System_11455613988876714787.dir\system.o"
#        "C:\Users\Koche\Desktop\Work\Smart Dispenser
#        PRJ\gateway\EWARM\Gateway_407\Obj\CMSIS_6603591812247902717.dir\system_stm32f4xx.o"
#        "C:\Users\Koche\Desktop\Work\Smart Dispenser
#        PRJ\gateway\EWARM\Gateway_407\Obj\System_11455613988876714787.dir\system_thread.o"
#        "C:\Users\Koche\Desktop\Work\Smart Dispenser
#        PRJ\gateway\EWARM\Gateway_407\Obj\System_11455613988876714787.dir\system_uart.o"
#        "C:\Users\Koche\Desktop\Work\Smart Dispenser
#        PRJ\gateway\EWARM\Gateway_407\Obj\FreeRTOS_15068288790229095433.dir\tasks.o"
#        "C:\Users\Koche\Desktop\Work\Smart Dispenser
#        PRJ\gateway\EWARM\Gateway_407\Obj\Core_13247989168731456611.dir\tim.o"
#        "C:\Users\Koche\Desktop\Work\Smart Dispenser
#        PRJ\gateway\EWARM\Gateway_407\Obj\FreeRTOS_15068288790229095433.dir\timers.o"
#        "C:\Users\Koche\Desktop\Work\Smart Dispenser
#        PRJ\gateway\EWARM\Gateway_407\Obj\App_6048373297342892631.dir\usb_device.o"
#        "C:\Users\Koche\Desktop\Work\Smart Dispenser
#        PRJ\gateway\EWARM\Gateway_407\Obj\USB_Device_Library_15009154495834662892.dir\usbd_cdc.o"
#        "C:\Users\Koche\Desktop\Work\Smart Dispenser
#        PRJ\gateway\EWARM\Gateway_407\Obj\App_6048373297342892631.dir\usbd_cdc_if.o"
#        "C:\Users\Koche\Desktop\Work\Smart Dispenser
#        PRJ\gateway\EWARM\Gateway_407\Obj\Target_2794460481546860895.dir\usbd_conf.o"
#        "C:\Users\Koche\Desktop\Work\Smart Dispenser
#        PRJ\gateway\EWARM\Gateway_407\Obj\USB_Device_Library_15009154495834662892.dir\usbd_core.o"
#        "C:\Users\Koche\Desktop\Work\Smart Dispenser
#        PRJ\gateway\EWARM\Gateway_407\Obj\USB_Device_Library_15009154495834662892.dir\usbd_ctlreq.o"
#        "C:\Users\Koche\Desktop\Work\Smart Dispenser
#        PRJ\gateway\EWARM\Gateway_407\Obj\App_6048373297342892631.dir\usbd_desc.o"
#        "C:\Users\Koche\Desktop\Work\Smart Dispenser
#        PRJ\gateway\EWARM\Gateway_407\Obj\USB_Device_Library_15009154495834662892.dir\usbd_ioreq.o"
#        --no_out_extension -o "C:\Users\Koche\Desktop\Work\Smart Dispenser
#        PRJ\gateway\EWARM\Gateway_407\Exe\Gateway_407.out" --redirect
#        _Printf=_PrintfFullNoMb --redirect _Scanf=_ScanfFullNoMb --map
#        "C:\Users\Koche\Desktop\Work\Smart Dispenser
#        PRJ\gateway\EWARM\Gateway_407\List\Gateway_407.map" --config
#        "C:\Users\Koche\Desktop\Work\Smart Dispenser
#        PRJ\gateway\EWARM/stm32f407xx_flash.icf" --semihosting --entry
#        __iar_program_start --redirect __iar_sh_stdout=__iar_sh_stdout_swo
#        --vfe --text_out locale --cpu=Cortex-M4 --fpu=VFPv4_sp)
#        --dependencies=n "C:\Users\Koche\Desktop\Work\Smart Dispenser
#        PRJ\gateway\EWARM\Gateway_407\Exe\Gateway_407.out.iar_deps"
#
###############################################################################

*******************************************************************************
*** RUNTIME MODEL ATTRIBUTES
***

CppFlavor        = *
__CPP_Exceptions = Disabled
__CPP_Language   = C++14
__CPP_Library    = DLib
__CPP_Runtime    = 1
__SystemLibrary  = DLib
__dlib_version   = 6


*******************************************************************************
*** HEAP SELECTION
***

The basic heap was selected because --advanced_heap
was not specified and the application did not appear to
be primarily optimized for speed.


*******************************************************************************
*** PLACEMENT SUMMARY
***

"A0":  place at address 0x800'0000 { ro section .intvec };
"P2":  place in [from 0x800'0000 to 0x80f'ffff] { ro };
define block CSTACK with size = 1K, alignment = 8 { };
define block HEAP with size = 512, alignment = 8 { };
"P3":  place in [from 0x2000'0000 to 0x2001'ffff] {
          rw, block CSTACK, block HEAP };
initialize by copy { rw };

No sections matched the following patterns:

  section .ccmram  in "P1"


  Section            Kind         Address  Alignment      Size  Object
  -------            ----         -------  ---------      ----  ------
"A0":                                                    0x188
  .intvec            ro code   0x800'0000          4     0x188  startup_stm32f407xx.o [5]
                             - 0x800'0188                0x188

"P2":                                                 0x1'0a30
  .text              ro code   0x800'0188          4     0xee8  tasks.o [10]
  .text              ro code   0x800'1070          4       0x6  ABImemclr.o [20]
  .text              ro code   0x800'1076          2      0x7e  lz77_init_single.o [20]
  .text              ro code   0x800'10f4          4     0x228  heap_4.o [16]
  .text              ro code   0x800'131c          4      0x3a  ABImemset48.o [20]
  .text              ro code   0x800'1356          2      0x90  list.o [10]
  .text              ro code   0x800'13e6          2      0x1a  xsnprout.o [18]
  .text              ro code   0x800'1400          4     0x216  port.o [16]
  .rodata            const     0x800'1616          2       0x2  xlocale_c.o [18]
  .text              ro code   0x800'1618          4     0x124  eth_helper.o [6]
  .text              ro code   0x800'173c          4     0x344  timers.o [10]
  .text              ro code   0x800'1a80          4      0x12  ABImemset_small.o [20]
  .rodata            const     0x800'1a92          2       0x2  xlocale_c.o [18]
  .text              ro code   0x800'1a94          4      0x28  port.o [16]
  CODE               ro code   0x800'1abc          4      0xb0  portasm.o [16]
  .text              ro code   0x800'1b6c          4     0x6bc  FreeRTOS_IP.o [9]
  .text              ro code   0x800'2228          4      0x28  printf.o [18]
  .text              ro code   0x800'2250          4       0x6  ABImemclr4.o [20]
  .rodata            const     0x800'2256                  0x1  unwind_debug.o [21]
  .rodata            const     0x800'2257                  0x1  xlocale_c.o [18]
  .text              ro code   0x800'2258          4     0xee4  FreeRTOS_Sockets.o [9]
  .text              ro code   0x800'313c          4       0xc  stm32f4xx_hal.o [12]
  .text              ro code   0x800'3148          4     0x760  queue.o [10]
  .text              ro code   0x800'38a8          4     0x218  FreeRTOS_IP_Timers.o [9]
  .text              ro code   0x800'3ac0          4     0x21c  event_groups.o [10]
  .text              ro code   0x800'3cdc          4     0x51c  FreeRTOS_TCP_IP.o [9]
  .text              ro code   0x800'41f8          4     0x3b4  FreeRTOS_RA.o [9]
  .text              ro code   0x800'45ac          2      0x6a  FreeRTOS_UDP_IP.o [9]
  .text              ro code   0x800'4618          4     0x64c  FreeRTOS_ARP.o [9]
  .text              ro code   0x800'4c64          4     0x63c  FreeRTOS_ND.o [9]
  .text              ro code   0x800'52a0          4     0x1dc  FreeRTOS_IPv4.o [9]
  .text              ro code   0x800'547c          4     0x318  FreeRTOS_IPv6.o [9]
  .text              ro code   0x800'5794          2      0x46  FreeRTOS_ICMP.o [9]
  .text              ro code   0x800'57dc          4     0x17c  BufferAllocation_2.o [17]
  .text              ro code   0x800'5958          4     0x1fc  FreeRTOS_IP_Utils.o [9]
  .text              ro code   0x800'5b54          4     0x508  FreeRTOS_Routing.o [9]
  .text              ro code   0x800'605c          2      0xfe  FreeRTOS_IPv6_Utils.o [9]
  .text              ro code   0x800'615c          4      0x1e  memcmp_small.o [20]
  .text              ro code   0x800'617c          4      0x18  ABImemcpy_small.o [20]
  .text              ro code   0x800'6194          4     0xece  xprintffull_nomb.o [18]
  .text              ro code   0x800'7064          4     0x784  FreeRTOS_TCP_WIN.o [9]
  .text              ro code   0x800'77e8          2      0xb4  FreeRTOS_IPv4_Sockets.o [9]
  .text              ro code   0x800'789c          4     0x18c  FreeRTOS_IPv6_Sockets.o [9]
  .text              ro code   0x800'7a28          2     0x182  FreeRTOS_Stream_Buffer.o [9]
  .text              ro code   0x800'7bac          4     0x5f8  FreeRTOS_TCP_Transmission.o [9]
  .text              ro code   0x800'81a4          4     0x58a  FreeRTOS_TCP_State_Handling.o [9]
  .text              ro code   0x800'8730          4     0x106  I64DivMod_small.o [20]
  .text              ro code   0x800'8836          2     0x2be  FreeRTOS_TCP_Reception.o [9]
  .text              ro code   0x800'8af4          4     0x188  FreeRTOS_UDP_IPv4.o [9]
  .text              ro code   0x800'8c7c          2     0x1ae  FreeRTOS_UDP_IPv6.o [9]
  .text              ro code   0x800'8e2a          2      0x30  FreeRTOS_IPv4_Utils.o [9]
  .text              ro code   0x800'8e5c          4      0x1e  ABImemmove_small.o [20]
  .text              ro code   0x800'8e7c          4      0x16  strchr.o [20]
  .text              ro code   0x800'8e94          4      0x40  xfail_s.o [18]
  .text              ro code   0x800'8ed4          4      0x14  strlen_small.o [20]
  .text              ro code   0x800'8ee8          4      0x58  memchr.o [20]
  .text              ro code   0x800'8f40          4      0x70  frexp.o [19]
  .text              ro code   0x800'8fb0          4      0x34  DblCmpLe.o [19]
  .text              ro code   0x800'8fe4          4      0x34  DblCmpGe.o [19]
  .text              ro code   0x800'9018          4     0x13a  ldexp.o [19]
  .text              ro code   0x800'9154          4      0x36  DblToS32.o [19]
  .text              ro code   0x800'918c          4      0x22  S32ToDbl.o [19]
  .text              ro code   0x800'91b0          4     0x24e  DblAddSub.o [19]
  .text              ro code   0x800'9400          4     0x246  DblDiv.o [19]
  .text              ro code   0x800'9648          4      0x22  DblToU32.o [19]
  .text              ro code   0x800'966c          4      0x1c  U32ToDbl.o [19]
  .text              ro code   0x800'9688          4     0x1aa  DblMul.o [19]
  .text              ro code   0x800'9834          4      0x3c  xlocale_c.o [18]
  .text              ro code   0x800'9870          2     0x318  FreeRTOS_TCP_Transmission_IPv6.o [9]
  .text              ro code   0x800'9b88          4     0x2c2  FreeRTOS_TCP_Transmission_IPv4.o [9]
  .text              ro code   0x800'9e4a          2     0x13c  FreeRTOS_TCP_State_Handling_IPv4.o [9]
  .text              ro code   0x800'9f86          2     0x132  FreeRTOS_TCP_State_Handling_IPv6.o [9]
  .text              ro code   0x800'a0b8          4       0x2  I64DivZer.o [20]
  .text              ro code   0x800'a0ba          2       0x6  abort.o [18]
  .text              ro code   0x800'a0c0          2      0x16  FreeRTOS_TCP_Utils.o [9]
  .text              ro code   0x800'a0d8          4      0x14  exit.o [21]
  .text              ro code   0x800'a0ec          2      0x3e  FreeRTOS_TCP_Utils_IPv4.o [9]
  .text              ro code   0x800'a12a          2      0x2c  FreeRTOS_TCP_Utils_IPv6.o [9]
  .text              ro code   0x800'a158          4     0x9ec  stm32f4xx_ll_usb.o [12]
  .text              ro code   0x800'ab44          4      0x28  stm32f4xx_hal.o [12]
  .text              ro code   0x800'ab6c          4     0x990  stm32f4xx_hal_pcd.o [12]
  .text              ro code   0x800'b4fc          4     0x24c  usbd_conf.o [14]
  .text              ro code   0x800'b748          2       0x2  stm32f4xx_hal_pcd_ex.o [12]
  .text              ro code   0x800'b74c          4     0x17c  stm32f4xx_hal_rcc.o [12]
  .text              ro code   0x800'b8c8          4     0x1ec  stm32f4xx_hal_gpio.o [12]
  .text              ro code   0x800'bab4          4      0x90  stm32f4xx_hal_cortex.o [12]
  .text              ro code   0x800'bb44          2     0x362  usbd_core.o [15]
  .text              ro code   0x800'bea8          4      0xe0  main.o [4]
  .text              ro code   0x800'bf88          2      0x4a  stm32f4xx_hal_pcd_ex.o [12]
  .text              ro code   0x800'bfd4          4      0x60  stm32f4xx_hal_rcc.o [12]
  .text              ro code   0x800'c034          4      0xa0  stm32f4xx_hal_timebase_tim.o [4]
  .text              ro code   0x800'c0d4          4     0x504  usbd_ctlreq.o [15]
  .text              ro code   0x800'c5d8          2      0x64  usbd_ioreq.o [15]
  .text              ro code   0x800'c63c          4      0x34  stm32f4xx_hal.o [12]
  .text              ro code   0x800'c670          4     0x282  gpio.o [4]
  .text              ro code   0x800'c8f4          4      0x64  dma.o [4]
  .text              ro code   0x800'c958          4      0x54  usb_device.o [1]
  .text              ro code   0x800'c9ac          4      0xa0  tim.o [4]
  .text              ro code   0x800'ca4c          4      0xb8  system.o [13]
  .text              ro code   0x800'cb04          4     0x310  stm32f4xx_hal_rcc.o [12]
  .text              ro code   0x800'ce14          4      0x10  stm32f4xx_hal.o [12]
  .text              ro code   0x800'ce24          4     0x2e0  stm32f4xx_hal_tim.o [12]
  .text              ro code   0x800'd104          4      0x38  stm32f4xx_hal_msp.o [4]
  .text              ro code   0x800'd13c          4      0xb0  stm32f4xx_ll_exti.o [12]
  .text              ro code   0x800'd1ec          4      0xee  stm32f4xx_ll_gpio.o [12]
  .text              ro code   0x800'd2dc          4     0x40e  usbd_cdc.o [15]
  .text              ro code   0x800'd6ec          4      0xc0  stm32f4xx_ll_tim.o [12]
  .text              ro code   0x800'd7ac          4      0xf0  cli.o [3]
  .text              ro code   0x800'd89c          4     0x124  flash.o [7]
  .text              ro code   0x800'd9c0          4     0x21c  eth.o [6]
  .text              ro code   0x800'dbdc          4     0x138  system_thread.o [13]
  .text              ro code   0x800'dd14          4     0x300  system_uart.o [13]
  .text              ro code   0x800'e014          2       0x8  system.o [13]
  .text              ro code   0x800'e01c          2       0x2  stm32f4xx_hal_tim.o [12]
  .text              ro code   0x800'e01e          2       0x2  stm32f4xx_hal_tim.o [12]
  .text              ro code   0x800'e020          2       0x2  stm32f4xx_hal_tim.o [12]
  .text              ro code   0x800'e022          2       0x2  stm32f4xx_hal_tim_ex.o [12]
  .text              ro code   0x800'e024          2       0x2  stm32f4xx_hal_tim.o [12]
  .text              ro code   0x800'e026          2       0x2  stm32f4xx_hal_tim_ex.o [12]
  .text              ro code   0x800'e028          2       0x2  stm32f4xx_hal_tim.o [12]
  .text              ro code   0x800'e02c          4     0x1b4  FreeRTOS_CLI.o [8]
  .text              ro code   0x800'e1e0          4      0x78  usbd_cdc_if.o [1]
  .text              ro code   0x800'e258          4     0x1e8  stm32f4xx_hal_flash.o [12]
  .text              ro code   0x800'e440          4     0x15c  stm32f4xx_hal_flash_ex.o [12]
  .text              ro code   0x800'e59c          4     0x654  NetworkInterface.o [17]
  .text              ro code   0x800'ebf0          4     0x10c  stm32f4xx_ll_usart.o [12]
  .text              ro code   0x800'ecfc          2      0x2a  strncmp.o [18]
  .text              ro code   0x800'ed28          4      0x1e  strncpy_small.o [20]
  .text              ro code   0x800'ed48          4      0x9c  cli_helper.o [3]
  .text              ro code   0x800'ede4          4     0x676  stm32fxx_hal_eth.o [17]
  .text              ro code   0x800'f45c          4     0x530  phyHandling.o [17]
  .text              ro code   0x800'f98c          4      0x44  snprintf.o [18]
  .text              ro code   0x800'f9d0          4      0xb8  stm32f4xx_ll_rcc.o [12]
  .text              ro code   0x800'fa88          2       0x2  stm32fxx_hal_eth.o [17]
  .text              ro code   0x800'fa8c          4     0x5b8  cli_handlers.o [3]
  .text              ro code   0x801'0044          4      0x12  strcmp.o [20]
  .text              ro code   0x801'0058          4     0x136  iar_Stoulx.o [18]
  .text              ro code   0x801'018e          2      0x14  isspace.o [18]
  .text              ro code   0x801'01a2          2      0x14  tolower.o [18]
  .text              ro code   0x801'01b8          4     0x100  usbd_desc.o [1]
  .rodata            const     0x801'02b8          4      0xa8  FreeRTOS_CLI.o [8]
  .text              ro code   0x801'0360          4      0x70  stm32f4xx_it.o [4]
  .text              ro code   0x801'03d0          4      0x44  gate.o [11]
  .rodata            const     0x801'0414          4      0x6c  cli_handlers.o [3]
  .rodata            const     0x801'0480          4      0x64  cli_handlers.o [3]
  .rodata            const     0x801'04e4          4      0x58  cli.o [3]
  .rodata            const     0x801'053c          4      0x50  iar_Stoulx.o [18]
  .text              ro code   0x801'058c          4      0x4c  iarwstdswo.o [21]
  .text              ro code   0x801'05d8          4      0x44  putchar.o [18]
  .text              ro code   0x801'061c          2      0x10  write.o [21]
  .text              ro code   0x801'062c          2      0x1e  dwrite.o [21]
  .text              ro code   0x801'064a          2      0x22  iarwrite.o [21]
  .rodata            const     0x801'066c          4      0x38  cli.o [3]
  .text              ro code   0x801'06a4          2      0x38  zero_init3.o [20]
  .rodata            const     0x801'06dc          4      0x30  FreeRTOS_CLI.o [8]
  .rodata            const     0x801'070c          4      0x28  FreeRTOS_ARP.o [9]
  .text              ro code   0x801'0734          4      0x28  data_init.o [20]
  .rodata            const     0x801'075c          4      0x24  eth_helper.o [6]
  .rodata            const     0x801'0780          4      0x24  system_thread.o [13]
  .text              ro code   0x801'07a4          4      0x22  fpinit_M.o [19]
  .iar.init_table    const     0x801'07c8          4      0x20  - Linker created -
  .text              ro code   0x801'07e8          4      0x20  system_stm32f4xx.o [2]
  .text              ro code   0x801'0808          4      0x1e  cmain.o [20]
  .text              ro code   0x801'0826          2       0x4  low_level_init.o [18]
  .text              ro code   0x801'082a          2       0x4  exit.o [18]
  .text              ro code   0x801'0830          4       0xa  cexit.o [20]
  .text              ro code   0x801'083c          4      0x1c  cstartup_M.o [20]
  .rodata            const     0x801'0858          4      0x18  cli.o [3]
  .text              ro code   0x801'0870          2      0x16  xprout.o [18]
  .rodata            const     0x801'0888          4      0x10  FreeRTOS_CLI.o [8]
  .text              ro code   0x801'0898          4      0x10  startup_stm32f407xx.o [5]
  .rodata            const     0x801'08a8          4       0x8  cli.o [3]
  .rodata            const     0x801'08b0          4       0x8  FreeRTOS_CLI.o [8]
  .rodata            const     0x801'08b8          4       0x8  system_stm32f4xx.o [2]
  .rodata            const     0x801'08c0          4       0x4  BufferAllocation_2.o [17]
  .rodata            const     0x801'08c4          4       0x4  cli.o [3]
  .rodata            const     0x801'08c8          4       0x4  cli.o [3]
  .text              ro code   0x801'08cc          2       0x4  startup_stm32f407xx.o [5]
  .text              ro code   0x801'08d0          2       0x4  startup_stm32f407xx.o [5]
  .text              ro code   0x801'08d4          2       0x4  startup_stm32f407xx.o [5]
  .text              ro code   0x801'08d8          2       0x4  startup_stm32f407xx.o [5]
  .text              ro code   0x801'08dc          2       0x4  startup_stm32f407xx.o [5]
  .text              ro code   0x801'08e0          2       0x4  startup_stm32f407xx.o [5]
  .text              ro code   0x801'08e4          2       0x4  startup_stm32f407xx.o [5]
  .text              ro code   0x801'08e8          2       0x4  startup_stm32f407xx.o [5]
  .text              ro code   0x801'08ec          2       0x4  startup_stm32f407xx.o [5]
  .text              ro code   0x801'08f0          2       0x4  startup_stm32f407xx.o [5]
  .text              ro code   0x801'08f4          2       0x4  startup_stm32f407xx.o [5]
  .text              ro code   0x801'08f8          2       0x4  startup_stm32f407xx.o [5]
  .text              ro code   0x801'08fc          2       0x4  startup_stm32f407xx.o [5]
  .text              ro code   0x801'0900          2       0x4  startup_stm32f407xx.o [5]
  .text              ro code   0x801'0904          2       0x4  startup_stm32f407xx.o [5]
  .text              ro code   0x801'0908          2       0x4  startup_stm32f407xx.o [5]
  .text              ro code   0x801'090c          2       0x4  startup_stm32f407xx.o [5]
  .text              ro code   0x801'0910          2       0x4  startup_stm32f407xx.o [5]
  .text              ro code   0x801'0914          2       0x4  startup_stm32f407xx.o [5]
  .text              ro code   0x801'0918          2       0x4  startup_stm32f407xx.o [5]
  .text              ro code   0x801'091c          2       0x4  startup_stm32f407xx.o [5]
  .text              ro code   0x801'0920          2       0x4  startup_stm32f407xx.o [5]
  .text              ro code   0x801'0924          2       0x4  startup_stm32f407xx.o [5]
  .text              ro code   0x801'0928          2       0x4  startup_stm32f407xx.o [5]
  .text              ro code   0x801'092c          2       0x4  startup_stm32f407xx.o [5]
  .text              ro code   0x801'0930          2       0x4  startup_stm32f407xx.o [5]
  .text              ro code   0x801'0934          2       0x4  startup_stm32f407xx.o [5]
  .text              ro code   0x801'0938          2       0x4  startup_stm32f407xx.o [5]
  .text              ro code   0x801'093c          2       0x4  startup_stm32f407xx.o [5]
  .text              ro code   0x801'0940          2       0x4  startup_stm32f407xx.o [5]
  .text              ro code   0x801'0944          2       0x4  startup_stm32f407xx.o [5]
  .text              ro code   0x801'0948          2       0x4  startup_stm32f407xx.o [5]
  .text              ro code   0x801'094c          2       0x4  startup_stm32f407xx.o [5]
  .text              ro code   0x801'0950          2       0x4  startup_stm32f407xx.o [5]
  .text              ro code   0x801'0954          2       0x4  startup_stm32f407xx.o [5]
  .text              ro code   0x801'0958          2       0x4  startup_stm32f407xx.o [5]
  .text              ro code   0x801'095c          2       0x4  startup_stm32f407xx.o [5]
  .text              ro code   0x801'0960          2       0x4  startup_stm32f407xx.o [5]
  .text              ro code   0x801'0964          2       0x4  startup_stm32f407xx.o [5]
  .text              ro code   0x801'0968          2       0x4  startup_stm32f407xx.o [5]
  .text              ro code   0x801'096c          2       0x4  startup_stm32f407xx.o [5]
  .text              ro code   0x801'0970          2       0x4  startup_stm32f407xx.o [5]
  .text              ro code   0x801'0974          2       0x4  startup_stm32f407xx.o [5]
  .text              ro code   0x801'0978          2       0x4  startup_stm32f407xx.o [5]
  .text              ro code   0x801'097c          2       0x4  startup_stm32f407xx.o [5]
  .text              ro code   0x801'0980          2       0x4  startup_stm32f407xx.o [5]
  .text              ro code   0x801'0984          2       0x4  startup_stm32f407xx.o [5]
  .text              ro code   0x801'0988          2       0x4  startup_stm32f407xx.o [5]
  .text              ro code   0x801'098c          2       0x4  startup_stm32f407xx.o [5]
  .text              ro code   0x801'0990          2       0x4  startup_stm32f407xx.o [5]
  .text              ro code   0x801'0994          2       0x4  startup_stm32f407xx.o [5]
  .text              ro code   0x801'0998          2       0x4  startup_stm32f407xx.o [5]
  .text              ro code   0x801'099c          2       0x4  startup_stm32f407xx.o [5]
  .text              ro code   0x801'09a0          2       0x4  startup_stm32f407xx.o [5]
  .text              ro code   0x801'09a4          2       0x4  startup_stm32f407xx.o [5]
  .text              ro code   0x801'09a8          2       0x4  startup_stm32f407xx.o [5]
  .text              ro code   0x801'09ac          2       0x4  startup_stm32f407xx.o [5]
  .text              ro code   0x801'09b0          2       0x4  startup_stm32f407xx.o [5]
  .text              ro code   0x801'09b4          2       0x4  startup_stm32f407xx.o [5]
  .text              ro code   0x801'09b8          2       0x4  startup_stm32f407xx.o [5]
  .text              ro code   0x801'09bc          2       0x4  startup_stm32f407xx.o [5]
  .text              ro code   0x801'09c0          2       0x4  startup_stm32f407xx.o [5]
  .text              ro code   0x801'09c4          2       0x4  startup_stm32f407xx.o [5]
  .text              ro code   0x801'09c8          2       0x4  startup_stm32f407xx.o [5]
  .text              ro code   0x801'09cc          2       0x4  startup_stm32f407xx.o [5]
  .text              ro code   0x801'09d0          2       0x4  startup_stm32f407xx.o [5]
  .text              ro code   0x801'09d4          2       0x4  startup_stm32f407xx.o [5]
  .text              ro code   0x801'09d8          2       0x4  startup_stm32f407xx.o [5]
  .text              ro code   0x801'09dc          2       0x4  startup_stm32f407xx.o [5]
  .text              ro code   0x801'09e0          2       0x4  startup_stm32f407xx.o [5]
  .text              ro code   0x801'09e4          2       0x4  startup_stm32f407xx.o [5]
  .text              ro code   0x801'09e8          2       0x4  startup_stm32f407xx.o [5]
  .text              ro code   0x801'09ec          2       0x4  startup_stm32f407xx.o [5]
  .text              ro code   0x801'09f0          2       0x4  startup_stm32f407xx.o [5]
  .rodata            const     0x801'09f4                  0x0  zero_init3.o [20]
  .rodata            const     0x801'09f4                  0x0  lz77_init_single.o [20]
  Initializer bytes  const     0x801'09f4                0x1c4  <for P3-1>
                             - 0x801'0bb8             0x1'0a30

"P3", part 1 of 3:                                      0x3350
  P3-1                        0x2000'0000               0x3350  <Init block>
    .data            inited   0x2000'0000          4      0x74  FreeRTOS_ARP.o [9]
    .data            inited   0x2000'0074          4      0x10  FreeRTOS_CLI.o [8]
    .data            inited   0x2000'0084          4       0x4  FreeRTOS_CLI.o [8]
    .data            inited   0x2000'0088          4    0x3054  NetworkInterface.o [17]
    .data            inited   0x2000'30dc          4       0xc  port.o [16]
    .data            inited   0x2000'30e8          4       0xc  stm32f4xx_hal.o [12]
    .data            inited   0x2000'30f4          4       0x4  system_stm32f4xx.o [2]
    .data            inited   0x2000'30f8          4      0xa4  tasks.o [10]
    .data            inited   0x2000'319c          4       0xc  usbd_cdc.o [15]
    .data            inited   0x2000'31a8          4      0x38  usbd_cdc.o [15]
    .data            inited   0x2000'31e0          4      0x44  usbd_cdc.o [15]
    .data            inited   0x2000'3224          4      0x14  usbd_cdc_if.o [1]
    .data            inited   0x2000'3238          4      0x1c  usbd_desc.o [1]
    .data            inited   0x2000'3254          4      0x14  usbd_desc.o [1]
    .data            inited   0x2000'3268          4       0x4  usbd_desc.o [1]
    .data            inited   0x2000'326c          4      0x1c  usbd_desc.o [1]
    .data            inited   0x2000'3288          4      0x38  xlocale_c.o [18]
    .data            inited   0x2000'32c0          4      0x48  xlocale_c.o [18]
    .data            inited   0x2000'3308          4      0x48  xfiles.o [18]
                            - 0x2000'3350               0x3350

"P3", part 2 of 3:                                    0x1'5f58
  .bss               zero     0x2000'3350          4  0x1'041c  heap_4.o [16]
  .bss               zero     0x2001'376c          4    0x1000  usbd_cdc_if.o [1]
  .bss               zero     0x2001'476c          4     0xd70  BufferAllocation_2.o [17]
  .bss               zero     0x2001'54dc          4     0xcec  FreeRTOS_IP.o [9]
  .bss               zero     0x2001'61c8          8     0xbf0  system.o [13]
  .bss               zero     0x2001'6db8          4     0x65c  cli.o [3]
  .bss               zero     0x2001'7414          4     0x4e4  usbd_conf.o [14]
  .bss               zero     0x2001'78f8          4     0x468  eth_helper.o [6]
  .bss               zero     0x2001'7d60          4     0x300  cli.o [3]
  .bss               zero     0x2001'8060          4     0x300  FreeRTOS_ND.o [9]
  .bss               zero     0x2001'8360          4     0x2dc  usb_device.o [1]
  .bss               zero     0x2001'863c          4     0x260  eth_helper.o [6]
  .bss               zero     0x2001'889c          4     0x220  usbd_conf.o [14]
  .bss               zero     0x2001'8abc          4     0x200  usbd_desc.o [1]
  .bss               zero     0x2001'8cbc          4     0x12c  tasks.o [10]
  .bss               zero     0x2001'8de8          4     0x104  timers.o [10]
  .bss               zero     0x2001'8f00         32      0x80  NetworkInterface.o [17]
  .bss               zero     0x2001'8f80         32      0x80  NetworkInterface.o [17]
  .bss               zero     0x2001'9000          4      0x6c  FreeRTOS_Routing.o [9]
  .bss               zero     0x2001'906c          4      0x54  FreeRTOS_IP_Timers.o [9]
  .bss               zero     0x2001'90c0          4      0x50  xfiles.o [18]
  .bss               zero     0x2001'9110          4      0x48  NetworkInterface.o [17]
  .bss               zero     0x2001'9158          4      0x48  stm32f4xx_hal_timebase_tim.o [4]
  .bss               zero     0x2001'91a0          4      0x40  queue.o [10]
  .bss               zero     0x2001'91e0          4      0x2c  FreeRTOS_Sockets.o [9]
  .bss               zero     0x2001'920c          4      0x20  stm32f4xx_hal_flash.o [12]
  .bss               zero     0x2001'922c          4      0x1c  BufferAllocation_2.o [17]
  .bss               zero     0x2001'9248          8      0x18  cli_handlers.o [3]
  .bss               zero     0x2001'9260          4      0x18  FreeRTOS_TCP_WIN.o [9]
  .bss               zero     0x2001'9278          4      0x14  NetworkInterface.o [17]
  .bss               zero     0x2001'928c          4       0x4  FreeRTOS_Routing.o [9]
  .bss               zero     0x2001'9290          4       0x4  FreeRTOS_TCP_IP.o [9]
  .bss               zero     0x2001'9294          4       0x4  FreeRTOS_TCP_IP.o [9]
  .bss               zero     0x2001'9298          4       0x4  FreeRTOS_TCP_WIN.o [9]
  .bss               zero     0x2001'929c          4       0x4  xfail_s.o [18]
  .bss               zero     0x2001'92a0          2       0x2  FreeRTOS_IP.o [9]
  .bss               zero     0x2001'92a2                  0x1  cli_helper.o [3]
  .bss               zero     0x2001'92a3                  0x1  NetworkInterface.o [17]
  .bss               zero     0x2001'92a4                  0x1  usbd_ctlreq.o [15]
                            - 0x2001'92a5             0x1'5f55

"P3", part 3 of 3:                                       0x400
  CSTACK                      0x2001'92a8          8     0x400  <Block>
    CSTACK           uninit   0x2001'92a8                0x400  <Block tail>
                            - 0x2001'96a8                0x400

Unused ranges:

         From           To      Size
         ----           --      ----
   0x801'0bb8   0x80f'ffff  0xe'f448
  0x2001'96a8  0x2001'ffff    0x6958


*******************************************************************************
*** INIT TABLE
***

          Address      Size
          -------      ----
Zero (__iar_zero_init3)
    1 destination range, total size 0x1'5f55:
          0x2000'3350  0x1'5f55

Copy/lz77 (__iar_lz77_init_single3)
    1 source range, total size 0x1c4 (3% of destination):
           0x801'09f4     0x1c4
    1 destination range, total size 0x3350:
          0x2000'0000    0x3350



*******************************************************************************
*** MODULE SUMMARY
***

    Module                              ro code  ro data  rw data
    ------                              -------  -------  -------
command line/config:
    -------------------------------------------------------------
    Total:

C:\Users\Koche\Desktop\Work\Smart Dispenser PRJ\gateway\EWARM\Gateway_407\Obj\App_6048373297342892631.dir: [1]
    usb_device.o                             84               732
    usbd_cdc_if.o                           120        1    4'116
    usbd_desc.o                             256        3      592
    -------------------------------------------------------------
    Total:                                  460        4    5'440

C:\Users\Koche\Desktop\Work\Smart Dispenser PRJ\gateway\EWARM\Gateway_407\Obj\CMSIS_6603591812247902717.dir: [2]
    system_stm32f4xx.o                       32        8        4
    -------------------------------------------------------------
    Total:                                   32        8        4

C:\Users\Koche\Desktop\Work\Smart Dispenser PRJ\gateway\EWARM\Gateway_407\Obj\Cli_11707894225168942927.dir: [3]
    cli.o                                   240      184    2'396
    cli_handlers.o                        1'464      208       24
    cli_helper.o                            156                 1
    -------------------------------------------------------------
    Total:                                1'860      392    2'421

C:\Users\Koche\Desktop\Work\Smart Dispenser PRJ\gateway\EWARM\Gateway_407\Obj\Core_13247989168731456611.dir: [4]
    dma.o                                   100
    gpio.o                                  642
    main.o                                  224
    stm32f4xx_hal_msp.o                      56
    stm32f4xx_hal_timebase_tim.o            160                72
    stm32f4xx_it.o                          112
    tim.o                                   160
    -------------------------------------------------------------
    Total:                                1'454                72

C:\Users\Koche\Desktop\Work\Smart Dispenser PRJ\gateway\EWARM\Gateway_407\Obj\EWARM_18443280873093131863.dir: [5]
    startup_stm32f407xx.o                   704
    -------------------------------------------------------------
    Total:                                  704

C:\Users\Koche\Desktop\Work\Smart Dispenser PRJ\gateway\EWARM\Gateway_407\Obj\Ethernet_5605320102233052314.dir: [6]
    eth.o                                   540
    eth_helper.o                            292       36    1'736
    -------------------------------------------------------------
    Total:                                  832       36    1'736

C:\Users\Koche\Desktop\Work\Smart Dispenser PRJ\gateway\EWARM\Gateway_407\Obj\Flash_13912709933827620245.dir: [7]
    flash.o                                 292
    -------------------------------------------------------------
    Total:                                  292

C:\Users\Koche\Desktop\Work\Smart Dispenser PRJ\gateway\EWARM\Gateway_407\Obj\FreeRTOS-Plu-Cli_11501085631675054166.dir: [8]
    FreeRTOS_CLI.o                          436      241       20
    -------------------------------------------------------------
    Total:                                  436      241       20

C:\Users\Koche\Desktop\Work\Smart Dispenser PRJ\gateway\EWARM\Gateway_407\Obj\FreeRTOS-Plus-TCP_16686340316780321206.dir: [9]
    FreeRTOS_ARP.o                        1'612       43      116
    FreeRTOS_ICMP.o                          70
    FreeRTOS_IP.o                         1'724             3'310
    FreeRTOS_IP_Timers.o                    536                84
    FreeRTOS_IP_Utils.o                     508
    FreeRTOS_IPv4.o                         476
    FreeRTOS_IPv4_Sockets.o                 180
    FreeRTOS_IPv4_Utils.o                    48
    FreeRTOS_IPv6.o                         792
    FreeRTOS_IPv6_Sockets.o                 396
    FreeRTOS_IPv6_Utils.o                   254
    FreeRTOS_ND.o                         1'596               768
    FreeRTOS_RA.o                           948
    FreeRTOS_Routing.o                    1'288               112
    FreeRTOS_Sockets.o                    3'812                44
    FreeRTOS_Stream_Buffer.o                386
    FreeRTOS_TCP_IP.o                     1'308                 8
    FreeRTOS_TCP_Reception.o                702
    FreeRTOS_TCP_State_Handling.o         1'418
    FreeRTOS_TCP_State_Handling_IPv4.o      316
    FreeRTOS_TCP_State_Handling_IPv6.o      306
    FreeRTOS_TCP_Transmission.o           1'528
    FreeRTOS_TCP_Transmission_IPv4.o        706
    FreeRTOS_TCP_Transmission_IPv6.o        792
    FreeRTOS_TCP_Utils.o                     22
    FreeRTOS_TCP_Utils_IPv4.o                62
    FreeRTOS_TCP_Utils_IPv6.o                44
    FreeRTOS_TCP_WIN.o                    1'924                28
    FreeRTOS_UDP_IP.o                       106
    FreeRTOS_UDP_IPv4.o                     392
    FreeRTOS_UDP_IPv6.o                     430
    -------------------------------------------------------------
    Total:                               24'682       43    4'470

C:\Users\Koche\Desktop\Work\Smart Dispenser PRJ\gateway\EWARM\Gateway_407\Obj\FreeRTOS_15068288790229095433.dir: [10]
    event_groups.o                          540
    list.o                                  144
    queue.o                               1'888                64
    tasks.o                               3'816        5      464
    timers.o                                836               260
    -------------------------------------------------------------
    Total:                                7'224        5      788

C:\Users\Koche\Desktop\Work\Smart Dispenser PRJ\gateway\EWARM\Gateway_407\Obj\Gate_3448444589264835548.dir: [11]
    gate.o                                   68
    -------------------------------------------------------------
    Total:                                   68

C:\Users\Koche\Desktop\Work\Smart Dispenser PRJ\gateway\EWARM\Gateway_407\Obj\STM32F4xx_HAL_Driver_1244631019742807970.dir: [12]
    stm32f4xx_hal.o                         120        1       12
    stm32f4xx_hal_cortex.o                  144
    stm32f4xx_hal_flash.o                   488                32
    stm32f4xx_hal_flash_ex.o                348
    stm32f4xx_hal_gpio.o                    492
    stm32f4xx_hal_pcd.o                   2'448
    stm32f4xx_hal_pcd_ex.o                   76
    stm32f4xx_hal_rcc.o                   1'260
    stm32f4xx_hal_tim.o                     746
    stm32f4xx_hal_tim_ex.o                    4
    stm32f4xx_ll_exti.o                     176
    stm32f4xx_ll_gpio.o                     238
    stm32f4xx_ll_rcc.o                      184
    stm32f4xx_ll_tim.o                      192
    stm32f4xx_ll_usart.o                    268
    stm32f4xx_ll_usb.o                    2'540
    -------------------------------------------------------------
    Total:                                9'724        1       44

C:\Users\Koche\Desktop\Work\Smart Dispenser PRJ\gateway\EWARM\Gateway_407\Obj\System_11455613988876714787.dir: [13]
    system.o                                192             3'056
    system_thread.o                         312       36
    system_uart.o                           768
    -------------------------------------------------------------
    Total:                                1'272       36    3'056

C:\Users\Koche\Desktop\Work\Smart Dispenser PRJ\gateway\EWARM\Gateway_407\Obj\Target_2794460481546860895.dir: [14]
    usbd_conf.o                             588             1'796
    -------------------------------------------------------------
    Total:                                  588             1'796

C:\Users\Koche\Desktop\Work\Smart Dispenser PRJ\gateway\EWARM\Gateway_407\Obj\USB_Device_Library_15009154495834662892.dir: [15]
    usbd_cdc.o                            1'038        5      136
    usbd_core.o                             866
    usbd_ctlreq.o                         1'284                 1
    usbd_ioreq.o                            100
    -------------------------------------------------------------
    Total:                                3'288        5      137

C:\Users\Koche\Desktop\Work\Smart Dispenser PRJ\gateway\EWARM\Gateway_407\Obj\portable_15954926109208205999.dir: [16]
    heap_4.o                                552            66'588
    port.o                                  574                12
    portasm.o                               176
    -------------------------------------------------------------
    Total:                                1'302            66'600

C:\Users\Koche\Desktop\Work\Smart Dispenser PRJ\gateway\EWARM\Gateway_407\Obj\portable_7947777220660125680.dir: [17]
    BufferAllocation_2.o                    380        4    3'468
    NetworkInterface.o                    1'620      426   12'721
    phyHandling.o                         1'328
    stm32fxx_hal_eth.o                    1'656
    -------------------------------------------------------------
    Total:                                4'984      430   16'189

dl7M_tlf.a: [18]
    abort.o                                   6
    exit.o                                    4
    iar_Stoulx.o                            310       80
    isspace.o                                20
    low_level_init.o                          4
    printf.o                                 40
    putchar.o                                68
    snprintf.o                               68
    strncmp.o                                42
    tolower.o                                20
    xfail_s.o                                64                 4
    xfiles.o                                           3      152
    xlocale_c.o                              60        9      128
    xprintffull_nomb.o                    3'790
    xprout.o                                 22
    xsnprout.o                               26
    -------------------------------------------------------------
    Total:                                4'544       92      284

m7M_tls.a: [19]
    DblAddSub.o                             590
    DblCmpGe.o                               52
    DblCmpLe.o                               52
    DblDiv.o                                582
    DblMul.o                                426
    DblToS32.o                               54
    DblToU32.o                               34
    S32ToDbl.o                               34
    U32ToDbl.o                               28
    fpinit_M.o                               34
    frexp.o                                 112
    ldexp.o                                 314
    -------------------------------------------------------------
    Total:                                2'312

rt7M_tl.a: [20]
    ABImemclr.o                               6
    ABImemclr4.o                              6
    ABImemcpy_small.o                        24
    ABImemmove_small.o                       30
    ABImemset48.o                            58
    ABImemset_small.o                        18
    I64DivMod_small.o                       262
    I64DivZer.o                               2
    cexit.o                                  10
    cmain.o                                  30
    cstartup_M.o                             28
    data_init.o                              40
    lz77_init_single.o                      126
    memchr.o                                 88
    memcmp_small.o                           30
    strchr.o                                 22
    strcmp.o                                 18
    strlen_small.o                           20
    strncpy_small.o                          30
    zero_init3.o                             56
    -------------------------------------------------------------
    Total:                                  904

shb_l.a: [21]
    dwrite.o                                 30
    exit.o                                   20
    iarwrite.o                               34
    iarwstdswo.o                             76
    unwind_debug.o                                     1
    write.o                                  16
    -------------------------------------------------------------
    Total:                                  176        1

    Gaps                                     68        4       20
    Linker created                                    32    1'024
-----------------------------------------------------------------
    Grand Total:                         67'206    1'330  104'101


*******************************************************************************
*** ENTRY LIST
***

Entry                       Address      Size  Type      Object
-----                       -------      ----  ----      ------
.iar.init_table$$Base    0x801'07c8             --   Gb  - Linker created -
.iar.init_table$$Limit   0x801'07e8             --   Gb  - Linker created -
?main                    0x801'0809            Code  Gb  cmain.o [20]
ADC_IRQHandler           0x801'090d            Code  Wk  startup_stm32f407xx.o [5]
AHBPrescTable            0x801'07f8      0x10  Data  Gb  system_stm32f4xx.o [2]
APBPrescTable            0x801'08b8       0x8  Data  Gb  system_stm32f4xx.o [2]
BusFault_Handler         0x801'0379       0x2  Code  Gb  stm32f4xx_it.o [4]
CAN1_RX0_IRQHandler      0x801'0915            Code  Wk  startup_stm32f407xx.o [5]
CAN1_RX1_IRQHandler      0x801'0919            Code  Wk  startup_stm32f407xx.o [5]
CAN1_SCE_IRQHandler      0x801'091d            Code  Wk  startup_stm32f407xx.o [5]
CAN1_TX_IRQHandler       0x801'0911            Code  Wk  startup_stm32f407xx.o [5]
CAN2_RX0_IRQHandler      0x801'09b5            Code  Wk  startup_stm32f407xx.o [5]
CAN2_RX1_IRQHandler      0x801'09b9            Code  Wk  startup_stm32f407xx.o [5]
CAN2_SCE_IRQHandler      0x801'09bd            Code  Wk  startup_stm32f407xx.o [5]
CAN2_TX_IRQHandler       0x801'09b1            Code  Wk  startup_stm32f407xx.o [5]
CDC_Control_FS           0x800'e203       0x4  Code  Lc  usbd_cdc_if.o [1]
CDC_DeInit_FS            0x800'e1ff       0x4  Code  Lc  usbd_cdc_if.o [1]
CDC_Init_FS              0x800'e1e1      0x1e  Code  Lc  usbd_cdc_if.o [1]
CDC_ReceiveData          0x800'edb1      0x1a  Code  Gb  cli_helper.o [3]
CDC_Receive_FS           0x800'e207      0x20  Code  Lc  usbd_cdc_if.o [1]
CDC_TransmitCplt_FS      0x800'e255       0x4  Code  Lc  usbd_cdc_if.o [1]
CDC_Transmit_FS          0x800'e227      0x26  Code  Gb  usbd_cdc_if.o [1]
CLI_USB_Receive_Char     0x800'ed49      0x58  Code  Gb  cli_helper.o [3]
CSTACK$$Base            0x2001'92a8             --   Gb  - Linker created -
CSTACK$$Limit           0x2001'96a8             --   Gb  - Linker created -
DCMI_IRQHandler          0x801'09e9            Code  Wk  startup_stm32f407xx.o [5]
DMA1_Stream0_IRQHandler
                         0x801'08f1            Code  Wk  startup_stm32f407xx.o [5]
DMA1_Stream1_IRQHandler
                         0x801'08f5            Code  Wk  startup_stm32f407xx.o [5]
DMA1_Stream2_IRQHandler
                         0x801'08f9            Code  Wk  startup_stm32f407xx.o [5]
DMA1_Stream3_IRQHandler
                         0x801'08fd            Code  Wk  startup_stm32f407xx.o [5]
DMA1_Stream4_IRQHandler
                         0x801'0901            Code  Wk  startup_stm32f407xx.o [5]
DMA1_Stream5_IRQHandler
                         0x801'0905            Code  Wk  startup_stm32f407xx.o [5]
DMA1_Stream6_IRQHandler
                         0x801'0909            Code  Wk  startup_stm32f407xx.o [5]
DMA1_Stream7_IRQHandler
                         0x801'097d            Code  Wk  startup_stm32f407xx.o [5]
DMA2_Stream0_IRQHandler
                         0x801'099d            Code  Wk  startup_stm32f407xx.o [5]
DMA2_Stream1_IRQHandler
                         0x801'09a1            Code  Wk  startup_stm32f407xx.o [5]
DMA2_Stream2_IRQHandler
                         0x801'03b9       0x2  Code  Gb  stm32f4xx_it.o [4]
DMA2_Stream3_IRQHandler
                         0x801'09a5            Code  Wk  startup_stm32f407xx.o [5]
DMA2_Stream4_IRQHandler
                         0x801'09a9            Code  Wk  startup_stm32f407xx.o [5]
DMA2_Stream5_IRQHandler
                         0x801'09c1            Code  Wk  startup_stm32f407xx.o [5]
DMA2_Stream6_IRQHandler
                         0x801'09c5            Code  Wk  startup_stm32f407xx.o [5]
DMA2_Stream7_IRQHandler
                         0x801'09c9            Code  Wk  startup_stm32f407xx.o [5]
DMARxDscrTab            0x2001'8f00      0x80  Data  Gb  NetworkInterface.o [17]
DMATxDescToClear        0x2000'00cc       0x4  Data  Lc  NetworkInterface.o [17]
DMATxDscrTab            0x2001'8f80      0x80  Data  Gb  NetworkInterface.o [17]
DebugMon_Handler         0x801'037d       0x2  Code  Gb  stm32f4xx_it.o [4]
ETH_FlushTransmitFIFO    0x800'f445      0x16  Code  Lc  stm32fxx_hal_eth.o [17]
ETH_IRQHandler           0x800'eb81       0x6  Code  Gb  NetworkInterface.o [17]
ETH_WKUP_IRQHandler      0x801'09ad            Code  Wk  startup_stm32f407xx.o [5]
EXTI0_IRQHandler         0x801'08e5            Code  Wk  startup_stm32f407xx.o [5]
EXTI15_10_IRQHandler     0x801'0961            Code  Wk  startup_stm32f407xx.o [5]
EXTI1_IRQHandler         0x801'08e9            Code  Wk  startup_stm32f407xx.o [5]
EXTI2_IRQHandler         0x801'037f      0x1a  Code  Gb  stm32f4xx_it.o [4]
EXTI3_IRQHandler         0x801'0399      0x1a  Code  Gb  stm32f4xx_it.o [4]
EXTI4_IRQHandler         0x801'08ed            Code  Wk  startup_stm32f407xx.o [5]
EXTI9_5_IRQHandler       0x801'0921            Code  Wk  startup_stm32f407xx.o [5]
Error_Handler            0x800'bf85       0x4  Code  Gb  main.o [4]
Ethernet::Ethernet(EthernetConfig)
                         0x800'd9c1     0x116  Code  Gb  eth.o [6]
Ethernet::printConfig()
                         0x800'dae9      0x52  Code  Gb  eth.o [6]
FLASH_Erase_Sector       0x800'e4f3      0x4c  Code  Gb  stm32f4xx_hal_flash_ex.o [12]
FLASH_FlushCaches        0x800'e53f      0x50  Code  Gb  stm32f4xx_hal_flash_ex.o [12]
FLASH_IRQHandler         0x801'08dd            Code  Wk  startup_stm32f407xx.o [5]
FLASH_MassErase          0x800'e4d3      0x20  Code  Lc  stm32f4xx_hal_flash_ex.o [12]
FLASH_Program_Byte       0x800'e3b1      0x14  Code  Lc  stm32f4xx_hal_flash.o [12]
FLASH_Program_DoubleWord
                         0x800'e34b      0x28  Code  Lc  stm32f4xx_hal_flash.o [12]
FLASH_Program_HalfWord   0x800'e385      0x12  Code  Lc  stm32f4xx_hal_flash.o [12]
FLASH_Program_Word       0x800'e373      0x12  Code  Lc  stm32f4xx_hal_flash.o [12]
FLASH_SetErrorCode       0x800'e3c5      0x60  Code  Lc  stm32f4xx_hal_flash.o [12]
FLASH_WaitForLastOperation
                         0x800'e2fd      0x4e  Code  Gb  stm32f4xx_hal_flash.o [12]
FPU_IRQHandler           0x801'09f1            Code  Wk  startup_stm32f407xx.o [5]
FSMC_IRQHandler          0x801'0981            Code  Wk  startup_stm32f407xx.o [5]
FS_Desc                 0x2000'3238      0x1c  Data  Gb  usbd_desc.o [1]
Flash_Read_Data          0x800'd9ad      0x14  Code  Gb  flash.o [7]
Flash_Write_Data         0x800'd90b      0x7c  Code  Gb  flash.o [7]
FreeRTOS_AddEndPoint     0x800'5c37      0x32  Code  Lc  FreeRTOS_Routing.o [9]
FreeRTOS_AddNetworkInterface
                         0x800'5c07      0x22  Code  Gb  FreeRTOS_Routing.o [9]
FreeRTOS_AllEndPointsUp
                         0x800'21b1      0x2a  Code  Gb  FreeRTOS_IP.o [9]
FreeRTOS_CLIGetParameter
                         0x800'e111      0x52  Code  Gb  FreeRTOS_CLI.o [8]
FreeRTOS_CLIProcessCommand
                         0x800'e055      0xbc  Code  Gb  FreeRTOS_CLI.o [8]
FreeRTOS_CLIProcessCommand::pxCommand
                        0x2000'0074       0x4  Data  Lc  FreeRTOS_CLI.o [8]
FreeRTOS_CLIRegisterCommand
                         0x800'e02d      0x28  Code  Gb  FreeRTOS_CLI.o [8]
FreeRTOS_ClearARP        0x800'4c21      0x2e  Code  Gb  FreeRTOS_ARP.o [9]
FreeRTOS_CreateIPv6Address
                         0x800'51e3      0x94  Code  Gb  FreeRTOS_ND.o [9]
FreeRTOS_FillEndPoint    0x800'5b55      0xb2  Code  Gb  FreeRTOS_Routing.o [9]
FreeRTOS_FindEndPointOnIP_IPv4
                         0x800'5ca5      0x40  Code  Gb  FreeRTOS_Routing.o [9]
FreeRTOS_FindEndPointOnIP_IPv6
                         0x800'5ce5       0x6  Code  Gb  FreeRTOS_Routing.o [9]
FreeRTOS_FindEndPointOnMAC
                         0x800'5ceb      0x3e  Code  Gb  FreeRTOS_Routing.o [9]
FreeRTOS_FindEndPointOnNetMask
                         0x800'5d29       0x6  Code  Gb  FreeRTOS_Routing.o [9]
FreeRTOS_FindGateWay     0x800'5f9d      0x46  Code  Gb  FreeRTOS_Routing.o [9]
FreeRTOS_FirstEndPoint   0x800'5c69      0x1e  Code  Gb  FreeRTOS_Routing.o [9]
FreeRTOS_FirstNetworkInterface
                         0x800'5c29       0x8  Code  Gb  FreeRTOS_Routing.o [9]
FreeRTOS_GetIPTaskHandle
                         0x800'1f63       0x8  Code  Gb  FreeRTOS_IP.o [9]
FreeRTOS_GetLocalAddress
                         0x800'2999      0x56  Code  Gb  FreeRTOS_Sockets.o [9]
FreeRTOS_IPInit_Multi    0x800'1fd1      0x74  Code  Gb  FreeRTOS_IP.o [9]
FreeRTOS_IPInit_Multi{3}::ucNetworkEventQueueStorageArea
                        0x2001'5540     0x208  Data  Lc  FreeRTOS_IP.o [9]
FreeRTOS_IPInit_Multi{3}::xNetworkEventStaticQueue
                        0x2001'54f0      0x50  Data  Lc  FreeRTOS_IP.o [9]
FreeRTOS_IPInit_Multi{4}{5}{7}{8}{9}::xIPTaskBuffer
                        0x2001'5748      0x58  Data  Lc  FreeRTOS_IP.o [9]
FreeRTOS_IPInit_Multi{4}{5}{7}{8}{9}::xIPTaskStack
                        0x2001'57a0     0xa28  Data  Lc  FreeRTOS_IP.o [9]
FreeRTOS_InterfaceEPInSameSubnet_IPv6
                         0x800'5d83      0x3c  Code  Gb  FreeRTOS_Routing.o [9]
FreeRTOS_InterfaceEndPointOnNetMask
                         0x800'5d2f      0x54  Code  Gb  FreeRTOS_Routing.o [9]
FreeRTOS_IsEndPointUp    0x800'219f      0x12  Code  Gb  FreeRTOS_IP.o [9]
FreeRTOS_IsNetworkUp     0x800'219b       0x4  Code  Gb  FreeRTOS_IP.o [9]
FreeRTOS_MatchingEndpoint
                         0x800'5ec5      0xca  Code  Gb  FreeRTOS_Routing.o [9]
FreeRTOS_NetworkDown     0x800'1f99      0x38  Code  Gb  FreeRTOS_IP.o [9]
FreeRTOS_NextEndPoint    0x800'5c87      0x1e  Code  Gb  FreeRTOS_Routing.o [9]
FreeRTOS_NextNetworkInterface
                         0x800'5c31       0x6  Code  Gb  FreeRTOS_Routing.o [9]
FreeRTOS_OutputARPRequest
                         0x800'4b8b      0x16  Code  Gb  FreeRTOS_ARP.o [9]
FreeRTOS_OutputARPRequest_Multi
                         0x800'4b2b      0x60  Code  Gb  FreeRTOS_ARP.o [9]
FreeRTOS_OutputAdvertiseIPv6
                         0x800'50b5      0xdc  Code  Gb  FreeRTOS_ND.o [9]
FreeRTOS_bind            0x800'23ef      0xc8  Code  Gb  FreeRTOS_Sockets.o [9]
FreeRTOS_closesocket     0x800'25ed      0x26  Code  Gb  FreeRTOS_Sockets.o [9]
FreeRTOS_connect         0x800'2a29     0x138  Code  Gb  FreeRTOS_Sockets.o [9]
FreeRTOS_in6addr_any     0x800'5764      0x10  Data  Gb  FreeRTOS_IPv6.o [9]
FreeRTOS_in6addr_loopback
                         0x800'5774      0x10  Data  Gb  FreeRTOS_IPv6.o [9]
FreeRTOS_inet_addr       0x800'2985      0x14  Code  Gb  FreeRTOS_Sockets.o [9]
FreeRTOS_inet_ntoa       0x800'28f9      0x62  Code  Gb  FreeRTOS_Sockets.o [9]
FreeRTOS_inet_ntop       0x800'295b      0x2a  Code  Gb  FreeRTOS_Sockets.o [9]
FreeRTOS_inet_ntop4      0x800'7883      0x1a  Code  Gb  FreeRTOS_IPv4_Sockets.o [9]
FreeRTOS_inet_ntop6      0x800'7973      0xb6  Code  Gb  FreeRTOS_IPv6_Sockets.o [9]
FreeRTOS_inet_pton4      0x800'77e9      0x9a  Code  Gb  FreeRTOS_IPv4_Sockets.o [9]
FreeRTOS_issocketconnected
                         0x800'2fbb      0x1c  Code  Gb  FreeRTOS_Sockets.o [9]
FreeRTOS_listen          0x800'2d01      0x6c  Code  Gb  FreeRTOS_Sockets.o [9]
FreeRTOS_max_size_t      0x800'5af3       0x8  Code  Gb  FreeRTOS_IP_Utils.o [9]
FreeRTOS_min_int32       0x800'5afb       0x8  Code  Gb  FreeRTOS_IP_Utils.o [9]
FreeRTOS_min_size_t      0x800'5b0b       0x8  Code  Gb  FreeRTOS_IP_Utils.o [9]
FreeRTOS_min_uint32      0x800'5b03       0x8  Code  Gb  FreeRTOS_IP_Utils.o [9]
FreeRTOS_round_up        0x800'5b13      0x18  Code  Gb  FreeRTOS_IP_Utils.o [9]
FreeRTOS_rx_size         0x800'2fd7      0x18  Code  Gb  FreeRTOS_Sockets.o [9]
FreeRTOS_send            0x800'2c01      0xfa  Code  Gb  FreeRTOS_Sockets.o [9]
FreeRTOS_setsockopt      0x800'2745     0x162  Code  Gb  FreeRTOS_Sockets.o [9]
FreeRTOS_shutdown        0x800'2d6d      0x32  Code  Gb  FreeRTOS_Sockets.o [9]
FreeRTOS_socket          0x800'2299     0x128  Code  Gb  FreeRTOS_Sockets.o [9]
FreeRTOS_tx_size         0x800'2fa3      0x18  Code  Gb  FreeRTOS_Sockets.o [9]
FreeRTOS_tx_space        0x800'2f81      0x1c  Code  Gb  FreeRTOS_Sockets.o [9]
Gate::Gate()             0x800'e015       0x8  Code  Wk  system.o [13]
Gate::handleClosedState()
                         0x801'03fb       0x2  Code  Gb  gate.o [11]
Gate::handleOpenedState()
                         0x801'03eb      0x10  Code  Gb  gate.o [11]
Gate::resetTimer()       0x801'03d1      0x1a  Code  Gb  gate.o [11]
GetSector                0x800'd89d      0x6e  Code  Lc  flash.o [7]
HAL_Delay                0x800'ab45      0x28  Code  Wk  stm32f4xx_hal.o [12]
HAL_ETH_ConfigMAC        0x800'f2d9     0x106  Code  Gb  stm32fxx_hal_eth.o [17]
HAL_ETH_ErrorCallback    0x800'fa89       0x2  Code  Wk  stm32fxx_hal_eth.o [17]
HAL_ETH_IRQHandler       0x800'f07d      0x3a  Code  Gb  stm32fxx_hal_eth.o [17]
HAL_ETH_Init             0x800'ede5     0x19c  Code  Gb  stm32fxx_hal_eth.o [17]
HAL_ETH_MspInit          0x800'ef81      0xe2  Code  Gb  stm32fxx_hal_eth.o [17]
HAL_ETH_ReadPHYRegister
                         0x800'f0b7      0x6e  Code  Gb  stm32fxx_hal_eth.o [17]
HAL_ETH_RxCpltCallback   0x800'e59d      0x1e  Code  Gb  NetworkInterface.o [17]
HAL_ETH_Start            0x800'f1a1      0x54  Code  Gb  stm32fxx_hal_eth.o [17]
HAL_ETH_Stop             0x800'f1f5      0x52  Code  Gb  stm32fxx_hal_eth.o [17]
HAL_ETH_TxCpltCallback   0x800'e5cf      0x1e  Code  Gb  NetworkInterface.o [17]
HAL_ETH_WritePHYRegister
                         0x800'f125      0x6e  Code  Gb  stm32fxx_hal_eth.o [17]
HAL_FLASHEx_Erase        0x800'e441      0x92  Code  Gb  stm32f4xx_hal_flash_ex.o [12]
HAL_FLASH_GetError       0x800'e2f7       0x6  Code  Gb  stm32f4xx_hal_flash.o [12]
HAL_FLASH_Lock           0x800'e2e7       0xa  Code  Gb  stm32f4xx_hal_flash.o [12]
HAL_FLASH_Program        0x800'e259      0x6e  Code  Gb  stm32f4xx_hal_flash.o [12]
HAL_FLASH_Unlock         0x800'e2c7      0x20  Code  Gb  stm32f4xx_hal_flash.o [12]
HAL_GPIO_Init            0x800'b8c9     0x1be  Code  Gb  stm32f4xx_hal_gpio.o [12]
HAL_GetTick              0x800'313d       0xc  Code  Wk  stm32f4xx_hal.o [12]
HAL_IncTick              0x800'ce15      0x10  Code  Wk  stm32f4xx_hal.o [12]
HAL_Init                 0x800'c63d      0x30  Code  Gb  stm32f4xx_hal.o [12]
HAL_InitTick             0x800'c035      0x8a  Code  Gb  stm32f4xx_hal_timebase_tim.o [4]
HAL_MspInit              0x800'd105      0x38  Code  Gb  stm32f4xx_hal_msp.o [4]
HAL_NVIC_EnableIRQ       0x800'bb1d      0x16  Code  Gb  stm32f4xx_hal_cortex.o [12]
HAL_NVIC_SetPriority     0x800'bae3      0x3a  Code  Gb  stm32f4xx_hal_cortex.o [12]
HAL_NVIC_SetPriorityGrouping
                         0x800'bacf      0x14  Code  Gb  stm32f4xx_hal_cortex.o [12]
HAL_PCDEx_LPM_Callback   0x800'b749       0x2  Code  Wk  stm32f4xx_hal_pcd_ex.o [12]
HAL_PCDEx_SetRxFiFo      0x800'bfcb       0x8  Code  Gb  stm32f4xx_hal_pcd_ex.o [12]
HAL_PCDEx_SetTxFiFo      0x800'bf89      0x42  Code  Gb  stm32f4xx_hal_pcd_ex.o [12]
HAL_PCD_ConnectCallback
                         0x800'b621       0x8  Code  Gb  usbd_conf.o [14]
HAL_PCD_DataInStageCallback
                         0x800'b599      0x12  Code  Gb  usbd_conf.o [14]
HAL_PCD_DataOutStageCallback
                         0x800'b585      0x14  Code  Gb  usbd_conf.o [14]
HAL_PCD_DisconnectCallback
                         0x800'b629       0x8  Code  Gb  usbd_conf.o [14]
HAL_PCD_EP_Abort         0x800'b4e1      0x1c  Code  Gb  stm32f4xx_hal_pcd.o [12]
HAL_PCD_EP_Close         0x800'b385      0x20  Code  Gb  stm32f4xx_hal_pcd.o [12]
HAL_PCD_EP_ClrStall      0x800'b47d      0x2e  Code  Gb  stm32f4xx_hal_pcd.o [12]
HAL_PCD_EP_GetRxCount    0x800'b3c1      0x10  Code  Gb  stm32f4xx_hal_pcd.o [12]
HAL_PCD_EP_Open          0x800'b32b      0x5a  Code  Gb  stm32f4xx_hal_pcd.o [12]
HAL_PCD_EP_Receive       0x800'b3a5      0x1c  Code  Gb  stm32f4xx_hal_pcd.o [12]
HAL_PCD_EP_SetStall      0x800'b413      0x62  Code  Gb  stm32f4xx_hal_pcd.o [12]
HAL_PCD_EP_Transmit      0x800'b3d1      0x18  Code  Gb  stm32f4xx_hal_pcd.o [12]
HAL_PCD_IRQHandler       0x800'ac57     0x66e  Code  Gb  stm32f4xx_hal_pcd.o [12]
HAL_PCD_ISOINIncompleteCallback
                         0x800'b619       0x8  Code  Gb  usbd_conf.o [14]
HAL_PCD_ISOOUTIncompleteCallback
                         0x800'b611       0x8  Code  Gb  usbd_conf.o [14]
HAL_PCD_Init             0x800'ab6d      0xc2  Code  Gb  stm32f4xx_hal_pcd.o [12]
HAL_PCD_MspInit          0x800'b4fd      0x7c  Code  Gb  usbd_conf.o [14]
HAL_PCD_ResetCallback    0x800'b5b3      0x2c  Code  Gb  usbd_conf.o [14]
HAL_PCD_ResumeCallback   0x800'b609       0x8  Code  Gb  usbd_conf.o [14]
HAL_PCD_SOFCallback      0x800'b5ab       0x8  Code  Gb  usbd_conf.o [14]
HAL_PCD_SetAddress       0x800'b30b      0x20  Code  Gb  stm32f4xx_hal_pcd.o [12]
HAL_PCD_SetupStageCallback
                         0x800'b579       0xc  Code  Gb  usbd_conf.o [14]
HAL_PCD_Start            0x800'ac39      0x1e  Code  Gb  stm32f4xx_hal_pcd.o [12]
HAL_PCD_SuspendCallback
                         0x800'b5df      0x2a  Code  Gb  usbd_conf.o [14]
HAL_RCC_ClockConfig      0x800'b74d     0x100  Code  Gb  stm32f4xx_hal_rcc.o [12]
HAL_RCC_GetClockConfig   0x800'b875      0x36  Code  Gb  stm32f4xx_hal_rcc.o [12]
HAL_RCC_GetHCLKFreq      0x800'b859       0x6  Code  Gb  stm32f4xx_hal_rcc.o [12]
HAL_RCC_GetPCLK1Freq     0x800'b85f      0x10  Code  Gb  stm32f4xx_hal_rcc.o [12]
HAL_RCC_GetSysClockFreq
                         0x800'bfd5      0x60  Code  Wk  stm32f4xx_hal_rcc.o [12]
HAL_RCC_OscConfig        0x800'cb05     0x310  Code  Wk  stm32f4xx_hal_rcc.o [12]
HAL_TIMEx_BreakCallback
                         0x800'e023       0x2  Code  Wk  stm32f4xx_hal_tim_ex.o [12]
HAL_TIMEx_CommutCallback
                         0x800'e027       0x2  Code  Wk  stm32f4xx_hal_tim_ex.o [12]
HAL_TIM_Base_Init        0x800'ce25      0x1a  Code  Gb  stm32f4xx_hal_tim.o [12]
HAL_TIM_Base_MspInit     0x800'e01d       0x2  Code  Wk  stm32f4xx_hal_tim.o [12]
HAL_TIM_Base_Start_IT    0x800'ce3f      0x76  Code  Gb  stm32f4xx_hal_tim.o [12]
HAL_TIM_IC_CaptureCallback
                         0x800'e01f       0x2  Code  Wk  stm32f4xx_hal_tim.o [12]
HAL_TIM_IRQHandler       0x800'cf09     0x12a  Code  Gb  stm32f4xx_hal_tim.o [12]
HAL_TIM_OC_DelayElapsedCallback
                         0x800'e021       0x2  Code  Wk  stm32f4xx_hal_tim.o [12]
HAL_TIM_PWM_PulseFinishedCallback
                         0x800'e029       0x2  Code  Wk  stm32f4xx_hal_tim.o [12]
HAL_TIM_PeriodElapsedCallback
                         0x800'bf69       0xe  Code  Gb  main.o [4]
HAL_TIM_TriggerCallback
                         0x800'e025       0x2  Code  Wk  stm32f4xx_hal_tim.o [12]
HASH_RNG_IRQHandler      0x801'09ed            Code  Wk  startup_stm32f407xx.o [5]
HardFault_Handler        0x801'0375       0x2  Code  Gb  stm32f4xx_it.o [4]
I2C1_ER_IRQHandler       0x801'0945            Code  Wk  startup_stm32f407xx.o [5]
I2C1_EV_IRQHandler       0x801'0941            Code  Wk  startup_stm32f407xx.o [5]
I2C2_ER_IRQHandler       0x801'094d            Code  Wk  startup_stm32f407xx.o [5]
I2C2_EV_IRQHandler       0x801'0949            Code  Wk  startup_stm32f407xx.o [5]
I2C3_ER_IRQHandler       0x801'09d5            Code  Wk  startup_stm32f407xx.o [5]
I2C3_EV_IRQHandler       0x801'09d1            Code  Wk  startup_stm32f407xx.o [5]
IntToUnicode             0x801'0249      0x26  Code  Lc  usbd_desc.o [1]
LL_AHB1_GRP1_EnableClock
                         0x800'c713      0x16  Code  Lc  gpio.o [4]
[...]
vIPSetARPResolutionTimerEnableState
                         0x800'3a71      0x14  Code  Gb  FreeRTOS_IP_Timers.o [9]
vIPSetARPTimerEnableState
                         0x800'3a5d      0x14  Code  Gb  FreeRTOS_IP_Timers.o [9]
vIPSetDHCP_RATimerEnableState
                         0x800'3a85      0x16  Code  Gb  FreeRTOS_IP_Timers.o [9]
vIPSetTCPTimerExpiredState
                         0x800'3a43      0x1a  Code  Gb  FreeRTOS_IP_Timers.o [9]
vIPTimerStartARPResolution
                         0x800'39e7       0x6  Code  Gb  FreeRTOS_IP_Timers.o [9]
vListInitialise          0x800'1357      0x1a  Code  Gb  list.o [10]
vListInitialiseItem      0x800'1371       0x6  Code  Gb  list.o [10]
vListInsert              0x800'1391      0x32  Code  Gb  list.o [10]
vListInsertEnd           0x800'1377      0x1a  Code  Gb  list.o [10]
vListInsertFifo          0x800'708d      0x1a  Code  Lc  FreeRTOS_TCP_WIN.o [9]
vMACBProbePhy            0x800'e945      0x22  Code  Gb  NetworkInterface.o [17]
vManageSolicitedNodeAddress
                         0x800'60e5      0x68  Code  Gb  FreeRTOS_IPv6_Utils.o [9]
vNDAgeCache              0x800'4da3      0x44  Code  Gb  FreeRTOS_ND.o [9]
vNDRefreshCacheEntry     0x800'4d25      0x7e  Code  Gb  FreeRTOS_ND.o [9]
vNDSendNeighbourSolicitation
                         0x800'4e6b     0x112  Code  Gb  FreeRTOS_ND.o [9]
vNDSendRouterSolicitation
                         0x800'41f9     0x10a  Code  Gb  FreeRTOS_RA.o [9]
vNetworkSocketsInit      0x800'2281      0x18  Code  Gb  FreeRTOS_Sockets.o [9]
vNetworkTimerReload      0x800'3a01       0x6  Code  Gb  FreeRTOS_IP_Timers.o [9]
vPhyInitialise           0x800'f45d      0x14  Code  Gb  phyHandling.o [17]
vPortEnableVFP           0x800'1b51            Code  Gb  portasm.o [16]
vPortEnterCritical       0x800'1533      0x32  Code  Gb  port.o [16]
vPortExitCritical        0x800'1565      0x22  Code  Gb  port.o [16]
vPortFree                0x800'1257      0xb0  Code  Gb  heap_4.o [16]
vPortSetupTimerInterrupt
                         0x800'1a95      0x28  Code  Wk  port.o [16]
vPortStartFirstTask      0x800'1b31            Code  Gb  portasm.o [16]
vPortValidateInterruptPriority
                         0x800'15ad      0x2c  Code  Gb  port.o [16]
vPreCheckConfigs         0x800'5ab7      0x2a  Code  Gb  FreeRTOS_IP_Utils.o [9]
vProcessGeneratedUDPPacket
                         0x800'45ad      0x1e  Code  Gb  FreeRTOS_UDP_IP.o [9]
vProcessGeneratedUDPPacket_IPv4
                         0x800'8af5      0xce  Code  Gb  FreeRTOS_UDP_IPv4.o [9]
vProcessGeneratedUDPPacket_IPv4{5}{6}{7}{8}::ucDefaultPartUDPPacketHeader
                         0x800'8c64      0x18  Data  Lc  FreeRTOS_UDP_IPv4.o [9]
vProcessGeneratedUDPPacket_IPv6
                         0x800'8c7d     0x114  Code  Gb  FreeRTOS_UDP_IPv6.o [9]
vQueueAddToRegistry      0x800'37f5      0x3a  Code  Gb  queue.o [10]
vQueueDelete             0x800'36c9      0x22  Code  Gb  queue.o [10]
vQueueUnregisterQueue    0x800'382f      0x2a  Code  Gb  queue.o [10]
vQueueWaitForMessageRestricted
                         0x800'3861      0x48  Code  Gb  queue.o [10]
vRAProcess               0x800'4453     0x154  Code  Gb  FreeRTOS_RA.o [9]
vReceiveNA               0x800'4303      0x54  Code  Gb  FreeRTOS_RA.o [9]
vReceiveRA               0x800'4357      0xec  Code  Gb  FreeRTOS_RA.o [9]
vRegisterDelay           0x800'f26f      0x24  Code  Lc  stm32fxx_hal_eth.o [17]
vReleaseNetworkBuffer    0x800'5847       0xc  Code  Gb  BufferAllocation_2.o [17]
vReleaseNetworkBufferAndDescriptor
                         0x800'5903      0x42  Code  Gb  BufferAllocation_2.o [17]
vReturnEthernetFrame     0x800'20e3      0xa2  Code  Gb  FreeRTOS_IP.o [9]
vSetAllNetworksUp        0x800'3a9b       0x6  Code  Gb  FreeRTOS_IP_Timers.o [9]
vSetMultiCastIPv4MacAddress
                         0x800'8e2b      0x30  Code  Gb  FreeRTOS_IPv4_Utils.o [9]
vSetMultiCastIPv6MacAddress
                         0x800'605d      0x18  Code  Gb  FreeRTOS_IPv6_Utils.o [9]
vSocketBind              0x800'24c1     0x12c  Code  Gb  FreeRTOS_Sockets.o [9]
vSocketClose             0x800'2613      0xd2  Code  Gb  FreeRTOS_Sockets.o [9]
vSocketCloseNextTime     0x800'3cdd      0x18  Code  Gb  FreeRTOS_TCP_IP.o [9]
vSocketListenNextTime    0x800'3cf5      0x1c  Code  Gb  FreeRTOS_TCP_IP.o [9]
vSocketSelect            0x800'2fff     0x110  Code  Gb  FreeRTOS_Sockets.o [9]
vSocketWakeUpUser        0x800'29ef      0x3a  Code  Gb  FreeRTOS_Sockets.o [9]
vStreamBufferClear       0x800'7a63      0x10  Code  Gb  FreeRTOS_Stream_Buffer.o [9]
vStreamBufferMoveMid     0x800'7a73      0x20  Code  Gb  FreeRTOS_Stream_Buffer.o [9]
vTCPStateChange          0x800'3d99     0x170  Code  Gb  FreeRTOS_TCP_IP.o [9]
vTCPTimerReload          0x800'39f1       0x6  Code  Gb  FreeRTOS_IP_Timers.o [9]
vTCPWindowDestroy        0x800'71bd      0x34  Code  Gb  FreeRTOS_TCP_WIN.o [9]
vTCPWindowFree           0x800'718b      0x32  Code  Lc  FreeRTOS_TCP_WIN.o [9]
vTCPWindowInit           0x800'7287      0x42  Code  Gb  FreeRTOS_TCP_WIN.o [9]
vTaskDelay               0x800'03a9      0x30  Code  Gb  tasks.o [10]
vTaskGenericNotifyGiveFromISR
                         0x800'0eeb      0xcc  Code  Gb  tasks.o [10]
vTaskInternalSetTimeOutState
                         0x800'0999       0xe  Code  Gb  tasks.o [10]
vTaskMissedYield         0x800'0a07       0xa  Code  Gb  tasks.o [10]
vTaskPlaceOnEventList    0x800'0733      0x24  Code  Gb  tasks.o [10]
vTaskPlaceOnEventListRestricted
                         0x800'07b3      0x48  Code  Gb  tasks.o [10]
vTaskPlaceOnUnorderedEventList
                         0x800'0757      0x5c  Code  Gb  tasks.o [10]
vTaskPriorityDisinheritAfterTimeout
                         0x800'0bf3      0x78  Code  Gb  tasks.o [10]
vTaskRemoveFromUnorderedEventList
                         0x800'08c1      0xae  Code  Gb  tasks.o [10]
vTaskSetTimeOutState     0x800'096f      0x24  Code  Gb  tasks.o [10]
vTaskStartScheduler      0x800'03fd      0x98  Code  Gb  tasks.o [10]
vTaskSuspendAll          0x800'049d       0xc  Code  Gb  tasks.o [10]
vTaskSwitchContext       0x800'06e3      0x50  Code  Gb  tasks.o [10]
xARPCache               0x2000'0000      0x60  Data  Lc  FreeRTOS_ARP.o [9]
xARPResolutionTimer     0x2001'9098      0x14  Data  Lc  FreeRTOS_IP_Timers.o [9]
xARPTimer               0x2001'906c      0x14  Data  Lc  FreeRTOS_IP_Timers.o [9]
xActiveTimerList1       0x2001'8dfc      0x14  Data  Lc  timers.o [10]
xActiveTimerList2       0x2001'8e10      0x14  Data  Lc  timers.o [10]
xAllNetworksUp          0x2001'9094       0x4  Data  Lc  FreeRTOS_IP_Timers.o [9]
xApplicationGetRandomNumber
                         0x800'16db       0xe  Code  Gb  eth_helper.o [6]
xBadIPv4Loopback         0x800'52c5      0x26  Code  Gb  FreeRTOS_IPv4.o [9]
xBadIPv6Loopback         0x800'5491      0x34  Code  Gb  FreeRTOS_IPv6.o [9]
xBoundTCPSocketsList    0x2001'91e0      0x14  Data  Gb  FreeRTOS_Sockets.o [9]
xBoundUDPSocketsList    0x2001'91f4      0x14  Data  Gb  FreeRTOS_Sockets.o [9]
xBroadcastMACAddress     0x800'2220       0x8  Data  Gb  FreeRTOS_IP.o [9]
xBufferAllocFixedSize    0x801'08c0       0x4  Data  Gb  BufferAllocation_2.o [17]
xCalculateSleepTime      0x800'38a9      0x4a  Code  Gb  FreeRTOS_IP_Timers.o [9]
xCheckRequiresARPResolution
                         0x800'4821      0x88  Code  Gb  FreeRTOS_ARP.o [9]
xCompareIPv6_Address     0x800'5519      0x9e  Code  Gb  FreeRTOS_IPv6.o [9]
xCompareIPv6_Address::FreeRTOS_in6addr_allnodes
                         0x800'5784      0x10  Data  Lc  FreeRTOS_IPv6.o [9]
xDelayedTaskList1       0x2000'3174      0x14  Data  Lc  tasks.o [10]
xDelayedTaskList2       0x2000'3188      0x14  Data  Lc  tasks.o [10]
xEMACTaskHandle         0x2000'00d4       0x4  Data  Lc  NetworkInterface.o [17]
xETH                    0x2001'9110      0x48  Data  Lc  NetworkInterface.o [17]
xEventGroupClearBits     0x800'3bdb      0x30  Code  Gb  event_groups.o [10]
xEventGroupCreate        0x800'3acf      0x1e  Code  Gb  event_groups.o [10]
xEventGroupSetBits       0x800'3c0b      0x72  Code  Gb  event_groups.o [10]
xEventGroupWaitBits      0x800'3aed      0xd6  Code  Gb  event_groups.o [10]
xFreeBuffersList        0x2001'922c      0x14  Data  Lc  BufferAllocation_2.o [17]
xFreeBytesRemaining     0x2000'335c       0x4  Data  Lc  heap_4.o [16]
xGetCommand              0x800'd87c      0x10  Data  Gb  cli.o [3]
xGetExtensionOrder       0x800'56b1      0x44  Code  Gb  FreeRTOS_IPv6.o [9]
xHelpCommand             0x801'0888      0x10  Data  Lc  FreeRTOS_CLI.o [8]
xIPIsNetworkTaskReady    0x800'2195       0x6  Code  Gb  FreeRTOS_IP.o [9]
xIPTaskHandle           0x2001'54e8       0x4  Data  Lc  FreeRTOS_IP.o [9]
xIPTaskInitialised      0x2001'54ec       0x4  Data  Lc  FreeRTOS_IP.o [9]
xIPv6_GetIPType          0x800'5ff1      0x4c  Code  Gb  FreeRTOS_Routing.o [9]
xIPv6_GetIPType::xIPCouples
                         0x800'603c      0x20  Data  Lc  FreeRTOS_Routing.o [9]
xIdleTaskHandles        0x2000'3168       0x4  Data  Lc  tasks.o [10]
xIsCallingFromIPTask     0x800'59bd      0x18  Code  Gb  FreeRTOS_IP_Utils.o [9]
xIsIPInARPCache          0x800'47f9      0x28  Code  Gb  FreeRTOS_ARP.o [9]
xIsIPv4Loopback          0x800'52eb      0x28  Code  Gb  FreeRTOS_IPv4.o [9]
xIsIPv4Multicast         0x800'52a1      0x24  Code  Gb  FreeRTOS_IPv4.o [9]
xIsIPv6AllowedMulticast
                         0x800'54c5      0x52  Code  Gb  FreeRTOS_IPv6.o [9]
xIsIPv6Loopback          0x800'547d      0x14  Code  Gb  FreeRTOS_IPv6.o [9]
xLastGratuitousARPTime  0x2000'0060       0x4  Data  Lc  FreeRTOS_ARP.o [9]
xMacInitStatus          0x2001'92a3       0x1  Data  Lc  NetworkInterface.o [17]
xMinimumEverFreeBytesRemaining
                        0x2000'3360       0x4  Data  Lc  heap_4.o [16]
xNDCache                0x2001'8060     0x300  Data  Lc  FreeRTOS_ND.o [9]
xNetworkBufferSemaphore
                        0x2001'9244       0x4  Data  Lc  BufferAllocation_2.o [17]
xNetworkBuffersInitialise
                         0x800'57dd      0x56  Code  Gb  BufferAllocation_2.o [17]
xNetworkBuffersInitialise::xNetworkBufferDescriptors
                        0x2001'476c     0xd20  Data  Lc  BufferAllocation_2.o [17]
xNetworkBuffersInitialise{1}{2}{3}::xNetworkBufferSemaphoreBuffer
                        0x2001'548c      0x50  Data  Lc  BufferAllocation_2.o [17]
xNetworkDownEventPending
                        0x2001'54e4       0x4  Data  Lc  FreeRTOS_IP.o [9]
xNetworkEventQueue      0x2001'54e0       0x4  Data  Gb  FreeRTOS_IP.o [9]
xNetworkTimer           0x2001'90ac      0x14  Data  Lc  FreeRTOS_IP_Timers.o [9]
xNextTaskUnblockTime    0x2000'3164       0x4  Data  Lc  tasks.o [10]
xNumOfOverflows         0x2000'315c       0x4  Data  Lc  tasks.o [10]
xNumberOfSuccessfulAllocations
                        0x2000'3364       0x4  Data  Lc  heap_4.o [16]
xNumberOfSuccessfulFrees
                        0x2000'3368       0x4  Data  Lc  heap_4.o [16]
xPHYProperties           0x800'ebec       0x4  Data  Gb  NetworkInterface.o [17]
xPendedTicks            0x2000'3154       0x4  Data  Lc  tasks.o [10]
xPendingReadyList       0x2000'30f8      0x14  Data  Lc  tasks.o [10]
xPhyCheckLinkStatus      0x800'f8e5      0xa8  Code  Gb  phyHandling.o [17]
xPhyConfigure            0x800'f4d1     0x1e2  Code  Gb  phyHandling.o [17]
xPhyDiscover             0x800'f471      0x60  Code  Gb  phyHandling.o [17]
xPhyFixedValue           0x800'f6b3      0x4a  Code  Gb  phyHandling.o [17]
xPhyObject              0x2000'0088      0x40  Data  Lc  NetworkInterface.o [17]
xPhyStartAutoNegotiation
                         0x800'f6fd     0x1ce  Code  Gb  phyHandling.o [17]
xPortStartScheduler      0x800'1445      0xe0  Code  Gb  port.o [16]
xProcessReceivedTCPPacket
                         0x800'3f9d     0x204  Code  Gb  FreeRTOS_TCP_IP.o [9]
xProcessReceivedUDPPacket
                         0x800'45cb      0x3e  Code  Gb  FreeRTOS_UDP_IP.o [9]
xProcessReceivedUDPPacket_IPv4
                         0x800'8bc3      0x94  Code  Gb  FreeRTOS_UDP_IPv4.o [9]
xProcessReceivedUDPPacket_IPv6
                         0x800'8d91      0x8c  Code  Gb  FreeRTOS_UDP_IPv6.o [9]
xQueueCreateCountingSemaphore
                         0x800'32c9      0x1e  Code  Gb  queue.o [10]
xQueueCreateCountingSemaphoreStatic
                         0x800'32a5      0x24  Code  Gb  queue.o [10]
xQueueGenericCreate      0x800'322b      0x4a  Code  Gb  queue.o [10]
xQueueGenericCreateStatic
                         0x800'31db      0x50  Code  Gb  queue.o [10]
xQueueGenericReset       0x800'3149      0x92  Code  Gb  queue.o [10]
xQueueGenericSend        0x800'32e7     0x12c  Code  Gb  queue.o [10]
xQueueReceive            0x800'341b     0x110  Code  Gb  queue.o [10]
xQueueRegistry          0x2001'91a0      0x40  Data  Gb  queue.o [10]
xQueueSemaphoreTake      0x800'352b     0x120  Code  Gb  queue.o [10]
xRegisteredCommands     0x2000'007c       0x8  Data  Lc  FreeRTOS_CLI.o [8]
xResetCommand            0x800'd88c      0x10  Data  Gb  cli.o [3]
xRoutingStatistics      0x2001'9000      0x68  Data  Gb  FreeRTOS_Routing.o [9]
xSTM32F_GetPhyLinkStatus
                         0x800'e9f1       0x2  Code  Lc  NetworkInterface.o [17]
xSTM32F_NetworkInterfaceInitialise
                         0x800'e605      0xd0  Code  Lc  NetworkInterface.o [17]
xSTM32F_NetworkInterfaceOutput
                         0x800'e857      0x8c  Code  Lc  NetworkInterface.o [17]
xSTM32_PhyRead           0x800'e917       0xc  Code  Gb  NetworkInterface.o [17]
xSTM32_PhyWrite          0x800'e923       0xa  Code  Gb  NetworkInterface.o [17]
xSchedulerRunning       0x2000'3150       0x4  Data  Lc  tasks.o [10]
xSegmentList            0x2001'9260      0x14  Data  Lc  FreeRTOS_TCP_WIN.o [9]
xSendEventStructToIPTask
                         0x800'206d      0x48  Code  Gb  FreeRTOS_IP.o [9]
xSendEventToIPTask       0x800'2059      0x14  Code  Gb  FreeRTOS_IP.o [9]
xSequenceGreaterThan     0x800'7073       0xe  Code  Gb  FreeRTOS_TCP_WIN.o [9]
xSequenceGreaterThanOrEqual
                         0x800'7081       0xc  Code  Lc  FreeRTOS_TCP_WIN.o [9]
xSequenceLessThan        0x800'7065       0xe  Code  Gb  FreeRTOS_TCP_WIN.o [9]
xSetCommand              0x800'd86c      0x10  Data  Gb  cli.o [3]
xSocketToClose          0x2001'9290       0x4  Data  Lc  FreeRTOS_TCP_IP.o [9]
xSocketToListen         0x2001'9294       0x4  Data  Lc  FreeRTOS_TCP_IP.o [9]
xSocketValid             0x800'2fef      0x10  Code  Gb  FreeRTOS_Sockets.o [9]
xStart                  0x2000'3350       0x8  Data  Lc  heap_4.o [16]
xStreamBufferLessThenEqual
                         0x800'7a93      0x12  Code  Gb  FreeRTOS_Stream_Buffer.o [9]
xSuspendedTaskList      0x2000'3120      0x14  Data  Lc  tasks.o [10]
xTCPCheckNewClient       0x800'41ad      0x40  Code  Gb  FreeRTOS_TCP_IP.o [9]
xTCPSegments            0x2001'9274       0x4  Data  Lc  FreeRTOS_TCP_WIN.o [9]
xTCPSend                 0x800'1619      0xc2  Code  Gb  eth_helper.o [6]
xTCPSocketCheck          0x800'3d11      0x7c  Code  Gb  FreeRTOS_TCP_IP.o [9]
xTCPTimer               0x2001'9080      0x14  Data  Lc  FreeRTOS_IP_Timers.o [9]
xTCPTimerCheck           0x800'2d9f      0x7a  Code  Gb  FreeRTOS_Sockets.o [9]
xTCPTimerCheck::xLastTime
                        0x2001'9208       0x4  Data  Lc  FreeRTOS_Sockets.o [9]
xTCPWindowCreate         0x800'71f1      0x96  Code  Gb  FreeRTOS_TCP_WIN.o [9]
xTCPWindowGetHead        0x800'7167      0x16  Code  Lc  FreeRTOS_TCP_WIN.o [9]
xTCPWindowLoggingLevel  0x2001'9298       0x4  Data  Gb  FreeRTOS_TCP_WIN.o [9]
xTCPWindowNew            0x800'70d7      0x66  Code  Lc  FreeRTOS_TCP_WIN.o [9]
xTCPWindowPeekHead       0x800'717d       0xe  Code  Lc  FreeRTOS_TCP_WIN.o [9]
xTCPWindowRxEmpty        0x800'714b      0x1c  Code  Gb  FreeRTOS_TCP_WIN.o [9]
xTCPWindowRxFind         0x800'70b5      0x22  Code  Lc  FreeRTOS_TCP_WIN.o [9]
xTCPWindowTxDone         0x800'74db       0xc  Code  Gb  FreeRTOS_TCP_WIN.o [9]
xTCPWindowTxHasData      0x800'7527      0x66  Code  Gb  FreeRTOS_TCP_WIN.o [9]
xTXDescriptorSemaphore  0x2000'00c8       0x4  Data  Lc  NetworkInterface.o [17]
xTaskCheckForTimeOut     0x800'09a7      0x60  Code  Gb  tasks.o [10]
xTaskCreate              0x800'01fd      0x5c  Code  Gb  tasks.o [10]
xTaskCreateStatic        0x800'0189      0x74  Code  Gb  tasks.o [10]
xTaskGenericNotifyFromISR
                         0x800'0dc9     0x11c  Code  Gb  tasks.o [10]
xTaskGenericNotifyWait   0x800'0d1d      0x8a  Code  Gb  tasks.o [10]
xTaskGetCurrentTaskHandle
                         0x800'0aa5       0x8  Code  Gb  tasks.o [10]
xTaskGetSchedulerState   0x800'0aad      0x18  Code  Gb  tasks.o [10]
xTaskGetTickCount        0x800'05af       0x8  Code  Gb  tasks.o [10]
xTaskIncrementTick       0x800'05b7     0x12c  Code  Gb  tasks.o [10]
xTaskPriorityDisinherit
                         0x800'0b4d      0x84  Code  Gb  tasks.o [10]
xTaskPriorityInherit     0x800'0ac5      0x88  Code  Gb  tasks.o [10]
xTaskRemoveFromEventList
                         0x800'07fb      0xbc  Code  Gb  tasks.o [10]
xTaskResumeAll           0x800'04a9      0xf0  Code  Gb  tasks.o [10]
xTasksWaitingTermination
                        0x2000'310c      0x14  Data  Lc  tasks.o [10]
xTickCount              0x2000'3148       0x4  Data  Lc  tasks.o [10]
xTimerCreateTimerTask    0x800'173d      0x54  Code  Gb  timers.o [10]
xTimerGenericCommandFromTask
                         0x800'1791      0x4c  Code  Gb  timers.o [10]
xTimerQueue             0x2001'8df0       0x4  Data  Lc  timers.o [10]
xTimerTaskHandle        0x2001'8df4       0x4  Data  Lc  timers.o [10]
xYieldPendings          0x2000'3158       0x4  Data  Lc  tasks.o [10]


[1] = C:\Users\Koche\Desktop\Work\Smart Dispenser PRJ\gateway\EWARM\Gateway_407\Obj\App_6048373297342892631.dir
[2] = C:\Users\Koche\Desktop\Work\Smart Dispenser PRJ\gateway\EWARM\Gateway_407\Obj\CMSIS_6603591812247902717.dir
[3] = C:\Users\Koche\Desktop\Work\Smart Dispenser PRJ\gateway\EWARM\Gateway_407\Obj\Cli_11707894225168942927.dir
[4] = C:\Users\Koche\Desktop\Work\Smart Dispenser PRJ\gateway\EWARM\Gateway_407\Obj\Core_13247989168731456611.dir
[5] = C:\Users\Koche\Desktop\Work\Smart Dispenser PRJ\gateway\EWARM\Gateway_407\Obj\EWARM_18443280873093131863.dir
[6] = C:\Users\Koche\Desktop\Work\Smart Dispenser PRJ\gateway\EWARM\Gateway_407\Obj\Ethernet_5605320102233052314.dir
[7] = C:\Users\Koche\Desktop\Work\Smart Dispenser PRJ\gateway\EWARM\Gateway_407\Obj\Flash_13912709933827620245.dir
[8] = C:\Users\Koche\Desktop\Work\Smart Dispenser PRJ\gateway\EWARM\Gateway_407\Obj\FreeRTOS-Plu-Cli_11501085631675054166.dir
[9] = C:\Users\Koche\Desktop\Work\Smart Dispenser PRJ\gateway\EWARM\Gateway_407\Obj\FreeRTOS-Plus-TCP_16686340316780321206.dir
[10] = C:\Users\Koche\Desktop\Work\Smart Dispenser PRJ\gateway\EWARM\Gateway_407\Obj\FreeRTOS_15068288790229095433.dir
[11] = C:\Users\Koche\Desktop\Work\Smart Dispenser PRJ\gateway\EWARM\Gateway_407\Obj\Gate_3448444589264835548.dir
[12] = C:\Users\Koche\Desktop\Work\Smart Dispenser PRJ\gateway\EWARM\Gateway_407\Obj\STM32F4xx_HAL_Driver_1244631019742807970.dir
[13] = C:\Users\Koche\Desktop\Work\Smart Dispenser PRJ\gateway\EWARM\Gateway_407\Obj\System_11455613988876714787.dir
[14] = C:\Users\Koche\Desktop\Work\Smart Dispenser PRJ\gateway\EWARM\Gateway_407\Obj\Target_2794460481546860895.dir
[15] = C:\Users\Koche\Desktop\Work\Smart Dispenser PRJ\gateway\EWARM\Gateway_407\Obj\USB_Device_Library_15009154495834662892.dir
[16] = C:\Users\Koche\Desktop\Work\Smart Dispenser PRJ\gateway\EWARM\Gateway_407\Obj\portable_15954926109208205999.dir
[17] = C:\Users\Koche\Desktop\Work\Smart Dispenser PRJ\gateway\EWARM\Gateway_407\Obj\portable_7947777220660125680.dir
[18] = dl7M_tlf.a
[19] = m7M_tls.a
[20] = rt7M_tl.a
[21] = shb_l.a

   67'206 bytes of readonly  code memory
    1'330 bytes of readonly  data memory
  104'101 bytes of readwrite data memory

Errors: none
Warnings: none
