###############################################################################
#
# IAR ELF Linker V9.60.3.422/W64 for ARM                  18/Sep/2025  22:31:08
# Copyright 2007-2024 IAR Systems AB.
#
#    Output file  =
#        C:\Users\Koche\Desktop\Work\Smart Dispenser
#        PRJ\gateway\EWARM\Gateway_407\Exe\Gateway_407.out
#    Map file     =
#        C:\Users\Koche\Desktop\Work\Smart Dispenser
#        PRJ\gateway\EWARM\Gateway_407\List\Gateway_407.map
#    Command line =
#        -f "C:\Users\Koche\Desktop\Work\Smart Dispenser
#        PRJ\gateway\EWARM\Gateway_407\Exe\Gateway_407.out.rsp"
#        ("C:\Users\Koche\Desktop\Work\Smart Dispenser
#        PRJ\gateway\EWARM\Gateway_407\Obj\portable_7947777220660125680.dir\BufferAllocation_2.o"
#        "C:\Users\Koche\Desktop\Work\Smart Dispenser
#        PRJ\gateway\EWARM\Gateway_407\Obj\Cli_11707894225168942927.dir\cli.o"
#        "C:\Users\Koche\Desktop\Work\Smart Dispenser
#        PRJ\gateway\EWARM\Gateway_407\Obj\Cli_11707894225168942927.dir\cli_handlers.o"
#        "C:\Users\Koche\Desktop\Work\Smart Dispenser
#        PRJ\gateway\EWARM\Gateway_407\Obj\Cli_11707894225168942927.dir\cli_helper.o"
#        "C:\Users\Koche\Desktop\Work\Smart Dispenser
#        PRJ\gateway\EWARM\Gateway_407\Obj\Core_13247989168731456611.dir\dma.o"
#        "C:\Users\Koche\Desktop\Work\Smart Dispenser
#        PRJ\gateway\EWARM\Gateway_407\Obj\Ethernet_5605320102233052314.dir\eth.o"
#        "C:\Users\Koche\Desktop\Work\Smart Dispenser
#        PRJ\gateway\EWARM\Gateway_407\Obj\Ethernet_5605320102233052314.dir\eth_helper.o"
#        "C:\Users\Koche\Desktop\Work\Smart Dispenser
#        PRJ\gateway\EWARM\Gateway_407\Obj\FreeRTOS_15068288790229095433.dir\event_groups.o"
#        "C:\Users\Koche\Desktop\Work\Smart Dispenser
#        PRJ\gateway\EWARM\Gateway_407\Obj\Flash_13912709933827620245.dir\flash.o"
#        "C:\Users\Koche\Desktop\Work\Smart Dispenser
#        PRJ\gateway\EWARM\Gateway_407\Obj\FreeRTOS-Plus-TCP_16686340316780321206.dir\FreeRTOS_ARP.o"
#        "C:\Users\Koche\Desktop\Work\Smart Dispenser
#        PRJ\gateway\EWARM\Gateway_407\Obj\FreeRTOS-Plus-TCP_16686340316780321206.dir\FreeRTOS_BitConfig.o"
#        "C:\Users\Koche\Desktop\Work\Smart Dispenser
#        PRJ\gateway\EWARM\Gateway_407\Obj\FreeRTOS-Plu-Cli_11501085631675054166.dir\FreeRTOS_CLI.o"
#        "C:\Users\Koche\Desktop\Work\Smart Dispenser
#        PRJ\gateway\EWARM\Gateway_407\Obj\FreeRTOS-Plus-TCP_16686340316780321206.dir\FreeRTOS_DHCP.o"
#        "C:\Users\Koche\Desktop\Work\Smart Dispenser
#        PRJ\gateway\EWARM\Gateway_407\Obj\FreeRTOS-Plus-TCP_16686340316780321206.dir\FreeRTOS_DHCPv6.o"
#        "C:\Users\Koche\Desktop\Work\Smart Dispenser
#        PRJ\gateway\EWARM\Gateway_407\Obj\FreeRTOS-Plus-TCP_16686340316780321206.dir\FreeRTOS_DNS.o"
#        "C:\Users\Koche\Desktop\Work\Smart Dispenser
#        PRJ\gateway\EWARM\Gateway_407\Obj\FreeRTOS-Plus-TCP_16686340316780321206.dir\FreeRTOS_DNS_Cache.o"
#        "C:\Users\Koche\Desktop\Work\Smart Dispenser
#        PRJ\gateway\EWARM\Gateway_407\Obj\FreeRTOS-Plus-TCP_16686340316780321206.dir\FreeRTOS_DNS_Callback.o"
#        "C:\Users\Koche\Desktop\Work\Smart Dispenser
#        PRJ\gateway\EWARM\Gateway_407\Obj\FreeRTOS-Plus-TCP_16686340316780321206.dir\FreeRTOS_DNS_Networking.o"
#        "C:\Users\Koche\Desktop\Work\Smart Dispenser
#        PRJ\gateway\EWARM\Gateway_407\Obj\FreeRTOS-Plus-TCP_16686340316780321206.dir\FreeRTOS_DNS_Parser.o"
#        "C:\Users\Koche\Desktop\Work\Smart Dispenser
#        PRJ\gateway\EWARM\Gateway_407\Obj\FreeRTOS-Plus-TCP_16686340316780321206.dir\FreeRTOS_ICMP.o"
#        "C:\Users\Koche\Desktop\Work\Smart Dispenser
#        PRJ\gateway\EWARM\Gateway_407\Obj\FreeRTOS-Plus-TCP_16686340316780321206.dir\FreeRTOS_IP.o"
#        "C:\Users\Koche\Desktop\Work\Smart Dispenser
#        PRJ\gateway\EWARM\Gateway_407\Obj\FreeRTOS-Plus-TCP_16686340316780321206.dir\FreeRTOS_IP_Timers.o"
#        "C:\Users\Koche\Desktop\Work\Smart Dispenser
#        PRJ\gateway\EWARM\Gateway_407\Obj\FreeRTOS-Plus-TCP_16686340316780321206.dir\FreeRTOS_IP_Utils.o"
#        "C:\Users\Koche\Desktop\Work\Smart Dispenser
#        PRJ\gateway\EWARM\Gateway_407\Obj\FreeRTOS-Plus-TCP_16686340316780321206.dir\FreeRTOS_IPv4.o"
#        "C:\Users\Koche\Desktop\Work\Smart Dispenser
#        PRJ\gateway\EWARM\Gateway_407\Obj\FreeRTOS-Plus-TCP_16686340316780321206.dir\FreeRTOS_IPv4_Sockets.o"
#        "C:\Users\Koche\Desktop\Work\Smart Dispenser
#        PRJ\gateway\EWARM\Gateway_407\Obj\FreeRTOS-Plus-TCP_16686340316780321206.dir\FreeRTOS_IPv4_Utils.o"
#        "C:\Users\Koche\Desktop\Work\Smart Dispenser
#        PRJ\gateway\EWARM\Gateway_407\Obj\FreeRTOS-Plus-TCP_16686340316780321206.dir\FreeRTOS_IPv6.o"
#        "C:\Users\Koche\Desktop\Work\Smart Dispenser
#        PRJ\gateway\EWARM\Gateway_407\Obj\FreeRTOS-Plus-TCP_16686340316780321206.dir\FreeRTOS_IPv6_Sockets.o"
#        "C:\Users\Koche\Desktop\Work\Smart Dispenser
#        PRJ\gateway\EWARM\Gateway_407\Obj\FreeRTOS-Plus-TCP_16686340316780321206.dir\FreeRTOS_IPv6_Utils.o"
#        "C:\Users\Koche\Desktop\Work\Smart Dispenser
#        PRJ\gateway\EWARM\Gateway_407\Obj\FreeRTOS-Plus-TCP_16686340316780321206.dir\FreeRTOS_ND.o"
#        "C:\Users\Koche\Desktop\Work\Smart Dispenser
#        PRJ\gateway\EWARM\Gateway_407\Obj\FreeRTOS-Plus-TCP_16686340316780321206.dir\FreeRTOS_RA.o"
#        "C:\Users\Koche\Desktop\Work\Smart Dispenser
#        PRJ\gateway\EWARM\Gateway_407\Obj\FreeRTOS-Plus-TCP_16686340316780321206.dir\FreeRTOS_Routing.o"
#        "C:\Users\Koche\Desktop\Work\Smart Dispenser
#        PRJ\gateway\EWARM\Gateway_407\Obj\FreeRTOS-Plus-TCP_16686340316780321206.dir\FreeRTOS_Sockets.o"
#        "C:\Users\Koche\Desktop\Work\Smart Dispenser
#        PRJ\gateway\EWARM\Gateway_407\Obj\FreeRTOS-Plus-TCP_16686340316780321206.dir\FreeRTOS_Stream_Buffer.o"
#        "C:\Users\Koche\Desktop\Work\Smart Dispenser
#        PRJ\gateway\EWARM\Gateway_407\Obj\FreeRTOS-Plus-TCP_16686340316780321206.dir\FreeRTOS_TCP_IP.o"
#        "C:\Users\Koche\Desktop\Work\Smart Dispenser
#        PRJ\gateway\EWARM\Gateway_407\Obj\FreeRTOS-Plus-TCP_16686340316780321206.dir\FreeRTOS_TCP_IP_IPv4.o"
#        "C:\Users\Koche\Desktop\Work\Smart Dispenser
#        PRJ\gateway\EWARM\Gateway_407\Obj\FreeRTOS-Plus-TCP_16686340316780321206.dir\FreeRTOS_TCP_IP_IPv6.o"
#        "C:\Users\Koche\Desktop\Work\Smart Dispenser
#        PRJ\gateway\EWARM\Gateway_407\Obj\FreeRTOS-Plus-TCP_16686340316780321206.dir\FreeRTOS_TCP_Reception.o"
#        "C:\Users\Koche\Desktop\Work\Smart Dispenser
#        PRJ\gateway\EWARM\Gateway_407\Obj\FreeRTOS-Plus-TCP_16686340316780321206.dir\FreeRTOS_TCP_State_Handling.o"
#        "C:\Users\Koche\Desktop\Work\Smart Dispenser
#        PRJ\gateway\EWARM\Gateway_407\Obj\FreeRTOS-Plus-TCP_16686340316780321206.dir\FreeRTOS_TCP_State_Handling_IPv4.o"
#        "C:\Users\Koche\Desktop\Work\Smart Dispenser
#        PRJ\gateway\EWARM\Gateway_407\Obj\FreeRTOS-Plus-TCP_16686340316780321206.dir\FreeRTOS_TCP_State_Handling_IPv6.o"
#        "C:\Users\Koche\Desktop\Work\Smart Dispenser
#        PRJ\gateway\EWARM\Gateway_407\Obj\FreeRTOS-Plus-TCP_16686340316780321206.dir\FreeRTOS_TCP_Transmission.o"
#        "C:\Users\Koche\Desktop\Work\Smart Dispenser
#        PRJ\gateway\EWARM\Gateway_407\Obj\FreeRTOS-Plus-TCP_16686340316780321206.dir\FreeRTOS_TCP_Transmission_IPv4.o"
#        "C:\Users\Koche\Desktop\Work\Smart Dispenser
#        PRJ\gateway\EWARM\Gateway_407\Obj\FreeRTOS-Plus-TCP_16686340316780321206.dir\FreeRTOS_TCP_Transmission_IPv6.o"
#        "C:\Users\Koche\Desktop\Work\Smart Dispenser
#        PRJ\gateway\EWARM\Gateway_407\Obj\FreeRTOS-Plus-TCP_16686340316780321206.dir\FreeRTOS_TCP_Utils.o"
#        "C:\Users\Koche\Desktop\Work\Smart Dispenser
#        PRJ\gateway\EWARM\Gateway_407\Obj\FreeRTOS-Plus-TCP_16686340316780321206.dir\FreeRTOS_TCP_Utils_IPv4.o"
#        "C:\Users\Koche\Desktop\Work\Smart Dispenser
#        PRJ\gateway\EWARM\Gateway_407\Obj\FreeRTOS-Plus-TCP_16686340316780321206.dir\FreeRTOS_TCP_Utils_IPv6.o"
#        "C:\Users\Koche\Desktop\Work\Smart Dispenser
#        PRJ\gateway\EWARM\Gateway_407\Obj\FreeRTOS-Plus-TCP_16686340316780321206.dir\FreeRTOS_TCP_WIN.o"
#        "C:\Users\Koche\Desktop\Work\Smart Dispenser
#        PRJ\gateway\EWARM\Gateway_407\Obj\FreeRTOS-Plus-TCP_16686340316780321206.dir\FreeRTOS_Tiny_TCP.o"
#        "C:\Users\Koche\Desktop\Work\Smart Dispenser
#        PRJ\gateway\EWARM\Gateway_407\Obj\FreeRTOS-Plus-TCP_16686340316780321206.dir\FreeRTOS_UDP_IP.o"
#        "C:\Users\Koche\Desktop\Work\Smart Dispenser
#        PRJ\gateway\EWARM\Gateway_407\Obj\FreeRTOS-Plus-TCP_16686340316780321206.dir\FreeRTOS_UDP_IPv4.o"
#        "C:\Users\Koche\Desktop\Work\Smart Dispenser
#        PRJ\gateway\EWARM\Gateway_407\Obj\FreeRTOS-Plus-TCP_16686340316780321206.dir\FreeRTOS_UDP_IPv6.o"
#        "C:\Users\Koche\Desktop\Work\Smart Dispenser
#        PRJ\gateway\EWARM\Gateway_407\Obj\Gate_3448444589264835548.dir\gate.o"
#        "C:\Users\Koche\Desktop\Work\Smart Dispenser
#        PRJ\gateway\EWARM\Gateway_407\Obj\Core_13247989168731456611.dir\gpio.o"
#        "C:\Users\Koche\Desktop\Work\Smart Dispenser
#        PRJ\gateway\EWARM\Gateway_407\Obj\portable_15954926109208205999.dir\heap_4.o"
#        "C:\Users\Koche\Desktop\Work\Smart Dispenser
#        PRJ\gateway\EWARM\Gateway_407\Obj\FreeRTOS_15068288790229095433.dir\list.o"
#        "C:\Users\Koche\Desktop\Work\Smart Dispenser
#        PRJ\gateway\EWARM\Gateway_407\Obj\Core_13247989168731456611.dir\main.o"
#        "C:\Users\Koche\Desktop\Work\Smart Dispenser
#        PRJ\gateway\EWARM\Gateway_407\Obj\portable_7947777220660125680.dir\NetworkInterface.o"
#        "C:\Users\Koche\Desktop\Work\Smart Dispenser
#        PRJ\gateway\EWARM\Gateway_407\Obj\portable_7947777220660125680.dir\phyHandling.o"
#        "C:\Users\Koche\Desktop\Work\Smart Dispenser
#        PRJ\gateway\EWARM\Gateway_407\Obj\portable_15954926109208205999.dir\port.o"
#        "C:\Users\Koche\Desktop\Work\Smart Dispenser
#        PRJ\gateway\EWARM\Gateway_407\Obj\portable_15954926109208205999.dir\portasm.o"
#        "C:\Users\Koche\Desktop\Work\Smart Dispenser
#        PRJ\gateway\EWARM\Gateway_407\Obj\FreeRTOS_15068288790229095433.dir\queue.o"
#        "C:\Users\Koche\Desktop\Work\Smart Dispenser
#        PRJ\gateway\EWARM\Gateway_407\Obj\Core_13247989168731456611.dir\spi.o"
#        "C:\Users\Koche\Desktop\Work\Smart Dispenser
#        PRJ\gateway\EWARM\Gateway_407\Obj\EWARM_18443280873093131863.dir\startup_stm32f407xx.o"
#        "C:\Users\Koche\Desktop\Work\Smart Dispenser
#        PRJ\gateway\EWARM\Gateway_407\Obj\STM32F4xx_HAL_Driver_1244631019742807970.dir\stm32f4xx_hal.o"
#        "C:\Users\Koche\Desktop\Work\Smart Dispenser
#        PRJ\gateway\EWARM\Gateway_407\Obj\STM32F4xx_HAL_Driver_1244631019742807970.dir\stm32f4xx_hal_cortex.o"
#        "C:\Users\Koche\Desktop\Work\Smart Dispenser
#        PRJ\gateway\EWARM\Gateway_407\Obj\STM32F4xx_HAL_Driver_1244631019742807970.dir\stm32f4xx_hal_dma.o"
#        "C:\Users\Koche\Desktop\Work\Smart Dispenser
#        PRJ\gateway\EWARM\Gateway_407\Obj\STM32F4xx_HAL_Driver_1244631019742807970.dir\stm32f4xx_hal_dma_ex.o"
#        "C:\Users\Koche\Desktop\Work\Smart Dispenser
#        PRJ\gateway\EWARM\Gateway_407\Obj\STM32F4xx_HAL_Driver_1244631019742807970.dir\stm32f4xx_hal_exti.o"
#        "C:\Users\Koche\Desktop\Work\Smart Dispenser
#        PRJ\gateway\EWARM\Gateway_407\Obj\STM32F4xx_HAL_Driver_1244631019742807970.dir\stm32f4xx_hal_flash.o"
#        "C:\Users\Koche\Desktop\Work\Smart Dispenser
#        PRJ\gateway\EWARM\Gateway_407\Obj\STM32F4xx_HAL_Driver_1244631019742807970.dir\stm32f4xx_hal_flash_ex.o"
#        "C:\Users\Koche\Desktop\Work\Smart Dispenser
#        PRJ\gateway\EWARM\Gateway_407\Obj\STM32F4xx_HAL_Driver_1244631019742807970.dir\stm32f4xx_hal_flash_ramfunc.o"
#        "C:\Users\Koche\Desktop\Work\Smart Dispenser
#        PRJ\gateway\EWARM\Gateway_407\Obj\STM32F4xx_HAL_Driver_1244631019742807970.dir\stm32f4xx_hal_gpio.o"
#        "C:\Users\Koche\Desktop\Work\Smart Dispenser
#        PRJ\gateway\EWARM\Gateway_407\Obj\Core_13247989168731456611.dir\stm32f4xx_hal_msp.o"
#        "C:\Users\Koche\Desktop\Work\Smart Dispenser
#        PRJ\gateway\EWARM\Gateway_407\Obj\STM32F4xx_HAL_Driver_1244631019742807970.dir\stm32f4xx_hal_pcd.o"
#        "C:\Users\Koche\Desktop\Work\Smart Dispenser
#        PRJ\gateway\EWARM\Gateway_407\Obj\STM32F4xx_HAL_Driver_1244631019742807970.dir\stm32f4xx_hal_pcd_ex.o"
#        "C:\Users\Koche\Desktop\Work\Smart Dispenser
#        PRJ\gateway\EWARM\Gateway_407\Obj\STM32F4xx_HAL_Driver_1244631019742807970.dir\stm32f4xx_hal_pwr.o"
#        "C:\Users\Koche\Desktop\Work\Smart Dispenser
#        PRJ\gateway\EWARM\Gateway_407\Obj\STM32F4xx_HAL_Driver_1244631019742807970.dir\stm32f4xx_hal_pwr_ex.o"
#        "C:\Users\Koche\Desktop\Work\Smart Dispenser
#        PRJ\gateway\EWARM\Gateway_407\Obj\STM32F4xx_HAL_Driver_1244631019742807970.dir\stm32f4xx_hal_rcc.o"
#        "C:\Users\Koche\Desktop\Work\Smart Dispenser
#        PRJ\gateway\EWARM\Gateway_407\Obj\STM32F4xx_HAL_Driver_1244631019742807970.dir\stm32f4xx_hal_rcc_ex.o"
#        "C:\Users\Koche\Desktop\Work\Smart Dispenser
#        PRJ\gateway\EWARM\Gateway_407\Obj\STM32F4xx_HAL_Driver_1244631019742807970.dir\stm32f4xx_hal_spi.o"
#        "C:\Users\Koche\Desktop\Work\Smart Dispenser
#        PRJ\gateway\EWARM\Gateway_407\Obj\STM32F4xx_HAL_Driver_1244631019742807970.dir\stm32f4xx_hal_tim.o"
#        "C:\Users\Koche\Desktop\Work\Smart Dispenser
#        PRJ\gateway\EWARM\Gateway_407\Obj\STM32F4xx_HAL_Driver_1244631019742807970.dir\stm32f4xx_hal_tim_ex.o"
#        "C:\Users\Koche\Desktop\Work\Smart Dispenser
#        PRJ\gateway\EWARM\Gateway_407\Obj\Core_13247989168731456611.dir\stm32f4xx_hal_timebase_tim.o"
#        "C:\Users\Koche\Desktop\Work\Smart Dispenser
#        PRJ\gateway\EWARM\Gateway_407\Obj\Core_13247989168731456611.dir\stm32f4xx_it.o"
#        "C:\Users\Koche\Desktop\Work\Smart Dispenser
#        PRJ\gateway\EWARM\Gateway_407\Obj\STM32F4xx_HAL_Driver_1244631019742807970.dir\stm32f4xx_ll_dma.o"
#        "C:\Users\Koche\Desktop\Work\Smart Dispenser
#        PRJ\gateway\EWARM\Gateway_407\Obj\STM32F4xx_HAL_Driver_1244631019742807970.dir\stm32f4xx_ll_exti.o"
#        "C:\Users\Koche\Desktop\Work\Smart Dispenser
#        PRJ\gateway\EWARM\Gateway_407\Obj\STM32F4xx_HAL_Driver_1244631019742807970.dir\stm32f4xx_ll_gpio.o"
#        "C:\Users\Koche\Desktop\Work\Smart Dispenser
#        PRJ\gateway\EWARM\Gateway_407\Obj\STM32F4xx_HAL_Driver_1244631019742807970.dir\stm32f4xx_ll_rcc.o"
#        "C:\Users\Koche\Desktop\Work\Smart Dispenser
#        PRJ\gateway\EWARM\Gateway_407\Obj\STM32F4xx_HAL_Driver_1244631019742807970.dir\stm32f4xx_ll_usart.o"
#        "C:\Users\Koche\Desktop\Work\Smart Dispenser
#        PRJ\gateway\EWARM\Gateway_407\Obj\STM32F4xx_HAL_Driver_1244631019742807970.dir\stm32f4xx_ll_usb.o"
#        "C:\Users\Koche\Desktop\Work\Smart Dispenser
#        PRJ\gateway\EWARM\Gateway_407\Obj\STM32F4xx_HAL_Driver_1244631019742807970.dir\stm32f4xx_ll_utils.o"
#        "C:\Users\Koche\Desktop\Work\Smart Dispenser
#        PRJ\gateway\EWARM\Gateway_407\Obj\portable_7947777220660125680.dir\stm32fxx_hal_eth.o"
#        "C:\Users\Koche\Desktop\Work\Smart Dispenser
#        PRJ\gateway\EWARM\Gateway_407\Obj\FreeRTOS_15068288790229095433.dir\stream_buffer.o"
#        "C:\Users\Koche\Desktop\Work\Smart Dispenser
#        PRJ\gateway\EWARM\Gateway_407\Obj\System_11455613988876714787.dir\system.o"
#        "C:\Users\Koche\Desktop\Work\Smart Dispenser
#        PRJ\gateway\EWARM\Gateway_407\Obj\CMSIS_6603591812247902717.dir\system_stm32f4xx.o"
#        "C:\Users\Koche\Desktop\Work\Smart Dispenser
#        PRJ\gateway\EWARM\Gateway_407\Obj\System_11455613988876714787.dir\system_thread.o"
#        "C:\Users\Koche\Desktop\Work\Smart Dispenser
#        PRJ\gateway\EWARM\Gateway_407\Obj\System_11455613988876714787.dir\system_uart.o"
#        "C:\Users\Koche\Desktop\Work\Smart Dispenser
#        PRJ\gateway\EWARM\Gateway_407\Obj\FreeRTOS_15068288790229095433.dir\tasks.o"
#        "C:\Users\Koche\Desktop\Work\Smart Dispenser
#        PRJ\gateway\EWARM\Gateway_407\Obj\Core_13247989168731456611.dir\tim.o"
#        "C:\Users\Koche\Desktop\Work\Smart Dispenser
#        PRJ\gateway\EWARM\Gateway_407\Obj\FreeRTOS_15068288790229095433.dir\timers.o"
#        "C:\Users\Koche\Desktop\Work\Smart Dispenser
#        PRJ\gateway\EWARM\Gateway_407\Obj\App_6048373297342892631.dir\usb_device.o"
#        "C:\Users\Koche\Desktop\Work\Smart Dispenser
#        PRJ\gateway\EWARM\Gateway_407\Obj\USB_Device_Library_15009154495834662892.dir\usbd_cdc.o"
#        "C:\Users\Koche\Desktop\Work\Smart Dispenser
#        PRJ\gateway\EWARM\Gateway_407\Obj\App_6048373297342892631.dir\usbd_cdc_if.o"
#        "C:\Users\Koche\Desktop\Work\Smart Dispenser
#        PRJ\gateway\EWARM\Gateway_407\Obj\Target_2794460481546860895.dir\usbd_conf.o"
#        "C:\Users\Koche\Desktop\Work\Smart Dispenser
#        PRJ\gateway\EWARM\Gateway_407\Obj\USB_Device_Library_15009154495834662892.dir\usbd_core.o"
#        "C:\Users\Koche\Desktop\Work\Smart Dispenser
#        PRJ\gateway\EWARM\Gateway_407\Obj\USB_Device_Library_15009154495834662892.dir\usbd_ctlreq.o"
#        "C:\Users\Koche\Desktop\Work\Smart Dispenser
#        PRJ\gateway\EWARM\Gateway_407\Obj\App_6048373297342892631.dir\usbd_desc.o"
#        "C:\Users\Koche\Desktop\Work\Smart Dispenser
#        PRJ\gateway\EWARM\Gateway_407\Obj\USB_Device_Library_15009154495834662892.dir\usbd_ioreq.o"
#        --no_out_extension -o "C:\Users\Koche\Desktop\Work\Smart Dispenser
#        PRJ\gateway\EWARM\Gateway_407\Exe\Gateway_407.out" --redirect
#        _Printf=_PrintfFullNoMb --redirect _Scanf=_ScanfFullNoMb --map
#        "C:\Users\Koche\Desktop\Work\Smart Dispenser
#        PRJ\gateway\EWARM\Gateway_407\List\Gateway_407.map" --config
#        "C:\Users\Koche\Desktop\Work\Smart Dispenser
#        PRJ\gateway\EWARM/stm32f407xx_flash.icf" --semihosting --entry
#        __iar_program_start --redirect __iar_sh_stdout=__iar_sh_stdout_swo
#        --vfe --text_out locale --cpu=Cortex-M4 --fpu=VFPv4_sp)
#        --dependencies=n "C:\Users\Koche\Desktop\Work\Smart Dispenser
#        PRJ\gateway\EWARM\Gateway_407\Exe\Gateway_407.out.iar_deps"
#
###############################################################################

*******************************************************************************
*** RUNTIME MODEL ATTRIBUTES
***

CppFlavor        = *
__CPP_Exceptions = Disabled
__CPP_Language   = C++14
__CPP_Library    = DLib
__CPP_Runtime    = 1
__SystemLibrary  = DLib
__dlib_version   = 6


*******************************************************************************
*** HEAP SELECTION
***

The basic heap was selected because --advanced_heap
was not specified and the application did not appear to
be primarily optimized for speed.


*******************************************************************************
*** PLACEMENT SUMMARY
***

"A0":  place at address 0x800'0000 { ro section .intvec };
"P2":  place in [from 0x800'0000 to 0x80f'ffff] { ro };
define block CSTACK with size = 1K, alignment = 8 { };
define block HEAP with size = 512, alignment = 8 { };
"P3":  place in [from 0x2000'0000 to 0x2001'ffff] {
          rw, block CSTACK, block HEAP };
initialize by copy { rw };

No sections matched the following patterns:

  section .ccmram  in "P1"


  Section            Kind         Address  Alignment      Size  Object
  -------            ----         -------  ---------      ----  ------
"A0":                                                    0x188
  .intvec            ro code   0x800'0000          4     0x188  startup_stm32f407xx.o [5]
                             - 0x800'0188                0x188

"P2":                                                 0x1'13f4
  .text              ro code   0x800'0188          4     0xfc4  FreeRTOS_Sockets.o [9]
  .text              ro code   0x800'114c          2      0x90  list.o [10]
  .text              ro code   0x800'11dc          4     0x6bc  FreeRTOS_IP.o [9]
  .text              ro code   0x800'1898          4     0x228  heap_4.o [16]
  .text              ro code   0x800'1ac0          4     0x21c  event_groups.o [10]
  .text              ro code   0x800'1cdc          4       0x6  ABImemclr.o [20]
  .text              ro code   0x800'1ce2          2      0x7e  lz77_init_single.o [20]
  .text              ro code   0x800'1d60          4     0x1fc  FreeRTOS_IP_Utils.o [9]
  .text              ro code   0x800'1f5c          4      0x18  ABImemcpy_small.o [20]
  .text              ro code   0x800'1f74          4      0x5c  eth_helper.o [6]
  .text              ro code   0x800'1fd0          4     0x508  FreeRTOS_Routing.o [9]
  .text              ro code   0x800'24d8          4     0x17c  BufferAllocation_2.o [17]
  .text              ro code   0x800'2654          4     0x784  FreeRTOS_TCP_WIN.o [9]
  .text              ro code   0x800'2dd8          2      0xb4  FreeRTOS_IPv4_Sockets.o [9]
  .text              ro code   0x800'2e8c          4     0x18c  FreeRTOS_IPv6_Sockets.o [9]
  .text              ro code   0x800'3018          4     0x51c  FreeRTOS_TCP_IP.o [9]
  .text              ro code   0x800'3534          4     0xf88  tasks.o [10]
  .text              ro code   0x800'44bc          2     0x1a0  FreeRTOS_Stream_Buffer.o [9]
  .text              ro code   0x800'465c          4       0x6  ABImemclr4.o [20]
  .text              ro code   0x800'4662          2      0x1a  xsnprout.o [18]
  .text              ro code   0x800'467c          4     0x218  FreeRTOS_IP_Timers.o [9]
  .text              ro code   0x800'4894          4     0x760  queue.o [10]
  .text              ro code   0x800'4ff4          4     0x3b4  FreeRTOS_RA.o [9]
  .text              ro code   0x800'53a8          2      0x6a  FreeRTOS_UDP_IP.o [9]
  .rodata            const     0x800'5412          2       0x2  xlocale_c.o [18]
  .text              ro code   0x800'5414          4     0x64c  FreeRTOS_ARP.o [9]
  .text              ro code   0x800'5a60          4     0x63c  FreeRTOS_ND.o [9]
  .text              ro code   0x800'609c          4     0x1dc  FreeRTOS_IPv4.o [9]
  .text              ro code   0x800'6278          4     0x318  FreeRTOS_IPv6.o [9]
  .text              ro code   0x800'6590          2      0x46  FreeRTOS_ICMP.o [9]
  .text              ro code   0x800'65d6          2      0xfe  FreeRTOS_IPv6_Utils.o [9]
  .text              ro code   0x800'66d4          4      0x1e  memcmp_small.o [20]
  .rodata            const     0x800'66f2          2       0x2  xlocale_c.o [18]
  .text              ro code   0x800'66f4          4     0x216  port.o [16]
  .rodata            const     0x800'690a                  0x1  unwind_debug.o [21]
  .rodata            const     0x800'690b                  0x1  xlocale_c.o [18]
  .text              ro code   0x800'690c          4      0x12  ABImemset_small.o [20]
  .text              ro code   0x800'6920          4       0xc  stm32f4xx_hal.o [12]
  .text              ro code   0x800'692c          4     0x5f8  FreeRTOS_TCP_Transmission.o [9]
  .text              ro code   0x800'6f24          4     0x58a  FreeRTOS_TCP_State_Handling.o [9]
  .text              ro code   0x800'74b0          4     0x106  I64DivMod_small.o [20]
  .text              ro code   0x800'75b6          2     0x2be  FreeRTOS_TCP_Reception.o [9]
  .text              ro code   0x800'7874          4      0x3a  ABImemset48.o [20]
  .text              ro code   0x800'78b0          4     0x3f0  timers.o [10]
  .text              ro code   0x800'7ca0          4     0x188  FreeRTOS_UDP_IPv4.o [9]
  .text              ro code   0x800'7e28          2     0x1ae  FreeRTOS_UDP_IPv6.o [9]
  .text              ro code   0x800'7fd6          2      0x30  FreeRTOS_IPv4_Utils.o [9]
  .text              ro code   0x800'8008          4      0x1e  ABImemmove_small.o [20]
  .text              ro code   0x800'8028          4      0x28  port.o [16]
  CODE               ro code   0x800'8050          4      0xb0  portasm.o [16]
  .text              ro code   0x800'8100          2     0x318  FreeRTOS_TCP_Transmission_IPv6.o [9]
  .text              ro code   0x800'8418          4     0x2c2  FreeRTOS_TCP_Transmission_IPv4.o [9]
  .text              ro code   0x800'86da          2     0x13c  FreeRTOS_TCP_State_Handling_IPv4.o [9]
  .text              ro code   0x800'8816          2     0x132  FreeRTOS_TCP_State_Handling_IPv6.o [9]
  .text              ro code   0x800'8948          4       0x2  I64DivZer.o [20]
  .text              ro code   0x800'894a          2      0x16  FreeRTOS_TCP_Utils.o [9]
  .text              ro code   0x800'8960          2      0x3e  FreeRTOS_TCP_Utils_IPv4.o [9]
  .text              ro code   0x800'899e          2      0x2c  FreeRTOS_TCP_Utils_IPv6.o [9]
  .text              ro code   0x800'89cc          4     0xece  xprintffull_nomb.o [18]
  .text              ro code   0x800'989c          4      0x16  strchr.o [20]
  .text              ro code   0x800'98b4          4      0x40  xfail_s.o [18]
  .text              ro code   0x800'98f4          4      0x14  strlen_small.o [20]
  .text              ro code   0x800'9908          4      0x58  memchr.o [20]
  .text              ro code   0x800'9960          4      0x70  frexp.o [19]
  .text              ro code   0x800'99d0          4      0x34  DblCmpLe.o [19]
  .text              ro code   0x800'9a04          4      0x34  DblCmpGe.o [19]
  .text              ro code   0x800'9a38          4     0x13a  ldexp.o [19]
  .text              ro code   0x800'9b74          4      0x36  DblToS32.o [19]
  .text              ro code   0x800'9bac          4      0x22  S32ToDbl.o [19]
  .text              ro code   0x800'9bd0          4     0x24e  DblAddSub.o [19]
  .text              ro code   0x800'9e20          4     0x246  DblDiv.o [19]
  .text              ro code   0x800'a068          4      0x22  DblToU32.o [19]
  .text              ro code   0x800'a08c          4      0x1c  U32ToDbl.o [19]
  .text              ro code   0x800'a0a8          4     0x1aa  DblMul.o [19]
  .text              ro code   0x800'a254          4      0x3c  xlocale_c.o [18]
  .text              ro code   0x800'a290          2       0x6  abort.o [18]
  .text              ro code   0x800'a298          4      0x14  exit.o [21]
  .text              ro code   0x800'a2ac          4     0x9ec  stm32f4xx_ll_usb.o [12]
  .text              ro code   0x800'ac98          4      0x28  stm32f4xx_hal.o [12]
  .text              ro code   0x800'acc0          4     0x990  stm32f4xx_hal_pcd.o [12]
  .text              ro code   0x800'b650          4     0x24c  usbd_conf.o [14]
  .text              ro code   0x800'b89c          2       0x2  stm32f4xx_hal_pcd_ex.o [12]
  .text              ro code   0x800'b8a0          4     0x17c  stm32f4xx_hal_rcc.o [12]
  .text              ro code   0x800'ba1c          4     0x1ec  stm32f4xx_hal_gpio.o [12]
  .text              ro code   0x800'bc08          4      0x90  stm32f4xx_hal_cortex.o [12]
  .text              ro code   0x800'bc98          2     0x362  usbd_core.o [15]
  .text              ro code   0x800'bffc          4      0xdc  main.o [4]
  .text              ro code   0x800'c0d8          2      0x4a  stm32f4xx_hal_pcd_ex.o [12]
  .text              ro code   0x800'c124          4      0x60  stm32f4xx_hal_rcc.o [12]
  .text              ro code   0x800'c184          4      0xa0  stm32f4xx_hal_timebase_tim.o [4]
  .text              ro code   0x800'c224          4     0x504  usbd_ctlreq.o [15]
  .text              ro code   0x800'c728          2      0x64  usbd_ioreq.o [15]
  .text              ro code   0x800'c78c          4      0x34  stm32f4xx_hal.o [12]
  .text              ro code   0x800'c7c0          4     0x282  gpio.o [4]
  .text              ro code   0x800'ca44          4      0x64  dma.o [4]
  .text              ro code   0x800'caa8          4      0x54  usb_device.o [1]
  .text              ro code   0x800'cafc          4      0xc0  system.o [13]
  .text              ro code   0x800'cbbc          4     0x310  stm32f4xx_hal_rcc.o [12]
  .text              ro code   0x800'cecc          4      0x10  stm32f4xx_hal.o [12]
  .text              ro code   0x800'cedc          4     0x654  stm32f4xx_hal_tim.o [12]
  .text              ro code   0x800'd530          4      0x38  stm32f4xx_hal_msp.o [4]
  .text              ro code   0x800'd568          4      0xb0  stm32f4xx_ll_exti.o [12]
  .text              ro code   0x800'd618          4      0xee  stm32f4xx_ll_gpio.o [12]
  .text              ro code   0x800'd708          4     0x40e  usbd_cdc.o [15]
  .text              ro code   0x800'db18          4      0xf0  cli.o [3]
  .text              ro code   0x800'dc08          4     0x124  flash.o [7]
  .text              ro code   0x800'dd2c          4      0x28  printf.o [18]
  .text              ro code   0x800'dd54          4     0x3c8  eth.o [6]
  .text              ro code   0x800'e11c          4     0x148  system_thread.o [13]
  .text              ro code   0x800'e264          4     0x300  system_uart.o [13]
  .text              ro code   0x800'e564          4     0x118  gate.o [11]
  .text              ro code   0x800'e67c          4     0x108  tim.o [4]
  .text              ro code   0x800'e784          2       0x2  stm32f4xx_hal_tim.o [12]
  .text              ro code   0x800'e786          2       0x2  stm32f4xx_hal_tim.o [12]
  .text              ro code   0x800'e788          2       0x2  stm32f4xx_hal_tim.o [12]
  .text              ro code   0x800'e78a          2       0x2  stm32f4xx_hal_tim_ex.o [12]
  .text              ro code   0x800'e78c          2       0x2  stm32f4xx_hal_tim.o [12]
  .text              ro code   0x800'e78e          2       0x2  stm32f4xx_hal_tim_ex.o [12]
  .text              ro code   0x800'e790          2       0x2  stm32f4xx_hal_tim.o [12]
  .text              ro code   0x800'e794          4     0x1b4  FreeRTOS_CLI.o [8]
  .text              ro code   0x800'e948          4      0x78  usbd_cdc_if.o [1]
  .text              ro code   0x800'e9c0          4     0x1e8  stm32f4xx_hal_flash.o [12]
  .text              ro code   0x800'eba8          4     0x15c  stm32f4xx_hal_flash_ex.o [12]
  .text              ro code   0x800'ed04          4     0x654  NetworkInterface.o [17]
  .text              ro code   0x800'f358          2      0x2c  strstr.o [18]
  .text              ro code   0x800'f384          4     0x10c  stm32f4xx_ll_usart.o [12]
  .text              ro code   0x800'f490          4      0xb4  spi.o [4]
  .text              ro code   0x800'f544          2      0x2a  strncmp.o [18]
  .text              ro code   0x800'f570          4      0x1e  strncpy_small.o [20]
  .text              ro code   0x800'f590          4      0x9c  cli_helper.o [3]
  .text              ro code   0x800'f62c          4     0x676  stm32fxx_hal_eth.o [17]
  .text              ro code   0x800'fca4          4     0x530  phyHandling.o [17]
  .text              ro code   0x801'01d4          4      0x44  snprintf.o [18]
  .text              ro code   0x801'0218          4      0xb8  stm32f4xx_ll_rcc.o [12]
  .text              ro code   0x801'02d0          4      0xc8  stm32f4xx_hal_spi.o [12]
  .text              ro code   0x801'0398          2       0x2  stm32fxx_hal_eth.o [17]
  .text              ro code   0x801'039c          4     0x66c  cli_handlers.o [3]
  .text              ro code   0x801'0a08          4      0x12  strcmp.o [20]
  .text              ro code   0x801'0a1c          4     0x136  iar_Stoulx.o [18]
  .text              ro code   0x801'0b52          2      0x14  isspace.o [18]
  .text              ro code   0x801'0b66          2      0x14  tolower.o [18]
  .text              ro code   0x801'0b7c          4     0x100  usbd_desc.o [1]
  .rodata            const     0x801'0c7c          4      0xa8  FreeRTOS_CLI.o [8]
  .rodata            const     0x801'0d24          4      0x78  cli_handlers.o [3]
  .text              ro code   0x801'0d9c          4      0x70  stm32f4xx_it.o [4]
  .rodata            const     0x801'0e0c          4      0x6c  cli_handlers.o [3]
  .rodata            const     0x801'0e78          4      0x60  cli.o [3]
  .rodata            const     0x801'0ed8          4      0x58  cli.o [3]
  .rodata            const     0x801'0f30          4      0x50  iar_Stoulx.o [18]
  .text              ro code   0x801'0f80          4      0x4c  iarwstdswo.o [21]
  .text              ro code   0x801'0fcc          4      0x44  putchar.o [18]
  .text              ro code   0x801'1010          2      0x10  write.o [21]
  .text              ro code   0x801'1020          2      0x1e  dwrite.o [21]
  .text              ro code   0x801'103e          2      0x22  iarwrite.o [21]
  .text              ro code   0x801'1060          2      0x38  zero_init3.o [20]
  .rodata            const     0x801'1098          4      0x30  FreeRTOS_CLI.o [8]
  .rodata            const     0x801'10c8          4      0x2c  eth.o [6]
  .rodata            const     0x801'10f4          4      0x28  FreeRTOS_ARP.o [9]
  .text              ro code   0x801'111c          4      0x28  data_init.o [20]
  .rodata            const     0x801'1144          4      0x24  system_thread.o [13]
  .text              ro code   0x801'1168          4      0x22  fpinit_M.o [19]
  .iar.init_table    const     0x801'118c          4      0x20  - Linker created -
  .text              ro code   0x801'11ac          4      0x20  system_stm32f4xx.o [2]
  .text              ro code   0x801'11cc          4      0x1e  cmain.o [20]
  .text              ro code   0x801'11ea          2       0x4  low_level_init.o [18]
  .text              ro code   0x801'11ee          2       0x4  exit.o [18]
  .text              ro code   0x801'11f4          4       0xa  cexit.o [20]
  .text              ro code   0x801'1200          4      0x1c  cstartup_M.o [20]
  .rodata            const     0x801'121c          4      0x18  cli.o [3]
  .text              ro code   0x801'1234          2      0x16  xprout.o [18]
  .rodata            const     0x801'124c          4      0x10  FreeRTOS_CLI.o [8]
  .text              ro code   0x801'125c          4      0x10  startup_stm32f407xx.o [5]
  .rodata            const     0x801'126c          4       0x8  cli.o [3]
  .rodata            const     0x801'1274          4       0x8  FreeRTOS_CLI.o [8]
  .rodata            const     0x801'127c          4       0x8  system_stm32f4xx.o [2]
  .rodata            const     0x801'1284          4       0x4  BufferAllocation_2.o [17]
  .rodata            const     0x801'1288          4       0x4  cli.o [3]
  .rodata            const     0x801'128c          4       0x4  cli.o [3]
  .text              ro code   0x801'1290          2       0x4  startup_stm32f407xx.o [5]
  .text              ro code   0x801'1294          2       0x4  startup_stm32f407xx.o [5]
  .text              ro code   0x801'1298          2       0x4  startup_stm32f407xx.o [5]
  .text              ro code   0x801'129c          2       0x4  startup_stm32f407xx.o [5]
  .text              ro code   0x801'12a0          2       0x4  startup_stm32f407xx.o [5]
  .text              ro code   0x801'12a4          2       0x4  startup_stm32f407xx.o [5]
  .text              ro code   0x801'12a8          2       0x4  startup_stm32f407xx.o [5]
  .text              ro code   0x801'12ac          2       0x4  startup_stm32f407xx.o [5]
  .text              ro code   0x801'12b0          2       0x4  startup_stm32f407xx.o [5]
  .text              ro code   0x801'12b4          2       0x4  startup_stm32f407xx.o [5]
  .text              ro code   0x801'12b8          2       0x4  startup_stm32f407xx.o [5]
  .text              ro code   0x801'12bc          2       0x4  startup_stm32f407xx.o [5]
  .text              ro code   0x801'12c0          2       0x4  startup_stm32f407xx.o [5]
  .text              ro code   0x801'12c4          2       0x4  startup_stm32f407xx.o [5]
  .text              ro code   0x801'12c8          2       0x4  startup_stm32f407xx.o [5]
  .text              ro code   0x801'12cc          2       0x4  startup_stm32f407xx.o [5]
  .text              ro code   0x801'12d0          2       0x4  startup_stm32f407xx.o [5]
  .text              ro code   0x801'12d4          2       0x4  startup_stm32f407xx.o [5]
  .text              ro code   0x801'12d8          2       0x4  startup_stm32f407xx.o [5]
  .text              ro code   0x801'12dc          2       0x4  startup_stm32f407xx.o [5]
  .text              ro code   0x801'12e0          2       0x4  startup_stm32f407xx.o [5]
  .text              ro code   0x801'12e4          2       0x4  startup_stm32f407xx.o [5]
  .text              ro code   0x801'12e8          2       0x4  startup_stm32f407xx.o [5]
  .text              ro code   0x801'12ec          2       0x4  startup_stm32f407xx.o [5]
  .text              ro code   0x801'12f0          2       0x4  startup_stm32f407xx.o [5]
  .text              ro code   0x801'12f4          2       0x4  startup_stm32f407xx.o [5]
  .text              ro code   0x801'12f8          2       0x4  startup_stm32f407xx.o [5]
  .text              ro code   0x801'12fc          2       0x4  startup_stm32f407xx.o [5]
  .text              ro code   0x801'1300          2       0x4  startup_stm32f407xx.o [5]
  .text              ro code   0x801'1304          2       0x4  startup_stm32f407xx.o [5]
  .text              ro code   0x801'1308          2       0x4  startup_stm32f407xx.o [5]
  .text              ro code   0x801'130c          2       0x4  startup_stm32f407xx.o [5]
  .text              ro code   0x801'1310          2       0x4  startup_stm32f407xx.o [5]
  .text              ro code   0x801'1314          2       0x4  startup_stm32f407xx.o [5]
  .text              ro code   0x801'1318          2       0x4  startup_stm32f407xx.o [5]
  .text              ro code   0x801'131c          2       0x4  startup_stm32f407xx.o [5]
  .text              ro code   0x801'1320          2       0x4  startup_stm32f407xx.o [5]
  .text              ro code   0x801'1324          2       0x4  startup_stm32f407xx.o [5]
  .text              ro code   0x801'1328          2       0x4  startup_stm32f407xx.o [5]
  .text              ro code   0x801'132c          2       0x4  startup_stm32f407xx.o [5]
  .text              ro code   0x801'1330          2       0x4  startup_stm32f407xx.o [5]
  .text              ro code   0x801'1334          2       0x4  startup_stm32f407xx.o [5]
  .text              ro code   0x801'1338          2       0x4  startup_stm32f407xx.o [5]
  .text              ro code   0x801'133c          2       0x4  startup_stm32f407xx.o [5]
  .text              ro code   0x801'1340          2       0x4  startup_stm32f407xx.o [5]
  .text              ro code   0x801'1344          2       0x4  startup_stm32f407xx.o [5]
  .text              ro code   0x801'1348          2       0x4  startup_stm32f407xx.o [5]
  .text              ro code   0x801'134c          2       0x4  startup_stm32f407xx.o [5]
  .text              ro code   0x801'1350          2       0x4  startup_stm32f407xx.o [5]
  .text              ro code   0x801'1354          2       0x4  startup_stm32f407xx.o [5]
  .text              ro code   0x801'1358          2       0x4  startup_stm32f407xx.o [5]
  .text              ro code   0x801'135c          2       0x4  startup_stm32f407xx.o [5]
  .text              ro code   0x801'1360          2       0x4  startup_stm32f407xx.o [5]
  .text              ro code   0x801'1364          2       0x4  startup_stm32f407xx.o [5]
  .text              ro code   0x801'1368          2       0x4  startup_stm32f407xx.o [5]
  .text              ro code   0x801'136c          2       0x4  startup_stm32f407xx.o [5]
  .text              ro code   0x801'1370          2       0x4  startup_stm32f407xx.o [5]
  .text              ro code   0x801'1374          2       0x4  startup_stm32f407xx.o [5]
  .text              ro code   0x801'1378          2       0x4  startup_stm32f407xx.o [5]
  .text              ro code   0x801'137c          2       0x4  startup_stm32f407xx.o [5]
  .text              ro code   0x801'1380          2       0x4  startup_stm32f407xx.o [5]
  .text              ro code   0x801'1384          2       0x4  startup_stm32f407xx.o [5]
  .text              ro code   0x801'1388          2       0x4  startup_stm32f407xx.o [5]
  .text              ro code   0x801'138c          2       0x4  startup_stm32f407xx.o [5]
  .text              ro code   0x801'1390          2       0x4  startup_stm32f407xx.o [5]
  .text              ro code   0x801'1394          2       0x4  startup_stm32f407xx.o [5]
  .text              ro code   0x801'1398          2       0x4  startup_stm32f407xx.o [5]
  .text              ro code   0x801'139c          2       0x4  startup_stm32f407xx.o [5]
  .text              ro code   0x801'13a0          2       0x4  startup_stm32f407xx.o [5]
  .text              ro code   0x801'13a4          2       0x4  startup_stm32f407xx.o [5]
  .text              ro code   0x801'13a8          2       0x4  startup_stm32f407xx.o [5]
  .text              ro code   0x801'13ac          2       0x4  startup_stm32f407xx.o [5]
  .text              ro code   0x801'13b0          2       0x4  startup_stm32f407xx.o [5]
  .text              ro code   0x801'13b4          2       0x4  startup_stm32f407xx.o [5]
  .rodata            const     0x801'13b8                  0x0  zero_init3.o [20]
  .rodata            const     0x801'13b8                  0x0  lz77_init_single.o [20]
  Initializer bytes  const     0x801'13b8                0x1c4  <for P3-1>
                             - 0x801'157c             0x1'13f4

"P3", part 1 of 3:                                      0x3350
  P3-1                        0x2000'0000               0x3350  <Init block>
    .data            inited   0x2000'0000          4      0x74  FreeRTOS_ARP.o [9]
    .data            inited   0x2000'0074          4      0x10  FreeRTOS_CLI.o [8]
    .data            inited   0x2000'0084          4       0x4  FreeRTOS_CLI.o [8]
    .data            inited   0x2000'0088          4    0x3054  NetworkInterface.o [17]
    .data            inited   0x2000'30dc          4       0xc  port.o [16]
    .data            inited   0x2000'30e8          4       0xc  stm32f4xx_hal.o [12]
    .data            inited   0x2000'30f4          4       0x4  system_stm32f4xx.o [2]
    .data            inited   0x2000'30f8          4      0xa4  tasks.o [10]
    .data            inited   0x2000'319c          4       0xc  usbd_cdc.o [15]
    .data            inited   0x2000'31a8          4      0x38  usbd_cdc.o [15]
    .data            inited   0x2000'31e0          4      0x44  usbd_cdc.o [15]
    .data            inited   0x2000'3224          4      0x14  usbd_cdc_if.o [1]
    .data            inited   0x2000'3238          4      0x1c  usbd_desc.o [1]
    .data            inited   0x2000'3254          4      0x14  usbd_desc.o [1]
    .data            inited   0x2000'3268          4       0x4  usbd_desc.o [1]
    .data            inited   0x2000'326c          4      0x1c  usbd_desc.o [1]
    .data            inited   0x2000'3288          4      0x38  xlocale_c.o [18]
    .data            inited   0x2000'32c0          4      0x48  xlocale_c.o [18]
    .data            inited   0x2000'3308          4      0x48  xfiles.o [18]
                            - 0x2000'3350               0x3350

"P3", part 2 of 3:                                    0x1'64a0
  .bss               zero     0x2000'3350          4  0x1'041c  heap_4.o [16]
  .bss               zero     0x2001'376c          4    0x1000  usbd_cdc_if.o [1]
  .bss               zero     0x2001'476c          4     0xd70  BufferAllocation_2.o [17]
  .bss               zero     0x2001'54dc          4     0xcec  FreeRTOS_IP.o [9]
  .bss               zero     0x2001'61c8          8     0xc10  system.o [13]
  .bss               zero     0x2001'6dd8          4     0x65c  cli.o [3]
  .bss               zero     0x2001'7434          4     0x4e4  usbd_conf.o [14]
  .bss               zero     0x2001'7918          4     0x498  gate.o [11]
  .bss               zero     0x2001'7db0          4     0x468  eth_helper.o [6]
  .bss               zero     0x2001'8218          4     0x300  cli.o [3]
  .bss               zero     0x2001'8518          4     0x300  FreeRTOS_ND.o [9]
  .bss               zero     0x2001'8818          4     0x2dc  usb_device.o [1]
  .bss               zero     0x2001'8af4          4     0x260  eth_helper.o [6]
  .bss               zero     0x2001'8d54          4     0x220  usbd_conf.o [14]
  .bss               zero     0x2001'8f74          4     0x200  usbd_desc.o [1]
  .bss               zero     0x2001'9174          4     0x12c  tasks.o [10]
  .bss               zero     0x2001'92a0          4     0x104  timers.o [10]
  .bss               zero     0x2001'93c0         32      0x80  NetworkInterface.o [17]
  .bss               zero     0x2001'9440         32      0x80  NetworkInterface.o [17]
  .bss               zero     0x2001'94c0          4      0x6c  FreeRTOS_Routing.o [9]
  .bss               zero     0x2001'952c          4      0x58  spi.o [4]
  .bss               zero     0x2001'9584          4      0x54  FreeRTOS_IP_Timers.o [9]
  .bss               zero     0x2001'95d8          4      0x50  xfiles.o [18]
  .bss               zero     0x2001'9628          4      0x48  NetworkInterface.o [17]
  .bss               zero     0x2001'9670          4      0x48  stm32f4xx_hal_timebase_tim.o [4]
  .bss               zero     0x2001'96b8          4      0x48  tim.o [4]
  .bss               zero     0x2001'9700          4      0x40  queue.o [10]
  .bss               zero     0x2001'9740          4      0x2c  FreeRTOS_Sockets.o [9]
  .bss               zero     0x2001'976c          4      0x20  stm32f4xx_hal_flash.o [12]
  .bss               zero     0x2001'978c          4      0x1c  BufferAllocation_2.o [17]
  .bss               zero     0x2001'97a8          4      0x18  FreeRTOS_TCP_WIN.o [9]
  .bss               zero     0x2001'97c0          4      0x14  NetworkInterface.o [17]
  .bss               zero     0x2001'97d4          4       0x4  FreeRTOS_Routing.o [9]
  .bss               zero     0x2001'97d8          4       0x4  FreeRTOS_TCP_IP.o [9]
  .bss               zero     0x2001'97dc          4       0x4  FreeRTOS_TCP_IP.o [9]
  .bss               zero     0x2001'97e0          4       0x4  FreeRTOS_TCP_WIN.o [9]
  .bss               zero     0x2001'97e4          4       0x4  xfail_s.o [18]
  .bss               zero     0x2001'97e8          2       0x2  FreeRTOS_IP.o [9]
  .bss               zero     0x2001'97ea                  0x1  cli_helper.o [3]
  .bss               zero     0x2001'97eb                  0x1  NetworkInterface.o [17]
  .bss               zero     0x2001'97ec                  0x1  usbd_ctlreq.o [15]
                            - 0x2001'97ed             0x1'649d

"P3", part 3 of 3:                                       0x400
  CSTACK                      0x2001'97f0          8     0x400  <Block>
    CSTACK           uninit   0x2001'97f0                0x400  <Block tail>
                            - 0x2001'9bf0                0x400

Unused ranges:

         From           To      Size
         ----           --      ----
   0x801'157c   0x80f'ffff  0xe'ea84
  0x2001'9bf0  0x2001'ffff    0x6410


*******************************************************************************
*** INIT TABLE
***

          Address      Size
          -------      ----
Zero (__iar_zero_init3)
    1 destination range, total size 0x1'649d:
          0x2000'3350  0x1'649d

Copy/lz77 (__iar_lz77_init_single3)
    1 source range, total size 0x1c4 (3% of destination):
           0x801'13b8     0x1c4
    1 destination range, total size 0x3350:
          0x2000'0000    0x3350



*******************************************************************************
*** MODULE SUMMARY
***

    Module                              ro code  ro data  rw data
    ------                              -------  -------  -------
command line/config:
    -------------------------------------------------------------
    Total:

C:\Users\Koche\Desktop\Work\Smart Dispenser PRJ\gateway\EWARM\Gateway_407\Obj\App_6048373297342892631.dir: [1]
    usb_device.o                             84               732
    usbd_cdc_if.o                           120        1    4'116
    usbd_desc.o                             256        3      592
    -------------------------------------------------------------
    Total:                                  460        4    5'440

C:\Users\Koche\Desktop\Work\Smart Dispenser PRJ\gateway\EWARM\Gateway_407\Obj\CMSIS_6603591812247902717.dir: [2]
    system_stm32f4xx.o                       32        8        4
    -------------------------------------------------------------
    Total:                                   32        8        4

C:\Users\Koche\Desktop\Work\Smart Dispenser PRJ\gateway\EWARM\Gateway_407\Obj\Cli_11707894225168942927.dir: [3]
    cli.o                                   240      224    2'396
    cli_handlers.o                        1'644      228
    cli_helper.o                            156                 1
    -------------------------------------------------------------
    Total:                                2'040      452    2'397

C:\Users\Koche\Desktop\Work\Smart Dispenser PRJ\gateway\EWARM\Gateway_407\Obj\Core_13247989168731456611.dir: [4]
    dma.o                                   100
    gpio.o                                  642
    main.o                                  220
    spi.o                                   180                88
    stm32f4xx_hal_msp.o                      56
    stm32f4xx_hal_timebase_tim.o            160                72
    stm32f4xx_it.o                          112
    tim.o                                   264                72
    -------------------------------------------------------------
    Total:                                1'734               232

C:\Users\Koche\Desktop\Work\Smart Dispenser PRJ\gateway\EWARM\Gateway_407\Obj\EWARM_18443280873093131863.dir: [5]
    startup_stm32f407xx.o                   704
    -------------------------------------------------------------
    Total:                                  704

C:\Users\Koche\Desktop\Work\Smart Dispenser PRJ\gateway\EWARM\Gateway_407\Obj\Ethernet_5605320102233052314.dir: [6]
    eth.o                                   968       44
    eth_helper.o                             92             1'736
    -------------------------------------------------------------
    Total:                                1'060       44    1'736

C:\Users\Koche\Desktop\Work\Smart Dispenser PRJ\gateway\EWARM\Gateway_407\Obj\Flash_13912709933827620245.dir: [7]
    flash.o                                 292
    -------------------------------------------------------------
    Total:                                  292

C:\Users\Koche\Desktop\Work\Smart Dispenser PRJ\gateway\EWARM\Gateway_407\Obj\FreeRTOS-Plu-Cli_11501085631675054166.dir: [8]
    FreeRTOS_CLI.o                          436      241       20
    -------------------------------------------------------------
    Total:                                  436      241       20

C:\Users\Koche\Desktop\Work\Smart Dispenser PRJ\gateway\EWARM\Gateway_407\Obj\FreeRTOS-Plus-TCP_16686340316780321206.dir: [9]
    FreeRTOS_ARP.o                        1'612       43      116
    FreeRTOS_ICMP.o                          70
    FreeRTOS_IP.o                         1'724             3'310
    FreeRTOS_IP_Timers.o                    536                84
    FreeRTOS_IP_Utils.o                     508
    FreeRTOS_IPv4.o                         476
    FreeRTOS_IPv4_Sockets.o                 180
    FreeRTOS_IPv4_Utils.o                    48
    FreeRTOS_IPv6.o                         792
    FreeRTOS_IPv6_Sockets.o                 396
    FreeRTOS_IPv6_Utils.o                   254
    FreeRTOS_ND.o                         1'596               768
    FreeRTOS_RA.o                           948
    FreeRTOS_Routing.o                    1'288               112
    FreeRTOS_Sockets.o                    4'036                44
    FreeRTOS_Stream_Buffer.o                416
    FreeRTOS_TCP_IP.o                     1'308                 8
    FreeRTOS_TCP_Reception.o                702
    FreeRTOS_TCP_State_Handling.o         1'418
    FreeRTOS_TCP_State_Handling_IPv4.o      316
    FreeRTOS_TCP_State_Handling_IPv6.o      306
    FreeRTOS_TCP_Transmission.o           1'528
    FreeRTOS_TCP_Transmission_IPv4.o        706
    FreeRTOS_TCP_Transmission_IPv6.o        792
    FreeRTOS_TCP_Utils.o                     22
    FreeRTOS_TCP_Utils_IPv4.o                62
    FreeRTOS_TCP_Utils_IPv6.o                44
    FreeRTOS_TCP_WIN.o                    1'924                28
    FreeRTOS_UDP_IP.o                       106
    FreeRTOS_UDP_IPv4.o                     392
    FreeRTOS_UDP_IPv6.o                     430
    -------------------------------------------------------------
    Total:                               24'936       43    4'470

C:\Users\Koche\Desktop\Work\Smart Dispenser PRJ\gateway\EWARM\Gateway_407\Obj\FreeRTOS_15068288790229095433.dir: [10]
    event_groups.o                          540
    list.o                                  144
    queue.o                               1'888                64
    tasks.o                               3'976        5      464
    timers.o                              1'008               260
    -------------------------------------------------------------
    Total:                                7'556        5      788

C:\Users\Koche\Desktop\Work\Smart Dispenser PRJ\gateway\EWARM\Gateway_407\Obj\Gate_3448444589264835548.dir: [11]
    gate.o                                  280             1'176
    -------------------------------------------------------------
    Total:                                  280             1'176

C:\Users\Koche\Desktop\Work\Smart Dispenser PRJ\gateway\EWARM\Gateway_407\Obj\STM32F4xx_HAL_Driver_1244631019742807970.dir: [12]
    stm32f4xx_hal.o                         120        1       12
    stm32f4xx_hal_cortex.o                  144
    stm32f4xx_hal_flash.o                   488                32
    stm32f4xx_hal_flash_ex.o                348
    stm32f4xx_hal_gpio.o                    492
    stm32f4xx_hal_pcd.o                   2'448
    stm32f4xx_hal_pcd_ex.o                   76
    stm32f4xx_hal_rcc.o                   1'260
    stm32f4xx_hal_spi.o                     200
    stm32f4xx_hal_tim.o                   1'630
    stm32f4xx_hal_tim_ex.o                    4
    stm32f4xx_ll_exti.o                     176
    stm32f4xx_ll_gpio.o                     238
    stm32f4xx_ll_rcc.o                      184
    stm32f4xx_ll_usart.o                    268
    stm32f4xx_ll_usb.o                    2'540
    -------------------------------------------------------------
    Total:                               10'616        1       44

C:\Users\Koche\Desktop\Work\Smart Dispenser PRJ\gateway\EWARM\Gateway_407\Obj\System_11455613988876714787.dir: [13]
    system.o                                192             3'088
    system_thread.o                         328       36
    system_uart.o                           768
    -------------------------------------------------------------
    Total:                                1'288       36    3'088

C:\Users\Koche\Desktop\Work\Smart Dispenser PRJ\gateway\EWARM\Gateway_407\Obj\Target_2794460481546860895.dir: [14]
    usbd_conf.o                             588             1'796
    -------------------------------------------------------------
    Total:                                  588             1'796

C:\Users\Koche\Desktop\Work\Smart Dispenser PRJ\gateway\EWARM\Gateway_407\Obj\USB_Device_Library_15009154495834662892.dir: [15]
    usbd_cdc.o                            1'038        5      136
    usbd_core.o                             866
    usbd_ctlreq.o                         1'284                 1
    usbd_ioreq.o                            100
    -------------------------------------------------------------
    Total:                                3'288        5      137

C:\Users\Koche\Desktop\Work\Smart Dispenser PRJ\gateway\EWARM\Gateway_407\Obj\portable_15954926109208205999.dir: [16]
    heap_4.o                                552            66'588
    port.o                                  574                12
    portasm.o                               176
    -------------------------------------------------------------
    Total:                                1'302            66'600

C:\Users\Koche\Desktop\Work\Smart Dispenser PRJ\gateway\EWARM\Gateway_407\Obj\portable_7947777220660125680.dir: [17]
    BufferAllocation_2.o                    380        4    3'468
    NetworkInterface.o                    1'620      426   12'721
    phyHandling.o                         1'328
    stm32fxx_hal_eth.o                    1'656
    -------------------------------------------------------------
    Total:                                4'984      430   16'189

dl7M_tlf.a: [18]
    abort.o                                   6
    exit.o                                    4
    iar_Stoulx.o                            310       80
    isspace.o                                20
    low_level_init.o                          4
    printf.o                                 40
    putchar.o                                68
    snprintf.o                               68
    strncmp.o                                42
    strstr.o                                 44
    tolower.o                                20
    xfail_s.o                                64                 4
    xfiles.o                                           3      152
    xlocale_c.o                              60        9      128
    xprintffull_nomb.o                    3'790
    xprout.o                                 22
    xsnprout.o                               26
    -------------------------------------------------------------
    Total:                                4'588       92      284

m7M_tls.a: [19]
    DblAddSub.o                             590
    DblCmpGe.o                               52
    DblCmpLe.o                               52
    DblDiv.o                                582
    DblMul.o                                426
    DblToS32.o                               54
    DblToU32.o                               34
    S32ToDbl.o                               34
    U32ToDbl.o                               28
    fpinit_M.o                               34
    frexp.o                                 112
    ldexp.o                                 314
    -------------------------------------------------------------
    Total:                                2'312

rt7M_tl.a: [20]
    ABImemclr.o                               6
    ABImemclr4.o                              6
    ABImemcpy_small.o                        24
    ABImemmove_small.o                       30
    ABImemset48.o                            58
    ABImemset_small.o                        18
    I64DivMod_small.o                       262
    I64DivZer.o                               2
    cexit.o                                  10
    cmain.o                                  30
    cstartup_M.o                             28
    data_init.o                              40
    lz77_init_single.o                      126
    memchr.o                                 88
    memcmp_small.o                           30
    strchr.o                                 22
    strcmp.o                                 18
    strlen_small.o                           20
    strncpy_small.o                          30
    zero_init3.o                             56
    -------------------------------------------------------------
    Total:                                  904

shb_l.a: [21]
    dwrite.o                                 30
    exit.o                                   20
    iarwrite.o                               34
    iarwstdswo.o                             76
    unwind_debug.o                                     1
    write.o                                  16
    -------------------------------------------------------------
    Total:                                  176        1

    Gaps                                     62        4       28
    Linker created                                    32    1'024
-----------------------------------------------------------------
    Grand Total:                         69'638    1'398  105'453


*******************************************************************************
*** ENTRY LIST
***

Entry                       Address      Size  Type      Object
-----                       -------      ----  ----      ------
.iar.init_table$$Base    0x801'118c             --   Gb  - Linker created -
.iar.init_table$$Limit   0x801'11ac             --   Gb  - Linker created -
?main                    0x801'11cd            Code  Gb  cmain.o [20]
ADC_IRQHandler           0x801'12d1            Code  Wk  startup_stm32f407xx.o [5]
AHBPrescTable            0x801'11bc      0x10  Data  Gb  system_stm32f4xx.o [2]
APBPrescTable            0x801'127c       0x8  Data  Gb  system_stm32f4xx.o [2]
BusFault_Handler         0x801'0db5       0x2  Code  Gb  stm32f4xx_it.o [4]
CAN1_RX0_IRQHandler      0x801'12d9            Code  Wk  startup_stm32f407xx.o [5]
CAN1_RX1_IRQHandler      0x801'12dd            Code  Wk  startup_stm32f407xx.o [5]
CAN1_SCE_IRQHandler      0x801'12e1            Code  Wk  startup_stm32f407xx.o [5]
CAN1_TX_IRQHandler       0x801'12d5            Code  Wk  startup_stm32f407xx.o [5]
CAN2_RX0_IRQHandler      0x801'1379            Code  Wk  startup_stm32f407xx.o [5]
CAN2_RX1_IRQHandler      0x801'137d            Code  Wk  startup_stm32f407xx.o [5]
CAN2_SCE_IRQHandler      0x801'1381            Code  Wk  startup_stm32f407xx.o [5]
CAN2_TX_IRQHandler       0x801'1375            Code  Wk  startup_stm32f407xx.o [5]
CDC_Control_FS           0x800'e96b       0x4  Code  Lc  usbd_cdc_if.o [1]
CDC_DeInit_FS            0x800'e967       0x4  Code  Lc  usbd_cdc_if.o [1]
CDC_Init_FS              0x800'e949      0x1e  Code  Lc  usbd_cdc_if.o [1]
CDC_ReceiveData          0x800'f5f9      0x1a  Code  Gb  cli_helper.o [3]
CDC_Receive_FS           0x800'e96f      0x20  Code  Lc  usbd_cdc_if.o [1]
CDC_TransmitCplt_FS      0x800'e9bd       0x4  Code  Lc  usbd_cdc_if.o [1]
CDC_Transmit_FS          0x800'e98f      0x26  Code  Gb  usbd_cdc_if.o [1]
CLI_USB_Receive_Char     0x800'f591      0x58  Code  Gb  cli_helper.o [3]
CSTACK$$Base            0x2001'97f0             --   Gb  - Linker created -
CSTACK$$Limit           0x2001'9bf0             --   Gb  - Linker created -
DCMI_IRQHandler          0x801'13ad            Code  Wk  startup_stm32f407xx.o [5]
DMA1_Stream0_IRQHandler
                         0x801'12b5            Code  Wk  startup_stm32f407xx.o [5]
DMA1_Stream1_IRQHandler
                         0x801'12b9            Code  Wk  startup_stm32f407xx.o [5]
DMA1_Stream2_IRQHandler
                         0x801'12bd            Code  Wk  startup_stm32f407xx.o [5]
DMA1_Stream3_IRQHandler
                         0x801'12c1            Code  Wk  startup_stm32f407xx.o [5]
DMA1_Stream4_IRQHandler
                         0x801'12c5            Code  Wk  startup_stm32f407xx.o [5]
DMA1_Stream5_IRQHandler
                         0x801'12c9            Code  Wk  startup_stm32f407xx.o [5]
DMA1_Stream6_IRQHandler
                         0x801'12cd            Code  Wk  startup_stm32f407xx.o [5]
DMA1_Stream7_IRQHandler
                         0x801'1341            Code  Wk  startup_stm32f407xx.o [5]
DMA2_Stream0_IRQHandler
                         0x801'1361            Code  Wk  startup_stm32f407xx.o [5]
DMA2_Stream1_IRQHandler
                         0x801'1365            Code  Wk  startup_stm32f407xx.o [5]
DMA2_Stream2_IRQHandler
                         0x801'0df5       0x2  Code  Gb  stm32f4xx_it.o [4]
DMA2_Stream3_IRQHandler
                         0x801'1369            Code  Wk  startup_stm32f407xx.o [5]
DMA2_Stream4_IRQHandler
                         0x801'136d            Code  Wk  startup_stm32f407xx.o [5]
DMA2_Stream5_IRQHandler
                         0x801'1385            Code  Wk  startup_stm32f407xx.o [5]
DMA2_Stream6_IRQHandler
                         0x801'1389            Code  Wk  startup_stm32f407xx.o [5]
DMA2_Stream7_IRQHandler
                         0x801'138d            Code  Wk  startup_stm32f407xx.o [5]
DMARxDscrTab            0x2001'93c0      0x80  Data  Gb  NetworkInterface.o [17]
DMATxDescToClear        0x2000'00cc       0x4  Data  Lc  NetworkInterface.o [17]
DMATxDscrTab            0x2001'9440      0x80  Data  Gb  NetworkInterface.o [17]
DebugMon_Handler         0x801'0db9       0x2  Code  Gb  stm32f4xx_it.o [4]
ETH_FlushTransmitFIFO    0x800'fc8d      0x16  Code  Lc  stm32fxx_hal_eth.o [17]
ETH_IRQHandler           0x800'f2e9       0x6  Code  Gb  NetworkInterface.o [17]
ETH_WKUP_IRQHandler      0x801'1371            Code  Wk  startup_stm32f407xx.o [5]
EXTI0_IRQHandler         0x801'12a9            Code  Wk  startup_stm32f407xx.o [5]
EXTI15_10_IRQHandler     0x801'1325            Code  Wk  startup_stm32f407xx.o [5]
EXTI1_IRQHandler         0x801'12ad            Code  Wk  startup_stm32f407xx.o [5]
EXTI2_IRQHandler         0x801'0dbb      0x1a  Code  Gb  stm32f4xx_it.o [4]
EXTI3_IRQHandler         0x801'0dd5      0x1a  Code  Gb  stm32f4xx_it.o [4]
EXTI4_IRQHandler         0x801'12b1            Code  Wk  startup_stm32f407xx.o [5]
EXTI9_5_IRQHandler       0x801'12e5            Code  Wk  startup_stm32f407xx.o [5]
Error_Handler            0x800'c0d5       0x4  Code  Gb  main.o [4]
Ethernet::Ethernet(EthernetConfig)
                         0x800'dd55     0x116  Code  Gb  eth.o [6]
Ethernet::printConfig()
                         0x800'de79      0x52  Code  Gb  eth.o [6]
Ethernet::xTCPSendAndReceive(char const *, unsigned int, unsigned int)
                         0x800'decd     0x156  Code  Gb  eth.o [6]
FLASH_Erase_Sector       0x800'ec5b      0x4c  Code  Gb  stm32f4xx_hal_flash_ex.o [12]
FLASH_FlushCaches        0x800'eca7      0x50  Code  Gb  stm32f4xx_hal_flash_ex.o [12]
FLASH_IRQHandler         0x801'12a1            Code  Wk  startup_stm32f407xx.o [5]
FLASH_MassErase          0x800'ec3b      0x20  Code  Lc  stm32f4xx_hal_flash_ex.o [12]
FLASH_Program_Byte       0x800'eb19      0x14  Code  Lc  stm32f4xx_hal_flash.o [12]
FLASH_Program_DoubleWord
                         0x800'eab3      0x28  Code  Lc  stm32f4xx_hal_flash.o [12]
FLASH_Program_HalfWord   0x800'eaed      0x12  Code  Lc  stm32f4xx_hal_flash.o [12]
FLASH_Program_Word       0x800'eadb      0x12  Code  Lc  stm32f4xx_hal_flash.o [12]
FLASH_SetErrorCode       0x800'eb2d      0x60  Code  Lc  stm32f4xx_hal_flash.o [12]
FLASH_WaitForLastOperation
                         0x800'ea65      0x4e  Code  Gb  stm32f4xx_hal_flash.o [12]
FPU_IRQHandler           0x801'13b5            Code  Wk  startup_stm32f407xx.o [5]
FSMC_IRQHandler          0x801'1345            Code  Wk  startup_stm32f407xx.o [5]
FS_Desc                 0x2000'3238      0x1c  Data  Gb  usbd_desc.o [1]
Flash_Read_Data          0x800'dd19      0x14  Code  Gb  flash.o [7]
Flash_Write_Data         0x800'dc77      0x7c  Code  Gb  flash.o [7]
FreeRTOS_AddEndPoint     0x800'20b3      0x32  Code  Lc  FreeRTOS_Routing.o [9]
FreeRTOS_AddNetworkInterface
                         0x800'2083      0x22  Code  Gb  FreeRTOS_Routing.o [9]
FreeRTOS_AllEndPointsUp
                         0x800'1821      0x2a  Code  Gb  FreeRTOS_IP.o [9]
FreeRTOS_CLIGetParameter
                         0x800'e879      0x52  Code  Gb  FreeRTOS_CLI.o [8]
FreeRTOS_CLIProcessCommand
                         0x800'e7bd      0xbc  Code  Gb  FreeRTOS_CLI.o [8]
FreeRTOS_CLIProcessCommand::pxCommand
                        0x2000'0074       0x4  Data  Lc  FreeRTOS_CLI.o [8]
FreeRTOS_CLIRegisterCommand
                         0x800'e795      0x28  Code  Gb  FreeRTOS_CLI.o [8]
FreeRTOS_ClearARP        0x800'5a1d      0x2e  Code  Gb  FreeRTOS_ARP.o [9]
FreeRTOS_CreateIPv6Address
                         0x800'5fdf      0x94  Code  Gb  FreeRTOS_ND.o [9]
FreeRTOS_FillEndPoint    0x800'1fd1      0xb2  Code  Gb  FreeRTOS_Routing.o [9]
FreeRTOS_FindEndPointOnIP_IPv4
                         0x800'2121      0x40  Code  Gb  FreeRTOS_Routing.o [9]
FreeRTOS_FindEndPointOnIP_IPv6
                         0x800'2161       0x6  Code  Gb  FreeRTOS_Routing.o [9]
FreeRTOS_FindEndPointOnMAC
                         0x800'2167      0x3e  Code  Gb  FreeRTOS_Routing.o [9]
FreeRTOS_FindEndPointOnNetMask
                         0x800'21a5       0x6  Code  Gb  FreeRTOS_Routing.o [9]
FreeRTOS_FindGateWay     0x800'2419      0x46  Code  Gb  FreeRTOS_Routing.o [9]
FreeRTOS_FirstEndPoint   0x800'20e5      0x1e  Code  Gb  FreeRTOS_Routing.o [9]
FreeRTOS_FirstNetworkInterface
                         0x800'20a5       0x8  Code  Gb  FreeRTOS_Routing.o [9]
FreeRTOS_GetIPTaskHandle
                         0x800'15d3       0x8  Code  Gb  FreeRTOS_IP.o [9]
FreeRTOS_GetLocalAddress
                         0x800'08c9      0x56  Code  Gb  FreeRTOS_Sockets.o [9]
FreeRTOS_IPInit_Multi    0x800'1641      0x74  Code  Gb  FreeRTOS_IP.o [9]
FreeRTOS_IPInit_Multi{3}::ucNetworkEventQueueStorageArea
                        0x2001'5540     0x208  Data  Lc  FreeRTOS_IP.o [9]
FreeRTOS_IPInit_Multi{3}::xNetworkEventStaticQueue
                        0x2001'54f0      0x50  Data  Lc  FreeRTOS_IP.o [9]
FreeRTOS_IPInit_Multi{4}{5}{7}{8}{9}::xIPTaskBuffer
                        0x2001'5748      0x58  Data  Lc  FreeRTOS_IP.o [9]
FreeRTOS_IPInit_Multi{4}{5}{7}{8}{9}::xIPTaskStack
                        0x2001'57a0     0xa28  Data  Lc  FreeRTOS_IP.o [9]
FreeRTOS_InterfaceEPInSameSubnet_IPv6
                         0x800'21ff      0x3c  Code  Gb  FreeRTOS_Routing.o [9]
FreeRTOS_InterfaceEndPointOnNetMask
                         0x800'21ab      0x54  Code  Gb  FreeRTOS_Routing.o [9]
FreeRTOS_IsEndPointUp    0x800'180f      0x12  Code  Gb  FreeRTOS_IP.o [9]
FreeRTOS_IsNetworkUp     0x800'180b       0x4  Code  Gb  FreeRTOS_IP.o [9]
FreeRTOS_MatchingEndpoint
                         0x800'2341      0xca  Code  Gb  FreeRTOS_Routing.o [9]
FreeRTOS_NetworkDown     0x800'1609      0x38  Code  Gb  FreeRTOS_IP.o [9]
FreeRTOS_NextEndPoint    0x800'2103      0x1e  Code  Gb  FreeRTOS_Routing.o [9]
FreeRTOS_NextNetworkInterface
                         0x800'20ad       0x6  Code  Gb  FreeRTOS_Routing.o [9]
FreeRTOS_OutputARPRequest
                         0x800'5987      0x16  Code  Gb  FreeRTOS_ARP.o [9]
FreeRTOS_OutputARPRequest_Multi
                         0x800'5927      0x60  Code  Gb  FreeRTOS_ARP.o [9]
FreeRTOS_OutputAdvertiseIPv6
                         0x800'5eb1      0xdc  Code  Gb  FreeRTOS_ND.o [9]
FreeRTOS_bind            0x800'031f      0xc8  Code  Gb  FreeRTOS_Sockets.o [9]
FreeRTOS_closesocket     0x800'051d      0x26  Code  Gb  FreeRTOS_Sockets.o [9]
FreeRTOS_connect         0x800'0959     0x138  Code  Gb  FreeRTOS_Sockets.o [9]
FreeRTOS_in6addr_any     0x800'6560      0x10  Data  Gb  FreeRTOS_IPv6.o [9]
FreeRTOS_in6addr_loopback
                         0x800'6570      0x10  Data  Gb  FreeRTOS_IPv6.o [9]
FreeRTOS_inet_addr       0x800'08b5      0x14  Code  Gb  FreeRTOS_Sockets.o [9]
FreeRTOS_inet_ntoa       0x800'0829      0x62  Code  Gb  FreeRTOS_Sockets.o [9]
FreeRTOS_inet_ntop       0x800'088b      0x2a  Code  Gb  FreeRTOS_Sockets.o [9]
FreeRTOS_inet_ntop4      0x800'2e73      0x1a  Code  Gb  FreeRTOS_IPv4_Sockets.o [9]
FreeRTOS_inet_ntop6      0x800'2f63      0xb6  Code  Gb  FreeRTOS_IPv6_Sockets.o [9]
FreeRTOS_inet_pton4      0x800'2dd9      0x9a  Code  Gb  FreeRTOS_IPv4_Sockets.o [9]
FreeRTOS_issocketconnected
                         0x800'0fcb      0x1c  Code  Gb  FreeRTOS_Sockets.o [9]
FreeRTOS_listen          0x800'0d11      0x6c  Code  Gb  FreeRTOS_Sockets.o [9]
FreeRTOS_max_size_t      0x800'1efb       0x8  Code  Gb  FreeRTOS_IP_Utils.o [9]
FreeRTOS_min_int32       0x800'1f03       0x8  Code  Gb  FreeRTOS_IP_Utils.o [9]
FreeRTOS_min_size_t      0x800'1f13       0x8  Code  Gb  FreeRTOS_IP_Utils.o [9]
FreeRTOS_min_uint32      0x800'1f0b       0x8  Code  Gb  FreeRTOS_IP_Utils.o [9]
FreeRTOS_recv            0x800'0ac3      0xe0  Code  Gb  FreeRTOS_Sockets.o [9]
FreeRTOS_round_up        0x800'1f1b      0x18  Code  Gb  FreeRTOS_IP_Utils.o [9]
FreeRTOS_rx_size         0x800'0fe7      0x18  Code  Gb  FreeRTOS_Sockets.o [9]
FreeRTOS_send            0x800'0c11      0xfa  Code  Gb  FreeRTOS_Sockets.o [9]
FreeRTOS_setsockopt      0x800'0675     0x162  Code  Gb  FreeRTOS_Sockets.o [9]
FreeRTOS_shutdown        0x800'0d7d      0x32  Code  Gb  FreeRTOS_Sockets.o [9]
FreeRTOS_socket          0x800'01c9     0x128  Code  Gb  FreeRTOS_Sockets.o [9]
FreeRTOS_tx_size         0x800'0fb3      0x18  Code  Gb  FreeRTOS_Sockets.o [9]
FreeRTOS_tx_space        0x800'0f91      0x1c  Code  Gb  FreeRTOS_Sockets.o [9]
Gate::Gate()             0x800'e5a1      0x62  Code  Gb  gate.o [11]
Gate::gateMonitorTask(void *)
                         0x800'e58f       0xe  Code  Gb  gate.o [11]
Gate::getInstance()      0x800'e565      0x16  Code  Gb  gate.o [11]
Gate::getInstance()::instance
                        0x2001'791c     0x494  Data  Lc  gate.o [11]
Gate::getInstance()::static guard for instance
                        0x2001'7918       0x1  Data  Lc  gate.o [11]
Gate::handleClosedState()
                         0x800'e633       0x2  Code  Gb  gate.o [11]
Gate::handleOpenedState()
                         0x800'e621      0x12  Code  Gb  gate.o [11]
Gate::resetTimer()       0x800'e607      0x1a  Code  Gb  gate.o [11]
Gate::timerCallback(tmrTimerControl *)
                         0x800'e603       0x4  Code  Gb  gate.o [11]
GetSector                0x800'dc09      0x6e  Code  Lc  flash.o [7]
HAL_Delay                0x800'ac99      0x28  Code  Wk  stm32f4xx_hal.o [12]
HAL_ETH_ConfigMAC        0x800'fb21     0x106  Code  Gb  stm32fxx_hal_eth.o [17]
HAL_ETH_ErrorCallback    0x801'0399       0x2  Code  Wk  stm32fxx_hal_eth.o [17]
HAL_ETH_IRQHandler       0x800'f8c5      0x3a  Code  Gb  stm32fxx_hal_eth.o [17]
HAL_ETH_Init             0x800'f62d     0x19c  Code  Gb  stm32fxx_hal_eth.o [17]
HAL_ETH_MspInit          0x800'f7c9      0xe2  Code  Gb  stm32fxx_hal_eth.o [17]
HAL_ETH_ReadPHYRegister
                         0x800'f8ff      0x6e  Code  Gb  stm32fxx_hal_eth.o [17]
HAL_ETH_RxCpltCallback   0x800'ed05      0x1e  Code  Gb  NetworkInterface.o [17]
HAL_ETH_Start            0x800'f9e9      0x54  Code  Gb  stm32fxx_hal_eth.o [17]
HAL_ETH_Stop             0x800'fa3d      0x52  Code  Gb  stm32fxx_hal_eth.o [17]
HAL_ETH_TxCpltCallback   0x800'ed37      0x1e  Code  Gb  NetworkInterface.o [17]
HAL_ETH_WritePHYRegister
                         0x800'f96d      0x6e  Code  Gb  stm32fxx_hal_eth.o [17]
HAL_FLASHEx_Erase        0x800'eba9      0x92  Code  Gb  stm32f4xx_hal_flash_ex.o [12]
HAL_FLASH_GetError       0x800'ea5f       0x6  Code  Gb  stm32f4xx_hal_flash.o [12]
HAL_FLASH_Lock           0x800'ea4f       0xa  Code  Gb  stm32f4xx_hal_flash.o [12]
HAL_FLASH_Program        0x800'e9c1      0x6e  Code  Gb  stm32f4xx_hal_flash.o [12]
HAL_FLASH_Unlock         0x800'ea2f      0x20  Code  Gb  stm32f4xx_hal_flash.o [12]
HAL_GPIO_Init            0x800'ba1d     0x1be  Code  Gb  stm32f4xx_hal_gpio.o [12]
HAL_GetTick              0x800'6921       0xc  Code  Wk  stm32f4xx_hal.o [12]
HAL_IncTick              0x800'cecd      0x10  Code  Wk  stm32f4xx_hal.o [12]
HAL_Init                 0x800'c78d      0x30  Code  Gb  stm32f4xx_hal.o [12]
HAL_InitTick             0x800'c185      0x8a  Code  Gb  stm32f4xx_hal_timebase_tim.o [4]
HAL_MspInit              0x800'd531      0x38  Code  Gb  stm32f4xx_hal_msp.o [4]
HAL_NVIC_EnableIRQ       0x800'bc71      0x16  Code  Gb  stm32f4xx_hal_cortex.o [12]
HAL_NVIC_SetPriority     0x800'bc37      0x3a  Code  Gb  stm32f4xx_hal_cortex.o [12]
HAL_NVIC_SetPriorityGrouping
                         0x800'bc23      0x14  Code  Gb  stm32f4xx_hal_cortex.o [12]
HAL_PCDEx_LPM_Callback   0x800'b89d       0x2  Code  Wk  stm32f4xx_hal_pcd_ex.o [12]
HAL_PCDEx_SetRxFiFo      0x800'c11b       0x8  Code  Gb  stm32f4xx_hal_pcd_ex.o [12]
HAL_PCDEx_SetTxFiFo      0x800'c0d9      0x42  Code  Gb  stm32f4xx_hal_pcd_ex.o [12]
HAL_PCD_ConnectCallback
                         0x800'b775       0x8  Code  Gb  usbd_conf.o [14]
HAL_PCD_DataInStageCallback
                         0x800'b6ed      0x12  Code  Gb  usbd_conf.o [14]
HAL_PCD_DataOutStageCallback
                         0x800'b6d9      0x14  Code  Gb  usbd_conf.o [14]
HAL_PCD_DisconnectCallback
                         0x800'b77d       0x8  Code  Gb  usbd_conf.o [14]
HAL_PCD_EP_Abort         0x800'b635      0x1c  Code  Gb  stm32f4xx_hal_pcd.o [12]
HAL_PCD_EP_Close         0x800'b4d9      0x20  Code  Gb  stm32f4xx_hal_pcd.o [12]
HAL_PCD_EP_ClrStall      0x800'b5d1      0x2e  Code  Gb  stm32f4xx_hal_pcd.o [12]
HAL_PCD_EP_GetRxCount    0x800'b515      0x10  Code  Gb  stm32f4xx_hal_pcd.o [12]
HAL_PCD_EP_Open          0x800'b47f      0x5a  Code  Gb  stm32f4xx_hal_pcd.o [12]
HAL_PCD_EP_Receive       0x800'b4f9      0x1c  Code  Gb  stm32f4xx_hal_pcd.o [12]
HAL_PCD_EP_SetStall      0x800'b567      0x62  Code  Gb  stm32f4xx_hal_pcd.o [12]
HAL_PCD_EP_Transmit      0x800'b525      0x18  Code  Gb  stm32f4xx_hal_pcd.o [12]
HAL_PCD_IRQHandler       0x800'adab     0x66e  Code  Gb  stm32f4xx_hal_pcd.o [12]
HAL_PCD_ISOINIncompleteCallback
                         0x800'b76d       0x8  Code  Gb  usbd_conf.o [14]
HAL_PCD_ISOOUTIncompleteCallback
                         0x800'b765       0x8  Code  Gb  usbd_conf.o [14]
HAL_PCD_Init             0x800'acc1      0xc2  Code  Gb  stm32f4xx_hal_pcd.o [12]
HAL_PCD_MspInit          0x800'b651      0x7c  Code  Gb  usbd_conf.o [14]
HAL_PCD_ResetCallback    0x800'b707      0x2c  Code  Gb  usbd_conf.o [14]
HAL_PCD_ResumeCallback   0x800'b75d       0x8  Code  Gb  usbd_conf.o [14]
HAL_PCD_SOFCallback      0x800'b6ff       0x8  Code  Gb  usbd_conf.o [14]
HAL_PCD_SetAddress       0x800'b45f      0x20  Code  Gb  stm32f4xx_hal_pcd.o [12]
HAL_PCD_SetupStageCallback
                         0x800'b6cd       0xc  Code  Gb  usbd_conf.o [14]
HAL_PCD_Start            0x800'ad8d      0x1e  Code  Gb  stm32f4xx_hal_pcd.o [12]
HAL_PCD_SuspendCallback
                         0x800'b733      0x2a  Code  Gb  usbd_conf.o [14]
HAL_RCC_ClockConfig      0x800'b8a1     0x100  Code  Gb  stm32f4xx_hal_rcc.o [12]
HAL_RCC_GetClockConfig   0x800'b9c9      0x36  Code  Gb  stm32f4xx_hal_rcc.o [12]
HAL_RCC_GetHCLKFreq      0x800'b9ad       0x6  Code  Gb  stm32f4xx_hal_rcc.o [12]
HAL_RCC_GetPCLK1Freq     0x800'b9b3      0x10  Code  Gb  stm32f4xx_hal_rcc.o [12]
HAL_RCC_GetSysClockFreq
                         0x800'c125      0x60  Code  Wk  stm32f4xx_hal_rcc.o [12]
HAL_RCC_OscConfig        0x800'cbbd     0x310  Code  Wk  stm32f4xx_hal_rcc.o [12]
HAL_SPI_Init             0x801'02d1      0xb4  Code  Gb  stm32f4xx_hal_spi.o [12]
HAL_SPI_MspInit          0x800'f4cf      0x66  Code  Gb  spi.o [4]
HAL_TIMEx_BreakCallback
                         0x800'e78b       0x2  Code  Wk  stm32f4xx_hal_tim_ex.o [12]
HAL_TIMEx_CommutCallback
                         0x800'e78f       0x2  Code  Wk  stm32f4xx_hal_tim_ex.o [12]
HAL_TIM_Base_Init        0x800'cedd      0x1a  Code  Gb  stm32f4xx_hal_tim.o [12]
HAL_TIM_Base_MspInit     0x800'e6fd      0x26  Code  Gb  tim.o [4]
HAL_TIM_Base_Start_IT    0x800'cef7      0x76  Code  Gb  stm32f4xx_hal_tim.o [12]
HAL_TIM_ConfigClockSource
[...]
                         0x800'4845      0x14  Code  Gb  FreeRTOS_IP_Timers.o [9]
vIPSetARPTimerEnableState
                         0x800'4831      0x14  Code  Gb  FreeRTOS_IP_Timers.o [9]
vIPSetDHCP_RATimerEnableState
                         0x800'4859      0x16  Code  Gb  FreeRTOS_IP_Timers.o [9]
vIPSetTCPTimerExpiredState
                         0x800'4817      0x1a  Code  Gb  FreeRTOS_IP_Timers.o [9]
vIPTimerStartARPResolution
                         0x800'47bb       0x6  Code  Gb  FreeRTOS_IP_Timers.o [9]
vListInitialise          0x800'114d      0x1a  Code  Gb  list.o [10]
vListInitialiseItem      0x800'1167       0x6  Code  Gb  list.o [10]
vListInsert              0x800'1187      0x32  Code  Gb  list.o [10]
vListInsertEnd           0x800'116d      0x1a  Code  Gb  list.o [10]
vListInsertFifo          0x800'267d      0x1a  Code  Lc  FreeRTOS_TCP_WIN.o [9]
vMACBProbePhy            0x800'f0ad      0x22  Code  Gb  NetworkInterface.o [17]
vManageSolicitedNodeAddress
                         0x800'665f      0x68  Code  Gb  FreeRTOS_IPv6_Utils.o [9]
vNDAgeCache              0x800'5b9f      0x44  Code  Gb  FreeRTOS_ND.o [9]
vNDRefreshCacheEntry     0x800'5b21      0x7e  Code  Gb  FreeRTOS_ND.o [9]
vNDSendNeighbourSolicitation
                         0x800'5c67     0x112  Code  Gb  FreeRTOS_ND.o [9]
vNDSendRouterSolicitation
                         0x800'4ff5     0x10a  Code  Gb  FreeRTOS_RA.o [9]
vNetworkSocketsInit      0x800'01b1      0x18  Code  Gb  FreeRTOS_Sockets.o [9]
vNetworkTimerReload      0x800'47d5       0x6  Code  Gb  FreeRTOS_IP_Timers.o [9]
vPhyInitialise           0x800'fca5      0x14  Code  Gb  phyHandling.o [17]
vPortEnableVFP           0x800'80e5            Code  Gb  portasm.o [16]
vPortEnterCritical       0x800'6827      0x32  Code  Gb  port.o [16]
vPortExitCritical        0x800'6859      0x22  Code  Gb  port.o [16]
vPortFree                0x800'19fb      0xb0  Code  Gb  heap_4.o [16]
vPortSetupTimerInterrupt
                         0x800'8029      0x28  Code  Wk  port.o [16]
vPortStartFirstTask      0x800'80c5            Code  Gb  portasm.o [16]
vPortValidateInterruptPriority
                         0x800'68a1      0x2c  Code  Gb  port.o [16]
vPreCheckConfigs         0x800'1ebf      0x2a  Code  Gb  FreeRTOS_IP_Utils.o [9]
vProcessGeneratedUDPPacket
                         0x800'53a9      0x1e  Code  Gb  FreeRTOS_UDP_IP.o [9]
vProcessGeneratedUDPPacket_IPv4
                         0x800'7ca1      0xce  Code  Gb  FreeRTOS_UDP_IPv4.o [9]
vProcessGeneratedUDPPacket_IPv4{5}{6}{7}{8}::ucDefaultPartUDPPacketHeader
                         0x800'7e10      0x18  Data  Lc  FreeRTOS_UDP_IPv4.o [9]
vProcessGeneratedUDPPacket_IPv6
                         0x800'7e29     0x114  Code  Gb  FreeRTOS_UDP_IPv6.o [9]
vQueueAddToRegistry      0x800'4f41      0x3a  Code  Gb  queue.o [10]
vQueueDelete             0x800'4e15      0x22  Code  Gb  queue.o [10]
vQueueUnregisterQueue    0x800'4f7b      0x2a  Code  Gb  queue.o [10]
vQueueWaitForMessageRestricted
                         0x800'4fad      0x48  Code  Gb  queue.o [10]
vRAProcess               0x800'524f     0x154  Code  Gb  FreeRTOS_RA.o [9]
vReceiveNA               0x800'50ff      0x54  Code  Gb  FreeRTOS_RA.o [9]
vReceiveRA               0x800'5153      0xec  Code  Gb  FreeRTOS_RA.o [9]
vRegisterDelay           0x800'fab7      0x24  Code  Lc  stm32fxx_hal_eth.o [17]
vReleaseNetworkBuffer    0x800'2543       0xc  Code  Gb  BufferAllocation_2.o [17]
vReleaseNetworkBufferAndDescriptor
                         0x800'25ff      0x42  Code  Gb  BufferAllocation_2.o [17]
vReturnEthernetFrame     0x800'1753      0xa2  Code  Gb  FreeRTOS_IP.o [9]
vSetAllNetworksUp        0x800'486f       0x6  Code  Gb  FreeRTOS_IP_Timers.o [9]
vSetMultiCastIPv4MacAddress
                         0x800'7fd7      0x30  Code  Gb  FreeRTOS_IPv4_Utils.o [9]
vSetMultiCastIPv6MacAddress
                         0x800'65d7      0x18  Code  Gb  FreeRTOS_IPv6_Utils.o [9]
vSocketBind              0x800'03f1     0x12c  Code  Gb  FreeRTOS_Sockets.o [9]
vSocketClose             0x800'0543      0xd2  Code  Gb  FreeRTOS_Sockets.o [9]
vSocketCloseNextTime     0x800'3019      0x18  Code  Gb  FreeRTOS_TCP_IP.o [9]
vSocketListenNextTime    0x800'3031      0x1c  Code  Gb  FreeRTOS_TCP_IP.o [9]
vSocketSelect            0x800'100f     0x110  Code  Gb  FreeRTOS_Sockets.o [9]
vSocketWakeUpUser        0x800'091f      0x3a  Code  Gb  FreeRTOS_Sockets.o [9]
vStreamBufferClear       0x800'44f7      0x10  Code  Gb  FreeRTOS_Stream_Buffer.o [9]
vStreamBufferMoveMid     0x800'4507      0x20  Code  Gb  FreeRTOS_Stream_Buffer.o [9]
vTCPStateChange          0x800'30d5     0x170  Code  Gb  FreeRTOS_TCP_IP.o [9]
vTCPTimerReload          0x800'47c5       0x6  Code  Gb  FreeRTOS_IP_Timers.o [9]
vTCPWindowDestroy        0x800'27ad      0x34  Code  Gb  FreeRTOS_TCP_WIN.o [9]
vTCPWindowFree           0x800'277b      0x32  Code  Lc  FreeRTOS_TCP_WIN.o [9]
vTCPWindowInit           0x800'2877      0x42  Code  Gb  FreeRTOS_TCP_WIN.o [9]
vTaskDelay               0x800'3755      0x30  Code  Gb  tasks.o [10]
vTaskGenericNotifyGiveFromISR
                         0x800'4337      0xcc  Code  Gb  tasks.o [10]
vTaskInternalSetTimeOutState
                         0x800'3de5       0xe  Code  Gb  tasks.o [10]
vTaskMissedYield         0x800'3e53       0xa  Code  Gb  tasks.o [10]
vTaskPlaceOnEventList    0x800'3b7f      0x24  Code  Gb  tasks.o [10]
vTaskPlaceOnEventListRestricted
                         0x800'3bff      0x48  Code  Gb  tasks.o [10]
vTaskPlaceOnUnorderedEventList
                         0x800'3ba3      0x5c  Code  Gb  tasks.o [10]
vTaskPriorityDisinheritAfterTimeout
                         0x800'403f      0x78  Code  Gb  tasks.o [10]
vTaskRemoveFromUnorderedEventList
                         0x800'3d0d      0xae  Code  Gb  tasks.o [10]
vTaskSetTimeOutState     0x800'3dbb      0x24  Code  Gb  tasks.o [10]
vTaskStartScheduler      0x800'3849      0x98  Code  Gb  tasks.o [10]
vTaskSuspend             0x800'378b      0xa0  Code  Gb  tasks.o [10]
vTaskSuspendAll          0x800'38e9       0xc  Code  Gb  tasks.o [10]
vTaskSwitchContext       0x800'3b2f      0x50  Code  Gb  tasks.o [10]
xARPCache               0x2000'0000      0x60  Data  Lc  FreeRTOS_ARP.o [9]
xARPResolutionTimer     0x2001'95b0      0x14  Data  Lc  FreeRTOS_IP_Timers.o [9]
xARPTimer               0x2001'9584      0x14  Data  Lc  FreeRTOS_IP_Timers.o [9]
xActiveTimerList1       0x2001'92b4      0x14  Data  Lc  timers.o [10]
xActiveTimerList2       0x2001'92c8      0x14  Data  Lc  timers.o [10]
xAllNetworksUp          0x2001'95ac       0x4  Data  Lc  FreeRTOS_IP_Timers.o [9]
xApplicationGetRandomNumber
                         0x800'1f75       0xe  Code  Gb  eth_helper.o [6]
xBadIPv4Loopback         0x800'60c1      0x26  Code  Gb  FreeRTOS_IPv4.o [9]
xBadIPv6Loopback         0x800'628d      0x34  Code  Gb  FreeRTOS_IPv6.o [9]
xBoundTCPSocketsList    0x2001'9740      0x14  Data  Gb  FreeRTOS_Sockets.o [9]
xBoundUDPSocketsList    0x2001'9754      0x14  Data  Gb  FreeRTOS_Sockets.o [9]
xBroadcastMACAddress     0x800'1890       0x8  Data  Gb  FreeRTOS_IP.o [9]
xBufferAllocFixedSize    0x801'1284       0x4  Data  Gb  BufferAllocation_2.o [17]
xCalculateSleepTime      0x800'467d      0x4a  Code  Gb  FreeRTOS_IP_Timers.o [9]
xCheckRequiresARPResolution
                         0x800'561d      0x88  Code  Gb  FreeRTOS_ARP.o [9]
xCompareIPv6_Address     0x800'6315      0x9e  Code  Gb  FreeRTOS_IPv6.o [9]
xCompareIPv6_Address::FreeRTOS_in6addr_allnodes
                         0x800'6580      0x10  Data  Lc  FreeRTOS_IPv6.o [9]
xDelayedTaskList1       0x2000'3174      0x14  Data  Lc  tasks.o [10]
xDelayedTaskList2       0x2000'3188      0x14  Data  Lc  tasks.o [10]
xEMACTaskHandle         0x2000'00d4       0x4  Data  Lc  NetworkInterface.o [17]
xETH                    0x2001'9628      0x48  Data  Lc  NetworkInterface.o [17]
xEventGroupClearBits     0x800'1bdb      0x30  Code  Gb  event_groups.o [10]
xEventGroupCreate        0x800'1acf      0x1e  Code  Gb  event_groups.o [10]
xEventGroupSetBits       0x800'1c0b      0x72  Code  Gb  event_groups.o [10]
xEventGroupWaitBits      0x800'1aed      0xd6  Code  Gb  event_groups.o [10]
xFreeBuffersList        0x2001'978c      0x14  Data  Lc  BufferAllocation_2.o [17]
xFreeBytesRemaining     0x2000'335c       0x4  Data  Lc  heap_4.o [16]
xGetCommand              0x800'dbe8      0x10  Data  Gb  cli.o [3]
xGetExtensionOrder       0x800'64ad      0x44  Code  Gb  FreeRTOS_IPv6.o [9]
xHelpCommand             0x801'124c      0x10  Data  Lc  FreeRTOS_CLI.o [8]
xIPIsNetworkTaskReady    0x800'1805       0x6  Code  Gb  FreeRTOS_IP.o [9]
xIPTaskHandle           0x2001'54e8       0x4  Data  Lc  FreeRTOS_IP.o [9]
xIPTaskInitialised      0x2001'54ec       0x4  Data  Lc  FreeRTOS_IP.o [9]
xIPv6_GetIPType          0x800'246d      0x4c  Code  Gb  FreeRTOS_Routing.o [9]
xIPv6_GetIPType::xIPCouples
                         0x800'24b8      0x20  Data  Lc  FreeRTOS_Routing.o [9]
xIdleTaskHandles        0x2000'3168       0x4  Data  Lc  tasks.o [10]
xIsCallingFromIPTask     0x800'1dc5      0x18  Code  Gb  FreeRTOS_IP_Utils.o [9]
xIsIPInARPCache          0x800'55f5      0x28  Code  Gb  FreeRTOS_ARP.o [9]
xIsIPv4Loopback          0x800'60e7      0x28  Code  Gb  FreeRTOS_IPv4.o [9]
xIsIPv4Multicast         0x800'609d      0x24  Code  Gb  FreeRTOS_IPv4.o [9]
xIsIPv6AllowedMulticast
                         0x800'62c1      0x52  Code  Gb  FreeRTOS_IPv6.o [9]
xIsIPv6Loopback          0x800'6279      0x14  Code  Gb  FreeRTOS_IPv6.o [9]
xLastGratuitousARPTime  0x2000'0060       0x4  Data  Lc  FreeRTOS_ARP.o [9]
xMacInitStatus          0x2001'97eb       0x1  Data  Lc  NetworkInterface.o [17]
xMinimumEverFreeBytesRemaining
                        0x2000'3360       0x4  Data  Lc  heap_4.o [16]
xNDCache                0x2001'8518     0x300  Data  Lc  FreeRTOS_ND.o [9]
xNetworkBufferSemaphore
                        0x2001'97a4       0x4  Data  Lc  BufferAllocation_2.o [17]
xNetworkBuffersInitialise
                         0x800'24d9      0x56  Code  Gb  BufferAllocation_2.o [17]
xNetworkBuffersInitialise::xNetworkBufferDescriptors
                        0x2001'476c     0xd20  Data  Lc  BufferAllocation_2.o [17]
xNetworkBuffersInitialise{1}{2}{3}::xNetworkBufferSemaphoreBuffer
                        0x2001'548c      0x50  Data  Lc  BufferAllocation_2.o [17]
xNetworkDownEventPending
                        0x2001'54e4       0x4  Data  Lc  FreeRTOS_IP.o [9]
xNetworkEventQueue      0x2001'54e0       0x4  Data  Gb  FreeRTOS_IP.o [9]
xNetworkTimer           0x2001'95c4      0x14  Data  Lc  FreeRTOS_IP_Timers.o [9]
xNextTaskUnblockTime    0x2000'3164       0x4  Data  Lc  tasks.o [10]
xNumOfOverflows         0x2000'315c       0x4  Data  Lc  tasks.o [10]
xNumberOfSuccessfulAllocations
                        0x2000'3364       0x4  Data  Lc  heap_4.o [16]
xNumberOfSuccessfulFrees
                        0x2000'3368       0x4  Data  Lc  heap_4.o [16]
xPHYProperties           0x800'f354       0x4  Data  Gb  NetworkInterface.o [17]
xPendedTicks            0x2000'3154       0x4  Data  Lc  tasks.o [10]
xPendingReadyList       0x2000'30f8      0x14  Data  Lc  tasks.o [10]
xPhyCheckLinkStatus      0x801'012d      0xa8  Code  Gb  phyHandling.o [17]
xPhyConfigure            0x800'fd19     0x1e2  Code  Gb  phyHandling.o [17]
xPhyDiscover             0x800'fcb9      0x60  Code  Gb  phyHandling.o [17]
xPhyFixedValue           0x800'fefb      0x4a  Code  Gb  phyHandling.o [17]
xPhyObject              0x2000'0088      0x40  Data  Lc  NetworkInterface.o [17]
xPhyStartAutoNegotiation
                         0x800'ff45     0x1ce  Code  Gb  phyHandling.o [17]
xPortStartScheduler      0x800'6739      0xe0  Code  Gb  port.o [16]
xProcessReceivedTCPPacket
                         0x800'32d9     0x204  Code  Gb  FreeRTOS_TCP_IP.o [9]
xProcessReceivedUDPPacket
                         0x800'53c7      0x3e  Code  Gb  FreeRTOS_UDP_IP.o [9]
xProcessReceivedUDPPacket_IPv4
                         0x800'7d6f      0x94  Code  Gb  FreeRTOS_UDP_IPv4.o [9]
xProcessReceivedUDPPacket_IPv6
                         0x800'7f3d      0x8c  Code  Gb  FreeRTOS_UDP_IPv6.o [9]
xQueueCreateCountingSemaphore
                         0x800'4a15      0x1e  Code  Gb  queue.o [10]
xQueueCreateCountingSemaphoreStatic
                         0x800'49f1      0x24  Code  Gb  queue.o [10]
xQueueGenericCreate      0x800'4977      0x4a  Code  Gb  queue.o [10]
xQueueGenericCreateStatic
                         0x800'4927      0x50  Code  Gb  queue.o [10]
xQueueGenericReset       0x800'4895      0x92  Code  Gb  queue.o [10]
xQueueGenericSend        0x800'4a33     0x12c  Code  Gb  queue.o [10]
xQueueReceive            0x800'4b67     0x110  Code  Gb  queue.o [10]
xQueueRegistry          0x2001'9700      0x40  Data  Gb  queue.o [10]
xQueueSemaphoreTake      0x800'4c77     0x120  Code  Gb  queue.o [10]
xRegisteredCommands     0x2000'007c       0x8  Data  Lc  FreeRTOS_CLI.o [8]
xResetCommand            0x800'dbf8      0x10  Data  Gb  cli.o [3]
xRoutingStatistics      0x2001'94c0      0x68  Data  Gb  FreeRTOS_Routing.o [9]
xSTM32F_GetPhyLinkStatus
                         0x800'f159       0x2  Code  Lc  NetworkInterface.o [17]
xSTM32F_NetworkInterfaceInitialise
                         0x800'ed6d      0xd0  Code  Lc  NetworkInterface.o [17]
xSTM32F_NetworkInterfaceOutput
                         0x800'efbf      0x8c  Code  Lc  NetworkInterface.o [17]
xSTM32_PhyRead           0x800'f07f       0xc  Code  Gb  NetworkInterface.o [17]
xSTM32_PhyWrite          0x800'f08b       0xa  Code  Gb  NetworkInterface.o [17]
xSchedulerRunning       0x2000'3150       0x4  Data  Lc  tasks.o [10]
xSegmentList            0x2001'97a8      0x14  Data  Lc  FreeRTOS_TCP_WIN.o [9]
xSendEventStructToIPTask
                         0x800'16dd      0x48  Code  Gb  FreeRTOS_IP.o [9]
xSendEventToIPTask       0x800'16c9      0x14  Code  Gb  FreeRTOS_IP.o [9]
xSequenceGreaterThan     0x800'2663       0xe  Code  Gb  FreeRTOS_TCP_WIN.o [9]
xSequenceGreaterThanOrEqual
                         0x800'2671       0xc  Code  Lc  FreeRTOS_TCP_WIN.o [9]
xSequenceLessThan        0x800'2655       0xe  Code  Gb  FreeRTOS_TCP_WIN.o [9]
xSetCommand              0x800'dbd8      0x10  Data  Gb  cli.o [3]
xSocketToClose          0x2001'97d8       0x4  Data  Lc  FreeRTOS_TCP_IP.o [9]
xSocketToListen         0x2001'97dc       0x4  Data  Lc  FreeRTOS_TCP_IP.o [9]
xSocketValid             0x800'0fff      0x10  Code  Gb  FreeRTOS_Sockets.o [9]
xStart                  0x2000'3350       0x8  Data  Lc  heap_4.o [16]
xStreamBufferLessThenEqual
                         0x800'4527      0x12  Code  Gb  FreeRTOS_Stream_Buffer.o [9]
xSuspendedTaskList      0x2000'3120      0x14  Data  Lc  tasks.o [10]
xTCPCheckNewClient       0x800'34e9      0x40  Code  Gb  FreeRTOS_TCP_IP.o [9]
xTCPSegments            0x2001'97bc       0x4  Data  Lc  FreeRTOS_TCP_WIN.o [9]
xTCPSocketCheck          0x800'304d      0x7c  Code  Gb  FreeRTOS_TCP_IP.o [9]
xTCPTimer               0x2001'9598      0x14  Data  Lc  FreeRTOS_IP_Timers.o [9]
xTCPTimerCheck           0x800'0daf      0x7a  Code  Gb  FreeRTOS_Sockets.o [9]
xTCPTimerCheck::xLastTime
                        0x2001'9768       0x4  Data  Lc  FreeRTOS_Sockets.o [9]
xTCPWindowCreate         0x800'27e1      0x96  Code  Gb  FreeRTOS_TCP_WIN.o [9]
xTCPWindowGetHead        0x800'2757      0x16  Code  Lc  FreeRTOS_TCP_WIN.o [9]
xTCPWindowLoggingLevel  0x2001'97e0       0x4  Data  Gb  FreeRTOS_TCP_WIN.o [9]
xTCPWindowNew            0x800'26c7      0x66  Code  Lc  FreeRTOS_TCP_WIN.o [9]
xTCPWindowPeekHead       0x800'276d       0xe  Code  Lc  FreeRTOS_TCP_WIN.o [9]
xTCPWindowRxEmpty        0x800'273b      0x1c  Code  Gb  FreeRTOS_TCP_WIN.o [9]
xTCPWindowRxFind         0x800'26a5      0x22  Code  Lc  FreeRTOS_TCP_WIN.o [9]
xTCPWindowTxDone         0x800'2acb       0xc  Code  Gb  FreeRTOS_TCP_WIN.o [9]
xTCPWindowTxHasData      0x800'2b17      0x66  Code  Gb  FreeRTOS_TCP_WIN.o [9]
xTXDescriptorSemaphore  0x2000'00c8       0x4  Data  Lc  NetworkInterface.o [17]
xTaskCheckForTimeOut     0x800'3df3      0x60  Code  Gb  tasks.o [10]
xTaskCreate              0x800'35a9      0x5c  Code  Gb  tasks.o [10]
xTaskCreateStatic        0x800'3535      0x74  Code  Gb  tasks.o [10]
xTaskGenericNotifyFromISR
                         0x800'4215     0x11c  Code  Gb  tasks.o [10]
xTaskGenericNotifyWait   0x800'4169      0x8a  Code  Gb  tasks.o [10]
xTaskGetCurrentTaskHandle
                         0x800'3ef1       0x8  Code  Gb  tasks.o [10]
xTaskGetSchedulerState   0x800'3ef9      0x18  Code  Gb  tasks.o [10]
xTaskGetTickCount        0x800'39fb       0x8  Code  Gb  tasks.o [10]
xTaskIncrementTick       0x800'3a03     0x12c  Code  Gb  tasks.o [10]
xTaskPriorityDisinherit
                         0x800'3f99      0x84  Code  Gb  tasks.o [10]
xTaskPriorityInherit     0x800'3f11      0x88  Code  Gb  tasks.o [10]
xTaskRemoveFromEventList
                         0x800'3c47      0xbc  Code  Gb  tasks.o [10]
xTaskResumeAll           0x800'38f5      0xf0  Code  Gb  tasks.o [10]
xTasksWaitingTermination
                        0x2000'310c      0x14  Data  Lc  tasks.o [10]
xTickCount              0x2000'3148       0x4  Data  Lc  tasks.o [10]
xTimerCreateStatic       0x800'7905      0x40  Code  Gb  timers.o [10]
xTimerCreateTimerTask    0x800'78b1      0x54  Code  Gb  timers.o [10]
xTimerGenericCommandFromTask
                         0x800'7985      0x4c  Code  Gb  timers.o [10]
xTimerQueue             0x2001'92a8       0x4  Data  Lc  timers.o [10]
xTimerTaskHandle        0x2001'92ac       0x4  Data  Lc  timers.o [10]
xYieldPendings          0x2000'3158       0x4  Data  Lc  tasks.o [10]


[1] = C:\Users\Koche\Desktop\Work\Smart Dispenser PRJ\gateway\EWARM\Gateway_407\Obj\App_6048373297342892631.dir
[2] = C:\Users\Koche\Desktop\Work\Smart Dispenser PRJ\gateway\EWARM\Gateway_407\Obj\CMSIS_6603591812247902717.dir
[3] = C:\Users\Koche\Desktop\Work\Smart Dispenser PRJ\gateway\EWARM\Gateway_407\Obj\Cli_11707894225168942927.dir
[4] = C:\Users\Koche\Desktop\Work\Smart Dispenser PRJ\gateway\EWARM\Gateway_407\Obj\Core_13247989168731456611.dir
[5] = C:\Users\Koche\Desktop\Work\Smart Dispenser PRJ\gateway\EWARM\Gateway_407\Obj\EWARM_18443280873093131863.dir
[6] = C:\Users\Koche\Desktop\Work\Smart Dispenser PRJ\gateway\EWARM\Gateway_407\Obj\Ethernet_5605320102233052314.dir
[7] = C:\Users\Koche\Desktop\Work\Smart Dispenser PRJ\gateway\EWARM\Gateway_407\Obj\Flash_13912709933827620245.dir
[8] = C:\Users\Koche\Desktop\Work\Smart Dispenser PRJ\gateway\EWARM\Gateway_407\Obj\FreeRTOS-Plu-Cli_11501085631675054166.dir
[9] = C:\Users\Koche\Desktop\Work\Smart Dispenser PRJ\gateway\EWARM\Gateway_407\Obj\FreeRTOS-Plus-TCP_16686340316780321206.dir
[10] = C:\Users\Koche\Desktop\Work\Smart Dispenser PRJ\gateway\EWARM\Gateway_407\Obj\FreeRTOS_15068288790229095433.dir
[11] = C:\Users\Koche\Desktop\Work\Smart Dispenser PRJ\gateway\EWARM\Gateway_407\Obj\Gate_3448444589264835548.dir
[12] = C:\Users\Koche\Desktop\Work\Smart Dispenser PRJ\gateway\EWARM\Gateway_407\Obj\STM32F4xx_HAL_Driver_1244631019742807970.dir
[13] = C:\Users\Koche\Desktop\Work\Smart Dispenser PRJ\gateway\EWARM\Gateway_407\Obj\System_11455613988876714787.dir
[14] = C:\Users\Koche\Desktop\Work\Smart Dispenser PRJ\gateway\EWARM\Gateway_407\Obj\Target_2794460481546860895.dir
[15] = C:\Users\Koche\Desktop\Work\Smart Dispenser PRJ\gateway\EWARM\Gateway_407\Obj\USB_Device_Library_15009154495834662892.dir
[16] = C:\Users\Koche\Desktop\Work\Smart Dispenser PRJ\gateway\EWARM\Gateway_407\Obj\portable_15954926109208205999.dir
[17] = C:\Users\Koche\Desktop\Work\Smart Dispenser PRJ\gateway\EWARM\Gateway_407\Obj\portable_7947777220660125680.dir
[18] = dl7M_tlf.a
[19] = m7M_tls.a
[20] = rt7M_tl.a
[21] = shb_l.a

   69'638 bytes of readonly  code memory
    1'398 bytes of readonly  data memory
  105'453 bytes of readwrite data memory

Errors: none
Warnings: none
