###############################################################################
#
# IAR ELF Linker V9.60.3.422/W64 for ARM                  04/Oct/2025  00:19:56
# Copyright 2007-2024 IAR Systems AB.
#
#    Output file  =
#        C:\Users\Koche\Desktop\Work\Smart Dispenser
#        PRJ\gateway\EWARM\Gateway_407\Exe\Gateway_407.out
#    Map file     =
#        C:\Users\Koche\Desktop\Work\Smart Dispenser
#        PRJ\gateway\EWARM\Gateway_407\List\Gateway_407.map
#    Command line =
#        -f "C:\Users\Koche\Desktop\Work\Smart Dispenser
#        PRJ\gateway\EWARM\Gateway_407\Exe\Gateway_407.out.rsp"
#        ("C:\Users\Koche\Desktop\Work\Smart Dispenser
#        PRJ\gateway\EWARM\Gateway_407\Obj\portable_7947777220660125680.dir\BufferAllocation_2.o"
#        "C:\Users\Koche\Desktop\Work\Smart Dispenser
#        PRJ\gateway\EWARM\Gateway_407\Obj\Cli_11707894225168942927.dir\cli.o"
#        "C:\Users\Koche\Desktop\Work\Smart Dispenser
#        PRJ\gateway\EWARM\Gateway_407\Obj\Cli_11707894225168942927.dir\cli_handlers.o"
#        "C:\Users\Koche\Desktop\Work\Smart Dispenser
#        PRJ\gateway\EWARM\Gateway_407\Obj\Cli_11707894225168942927.dir\cli_helper.o"
#        "C:\Users\Koche\Desktop\Work\Smart Dispenser
#        PRJ\gateway\EWARM\Gateway_407\Obj\Core_13247989168731456611.dir\dma.o"
#        "C:\Users\Koche\Desktop\Work\Smart Dispenser
#        PRJ\gateway\EWARM\Gateway_407\Obj\Ethernet_5605320102233052314.dir\eth.o"
#        "C:\Users\Koche\Desktop\Work\Smart Dispenser
#        PRJ\gateway\EWARM\Gateway_407\Obj\Ethernet_5605320102233052314.dir\eth_helper.o"
#        "C:\Users\Koche\Desktop\Work\Smart Dispenser
#        PRJ\gateway\EWARM\Gateway_407\Obj\FreeRTOS_15068288790229095433.dir\event_groups.o"
#        "C:\Users\Koche\Desktop\Work\Smart Dispenser
#        PRJ\gateway\EWARM\Gateway_407\Obj\Flash_13912709933827620245.dir\flash.o"
#        "C:\Users\Koche\Desktop\Work\Smart Dispenser
#        PRJ\gateway\EWARM\Gateway_407\Obj\FreeRTOS-Plus-TCP_16686340316780321206.dir\FreeRTOS_ARP.o"
#        "C:\Users\Koche\Desktop\Work\Smart Dispenser
#        PRJ\gateway\EWARM\Gateway_407\Obj\FreeRTOS-Plus-TCP_16686340316780321206.dir\FreeRTOS_BitConfig.o"
#        "C:\Users\Koche\Desktop\Work\Smart Dispenser
#        PRJ\gateway\EWARM\Gateway_407\Obj\FreeRTOS-Plu-Cli_11501085631675054166.dir\FreeRTOS_CLI.o"
#        "C:\Users\Koche\Desktop\Work\Smart Dispenser
#        PRJ\gateway\EWARM\Gateway_407\Obj\FreeRTOS-Plus-TCP_16686340316780321206.dir\FreeRTOS_DHCP.o"
#        "C:\Users\Koche\Desktop\Work\Smart Dispenser
#        PRJ\gateway\EWARM\Gateway_407\Obj\FreeRTOS-Plus-TCP_16686340316780321206.dir\FreeRTOS_DHCPv6.o"
#        "C:\Users\Koche\Desktop\Work\Smart Dispenser
#        PRJ\gateway\EWARM\Gateway_407\Obj\FreeRTOS-Plus-TCP_16686340316780321206.dir\FreeRTOS_DNS.o"
#        "C:\Users\Koche\Desktop\Work\Smart Dispenser
#        PRJ\gateway\EWARM\Gateway_407\Obj\FreeRTOS-Plus-TCP_16686340316780321206.dir\FreeRTOS_DNS_Cache.o"
#        "C:\Users\Koche\Desktop\Work\Smart Dispenser
#        PRJ\gateway\EWARM\Gateway_407\Obj\FreeRTOS-Plus-TCP_16686340316780321206.dir\FreeRTOS_DNS_Callback.o"
#        "C:\Users\Koche\Desktop\Work\Smart Dispenser
#        PRJ\gateway\EWARM\Gateway_407\Obj\FreeRTOS-Plus-TCP_16686340316780321206.dir\FreeRTOS_DNS_Networking.o"
#        "C:\Users\Koche\Desktop\Work\Smart Dispenser
#        PRJ\gateway\EWARM\Gateway_407\Obj\FreeRTOS-Plus-TCP_16686340316780321206.dir\FreeRTOS_DNS_Parser.o"
#        "C:\Users\Koche\Desktop\Work\Smart Dispenser
#        PRJ\gateway\EWARM\Gateway_407\Obj\FreeRTOS-Plus-TCP_16686340316780321206.dir\FreeRTOS_ICMP.o"
#        "C:\Users\Koche\Desktop\Work\Smart Dispenser
#        PRJ\gateway\EWARM\Gateway_407\Obj\FreeRTOS-Plus-TCP_16686340316780321206.dir\FreeRTOS_IP.o"
#        "C:\Users\Koche\Desktop\Work\Smart Dispenser
#        PRJ\gateway\EWARM\Gateway_407\Obj\FreeRTOS-Plus-TCP_16686340316780321206.dir\FreeRTOS_IP_Timers.o"
#        "C:\Users\Koche\Desktop\Work\Smart Dispenser
#        PRJ\gateway\EWARM\Gateway_407\Obj\FreeRTOS-Plus-TCP_16686340316780321206.dir\FreeRTOS_IP_Utils.o"
#        "C:\Users\Koche\Desktop\Work\Smart Dispenser
#        PRJ\gateway\EWARM\Gateway_407\Obj\FreeRTOS-Plus-TCP_16686340316780321206.dir\FreeRTOS_IPv4.o"
#        "C:\Users\Koche\Desktop\Work\Smart Dispenser
#        PRJ\gateway\EWARM\Gateway_407\Obj\FreeRTOS-Plus-TCP_16686340316780321206.dir\FreeRTOS_IPv4_Sockets.o"
#        "C:\Users\Koche\Desktop\Work\Smart Dispenser
#        PRJ\gateway\EWARM\Gateway_407\Obj\FreeRTOS-Plus-TCP_16686340316780321206.dir\FreeRTOS_IPv4_Utils.o"
#        "C:\Users\Koche\Desktop\Work\Smart Dispenser
#        PRJ\gateway\EWARM\Gateway_407\Obj\FreeRTOS-Plus-TCP_16686340316780321206.dir\FreeRTOS_IPv6.o"
#        "C:\Users\Koche\Desktop\Work\Smart Dispenser
#        PRJ\gateway\EWARM\Gateway_407\Obj\FreeRTOS-Plus-TCP_16686340316780321206.dir\FreeRTOS_IPv6_Sockets.o"
#        "C:\Users\Koche\Desktop\Work\Smart Dispenser
#        PRJ\gateway\EWARM\Gateway_407\Obj\FreeRTOS-Plus-TCP_16686340316780321206.dir\FreeRTOS_IPv6_Utils.o"
#        "C:\Users\Koche\Desktop\Work\Smart Dispenser
#        PRJ\gateway\EWARM\Gateway_407\Obj\FreeRTOS-Plus-TCP_16686340316780321206.dir\FreeRTOS_ND.o"
#        "C:\Users\Koche\Desktop\Work\Smart Dispenser
#        PRJ\gateway\EWARM\Gateway_407\Obj\FreeRTOS-Plus-TCP_16686340316780321206.dir\FreeRTOS_RA.o"
#        "C:\Users\Koche\Desktop\Work\Smart Dispenser
#        PRJ\gateway\EWARM\Gateway_407\Obj\FreeRTOS-Plus-TCP_16686340316780321206.dir\FreeRTOS_Routing.o"
#        "C:\Users\Koche\Desktop\Work\Smart Dispenser
#        PRJ\gateway\EWARM\Gateway_407\Obj\FreeRTOS-Plus-TCP_16686340316780321206.dir\FreeRTOS_Sockets.o"
#        "C:\Users\Koche\Desktop\Work\Smart Dispenser
#        PRJ\gateway\EWARM\Gateway_407\Obj\FreeRTOS-Plus-TCP_16686340316780321206.dir\FreeRTOS_Stream_Buffer.o"
#        "C:\Users\Koche\Desktop\Work\Smart Dispenser
#        PRJ\gateway\EWARM\Gateway_407\Obj\FreeRTOS-Plus-TCP_16686340316780321206.dir\FreeRTOS_TCP_IP.o"
#        "C:\Users\Koche\Desktop\Work\Smart Dispenser
#        PRJ\gateway\EWARM\Gateway_407\Obj\FreeRTOS-Plus-TCP_16686340316780321206.dir\FreeRTOS_TCP_IP_IPv4.o"
#        "C:\Users\Koche\Desktop\Work\Smart Dispenser
#        PRJ\gateway\EWARM\Gateway_407\Obj\FreeRTOS-Plus-TCP_16686340316780321206.dir\FreeRTOS_TCP_IP_IPv6.o"
#        "C:\Users\Koche\Desktop\Work\Smart Dispenser
#        PRJ\gateway\EWARM\Gateway_407\Obj\FreeRTOS-Plus-TCP_16686340316780321206.dir\FreeRTOS_TCP_Reception.o"
#        "C:\Users\Koche\Desktop\Work\Smart Dispenser
#        PRJ\gateway\EWARM\Gateway_407\Obj\FreeRTOS-Plus-TCP_16686340316780321206.dir\FreeRTOS_TCP_State_Handling.o"
#        "C:\Users\Koche\Desktop\Work\Smart Dispenser
#        PRJ\gateway\EWARM\Gateway_407\Obj\FreeRTOS-Plus-TCP_16686340316780321206.dir\FreeRTOS_TCP_State_Handling_IPv4.o"
#        "C:\Users\Koche\Desktop\Work\Smart Dispenser
#        PRJ\gateway\EWARM\Gateway_407\Obj\FreeRTOS-Plus-TCP_16686340316780321206.dir\FreeRTOS_TCP_State_Handling_IPv6.o"
#        "C:\Users\Koche\Desktop\Work\Smart Dispenser
#        PRJ\gateway\EWARM\Gateway_407\Obj\FreeRTOS-Plus-TCP_16686340316780321206.dir\FreeRTOS_TCP_Transmission.o"
#        "C:\Users\Koche\Desktop\Work\Smart Dispenser
#        PRJ\gateway\EWARM\Gateway_407\Obj\FreeRTOS-Plus-TCP_16686340316780321206.dir\FreeRTOS_TCP_Transmission_IPv4.o"
#        "C:\Users\Koche\Desktop\Work\Smart Dispenser
#        PRJ\gateway\EWARM\Gateway_407\Obj\FreeRTOS-Plus-TCP_16686340316780321206.dir\FreeRTOS_TCP_Transmission_IPv6.o"
#        "C:\Users\Koche\Desktop\Work\Smart Dispenser
#        PRJ\gateway\EWARM\Gateway_407\Obj\FreeRTOS-Plus-TCP_16686340316780321206.dir\FreeRTOS_TCP_Utils.o"
#        "C:\Users\Koche\Desktop\Work\Smart Dispenser
#        PRJ\gateway\EWARM\Gateway_407\Obj\FreeRTOS-Plus-TCP_16686340316780321206.dir\FreeRTOS_TCP_Utils_IPv4.o"
#        "C:\Users\Koche\Desktop\Work\Smart Dispenser
#        PRJ\gateway\EWARM\Gateway_407\Obj\FreeRTOS-Plus-TCP_16686340316780321206.dir\FreeRTOS_TCP_Utils_IPv6.o"
#        "C:\Users\Koche\Desktop\Work\Smart Dispenser
#        PRJ\gateway\EWARM\Gateway_407\Obj\FreeRTOS-Plus-TCP_16686340316780321206.dir\FreeRTOS_TCP_WIN.o"
#        "C:\Users\Koche\Desktop\Work\Smart Dispenser
#        PRJ\gateway\EWARM\Gateway_407\Obj\FreeRTOS-Plus-TCP_16686340316780321206.dir\FreeRTOS_Tiny_TCP.o"
#        "C:\Users\Koche\Desktop\Work\Smart Dispenser
#        PRJ\gateway\EWARM\Gateway_407\Obj\FreeRTOS-Plus-TCP_16686340316780321206.dir\FreeRTOS_UDP_IP.o"
#        "C:\Users\Koche\Desktop\Work\Smart Dispenser
#        PRJ\gateway\EWARM\Gateway_407\Obj\FreeRTOS-Plus-TCP_16686340316780321206.dir\FreeRTOS_UDP_IPv4.o"
#        "C:\Users\Koche\Desktop\Work\Smart Dispenser
#        PRJ\gateway\EWARM\Gateway_407\Obj\FreeRTOS-Plus-TCP_16686340316780321206.dir\FreeRTOS_UDP_IPv6.o"
#        "C:\Users\Koche\Desktop\Work\Smart Dispenser
#        PRJ\gateway\EWARM\Gateway_407\Obj\Gate_3448444589264835548.dir\gate.o"
#        "C:\Users\Koche\Desktop\Work\Smart Dispenser
#        PRJ\gateway\EWARM\Gateway_407\Obj\Core_13247989168731456611.dir\gpio.o"
#        "C:\Users\Koche\Desktop\Work\Smart Dispenser
#        PRJ\gateway\EWARM\Gateway_407\Obj\portable_15954926109208205999.dir\heap_4.o"
#        "C:\Users\Koche\Desktop\Work\Smart Dispenser
#        PRJ\gateway\EWARM\Gateway_407\Obj\Core_13247989168731456611.dir\iwdg.o"
#        "C:\Users\Koche\Desktop\Work\Smart Dispenser
#        PRJ\gateway\EWARM\Gateway_407\Obj\FreeRTOS_15068288790229095433.dir\list.o"
#        "C:\Users\Koche\Desktop\Work\Smart Dispenser
#        PRJ\gateway\EWARM\Gateway_407\Obj\Core_13247989168731456611.dir\main.o"
#        "C:\Users\Koche\Desktop\Work\Smart Dispenser
#        PRJ\gateway\EWARM\Gateway_407\Obj\portable_7947777220660125680.dir\NetworkInterface.o"
#        "C:\Users\Koche\Desktop\Work\Smart Dispenser
#        PRJ\gateway\EWARM\Gateway_407\Obj\portable_7947777220660125680.dir\phyHandling.o"
#        "C:\Users\Koche\Desktop\Work\Smart Dispenser
#        PRJ\gateway\EWARM\Gateway_407\Obj\portable_15954926109208205999.dir\port.o"
#        "C:\Users\Koche\Desktop\Work\Smart Dispenser
#        PRJ\gateway\EWARM\Gateway_407\Obj\portable_15954926109208205999.dir\portasm.o"
#        "C:\Users\Koche\Desktop\Work\Smart Dispenser
#        PRJ\gateway\EWARM\Gateway_407\Obj\FreeRTOS_15068288790229095433.dir\queue.o"
#        "C:\Users\Koche\Desktop\Work\Smart Dispenser
#        PRJ\gateway\EWARM\Gateway_407\Obj\Core_13247989168731456611.dir\spi.o"
#        "C:\Users\Koche\Desktop\Work\Smart Dispenser
#        PRJ\gateway\EWARM\Gateway_407\Obj\EWARM_18443280873093131863.dir\startup_stm32f407xx.o"
#        "C:\Users\Koche\Desktop\Work\Smart Dispenser
#        PRJ\gateway\EWARM\Gateway_407\Obj\STM32F4xx_HAL_Driver_1244631019742807970.dir\stm32f4xx_hal.o"
#        "C:\Users\Koche\Desktop\Work\Smart Dispenser
#        PRJ\gateway\EWARM\Gateway_407\Obj\STM32F4xx_HAL_Driver_1244631019742807970.dir\stm32f4xx_hal_cortex.o"
#        "C:\Users\Koche\Desktop\Work\Smart Dispenser
#        PRJ\gateway\EWARM\Gateway_407\Obj\STM32F4xx_HAL_Driver_1244631019742807970.dir\stm32f4xx_hal_dma.o"
#        "C:\Users\Koche\Desktop\Work\Smart Dispenser
#        PRJ\gateway\EWARM\Gateway_407\Obj\STM32F4xx_HAL_Driver_1244631019742807970.dir\stm32f4xx_hal_dma_ex.o"
#        "C:\Users\Koche\Desktop\Work\Smart Dispenser
#        PRJ\gateway\EWARM\Gateway_407\Obj\STM32F4xx_HAL_Driver_1244631019742807970.dir\stm32f4xx_hal_exti.o"
#        "C:\Users\Koche\Desktop\Work\Smart Dispenser
#        PRJ\gateway\EWARM\Gateway_407\Obj\STM32F4xx_HAL_Driver_1244631019742807970.dir\stm32f4xx_hal_flash.o"
#        "C:\Users\Koche\Desktop\Work\Smart Dispenser
#        PRJ\gateway\EWARM\Gateway_407\Obj\STM32F4xx_HAL_Driver_1244631019742807970.dir\stm32f4xx_hal_flash_ex.o"
#        "C:\Users\Koche\Desktop\Work\Smart Dispenser
#        PRJ\gateway\EWARM\Gateway_407\Obj\STM32F4xx_HAL_Driver_1244631019742807970.dir\stm32f4xx_hal_flash_ramfunc.o"
#        "C:\Users\Koche\Desktop\Work\Smart Dispenser
#        PRJ\gateway\EWARM\Gateway_407\Obj\STM32F4xx_HAL_Driver_1244631019742807970.dir\stm32f4xx_hal_gpio.o"
#        "C:\Users\Koche\Desktop\Work\Smart Dispenser
#        PRJ\gateway\EWARM\Gateway_407\Obj\STM32F4xx_HAL_Driver_1244631019742807970.dir\stm32f4xx_hal_iwdg.o"
#        "C:\Users\Koche\Desktop\Work\Smart Dispenser
#        PRJ\gateway\EWARM\Gateway_407\Obj\Core_13247989168731456611.dir\stm32f4xx_hal_msp.o"
#        "C:\Users\Koche\Desktop\Work\Smart Dispenser
#        PRJ\gateway\EWARM\Gateway_407\Obj\STM32F4xx_HAL_Driver_1244631019742807970.dir\stm32f4xx_hal_pcd.o"
#        "C:\Users\Koche\Desktop\Work\Smart Dispenser
#        PRJ\gateway\EWARM\Gateway_407\Obj\STM32F4xx_HAL_Driver_1244631019742807970.dir\stm32f4xx_hal_pcd_ex.o"
#        "C:\Users\Koche\Desktop\Work\Smart Dispenser
#        PRJ\gateway\EWARM\Gateway_407\Obj\STM32F4xx_HAL_Driver_1244631019742807970.dir\stm32f4xx_hal_pwr.o"
#        "C:\Users\Koche\Desktop\Work\Smart Dispenser
#        PRJ\gateway\EWARM\Gateway_407\Obj\STM32F4xx_HAL_Driver_1244631019742807970.dir\stm32f4xx_hal_pwr_ex.o"
#        "C:\Users\Koche\Desktop\Work\Smart Dispenser
#        PRJ\gateway\EWARM\Gateway_407\Obj\STM32F4xx_HAL_Driver_1244631019742807970.dir\stm32f4xx_hal_rcc.o"
#        "C:\Users\Koche\Desktop\Work\Smart Dispenser
#        PRJ\gateway\EWARM\Gateway_407\Obj\STM32F4xx_HAL_Driver_1244631019742807970.dir\stm32f4xx_hal_rcc_ex.o"
#        "C:\Users\Koche\Desktop\Work\Smart Dispenser
#        PRJ\gateway\EWARM\Gateway_407\Obj\STM32F4xx_HAL_Driver_1244631019742807970.dir\stm32f4xx_hal_spi.o"
#        "C:\Users\Koche\Desktop\Work\Smart Dispenser
#        PRJ\gateway\EWARM\Gateway_407\Obj\STM32F4xx_HAL_Driver_1244631019742807970.dir\stm32f4xx_hal_tim.o"
#        "C:\Users\Koche\Desktop\Work\Smart Dispenser
#        PRJ\gateway\EWARM\Gateway_407\Obj\STM32F4xx_HAL_Driver_1244631019742807970.dir\stm32f4xx_hal_tim_ex.o"
#        "C:\Users\Koche\Desktop\Work\Smart Dispenser
#        PRJ\gateway\EWARM\Gateway_407\Obj\Core_13247989168731456611.dir\stm32f4xx_hal_timebase_tim.o"
#        "C:\Users\Koche\Desktop\Work\Smart Dispenser
#        PRJ\gateway\EWARM\Gateway_407\Obj\Core_13247989168731456611.dir\stm32f4xx_it.o"
#        "C:\Users\Koche\Desktop\Work\Smart Dispenser
#        PRJ\gateway\EWARM\Gateway_407\Obj\STM32F4xx_HAL_Driver_1244631019742807970.dir\stm32f4xx_ll_dma.o"
#        "C:\Users\Koche\Desktop\Work\Smart Dispenser
#        PRJ\gateway\EWARM\Gateway_407\Obj\STM32F4xx_HAL_Driver_1244631019742807970.dir\stm32f4xx_ll_exti.o"
#        "C:\Users\Koche\Desktop\Work\Smart Dispenser
#        PRJ\gateway\EWARM\Gateway_407\Obj\STM32F4xx_HAL_Driver_1244631019742807970.dir\stm32f4xx_ll_gpio.o"
#        "C:\Users\Koche\Desktop\Work\Smart Dispenser
#        PRJ\gateway\EWARM\Gateway_407\Obj\STM32F4xx_HAL_Driver_1244631019742807970.dir\stm32f4xx_ll_rcc.o"
#        "C:\Users\Koche\Desktop\Work\Smart Dispenser
#        PRJ\gateway\EWARM\Gateway_407\Obj\STM32F4xx_HAL_Driver_1244631019742807970.dir\stm32f4xx_ll_tim.o"
#        "C:\Users\Koche\Desktop\Work\Smart Dispenser
#        PRJ\gateway\EWARM\Gateway_407\Obj\STM32F4xx_HAL_Driver_1244631019742807970.dir\stm32f4xx_ll_usart.o"
#        "C:\Users\Koche\Desktop\Work\Smart Dispenser
#        PRJ\gateway\EWARM\Gateway_407\Obj\STM32F4xx_HAL_Driver_1244631019742807970.dir\stm32f4xx_ll_usb.o"
#        "C:\Users\Koche\Desktop\Work\Smart Dispenser
#        PRJ\gateway\EWARM\Gateway_407\Obj\STM32F4xx_HAL_Driver_1244631019742807970.dir\stm32f4xx_ll_utils.o"
#        "C:\Users\Koche\Desktop\Work\Smart Dispenser
#        PRJ\gateway\EWARM\Gateway_407\Obj\portable_7947777220660125680.dir\stm32fxx_hal_eth.o"
#        "C:\Users\Koche\Desktop\Work\Smart Dispenser
#        PRJ\gateway\EWARM\Gateway_407\Obj\FreeRTOS_15068288790229095433.dir\stream_buffer.o"
#        "C:\Users\Koche\Desktop\Work\Smart Dispenser
#        PRJ\gateway\EWARM\Gateway_407\Obj\System_11455613988876714787.dir\system.o"
#        "C:\Users\Koche\Desktop\Work\Smart Dispenser
#        PRJ\gateway\EWARM\Gateway_407\Obj\CMSIS_6603591812247902717.dir\system_stm32f4xx.o"
#        "C:\Users\Koche\Desktop\Work\Smart Dispenser
#        PRJ\gateway\EWARM\Gateway_407\Obj\System_11455613988876714787.dir\system_thread.o"
#        "C:\Users\Koche\Desktop\Work\Smart Dispenser
#        PRJ\gateway\EWARM\Gateway_407\Obj\System_11455613988876714787.dir\system_uart.o"
#        "C:\Users\Koche\Desktop\Work\Smart Dispenser
#        PRJ\gateway\EWARM\Gateway_407\Obj\FreeRTOS_15068288790229095433.dir\tasks.o"
#        "C:\Users\Koche\Desktop\Work\Smart Dispenser
#        PRJ\gateway\EWARM\Gateway_407\Obj\Core_13247989168731456611.dir\tim.o"
#        "C:\Users\Koche\Desktop\Work\Smart Dispenser
#        PRJ\gateway\EWARM\Gateway_407\Obj\FreeRTOS_15068288790229095433.dir\timers.o"
#        "C:\Users\Koche\Desktop\Work\Smart Dispenser
#        PRJ\gateway\EWARM\Gateway_407\Obj\App_6048373297342892631.dir\usb_device.o"
#        "C:\Users\Koche\Desktop\Work\Smart Dispenser
#        PRJ\gateway\EWARM\Gateway_407\Obj\USB_Device_Library_15009154495834662892.dir\usbd_cdc.o"
#        "C:\Users\Koche\Desktop\Work\Smart Dispenser
#        PRJ\gateway\EWARM\Gateway_407\Obj\App_6048373297342892631.dir\usbd_cdc_if.o"
#        "C:\Users\Koche\Desktop\Work\Smart Dispenser
#        PRJ\gateway\EWARM\Gateway_407\Obj\Target_2794460481546860895.dir\usbd_conf.o"
#        "C:\Users\Koche\Desktop\Work\Smart Dispenser
#        PRJ\gateway\EWARM\Gateway_407\Obj\USB_Device_Library_15009154495834662892.dir\usbd_core.o"
#        "C:\Users\Koche\Desktop\Work\Smart Dispenser
#        PRJ\gateway\EWARM\Gateway_407\Obj\USB_Device_Library_15009154495834662892.dir\usbd_ctlreq.o"
#        "C:\Users\Koche\Desktop\Work\Smart Dispenser
#        PRJ\gateway\EWARM\Gateway_407\Obj\App_6048373297342892631.dir\usbd_desc.o"
#        "C:\Users\Koche\Desktop\Work\Smart Dispenser
#        PRJ\gateway\EWARM\Gateway_407\Obj\USB_Device_Library_15009154495834662892.dir\usbd_ioreq.o"
#        --no_out_extension -o "C:\Users\Koche\Desktop\Work\Smart Dispenser
#        PRJ\gateway\EWARM\Gateway_407\Exe\Gateway_407.out" --redirect
#        _Printf=_PrintfFullNoMb --redirect _Scanf=_ScanfFullNoMb --map
#        "C:\Users\Koche\Desktop\Work\Smart Dispenser
#        PRJ\gateway\EWARM\Gateway_407\List\Gateway_407.map" --config
#        "C:\Users\Koche\Desktop\Work\Smart Dispenser
#        PRJ\gateway\EWARM/stm32f407xx_flash.icf" --semihosting --entry
#        __iar_program_start --redirect __iar_sh_stdout=__iar_sh_stdout_swo
#        --vfe --text_out locale --cpu=Cortex-M4 --fpu=VFPv4_sp)
#        --dependencies=n "C:\Users\Koche\Desktop\Work\Smart Dispenser
#        PRJ\gateway\EWARM\Gateway_407\Exe\Gateway_407.out.iar_deps"
#
###############################################################################

*******************************************************************************
*** RUNTIME MODEL ATTRIBUTES
***

CppFlavor        = *
__CPP_Exceptions = Disabled
__CPP_Language   = C++14
__CPP_Library    = DLib
__CPP_Runtime    = 1
__SystemLibrary  = DLib
__dlib_version   = 6


*******************************************************************************
*** HEAP SELECTION
***

The basic heap was selected because --advanced_heap
was not specified and the application did not appear to
be primarily optimized for speed.


*******************************************************************************
*** PLACEMENT SUMMARY
***

"A0":  place at address 0x800'0000 { ro section .intvec };
"P2":  place in [from 0x800'0000 to 0x80f'ffff] { ro };
define block CSTACK with size = 1K, alignment = 8 { };
define block HEAP with size = 512, alignment = 8 { };
"P3":  place in [from 0x2000'0000 to 0x2001'ffff] {
          rw, block CSTACK, block HEAP };
initialize by copy { rw };

No sections matched the following patterns:

  section .ccmram  in "P1"


  Section            Kind         Address  Alignment      Size  Object
  -------            ----         -------  ---------      ----  ------
"A0":                                                    0x188
  .intvec            ro code   0x800'0000          4     0x188  startup_stm32f407xx.o [5]
                             - 0x800'0188                0x188

"P2":                                                 0x1'2408
  .text              ro code   0x800'0188          4    0x11f8  FreeRTOS_Sockets.o [9]
  .text              ro code   0x800'1380          2      0x90  list.o [10]
  .text              ro code   0x800'1410          4     0x6bc  FreeRTOS_IP.o [9]
  .text              ro code   0x800'1acc          4     0x228  heap_4.o [16]
  .text              ro code   0x800'1cf4          4     0x21c  event_groups.o [10]
  .text              ro code   0x800'1f10          4       0x6  ABImemclr.o [20]
  .text              ro code   0x800'1f16          2      0x7e  lz77_init_single.o [20]
  .text              ro code   0x800'1f94          4     0x238  FreeRTOS_IP_Utils.o [9]
  .text              ro code   0x800'21cc          4    0x1188  tasks.o [10]
  .text              ro code   0x800'3354          2      0xe2  FreeRTOS_IPv4_Sockets.o [9]
  .text              ro code   0x800'3436          2      0x1a  xsnprout.o [18]
  .text              ro code   0x800'3450          4      0x18  ABImemcpy_small.o [20]
  .text              ro code   0x800'3468          4     0x200  FreeRTOS_IPv6_Sockets.o [9]
  .text              ro code   0x800'3668          4     0x17c  BufferAllocation_2.o [17]
  .text              ro code   0x800'37e4          4      0x5c  eth_helper.o [6]
  .text              ro code   0x800'3840          4     0x508  FreeRTOS_Routing.o [9]
  .text              ro code   0x800'3d48          4     0x784  FreeRTOS_TCP_WIN.o [9]
  .text              ro code   0x800'44cc          4     0x51c  FreeRTOS_TCP_IP.o [9]
  .text              ro code   0x800'49e8          2     0x1a0  FreeRTOS_Stream_Buffer.o [9]
  .text              ro code   0x800'4b88          4       0x6  ABImemclr4.o [20]
  .rodata            const     0x800'4b8e          2       0x2  xlocale_c.o [18]
  .text              ro code   0x800'4b90          4     0x218  FreeRTOS_IP_Timers.o [9]
  .text              ro code   0x800'4da8          4     0x820  queue.o [10]
  .text              ro code   0x800'55c8          4     0x3b4  FreeRTOS_RA.o [9]
  .text              ro code   0x800'597c          2      0x6a  FreeRTOS_UDP_IP.o [9]
  .rodata            const     0x800'59e6          2       0x2  xlocale_c.o [18]
  .text              ro code   0x800'59e8          4     0x64c  FreeRTOS_ARP.o [9]
  .text              ro code   0x800'6034          4     0x63c  FreeRTOS_ND.o [9]
  .text              ro code   0x800'6670          4     0x1dc  FreeRTOS_IPv4.o [9]
  .text              ro code   0x800'684c          4     0x318  FreeRTOS_IPv6.o [9]
  .text              ro code   0x800'6b64          2      0x46  FreeRTOS_ICMP.o [9]
  .text              ro code   0x800'6baa          2      0xfe  FreeRTOS_IPv6_Utils.o [9]
  .text              ro code   0x800'6ca8          4      0x1e  memcmp_small.o [20]
  .rodata            const     0x800'6cc6                  0x1  unwind_debug.o [21]
  .rodata            const     0x800'6cc7                  0x1  xlocale_c.o [18]
  .text              ro code   0x800'6cc8          4     0x216  port.o [16]
  .text              ro code   0x800'6ee0          4      0x12  ABImemset_small.o [20]
  .text              ro code   0x800'6ef4          4      0x3a  ABImemset48.o [20]
  .text              ro code   0x800'6f30          4     0x448  timers.o [10]
  .text              ro code   0x800'7378          4       0xc  stm32f4xx_hal.o [12]
  .text              ro code   0x800'7384          4     0x5f8  FreeRTOS_TCP_Transmission.o [9]
  .text              ro code   0x800'797c          4     0x58a  FreeRTOS_TCP_State_Handling.o [9]
  .text              ro code   0x800'7f08          4     0x106  I64DivMod_small.o [20]
  .text              ro code   0x800'800e          2     0x2be  FreeRTOS_TCP_Reception.o [9]
  .text              ro code   0x800'82cc          4     0x188  FreeRTOS_UDP_IPv4.o [9]
  .text              ro code   0x800'8454          2     0x1ae  FreeRTOS_UDP_IPv6.o [9]
  .text              ro code   0x800'8602          2      0x30  FreeRTOS_IPv4_Utils.o [9]
  .text              ro code   0x800'8634          4      0x1e  ABImemmove_small.o [20]
  .text              ro code   0x800'8654          4      0x28  port.o [16]
  CODE               ro code   0x800'867c          4      0xb0  portasm.o [16]
  .text              ro code   0x800'872c          2     0x318  FreeRTOS_TCP_Transmission_IPv6.o [9]
  .text              ro code   0x800'8a44          4     0x2c2  FreeRTOS_TCP_Transmission_IPv4.o [9]
  .text              ro code   0x800'8d06          2     0x13c  FreeRTOS_TCP_State_Handling_IPv4.o [9]
  .text              ro code   0x800'8e42          2     0x132  FreeRTOS_TCP_State_Handling_IPv6.o [9]
  .text              ro code   0x800'8f74          4       0x2  I64DivZer.o [20]
  .text              ro code   0x800'8f76          2      0x16  FreeRTOS_TCP_Utils.o [9]
  .text              ro code   0x800'8f8c          2      0x3e  FreeRTOS_TCP_Utils_IPv4.o [9]
  .text              ro code   0x800'8fca          2      0x2c  FreeRTOS_TCP_Utils_IPv6.o [9]
  .text              ro code   0x800'8ff8          4     0xece  xprintffull_nomb.o [18]
  .text              ro code   0x800'9ec8          4      0x16  strchr.o [20]
  .text              ro code   0x800'9ee0          4      0x40  xfail_s.o [18]
  .text              ro code   0x800'9f20          4      0x14  strlen_small.o [20]
  .text              ro code   0x800'9f34          4      0x58  memchr.o [20]
  .text              ro code   0x800'9f8c          4      0x70  frexp.o [19]
  .text              ro code   0x800'9ffc          4      0x34  DblCmpLe.o [19]
  .text              ro code   0x800'a030          4      0x34  DblCmpGe.o [19]
  .text              ro code   0x800'a064          4     0x13a  ldexp.o [19]
  .text              ro code   0x800'a1a0          4      0x36  DblToS32.o [19]
  .text              ro code   0x800'a1d8          4      0x22  S32ToDbl.o [19]
  .text              ro code   0x800'a1fc          4     0x24e  DblAddSub.o [19]
  .text              ro code   0x800'a44c          4     0x246  DblDiv.o [19]
  .text              ro code   0x800'a694          4      0x22  DblToU32.o [19]
  .text              ro code   0x800'a6b8          4      0x1c  U32ToDbl.o [19]
  .text              ro code   0x800'a6d4          4     0x1aa  DblMul.o [19]
  .text              ro code   0x800'a880          4      0x3c  xlocale_c.o [18]
  .text              ro code   0x800'a8bc          2       0x6  abort.o [18]
  .text              ro code   0x800'a8c4          4      0x14  exit.o [21]
  .text              ro code   0x800'a8d8          4     0x9ec  stm32f4xx_ll_usb.o [12]
  .text              ro code   0x800'b2c4          4      0x28  stm32f4xx_hal.o [12]
  .text              ro code   0x800'b2ec          4     0x990  stm32f4xx_hal_pcd.o [12]
  .text              ro code   0x800'bc7c          4     0x24c  usbd_conf.o [14]
  .text              ro code   0x800'bec8          2       0x2  stm32f4xx_hal_pcd_ex.o [12]
  .text              ro code   0x800'becc          4     0x17c  stm32f4xx_hal_rcc.o [12]
  .text              ro code   0x800'c048          4     0x1ec  stm32f4xx_hal_gpio.o [12]
  .text              ro code   0x800'c234          4      0x90  stm32f4xx_hal_cortex.o [12]
  .text              ro code   0x800'c2c4          2     0x362  usbd_core.o [15]
  .text              ro code   0x800'c628          4      0xe4  main.o [4]
  .text              ro code   0x800'c70c          2      0x4a  stm32f4xx_hal_pcd_ex.o [12]
  .text              ro code   0x800'c758          4      0x60  stm32f4xx_hal_rcc.o [12]
  .text              ro code   0x800'c7b8          4      0xa0  stm32f4xx_hal_timebase_tim.o [4]
  .text              ro code   0x800'c858          4     0x504  usbd_ctlreq.o [15]
  .text              ro code   0x800'cd5c          2      0x64  usbd_ioreq.o [15]
  .text              ro code   0x800'cdc0          4      0x34  stm32f4xx_hal.o [12]
  .text              ro code   0x800'cdf4          4     0x282  gpio.o [4]
  .text              ro code   0x800'd078          4      0x64  dma.o [4]
  .text              ro code   0x800'd0dc          4      0x54  usb_device.o [1]
  .text              ro code   0x800'd130          4     0x1f4  tim.o [4]
  .text              ro code   0x800'd324          4      0xc0  system.o [13]
  .text              ro code   0x800'd3e4          4     0x310  stm32f4xx_hal_rcc.o [12]
  .text              ro code   0x800'd6f4          4      0x10  stm32f4xx_hal.o [12]
  .text              ro code   0x800'd704          4     0x7e6  stm32f4xx_hal_tim.o [12]
  .text              ro code   0x800'deec          4      0x38  stm32f4xx_hal_msp.o [4]
  .text              ro code   0x800'df24          4      0xee  stm32f4xx_ll_gpio.o [12]
  .text              ro code   0x800'e014          4      0xb0  stm32f4xx_ll_exti.o [12]
  .text              ro code   0x800'e0c4          4     0x40e  usbd_cdc.o [15]
  .text              ro code   0x800'e4d4          4      0xc0  stm32f4xx_ll_tim.o [12]
  .text              ro code   0x800'e594          4      0xf0  cli.o [3]
  .text              ro code   0x800'e684          4     0x124  flash.o [7]
  .text              ro code   0x800'e7a8          4      0x28  printf.o [18]
  .text              ro code   0x800'e7d0          4     0x65c  eth.o [6]
  .text              ro code   0x800'ee2c          4      0xfc  system_thread.o [13]
  .text              ro code   0x800'ef28          4     0x290  system_uart.o [13]
  .text              ro code   0x800'f1b8          4     0x468  gate.o [11]
  .text              ro code   0x800'f620          2       0x2  stm32f4xx_hal_tim.o [12]
  .text              ro code   0x800'f622          2       0x2  stm32f4xx_hal_tim.o [12]
  .text              ro code   0x800'f624          2       0x2  stm32f4xx_hal_tim.o [12]
  .text              ro code   0x800'f626          2       0x2  stm32f4xx_hal_tim_ex.o [12]
  .text              ro code   0x800'f628          2       0x2  stm32f4xx_hal_tim.o [12]
  .text              ro code   0x800'f62a          2       0x2  stm32f4xx_hal_tim_ex.o [12]
  .text              ro code   0x800'f62c          2       0x2  stm32f4xx_hal_tim.o [12]
  .text              ro code   0x800'f630          4     0x1b4  FreeRTOS_CLI.o [8]
  .text              ro code   0x800'f7e4          4      0x78  usbd_cdc_if.o [1]
  .text              ro code   0x800'f85c          4     0x1e8  stm32f4xx_hal_flash.o [12]
  .text              ro code   0x800'fa44          4     0x15c  stm32f4xx_hal_flash_ex.o [12]
  .text              ro code   0x800'fba0          4     0x654  NetworkInterface.o [17]
  .text              ro code   0x801'01f4          2      0x2c  strstr.o [18]
  .text              ro code   0x801'0220          4     0x10c  stm32f4xx_ll_usart.o [12]
  .text              ro code   0x801'032c          2       0xc  stm32f4xx_hal_iwdg.o [12]
  .text              ro code   0x801'0338          4      0xb4  spi.o [4]
  .text              ro code   0x801'03ec          2      0x2a  strncmp.o [18]
  .text              ro code   0x801'0418          4      0x1e  strncpy_small.o [20]
  .text              ro code   0x801'0438          4      0x9c  cli_helper.o [3]
  .text              ro code   0x801'04d4          4     0x676  stm32fxx_hal_eth.o [17]
  .text              ro code   0x801'0b4c          4     0x530  phyHandling.o [17]
  .text              ro code   0x801'107c          4      0x44  snprintf.o [18]
  .text              ro code   0x801'10c0          4      0xb8  stm32f4xx_ll_rcc.o [12]
  .text              ro code   0x801'1178          4      0xc8  stm32f4xx_hal_spi.o [12]
  .text              ro code   0x801'1240          2       0x2  stm32fxx_hal_eth.o [17]
  .text              ro code   0x801'1244          4     0x748  cli_handlers.o [3]
  .text              ro code   0x801'198c          4      0x12  strcmp.o [20]
  .text              ro code   0x801'19a0          4     0x136  iar_Stoulx.o [18]
  .text              ro code   0x801'1ad6          2      0x14  isspace.o [18]
  .text              ro code   0x801'1aea          2      0x14  tolower.o [18]
  .text              ro code   0x801'1b00          4     0x100  usbd_desc.o [1]
  .text              ro code   0x801'1c00          4      0xc8  stm32f4xx_it.o [4]
  .rodata            const     0x801'1cc8          4      0xa8  FreeRTOS_CLI.o [8]
  .rodata            const     0x801'1d70          4      0xa0  cli_handlers.o [3]
  .rodata            const     0x801'1e10          4      0x80  cli.o [3]
  .rodata            const     0x801'1e90          4      0x78  cli_handlers.o [3]
  .rodata            const     0x801'1f08          4      0x70  cli.o [3]
  .rodata            const     0x801'1f78          4      0x50  iar_Stoulx.o [18]
  .text              ro code   0x801'1fc8          4      0x4c  iarwstdswo.o [21]
  .text              ro code   0x801'2014          4      0x44  putchar.o [18]
  .text              ro code   0x801'2058          2      0x10  write.o [21]
  .text              ro code   0x801'2068          2      0x1e  dwrite.o [21]
  .text              ro code   0x801'2086          2      0x22  iarwrite.o [21]
  .text              ro code   0x801'20a8          2      0x38  zero_init3.o [20]
  .rodata            const     0x801'20e0          4      0x30  FreeRTOS_CLI.o [8]
  .rodata            const     0x801'2110          4      0x28  FreeRTOS_ARP.o [9]
  .text              ro code   0x801'2138          4      0x28  data_init.o [20]
  .rodata            const     0x801'2160          4      0x24  system_thread.o [13]
  .text              ro code   0x801'2184          4      0x22  fpinit_M.o [19]
  .iar.init_table    const     0x801'21a8          4      0x20  - Linker created -
  .text              ro code   0x801'21c8          4      0x20  system_stm32f4xx.o [2]
  .text              ro code   0x801'21e8          4      0x1e  cmain.o [20]
  .text              ro code   0x801'2206          2       0x4  low_level_init.o [18]
  .text              ro code   0x801'220a          2       0x4  exit.o [18]
  .text              ro code   0x801'2210          4       0xa  cexit.o [20]
  .text              ro code   0x801'221c          4      0x1c  cstartup_M.o [20]
  .rodata            const     0x801'2238          4      0x18  cli.o [3]
  .text              ro code   0x801'2250          2      0x16  xprout.o [18]
  .rodata            const     0x801'2268          4      0x10  FreeRTOS_CLI.o [8]
  .text              ro code   0x801'2278          4      0x10  startup_stm32f407xx.o [5]
  .rodata            const     0x801'2288          4       0x8  cli.o [3]
  .rodata            const     0x801'2290          4       0x8  FreeRTOS_CLI.o [8]
  .rodata            const     0x801'2298          4       0x8  system_stm32f4xx.o [2]
  .rodata            const     0x801'22a0          4       0x4  BufferAllocation_2.o [17]
  .rodata            const     0x801'22a4          4       0x4  cli.o [3]
  .rodata            const     0x801'22a8          4       0x4  cli.o [3]
  .text              ro code   0x801'22ac          2       0x4  startup_stm32f407xx.o [5]
  .text              ro code   0x801'22b0          2       0x4  startup_stm32f407xx.o [5]
  .text              ro code   0x801'22b4          2       0x4  startup_stm32f407xx.o [5]
  .text              ro code   0x801'22b8          2       0x4  startup_stm32f407xx.o [5]
  .text              ro code   0x801'22bc          2       0x4  startup_stm32f407xx.o [5]
  .text              ro code   0x801'22c0          2       0x4  startup_stm32f407xx.o [5]
  .text              ro code   0x801'22c4          2       0x4  startup_stm32f407xx.o [5]
  .text              ro code   0x801'22c8          2       0x4  startup_stm32f407xx.o [5]
  .text              ro code   0x801'22cc          2       0x4  startup_stm32f407xx.o [5]
  .text              ro code   0x801'22d0          2       0x4  startup_stm32f407xx.o [5]
  .text              ro code   0x801'22d4          2       0x4  startup_stm32f407xx.o [5]
  .text              ro code   0x801'22d8          2       0x4  startup_stm32f407xx.o [5]
  .text              ro code   0x801'22dc          2       0x4  startup_stm32f407xx.o [5]
  .text              ro code   0x801'22e0          2       0x4  startup_stm32f407xx.o [5]
  .text              ro code   0x801'22e4          2       0x4  startup_stm32f407xx.o [5]
  .text              ro code   0x801'22e8          2       0x4  startup_stm32f407xx.o [5]
  .text              ro code   0x801'22ec          2       0x4  startup_stm32f407xx.o [5]
  .text              ro code   0x801'22f0          2       0x4  startup_stm32f407xx.o [5]
  .text              ro code   0x801'22f4          2       0x4  startup_stm32f407xx.o [5]
  .text              ro code   0x801'22f8          2       0x4  startup_stm32f407xx.o [5]
  .text              ro code   0x801'22fc          2       0x4  startup_stm32f407xx.o [5]
  .text              ro code   0x801'2300          2       0x4  startup_stm32f407xx.o [5]
  .text              ro code   0x801'2304          2       0x4  startup_stm32f407xx.o [5]
  .text              ro code   0x801'2308          2       0x4  startup_stm32f407xx.o [5]
  .text              ro code   0x801'230c          2       0x4  startup_stm32f407xx.o [5]
  .text              ro code   0x801'2310          2       0x4  startup_stm32f407xx.o [5]
  .text              ro code   0x801'2314          2       0x4  startup_stm32f407xx.o [5]
  .text              ro code   0x801'2318          2       0x4  startup_stm32f407xx.o [5]
  .text              ro code   0x801'231c          2       0x4  startup_stm32f407xx.o [5]
  .text              ro code   0x801'2320          2       0x4  startup_stm32f407xx.o [5]
  .text              ro code   0x801'2324          2       0x4  startup_stm32f407xx.o [5]
  .text              ro code   0x801'2328          2       0x4  startup_stm32f407xx.o [5]
  .text              ro code   0x801'232c          2       0x4  startup_stm32f407xx.o [5]
  .text              ro code   0x801'2330          2       0x4  startup_stm32f407xx.o [5]
  .text              ro code   0x801'2334          2       0x4  startup_stm32f407xx.o [5]
  .text              ro code   0x801'2338          2       0x4  startup_stm32f407xx.o [5]
  .text              ro code   0x801'233c          2       0x4  startup_stm32f407xx.o [5]
  .text              ro code   0x801'2340          2       0x4  startup_stm32f407xx.o [5]
  .text              ro code   0x801'2344          2       0x4  startup_stm32f407xx.o [5]
  .text              ro code   0x801'2348          2       0x4  startup_stm32f407xx.o [5]
  .text              ro code   0x801'234c          2       0x4  startup_stm32f407xx.o [5]
  .text              ro code   0x801'2350          2       0x4  startup_stm32f407xx.o [5]
  .text              ro code   0x801'2354          2       0x4  startup_stm32f407xx.o [5]
  .text              ro code   0x801'2358          2       0x4  startup_stm32f407xx.o [5]
  .text              ro code   0x801'235c          2       0x4  startup_stm32f407xx.o [5]
  .text              ro code   0x801'2360          2       0x4  startup_stm32f407xx.o [5]
  .text              ro code   0x801'2364          2       0x4  startup_stm32f407xx.o [5]
  .text              ro code   0x801'2368          2       0x4  startup_stm32f407xx.o [5]
  .text              ro code   0x801'236c          2       0x4  startup_stm32f407xx.o [5]
  .text              ro code   0x801'2370          2       0x4  startup_stm32f407xx.o [5]
  .text              ro code   0x801'2374          2       0x4  startup_stm32f407xx.o [5]
  .text              ro code   0x801'2378          2       0x4  startup_stm32f407xx.o [5]
  .text              ro code   0x801'237c          2       0x4  startup_stm32f407xx.o [5]
  .text              ro code   0x801'2380          2       0x4  startup_stm32f407xx.o [5]
  .text              ro code   0x801'2384          2       0x4  startup_stm32f407xx.o [5]
  .text              ro code   0x801'2388          2       0x4  startup_stm32f407xx.o [5]
  .text              ro code   0x801'238c          2       0x4  startup_stm32f407xx.o [5]
  .text              ro code   0x801'2390          2       0x4  startup_stm32f407xx.o [5]
  .text              ro code   0x801'2394          2       0x4  startup_stm32f407xx.o [5]
  .text              ro code   0x801'2398          2       0x4  startup_stm32f407xx.o [5]
  .text              ro code   0x801'239c          2       0x4  startup_stm32f407xx.o [5]
  .text              ro code   0x801'23a0          2       0x4  startup_stm32f407xx.o [5]
  .text              ro code   0x801'23a4          2       0x4  startup_stm32f407xx.o [5]
  .text              ro code   0x801'23a8          2       0x4  startup_stm32f407xx.o [5]
  .text              ro code   0x801'23ac          2       0x4  startup_stm32f407xx.o [5]
  .text              ro code   0x801'23b0          2       0x4  startup_stm32f407xx.o [5]
  .text              ro code   0x801'23b4          2       0x4  startup_stm32f407xx.o [5]
  .text              ro code   0x801'23b8          2       0x4  startup_stm32f407xx.o [5]
  .text              ro code   0x801'23bc          2       0x4  startup_stm32f407xx.o [5]
  .text              ro code   0x801'23c0          2       0x4  startup_stm32f407xx.o [5]
  .text              ro code   0x801'23c4          2       0x4  startup_stm32f407xx.o [5]
  .text              ro code   0x801'23c8          2       0x4  startup_stm32f407xx.o [5]
  .text              ro code   0x801'23cc          2       0x4  startup_stm32f407xx.o [5]
  .rodata            const     0x801'23d0                  0x0  zero_init3.o [20]
  .rodata            const     0x801'23d0                  0x0  lz77_init_single.o [20]
  Initializer bytes  const     0x801'23d0                0x1c0  <for P3-1>
                             - 0x801'2590             0x1'2408

"P3", part 1 of 3:                                      0x3350
  P3-1                        0x2000'0000               0x3350  <Init block>
    .data            inited   0x2000'0000          4      0x74  FreeRTOS_ARP.o [9]
    .data            inited   0x2000'0074          4      0x10  FreeRTOS_CLI.o [8]
    .data            inited   0x2000'0084          4       0x4  FreeRTOS_CLI.o [8]
    .data            inited   0x2000'0088          4    0x3054  NetworkInterface.o [17]
    .data            inited   0x2000'30dc          4       0xc  port.o [16]
    .data            inited   0x2000'30e8          4       0xc  stm32f4xx_hal.o [12]
    .data            inited   0x2000'30f4          4       0x4  system_stm32f4xx.o [2]
    .data            inited   0x2000'30f8          4      0xa4  tasks.o [10]
    .data            inited   0x2000'319c          4       0xc  usbd_cdc.o [15]
    .data            inited   0x2000'31a8          4      0x38  usbd_cdc.o [15]
    .data            inited   0x2000'31e0          4      0x44  usbd_cdc.o [15]
    .data            inited   0x2000'3224          4      0x14  usbd_cdc_if.o [1]
    .data            inited   0x2000'3238          4      0x1c  usbd_desc.o [1]
    .data            inited   0x2000'3254          4      0x14  usbd_desc.o [1]
    .data            inited   0x2000'3268          4       0x4  usbd_desc.o [1]
    .data            inited   0x2000'326c          4      0x1c  usbd_desc.o [1]
    .data            inited   0x2000'3288          4      0x38  xlocale_c.o [18]
    .data            inited   0x2000'32c0          4      0x48  xlocale_c.o [18]
    .data            inited   0x2000'3308          4      0x48  xfiles.o [18]
                            - 0x2000'3350               0x3350

"P3", part 2 of 3:                                    0x1'7d40
  .bss               zero     0x2000'3350          4  0x1'041c  heap_4.o [16]
  .bss               zero     0x2001'376c          4      0x6c  FreeRTOS_Routing.o [9]
  .bss               zero     0x2001'37d8          8    0x1de8  system.o [13]
  .bss               zero     0x2001'55c0          4    0x1000  usbd_cdc_if.o [1]
  .bss               zero     0x2001'65c0          4     0xd70  BufferAllocation_2.o [17]
  .bss               zero     0x2001'7330          4     0xcec  FreeRTOS_IP.o [9]
  .bss               zero     0x2001'801c          4     0xb54  gate.o [11]
  .bss               zero     0x2001'8b70          4     0x65c  cli.o [3]
  .bss               zero     0x2001'91cc          4     0x4e4  usbd_conf.o [14]
  .bss               zero     0x2001'96b0          4     0x468  eth_helper.o [6]
  .bss               zero     0x2001'9b18          4     0x300  cli.o [3]
  .bss               zero     0x2001'9e18          4     0x300  FreeRTOS_ND.o [9]
  .bss               zero     0x2001'a118          4     0x2dc  usb_device.o [1]
  .bss               zero     0x2001'a3f4          4     0x260  eth_helper.o [6]
  .bss               zero     0x2001'a654          4     0x220  usbd_conf.o [14]
  .bss               zero     0x2001'a874          4     0x200  usbd_desc.o [1]
  .bss               zero     0x2001'aa74          4     0x12c  tasks.o [10]
  .bss               zero     0x2001'aba0          4     0x104  timers.o [10]
  .bss               zero     0x2001'acc0         32      0x80  NetworkInterface.o [17]
  .bss               zero     0x2001'ad40         32      0x80  NetworkInterface.o [17]
  .bss               zero     0x2001'adc0          4      0x58  spi.o [4]
  .bss               zero     0x2001'ae18          4      0x54  FreeRTOS_IP_Timers.o [9]
  .bss               zero     0x2001'ae6c          4      0x50  xfiles.o [18]
  .bss               zero     0x2001'aebc          4      0x48  NetworkInterface.o [17]
  .bss               zero     0x2001'af04          4      0x48  stm32f4xx_hal_timebase_tim.o [4]
  .bss               zero     0x2001'af4c          4      0x48  tim.o [4]
  .bss               zero     0x2001'af94          4      0x40  queue.o [10]
  .bss               zero     0x2001'afd4          4      0x2c  FreeRTOS_Sockets.o [9]
  .bss               zero     0x2001'b000          4      0x20  stm32f4xx_hal_flash.o [12]
  .bss               zero     0x2001'b020          4      0x1c  BufferAllocation_2.o [17]
  .bss               zero     0x2001'b03c          4      0x18  FreeRTOS_TCP_WIN.o [9]
  .bss               zero     0x2001'b054          4      0x14  NetworkInterface.o [17]
  .bss               zero     0x2001'b068          4       0xc  iwdg.o [4]
  .bss               zero     0x2001'b074          4       0x4  FreeRTOS_Routing.o [9]
  .bss               zero     0x2001'b078          4       0x4  FreeRTOS_TCP_IP.o [9]
  .bss               zero     0x2001'b07c          4       0x4  FreeRTOS_TCP_IP.o [9]
  .bss               zero     0x2001'b080          4       0x4  FreeRTOS_TCP_WIN.o [9]
  .bss               zero     0x2001'b084          4       0x4  xfail_s.o [18]
  .bss               zero     0x2001'b088          2       0x2  FreeRTOS_IP.o [9]
  .bss               zero     0x2001'b08a                  0x1  cli_helper.o [3]
  .bss               zero     0x2001'b08b                  0x1  NetworkInterface.o [17]
  .bss               zero     0x2001'b08c                  0x1  usbd_ctlreq.o [15]
                            - 0x2001'b08d             0x1'7d3d

"P3", part 3 of 3:                                       0x400
  CSTACK                      0x2001'b090          8     0x400  <Block>
    CSTACK           uninit   0x2001'b090                0x400  <Block tail>
                            - 0x2001'b490                0x400

Unused ranges:

         From           To      Size
         ----           --      ----
   0x801'2590   0x80f'ffff  0xe'da70
  0x2001'b490  0x2001'ffff    0x4b70


*******************************************************************************
*** INIT TABLE
***

          Address      Size
          -------      ----
Zero (__iar_zero_init3)
    1 destination range, total size 0x1'7d3d:
          0x2000'3350  0x1'7d3d

Copy/lz77 (__iar_lz77_init_single3)
    1 source range, total size 0x1c0 (3% of destination):
           0x801'23d0     0x1c0
    1 destination range, total size 0x3350:
          0x2000'0000    0x3350



*******************************************************************************
*** MODULE SUMMARY
***

    Module                              ro code  ro data  rw data
    ------                              -------  -------  -------
command line/config:
    -------------------------------------------------------------
    Total:

C:\Users\Koche\Desktop\Work\Smart Dispenser PRJ\gateway\EWARM\Gateway_407\Obj\App_6048373297342892631.dir: [1]
    usb_device.o                             84               732
    usbd_cdc_if.o                           120        1    4'116
    usbd_desc.o                             256        3      592
    -------------------------------------------------------------
    Total:                                  460        4    5'440

C:\Users\Koche\Desktop\Work\Smart Dispenser PRJ\gateway\EWARM\Gateway_407\Obj\CMSIS_6603591812247902717.dir: [2]
    system_stm32f4xx.o                       32        8        4
    -------------------------------------------------------------
    Total:                                   32        8        4

C:\Users\Koche\Desktop\Work\Smart Dispenser PRJ\gateway\EWARM\Gateway_407\Obj\Cli_11707894225168942927.dir: [3]
    cli.o                                   240      280    2'396
    cli_handlers.o                        1'864      280
    cli_helper.o                            156                 1
    -------------------------------------------------------------
    Total:                                2'260      560    2'397

C:\Users\Koche\Desktop\Work\Smart Dispenser PRJ\gateway\EWARM\Gateway_407\Obj\Core_13247989168731456611.dir: [4]
    dma.o                                   100
    gpio.o                                  642
    iwdg.o                                                     12
    main.o                                  228
    spi.o                                   180                88
    stm32f4xx_hal_msp.o                      56
    stm32f4xx_hal_timebase_tim.o            160                72
    stm32f4xx_it.o                          200
    tim.o                                   500                72
    -------------------------------------------------------------
    Total:                                2'066               244

C:\Users\Koche\Desktop\Work\Smart Dispenser PRJ\gateway\EWARM\Gateway_407\Obj\EWARM_18443280873093131863.dir: [5]
    startup_stm32f407xx.o                   700
    -------------------------------------------------------------
    Total:                                  700

C:\Users\Koche\Desktop\Work\Smart Dispenser PRJ\gateway\EWARM\Gateway_407\Obj\Ethernet_5605320102233052314.dir: [6]
    eth.o                                 1'628
    eth_helper.o                             92             1'736
    -------------------------------------------------------------
    Total:                                1'720             1'736

C:\Users\Koche\Desktop\Work\Smart Dispenser PRJ\gateway\EWARM\Gateway_407\Obj\Flash_13912709933827620245.dir: [7]
    flash.o                                 292
    -------------------------------------------------------------
    Total:                                  292

C:\Users\Koche\Desktop\Work\Smart Dispenser PRJ\gateway\EWARM\Gateway_407\Obj\FreeRTOS-Plu-Cli_11501085631675054166.dir: [8]
    FreeRTOS_CLI.o                          436      241       20
    -------------------------------------------------------------
    Total:                                  436      241       20

C:\Users\Koche\Desktop\Work\Smart Dispenser PRJ\gateway\EWARM\Gateway_407\Obj\FreeRTOS-Plus-TCP_16686340316780321206.dir: [9]
    FreeRTOS_ARP.o                        1'612       43      116
    FreeRTOS_ICMP.o                          70
    FreeRTOS_IP.o                         1'724             3'310
    FreeRTOS_IP_Timers.o                    536                84
    FreeRTOS_IP_Utils.o                     568
    FreeRTOS_IPv4.o                         476
    FreeRTOS_IPv4_Sockets.o                 226
    FreeRTOS_IPv4_Utils.o                    48
    FreeRTOS_IPv6.o                         792
    FreeRTOS_IPv6_Sockets.o                 512
    FreeRTOS_IPv6_Utils.o                   254
    FreeRTOS_ND.o                         1'596               768
    FreeRTOS_RA.o                           948
    FreeRTOS_Routing.o                    1'288               112
    FreeRTOS_Sockets.o                    4'600                44
    FreeRTOS_Stream_Buffer.o                416
    FreeRTOS_TCP_IP.o                     1'308                 8
    FreeRTOS_TCP_Reception.o                702
    FreeRTOS_TCP_State_Handling.o         1'418
    FreeRTOS_TCP_State_Handling_IPv4.o      316
    FreeRTOS_TCP_State_Handling_IPv6.o      306
    FreeRTOS_TCP_Transmission.o           1'528
    FreeRTOS_TCP_Transmission_IPv4.o        706
    FreeRTOS_TCP_Transmission_IPv6.o        792
    FreeRTOS_TCP_Utils.o                     22
    FreeRTOS_TCP_Utils_IPv4.o                62
    FreeRTOS_TCP_Utils_IPv6.o                44
    FreeRTOS_TCP_WIN.o                    1'924                28
    FreeRTOS_UDP_IP.o                       106
    FreeRTOS_UDP_IPv4.o                     392
    FreeRTOS_UDP_IPv6.o                     430
    -------------------------------------------------------------
    Total:                               25'722       43    4'470

C:\Users\Koche\Desktop\Work\Smart Dispenser PRJ\gateway\EWARM\Gateway_407\Obj\FreeRTOS_15068288790229095433.dir: [10]
    event_groups.o                          540
    list.o                                  144
    queue.o                               2'080                64
    tasks.o                               4'488        6      464
    timers.o                              1'096               260
    -------------------------------------------------------------
    Total:                                8'348        6      788

C:\Users\Koche\Desktop\Work\Smart Dispenser PRJ\gateway\EWARM\Gateway_407\Obj\Gate_3448444589264835548.dir: [11]
    gate.o                                1'128             2'900
    -------------------------------------------------------------
    Total:                                1'128             2'900

C:\Users\Koche\Desktop\Work\Smart Dispenser PRJ\gateway\EWARM\Gateway_407\Obj\STM32F4xx_HAL_Driver_1244631019742807970.dir: [12]
    stm32f4xx_hal.o                         120        1       12
    stm32f4xx_hal_cortex.o                  144
    stm32f4xx_hal_flash.o                   488                32
    stm32f4xx_hal_flash_ex.o                348
    stm32f4xx_hal_gpio.o                    492
    stm32f4xx_hal_iwdg.o                     12
    stm32f4xx_hal_pcd.o                   2'448
    stm32f4xx_hal_pcd_ex.o                   76
    stm32f4xx_hal_rcc.o                   1'260
    stm32f4xx_hal_spi.o                     200
    stm32f4xx_hal_tim.o                   2'032
    stm32f4xx_hal_tim_ex.o                    4
    stm32f4xx_ll_exti.o                     176
    stm32f4xx_ll_gpio.o                     238
    stm32f4xx_ll_rcc.o                      184
    stm32f4xx_ll_tim.o                      192
    stm32f4xx_ll_usart.o                    268
    stm32f4xx_ll_usb.o                    2'540
    -------------------------------------------------------------
    Total:                               11'222        1       44

C:\Users\Koche\Desktop\Work\Smart Dispenser PRJ\gateway\EWARM\Gateway_407\Obj\System_11455613988876714787.dir: [13]
    system.o                                192             7'656
    system_thread.o                         252       36
    system_uart.o                           656
    -------------------------------------------------------------
    Total:                                1'100       36    7'656

C:\Users\Koche\Desktop\Work\Smart Dispenser PRJ\gateway\EWARM\Gateway_407\Obj\Target_2794460481546860895.dir: [14]
    usbd_conf.o                             588             1'796
    -------------------------------------------------------------
    Total:                                  588             1'796

C:\Users\Koche\Desktop\Work\Smart Dispenser PRJ\gateway\EWARM\Gateway_407\Obj\USB_Device_Library_15009154495834662892.dir: [15]
    usbd_cdc.o                            1'038        4      136
    usbd_core.o                             866
    usbd_ctlreq.o                         1'284                 1
    usbd_ioreq.o                            100
    -------------------------------------------------------------
    Total:                                3'288        4      137

C:\Users\Koche\Desktop\Work\Smart Dispenser PRJ\gateway\EWARM\Gateway_407\Obj\portable_15954926109208205999.dir: [16]
    heap_4.o                                552            66'588
    port.o                                  574                12
    portasm.o                               176
    -------------------------------------------------------------
    Total:                                1'302            66'600

C:\Users\Koche\Desktop\Work\Smart Dispenser PRJ\gateway\EWARM\Gateway_407\Obj\portable_7947777220660125680.dir: [17]
    BufferAllocation_2.o                    380        4    3'468
    NetworkInterface.o                    1'620      422   12'721
    phyHandling.o                         1'328
    stm32fxx_hal_eth.o                    1'656
    -------------------------------------------------------------
    Total:                                4'984      426   16'189

dl7M_tlf.a: [18]
    abort.o                                   6
    exit.o                                    4
    iar_Stoulx.o                            310       80
    isspace.o                                20
    low_level_init.o                          4
    printf.o                                 40
    putchar.o                                68
    snprintf.o                               68
    strncmp.o                                42
    strstr.o                                 44
    tolower.o                                20
    xfail_s.o                                64                 4
    xfiles.o                                           3      152
    xlocale_c.o                              60        9      128
    xprintffull_nomb.o                    3'790
    xprout.o                                 22
    xsnprout.o                               26
    -------------------------------------------------------------
    Total:                                4'588       92      284

m7M_tls.a: [19]
    DblAddSub.o                             590
    DblCmpGe.o                               52
    DblCmpLe.o                               52
    DblDiv.o                                582
    DblMul.o                                426
    DblToS32.o                               54
    DblToU32.o                               34
    S32ToDbl.o                               34
    U32ToDbl.o                               28
    fpinit_M.o                               34
    frexp.o                                 112
    ldexp.o                                 314
    -------------------------------------------------------------
    Total:                                2'312

rt7M_tl.a: [20]
    ABImemclr.o                               6
    ABImemclr4.o                              6
    ABImemcpy_small.o                        24
    ABImemmove_small.o                       30
    ABImemset48.o                            58
    ABImemset_small.o                        18
    I64DivMod_small.o                       262
    I64DivZer.o                               2
    cexit.o                                  10
    cmain.o                                  30
    cstartup_M.o                             28
    data_init.o                              40
    lz77_init_single.o                      126
    memchr.o                                 88
    memcmp_small.o                           30
    strchr.o                                 22
    strcmp.o                                 18
    strlen_small.o                           20
    strncpy_small.o                          30
    zero_init3.o                             56
    -------------------------------------------------------------
    Total:                                  904

shb_l.a: [21]
    dwrite.o                                 30
    exit.o                                   20
    iarwrite.o                               34
    iarwstdswo.o                             76
    unwind_debug.o                                     1
    write.o                                  16
    -------------------------------------------------------------
    Total:                                  176        1

    Gaps                                     66        4       28
    Linker created                                    32    1'024
-----------------------------------------------------------------
    Grand Total:                         73'694    1'458  111'757


*******************************************************************************
*** ENTRY LIST
***

Entry                       Address      Size  Type      Object
-----                       -------      ----  ----      ------
.iar.init_table$$Base    0x801'21a8             --   Gb  - Linker created -
.iar.init_table$$Limit   0x801'21c8             --   Gb  - Linker created -
?main                    0x801'21e9            Code  Gb  cmain.o [20]
ADC_IRQHandler           0x801'22f1            Code  Wk  startup_stm32f407xx.o [5]
AHBPrescTable            0x801'21d8      0x10  Data  Gb  system_stm32f4xx.o [2]
APBPrescTable            0x801'2298       0x8  Data  Gb  system_stm32f4xx.o [2]
BusFault_Handler         0x801'1c29       0x2  Code  Gb  stm32f4xx_it.o [4]
CAN1_RX0_IRQHandler      0x801'22f9            Code  Wk  startup_stm32f407xx.o [5]
CAN1_RX1_IRQHandler      0x801'22fd            Code  Wk  startup_stm32f407xx.o [5]
CAN1_SCE_IRQHandler      0x801'2301            Code  Wk  startup_stm32f407xx.o [5]
CAN1_TX_IRQHandler       0x801'22f5            Code  Wk  startup_stm32f407xx.o [5]
CAN2_RX0_IRQHandler      0x801'2391            Code  Wk  startup_stm32f407xx.o [5]
CAN2_RX1_IRQHandler      0x801'2395            Code  Wk  startup_stm32f407xx.o [5]
CAN2_SCE_IRQHandler      0x801'2399            Code  Wk  startup_stm32f407xx.o [5]
CAN2_TX_IRQHandler       0x801'238d            Code  Wk  startup_stm32f407xx.o [5]
CDC_Control_FS           0x800'f807       0x4  Code  Lc  usbd_cdc_if.o [1]
CDC_DeInit_FS            0x800'f803       0x4  Code  Lc  usbd_cdc_if.o [1]
CDC_Init_FS              0x800'f7e5      0x1e  Code  Lc  usbd_cdc_if.o [1]
CDC_ReceiveData          0x801'04a1      0x1a  Code  Gb  cli_helper.o [3]
CDC_Receive_FS           0x800'f80b      0x20  Code  Lc  usbd_cdc_if.o [1]
CDC_TransmitCplt_FS      0x800'f859       0x4  Code  Lc  usbd_cdc_if.o [1]
CDC_Transmit_FS          0x800'f82b      0x26  Code  Gb  usbd_cdc_if.o [1]
CLI_USB_Receive_Char     0x801'0439      0x58  Code  Gb  cli_helper.o [3]
CSTACK$$Base            0x2001'b090             --   Gb  - Linker created -
CSTACK$$Limit           0x2001'b490             --   Gb  - Linker created -
DCMI_IRQHandler          0x801'23c5            Code  Wk  startup_stm32f407xx.o [5]
DMA1_Stream0_IRQHandler
                         0x801'22d5            Code  Wk  startup_stm32f407xx.o [5]
DMA1_Stream1_IRQHandler
                         0x801'22d9            Code  Wk  startup_stm32f407xx.o [5]
DMA1_Stream2_IRQHandler
                         0x801'22dd            Code  Wk  startup_stm32f407xx.o [5]
DMA1_Stream3_IRQHandler
                         0x801'22e1            Code  Wk  startup_stm32f407xx.o [5]
DMA1_Stream4_IRQHandler
                         0x801'22e5            Code  Wk  startup_stm32f407xx.o [5]
DMA1_Stream5_IRQHandler
                         0x801'22e9            Code  Wk  startup_stm32f407xx.o [5]
DMA1_Stream6_IRQHandler
                         0x801'22ed            Code  Wk  startup_stm32f407xx.o [5]
DMA1_Stream7_IRQHandler
                         0x801'235d            Code  Wk  startup_stm32f407xx.o [5]
DMA2_Stream0_IRQHandler
                         0x801'2379            Code  Wk  startup_stm32f407xx.o [5]
DMA2_Stream1_IRQHandler
                         0x801'237d            Code  Wk  startup_stm32f407xx.o [5]
DMA2_Stream2_IRQHandler
                         0x801'1ca5       0x2  Code  Gb  stm32f4xx_it.o [4]
DMA2_Stream3_IRQHandler
                         0x801'2381            Code  Wk  startup_stm32f407xx.o [5]
DMA2_Stream4_IRQHandler
                         0x801'2385            Code  Wk  startup_stm32f407xx.o [5]
DMA2_Stream5_IRQHandler
                         0x801'239d            Code  Wk  startup_stm32f407xx.o [5]
DMA2_Stream6_IRQHandler
                         0x801'23a1            Code  Wk  startup_stm32f407xx.o [5]
DMA2_Stream7_IRQHandler
                         0x801'23a5            Code  Wk  startup_stm32f407xx.o [5]
DMARxDscrTab            0x2001'acc0      0x80  Data  Gb  NetworkInterface.o [17]
DMATxDescToClear        0x2000'00cc       0x4  Data  Lc  NetworkInterface.o [17]
DMATxDscrTab            0x2001'ad40      0x80  Data  Gb  NetworkInterface.o [17]
DebugMon_Handler         0x801'1c2d       0x2  Code  Gb  stm32f4xx_it.o [4]
ETH_FlushTransmitFIFO    0x801'0b35      0x16  Code  Lc  stm32fxx_hal_eth.o [17]
ETH_IRQHandler           0x801'0185       0x6  Code  Gb  NetworkInterface.o [17]
ETH_WKUP_IRQHandler      0x801'2389            Code  Wk  startup_stm32f407xx.o [5]
EXTI0_IRQHandler         0x801'22c5            Code  Wk  startup_stm32f407xx.o [5]
EXTI15_10_IRQHandler     0x801'2341            Code  Wk  startup_stm32f407xx.o [5]
EXTI1_IRQHandler         0x801'22c9            Code  Wk  startup_stm32f407xx.o [5]
EXTI2_IRQHandler         0x801'22cd            Code  Wk  startup_stm32f407xx.o [5]
EXTI3_IRQHandler         0x801'1c2f      0x12  Code  Gb  stm32f4xx_it.o [4]
EXTI4_IRQHandler         0x801'22d1            Code  Wk  startup_stm32f407xx.o [5]
EXTI9_5_IRQHandler       0x801'1c41      0x16  Code  Gb  stm32f4xx_it.o [4]
Error_Handler            0x800'c709       0x4  Code  Gb  main.o [4]
Ethernet::Ethernet(Config_t)
                         0x800'e7d1     0x174  Code  Gb  eth.o [6]
Ethernet::printConfig()
                         0x800'eb2d      0x52  Code  Gb  eth.o [6]
Ethernet::xTCPSendAndReceive(char const *, unsigned int, unsigned int)
                         0x800'eb81     0x174  Code  Gb  eth.o [6]
Ethernet::xUDPSendISR(char const *, unsigned int)
                         0x800'eaef      0x3c  Code  Gb  eth.o [6]
Ethernet::xUDPTxTask(void *)
                         0x800'ea6d      0x82  Code  Gb  eth.o [6]
Ethernet::xUdpTask(void *)
                         0x800'e945     0x118  Code  Gb  eth.o [6]
FLASH_Erase_Sector       0x800'faf7      0x4c  Code  Gb  stm32f4xx_hal_flash_ex.o [12]
FLASH_FlushCaches        0x800'fb43      0x50  Code  Gb  stm32f4xx_hal_flash_ex.o [12]
FLASH_IRQHandler         0x801'22bd            Code  Wk  startup_stm32f407xx.o [5]
FLASH_MassErase          0x800'fad7      0x20  Code  Lc  stm32f4xx_hal_flash_ex.o [12]
FLASH_Program_Byte       0x800'f9b5      0x14  Code  Lc  stm32f4xx_hal_flash.o [12]
FLASH_Program_DoubleWord
                         0x800'f94f      0x28  Code  Lc  stm32f4xx_hal_flash.o [12]
FLASH_Program_HalfWord   0x800'f989      0x12  Code  Lc  stm32f4xx_hal_flash.o [12]
FLASH_Program_Word       0x800'f977      0x12  Code  Lc  stm32f4xx_hal_flash.o [12]
FLASH_SetErrorCode       0x800'f9c9      0x60  Code  Lc  stm32f4xx_hal_flash.o [12]
FLASH_WaitForLastOperation
                         0x800'f901      0x4e  Code  Gb  stm32f4xx_hal_flash.o [12]
FPU_IRQHandler           0x801'23cd            Code  Wk  startup_stm32f407xx.o [5]
FSMC_IRQHandler          0x801'2361            Code  Wk  startup_stm32f407xx.o [5]
FS_Desc                 0x2000'3238      0x1c  Data  Gb  usbd_desc.o [1]
Flash_Read_Data          0x800'e795      0x14  Code  Gb  flash.o [7]
Flash_Write_Data         0x800'e6f3      0x7c  Code  Gb  flash.o [7]
FreeRTOS_AddEndPoint     0x800'3923      0x32  Code  Lc  FreeRTOS_Routing.o [9]
FreeRTOS_AddNetworkInterface
                         0x800'38f3      0x22  Code  Gb  FreeRTOS_Routing.o [9]
FreeRTOS_AllEndPointsUp
                         0x800'1a55      0x2a  Code  Gb  FreeRTOS_IP.o [9]
FreeRTOS_CLIGetParameter
                         0x800'f715      0x52  Code  Gb  FreeRTOS_CLI.o [8]
FreeRTOS_CLIProcessCommand
                         0x800'f659      0xbc  Code  Gb  FreeRTOS_CLI.o [8]
FreeRTOS_CLIProcessCommand::pxCommand
                        0x2000'0074       0x4  Data  Lc  FreeRTOS_CLI.o [8]
FreeRTOS_CLIRegisterCommand
                         0x800'f631      0x28  Code  Gb  FreeRTOS_CLI.o [8]
FreeRTOS_ClearARP        0x800'5ff1      0x2e  Code  Gb  FreeRTOS_ARP.o [9]
FreeRTOS_CreateIPv6Address
                         0x800'65b3      0x94  Code  Gb  FreeRTOS_ND.o [9]
FreeRTOS_FillEndPoint    0x800'3841      0xb2  Code  Gb  FreeRTOS_Routing.o [9]
FreeRTOS_FindEndPointOnIP_IPv4
                         0x800'3991      0x40  Code  Gb  FreeRTOS_Routing.o [9]
FreeRTOS_FindEndPointOnIP_IPv6
                         0x800'39d1       0x6  Code  Gb  FreeRTOS_Routing.o [9]
FreeRTOS_FindEndPointOnMAC
                         0x800'39d7      0x3e  Code  Gb  FreeRTOS_Routing.o [9]
FreeRTOS_FindEndPointOnNetMask
                         0x800'3a15       0x6  Code  Gb  FreeRTOS_Routing.o [9]
FreeRTOS_FindGateWay     0x800'3c89      0x46  Code  Gb  FreeRTOS_Routing.o [9]
FreeRTOS_FirstEndPoint   0x800'3955      0x1e  Code  Gb  FreeRTOS_Routing.o [9]
FreeRTOS_FirstNetworkInterface
                         0x800'3915       0x8  Code  Gb  FreeRTOS_Routing.o [9]
FreeRTOS_GetIPTaskHandle
                         0x800'1807       0x8  Code  Gb  FreeRTOS_IP.o [9]
FreeRTOS_GetLocalAddress
                         0x800'0afd      0x56  Code  Gb  FreeRTOS_Sockets.o [9]
FreeRTOS_IPInit_Multi    0x800'1875      0x74  Code  Gb  FreeRTOS_IP.o [9]
FreeRTOS_IPInit_Multi{3}::ucNetworkEventQueueStorageArea
                        0x2001'7394     0x208  Data  Lc  FreeRTOS_IP.o [9]
FreeRTOS_IPInit_Multi{3}::xNetworkEventStaticQueue
                        0x2001'7344      0x50  Data  Lc  FreeRTOS_IP.o [9]
FreeRTOS_IPInit_Multi{4}{5}{7}{8}{9}::xIPTaskBuffer
                        0x2001'759c      0x58  Data  Lc  FreeRTOS_IP.o [9]
FreeRTOS_IPInit_Multi{4}{5}{7}{8}{9}::xIPTaskStack
                        0x2001'75f4     0xa28  Data  Lc  FreeRTOS_IP.o [9]
FreeRTOS_InterfaceEPInSameSubnet_IPv6
                         0x800'3a6f      0x3c  Code  Gb  FreeRTOS_Routing.o [9]
FreeRTOS_InterfaceEndPointOnNetMask
                         0x800'3a1b      0x54  Code  Gb  FreeRTOS_Routing.o [9]
FreeRTOS_IsEndPointUp    0x800'1a43      0x12  Code  Gb  FreeRTOS_IP.o [9]
FreeRTOS_IsNetworkUp     0x800'1a3f       0x4  Code  Gb  FreeRTOS_IP.o [9]
FreeRTOS_MatchingEndpoint
                         0x800'3bb1      0xca  Code  Gb  FreeRTOS_Routing.o [9]
FreeRTOS_NetworkDown     0x800'183d      0x38  Code  Gb  FreeRTOS_IP.o [9]
FreeRTOS_NextEndPoint    0x800'3973      0x1e  Code  Gb  FreeRTOS_Routing.o [9]
FreeRTOS_NextNetworkInterface
                         0x800'391d       0x6  Code  Gb  FreeRTOS_Routing.o [9]
FreeRTOS_OutputARPRequest
                         0x800'5f5b      0x16  Code  Gb  FreeRTOS_ARP.o [9]
FreeRTOS_OutputARPRequest_Multi
                         0x800'5efb      0x60  Code  Gb  FreeRTOS_ARP.o [9]
FreeRTOS_OutputAdvertiseIPv6
                         0x800'6485      0xdc  Code  Gb  FreeRTOS_ND.o [9]
FreeRTOS_bind            0x800'0555      0xc8  Code  Gb  FreeRTOS_Sockets.o [9]
FreeRTOS_closesocket     0x800'0753      0x26  Code  Gb  FreeRTOS_Sockets.o [9]
FreeRTOS_connect         0x800'0b8d     0x138  Code  Gb  FreeRTOS_Sockets.o [9]
FreeRTOS_in6addr_any     0x800'6b34      0x10  Data  Gb  FreeRTOS_IPv6.o [9]
FreeRTOS_in6addr_loopback
                         0x800'6b44      0x10  Data  Gb  FreeRTOS_IPv6.o [9]
FreeRTOS_inet_addr       0x800'0ae9      0x14  Code  Gb  FreeRTOS_Sockets.o [9]
FreeRTOS_inet_ntoa       0x800'0a5d      0x62  Code  Gb  FreeRTOS_Sockets.o [9]
FreeRTOS_inet_ntop       0x800'0abf      0x2a  Code  Gb  FreeRTOS_Sockets.o [9]
FreeRTOS_inet_ntop4      0x800'33ef      0x1a  Code  Gb  FreeRTOS_IPv4_Sockets.o [9]
FreeRTOS_inet_ntop6      0x800'35b3      0xb6  Code  Gb  FreeRTOS_IPv6_Sockets.o [9]
FreeRTOS_inet_pton4      0x800'3355      0x9a  Code  Gb  FreeRTOS_IPv4_Sockets.o [9]
FreeRTOS_issocketconnected
                         0x800'11ff      0x1c  Code  Gb  FreeRTOS_Sockets.o [9]
FreeRTOS_listen          0x800'0f45      0x6c  Code  Gb  FreeRTOS_Sockets.o [9]
FreeRTOS_max_size_t      0x800'216b       0x8  Code  Gb  FreeRTOS_IP_Utils.o [9]
FreeRTOS_min_int32       0x800'2173       0x8  Code  Gb  FreeRTOS_IP_Utils.o [9]
FreeRTOS_min_size_t      0x800'2183       0x8  Code  Gb  FreeRTOS_IP_Utils.o [9]
FreeRTOS_min_uint32      0x800'217b       0x8  Code  Gb  FreeRTOS_IP_Utils.o [9]
FreeRTOS_recv            0x800'0cf7      0xe0  Code  Gb  FreeRTOS_Sockets.o [9]
FreeRTOS_recvfrom        0x800'031f      0xda  Code  Gb  FreeRTOS_Sockets.o [9]
FreeRTOS_round_up        0x800'218b      0x18  Code  Gb  FreeRTOS_IP_Utils.o [9]
FreeRTOS_rx_size         0x800'121b      0x18  Code  Gb  FreeRTOS_Sockets.o [9]
FreeRTOS_send            0x800'0e45      0xfa  Code  Gb  FreeRTOS_Sockets.o [9]
FreeRTOS_sendto          0x800'03f9     0x152  Code  Gb  FreeRTOS_Sockets.o [9]
FreeRTOS_setsockopt      0x800'08a9     0x162  Code  Gb  FreeRTOS_Sockets.o [9]
FreeRTOS_shutdown        0x800'0fb1      0x32  Code  Gb  FreeRTOS_Sockets.o [9]
FreeRTOS_socket          0x800'01c9     0x128  Code  Gb  FreeRTOS_Sockets.o [9]
FreeRTOS_tx_size         0x800'11e7      0x18  Code  Gb  FreeRTOS_Sockets.o [9]
FreeRTOS_tx_space        0x800'11c5      0x1c  Code  Gb  FreeRTOS_Sockets.o [9]
Gate::Gate()             0x800'f291      0xa2  Code  Gb  gate.o [11]
Gate::controlGateMotor(GateAction)
                         0x800'f4e5      0x2a  Code  Gb  gate.o [11]
Gate::gateControlTask(void *)
                         0x800'f1f5      0x6e  Code  Gb  gate.o [11]
Gate::gateHandler(GateAction)
                         0x800'f499      0x4c  Code  Gb  gate.o [11]
Gate::gateIWDGTask(void *)
                         0x800'f27b      0x14  Code  Gb  gate.o [11]
Gate::gateMonitorTask(void *)
                         0x800'f263      0x18  Code  Gb  gate.o [11]
Gate::getGateActualState()
                         0x800'f45b      0x3c  Code  Gb  gate.o [11]
Gate::getInstance()      0x800'f1c9      0x18  Code  Gb  gate.o [11]
Gate::getInstance()::instance
                        0x2001'8020     0xb50  Data  Lc  gate.o [11]
Gate::getInstance()::static guard for instance
                        0x2001'801c       0x1  Data  Lc  gate.o [11]
Gate::handleClosedState()
                         0x800'f421      0x3a  Code  Gb  gate.o [11]
Gate::handleOpenedState()
                         0x800'f3e1      0x40  Code  Gb  gate.o [11]
Gate::restartTimer()     0x800'f3ad      0x32  Code  Gb  gate.o [11]
Gate::restartTimerISR()
                         0x800'f361      0x4c  Code  Gb  gate.o [11]
Gate::timerCallback(tmrTimerControl *)
                         0x800'f341      0x1e  Code  Gb  gate.o [11]
GetSector                0x800'e685      0x6e  Code  Lc  flash.o [7]
HAL_Delay                0x800'b2c5      0x28  Code  Wk  stm32f4xx_hal.o [12]
HAL_ETH_ConfigMAC        0x801'09c9     0x106  Code  Gb  stm32fxx_hal_eth.o [17]
HAL_ETH_ErrorCallback    0x801'1241       0x2  Code  Wk  stm32fxx_hal_eth.o [17]
HAL_ETH_IRQHandler       0x801'076d      0x3a  Code  Gb  stm32fxx_hal_eth.o [17]
HAL_ETH_Init             0x801'04d5     0x19c  Code  Gb  stm32fxx_hal_eth.o [17]
HAL_ETH_MspInit          0x801'0671      0xe2  Code  Gb  stm32fxx_hal_eth.o [17]
HAL_ETH_ReadPHYRegister
                         0x801'07a7      0x6e  Code  Gb  stm32fxx_hal_eth.o [17]
HAL_ETH_RxCpltCallback   0x800'fba1      0x1e  Code  Gb  NetworkInterface.o [17]
HAL_ETH_Start            0x801'0891      0x54  Code  Gb  stm32fxx_hal_eth.o [17]
HAL_ETH_Stop             0x801'08e5      0x52  Code  Gb  stm32fxx_hal_eth.o [17]
HAL_ETH_TxCpltCallback   0x800'fbd3      0x1e  Code  Gb  NetworkInterface.o [17]
HAL_ETH_WritePHYRegister
                         0x801'0815      0x6e  Code  Gb  stm32fxx_hal_eth.o [17]
HAL_FLASHEx_Erase        0x800'fa45      0x92  Code  Gb  stm32f4xx_hal_flash_ex.o [12]
HAL_FLASH_GetError       0x800'f8fb       0x6  Code  Gb  stm32f4xx_hal_flash.o [12]
HAL_FLASH_Lock           0x800'f8eb       0xa  Code  Gb  stm32f4xx_hal_flash.o [12]
HAL_FLASH_Program        0x800'f85d      0x6e  Code  Gb  stm32f4xx_hal_flash.o [12]
HAL_FLASH_Unlock         0x800'f8cb      0x20  Code  Gb  stm32f4xx_hal_flash.o [12]
HAL_GPIO_Init            0x800'c049     0x1be  Code  Gb  stm32f4xx_hal_gpio.o [12]
HAL_GetTick              0x800'7379       0xc  Code  Wk  stm32f4xx_hal.o [12]
HAL_IWDG_Refresh         0x801'032d       0xc  Code  Gb  stm32f4xx_hal_iwdg.o [12]
HAL_IncTick              0x800'd6f5      0x10  Code  Wk  stm32f4xx_hal.o [12]
HAL_Init                 0x800'cdc1      0x30  Code  Gb  stm32f4xx_hal.o [12]
HAL_InitTick             0x800'c7b9      0x8a  Code  Gb  stm32f4xx_hal_timebase_tim.o [4]
HAL_MspInit              0x800'deed      0x38  Code  Gb  stm32f4xx_hal_msp.o [4]
HAL_NVIC_EnableIRQ       0x800'c29d      0x16  Code  Gb  stm32f4xx_hal_cortex.o [12]
HAL_NVIC_SetPriority     0x800'c263      0x3a  Code  Gb  stm32f4xx_hal_cortex.o [12]
HAL_NVIC_SetPriorityGrouping
                         0x800'c24f      0x14  Code  Gb  stm32f4xx_hal_cortex.o [12]
HAL_PCDEx_LPM_Callback   0x800'bec9       0x2  Code  Wk  stm32f4xx_hal_pcd_ex.o [12]
HAL_PCDEx_SetRxFiFo      0x800'c74f       0x8  Code  Gb  stm32f4xx_hal_pcd_ex.o [12]
HAL_PCDEx_SetTxFiFo      0x800'c70d      0x42  Code  Gb  stm32f4xx_hal_pcd_ex.o [12]
HAL_PCD_ConnectCallback
                         0x800'bda1       0x8  Code  Gb  usbd_conf.o [14]
HAL_PCD_DataInStageCallback
                         0x800'bd19      0x12  Code  Gb  usbd_conf.o [14]
HAL_PCD_DataOutStageCallback
                         0x800'bd05      0x14  Code  Gb  usbd_conf.o [14]
HAL_PCD_DisconnectCallback
                         0x800'bda9       0x8  Code  Gb  usbd_conf.o [14]
HAL_PCD_EP_Abort         0x800'bc61      0x1c  Code  Gb  stm32f4xx_hal_pcd.o [12]
HAL_PCD_EP_Close         0x800'bb05      0x20  Code  Gb  stm32f4xx_hal_pcd.o [12]
HAL_PCD_EP_ClrStall      0x800'bbfd      0x2e  Code  Gb  stm32f4xx_hal_pcd.o [12]
HAL_PCD_EP_GetRxCount    0x800'bb41      0x10  Code  Gb  stm32f4xx_hal_pcd.o [12]
HAL_PCD_EP_Open          0x800'baab      0x5a  Code  Gb  stm32f4xx_hal_pcd.o [12]
HAL_PCD_EP_Receive       0x800'bb25      0x1c  Code  Gb  stm32f4xx_hal_pcd.o [12]
HAL_PCD_EP_SetStall      0x800'bb93      0x62  Code  Gb  stm32f4xx_hal_pcd.o [12]
HAL_PCD_EP_Transmit      0x800'bb51      0x18  Code  Gb  stm32f4xx_hal_pcd.o [12]
HAL_PCD_IRQHandler       0x800'b3d7     0x66e  Code  Gb  stm32f4xx_hal_pcd.o [12]
HAL_PCD_ISOINIncompleteCallback
                         0x800'bd99       0x8  Code  Gb  usbd_conf.o [14]
HAL_PCD_ISOOUTIncompleteCallback
                         0x800'bd91       0x8  Code  Gb  usbd_conf.o [14]
HAL_PCD_Init             0x800'b2ed      0xc2  Code  Gb  stm32f4xx_hal_pcd.o [12]
[...]
vManageSolicitedNodeAddress
                         0x800'6c33      0x68  Code  Gb  FreeRTOS_IPv6_Utils.o [9]
vNDAgeCache              0x800'6173      0x44  Code  Gb  FreeRTOS_ND.o [9]
vNDRefreshCacheEntry     0x800'60f5      0x7e  Code  Gb  FreeRTOS_ND.o [9]
vNDSendNeighbourSolicitation
                         0x800'623b     0x112  Code  Gb  FreeRTOS_ND.o [9]
vNDSendRouterSolicitation
                         0x800'55c9     0x10a  Code  Gb  FreeRTOS_RA.o [9]
vNetworkSocketsInit      0x800'01b1      0x18  Code  Gb  FreeRTOS_Sockets.o [9]
vNetworkTimerReload      0x800'4ce9       0x6  Code  Gb  FreeRTOS_IP_Timers.o [9]
vPhyInitialise           0x801'0b4d      0x14  Code  Gb  phyHandling.o [17]
vPortEnableVFP           0x800'8711            Code  Gb  portasm.o [16]
vPortEnterCritical       0x800'6dfb      0x32  Code  Gb  port.o [16]
vPortExitCritical        0x800'6e2d      0x22  Code  Gb  port.o [16]
vPortFree                0x800'1c2f      0xb0  Code  Gb  heap_4.o [16]
vPortSetupTimerInterrupt
                         0x800'8655      0x28  Code  Wk  port.o [16]
vPortStartFirstTask      0x800'86f1            Code  Gb  portasm.o [16]
vPortValidateInterruptPriority
                         0x800'6e75      0x2c  Code  Gb  port.o [16]
vPreCheckConfigs         0x800'212f      0x2a  Code  Gb  FreeRTOS_IP_Utils.o [9]
vProcessGeneratedUDPPacket
                         0x800'597d      0x1e  Code  Gb  FreeRTOS_UDP_IP.o [9]
vProcessGeneratedUDPPacket_IPv4
                         0x800'82cd      0xce  Code  Gb  FreeRTOS_UDP_IPv4.o [9]
vProcessGeneratedUDPPacket_IPv4{5}{6}{7}{8}::ucDefaultPartUDPPacketHeader
                         0x800'843c      0x18  Data  Lc  FreeRTOS_UDP_IPv4.o [9]
vProcessGeneratedUDPPacket_IPv6
                         0x800'8455     0x114  Code  Gb  FreeRTOS_UDP_IPv6.o [9]
vQueueAddToRegistry      0x800'5515      0x3a  Code  Gb  queue.o [10]
vQueueDelete             0x800'53e9      0x22  Code  Gb  queue.o [10]
vQueueUnregisterQueue    0x800'554f      0x2a  Code  Gb  queue.o [10]
vQueueWaitForMessageRestricted
                         0x800'5581      0x48  Code  Gb  queue.o [10]
vRAProcess               0x800'5823     0x154  Code  Gb  FreeRTOS_RA.o [9]
vReceiveNA               0x800'56d3      0x54  Code  Gb  FreeRTOS_RA.o [9]
vReceiveRA               0x800'5727      0xec  Code  Gb  FreeRTOS_RA.o [9]
vRegisterDelay           0x801'095f      0x24  Code  Lc  stm32fxx_hal_eth.o [17]
vReleaseNetworkBuffer    0x800'36d3       0xc  Code  Gb  BufferAllocation_2.o [17]
vReleaseNetworkBufferAndDescriptor
                         0x800'378f      0x42  Code  Gb  BufferAllocation_2.o [17]
vReturnEthernetFrame     0x800'1987      0xa2  Code  Gb  FreeRTOS_IP.o [9]
vSetAllNetworksUp        0x800'4d83       0x6  Code  Gb  FreeRTOS_IP_Timers.o [9]
vSetMultiCastIPv4MacAddress
                         0x800'8603      0x30  Code  Gb  FreeRTOS_IPv4_Utils.o [9]
vSetMultiCastIPv6MacAddress
                         0x800'6bab      0x18  Code  Gb  FreeRTOS_IPv6_Utils.o [9]
vSocketBind              0x800'0627     0x12c  Code  Gb  FreeRTOS_Sockets.o [9]
vSocketClose             0x800'0779      0xd2  Code  Gb  FreeRTOS_Sockets.o [9]
vSocketCloseNextTime     0x800'44cd      0x18  Code  Gb  FreeRTOS_TCP_IP.o [9]
vSocketListenNextTime    0x800'44e5      0x1c  Code  Gb  FreeRTOS_TCP_IP.o [9]
vSocketSelect            0x800'1243     0x110  Code  Gb  FreeRTOS_Sockets.o [9]
vSocketWakeUpUser        0x800'0b53      0x3a  Code  Gb  FreeRTOS_Sockets.o [9]
vStreamBufferClear       0x800'4a23      0x10  Code  Gb  FreeRTOS_Stream_Buffer.o [9]
vStreamBufferMoveMid     0x800'4a33      0x20  Code  Gb  FreeRTOS_Stream_Buffer.o [9]
vTCPStateChange          0x800'4589     0x170  Code  Gb  FreeRTOS_TCP_IP.o [9]
vTCPTimerReload          0x800'4cd9       0x6  Code  Gb  FreeRTOS_IP_Timers.o [9]
vTCPWindowDestroy        0x800'3ea1      0x34  Code  Gb  FreeRTOS_TCP_WIN.o [9]
vTCPWindowFree           0x800'3e6f      0x32  Code  Lc  FreeRTOS_TCP_WIN.o [9]
vTCPWindowInit           0x800'3f6b      0x42  Code  Gb  FreeRTOS_TCP_WIN.o [9]
vTaskDelay               0x800'23ed      0x30  Code  Gb  tasks.o [10]
vTaskGenericNotifyGiveFromISR
                         0x800'319f      0xcc  Code  Gb  tasks.o [10]
vTaskInternalSetTimeOutState
                         0x800'2b51       0xe  Code  Gb  tasks.o [10]
vTaskMissedYield         0x800'2bbf       0xa  Code  Gb  tasks.o [10]
vTaskPlaceOnEventList    0x800'28e9      0x24  Code  Gb  tasks.o [10]
vTaskPlaceOnEventListRestricted
                         0x800'2969      0x48  Code  Gb  tasks.o [10]
vTaskPlaceOnUnorderedEventList
                         0x800'290d      0x5c  Code  Gb  tasks.o [10]
vTaskPriorityDisinheritAfterTimeout
                         0x800'2dab      0x78  Code  Gb  tasks.o [10]
vTaskRemoveFromUnorderedEventList
                         0x800'2a79      0xae  Code  Gb  tasks.o [10]
vTaskResume              0x800'2513      0x68  Code  Gb  tasks.o [10]
vTaskSetTimeOutState     0x800'2b27      0x24  Code  Gb  tasks.o [10]
vTaskStartScheduler      0x800'259d      0x98  Code  Gb  tasks.o [10]
vTaskSuspend             0x800'242b      0xa0  Code  Gb  tasks.o [10]
vTaskSuspendAll          0x800'263d       0xc  Code  Gb  tasks.o [10]
vTaskSwitchContext       0x800'2899      0x50  Code  Gb  tasks.o [10]
xARPCache               0x2000'0000      0x60  Data  Lc  FreeRTOS_ARP.o [9]
xARPResolutionTimer     0x2001'ae44      0x14  Data  Lc  FreeRTOS_IP_Timers.o [9]
xARPTimer               0x2001'ae18      0x14  Data  Lc  FreeRTOS_IP_Timers.o [9]
xActiveTimerList1       0x2001'abb4      0x14  Data  Lc  timers.o [10]
xActiveTimerList2       0x2001'abc8      0x14  Data  Lc  timers.o [10]
xAllNetworksUp          0x2001'ae40       0x4  Data  Lc  FreeRTOS_IP_Timers.o [9]
xApplicationGetRandomNumber
                         0x800'37e5       0xe  Code  Gb  eth_helper.o [6]
xBadIPv4Loopback         0x800'6695      0x26  Code  Gb  FreeRTOS_IPv4.o [9]
xBadIPv6Loopback         0x800'6861      0x34  Code  Gb  FreeRTOS_IPv6.o [9]
xBoundTCPSocketsList    0x2001'afd4      0x14  Data  Gb  FreeRTOS_Sockets.o [9]
xBoundUDPSocketsList    0x2001'afe8      0x14  Data  Gb  FreeRTOS_Sockets.o [9]
xBroadcastMACAddress     0x800'1ac4       0x8  Data  Gb  FreeRTOS_IP.o [9]
xBufferAllocFixedSize    0x801'22a0       0x4  Data  Gb  BufferAllocation_2.o [17]
xCalculateSleepTime      0x800'4b91      0x4a  Code  Gb  FreeRTOS_IP_Timers.o [9]
xCheckRequiresARPResolution
                         0x800'5bf1      0x88  Code  Gb  FreeRTOS_ARP.o [9]
xCompareIPv6_Address     0x800'68e9      0x9e  Code  Gb  FreeRTOS_IPv6.o [9]
xCompareIPv6_Address::FreeRTOS_in6addr_allnodes
                         0x800'6b54      0x10  Data  Lc  FreeRTOS_IPv6.o [9]
xDelayedTaskList1       0x2000'3174      0x14  Data  Lc  tasks.o [10]
xDelayedTaskList2       0x2000'3188      0x14  Data  Lc  tasks.o [10]
xEMACTaskHandle         0x2000'00d4       0x4  Data  Lc  NetworkInterface.o [17]
xETH                    0x2001'aebc      0x48  Data  Lc  NetworkInterface.o [17]
xEventGroupClearBits     0x800'1e0f      0x30  Code  Gb  event_groups.o [10]
xEventGroupCreate        0x800'1d03      0x1e  Code  Gb  event_groups.o [10]
xEventGroupSetBits       0x800'1e3f      0x72  Code  Gb  event_groups.o [10]
xEventGroupWaitBits      0x800'1d21      0xd6  Code  Gb  event_groups.o [10]
xFreeBuffersList        0x2001'b020      0x14  Data  Lc  BufferAllocation_2.o [17]
xFreeBytesRemaining     0x2000'335c       0x4  Data  Lc  heap_4.o [16]
xGetCommand              0x800'e664      0x10  Data  Gb  cli.o [3]
xGetExtensionOrder       0x800'6a81      0x44  Code  Gb  FreeRTOS_IPv6.o [9]
xHelpCommand             0x801'2268      0x10  Data  Lc  FreeRTOS_CLI.o [8]
xIPIsNetworkTaskReady    0x800'1a39       0x6  Code  Gb  FreeRTOS_IP.o [9]
xIPTaskHandle           0x2001'733c       0x4  Data  Lc  FreeRTOS_IP.o [9]
xIPTaskInitialised      0x2001'7340       0x4  Data  Lc  FreeRTOS_IP.o [9]
xIPv6_GetIPType          0x800'3cdd      0x4c  Code  Gb  FreeRTOS_Routing.o [9]
xIPv6_GetIPType::xIPCouples
                         0x800'3d28      0x20  Data  Lc  FreeRTOS_Routing.o [9]
xIdleTaskHandles        0x2000'3168       0x4  Data  Lc  tasks.o [10]
xIsCallingFromIPTask     0x800'2035      0x18  Code  Gb  FreeRTOS_IP_Utils.o [9]
xIsIPInARPCache          0x800'5bc9      0x28  Code  Gb  FreeRTOS_ARP.o [9]
xIsIPv4Loopback          0x800'66bb      0x28  Code  Gb  FreeRTOS_IPv4.o [9]
xIsIPv4Multicast         0x800'6671      0x24  Code  Gb  FreeRTOS_IPv4.o [9]
xIsIPv6AllowedMulticast
                         0x800'6895      0x52  Code  Gb  FreeRTOS_IPv6.o [9]
xIsIPv6Loopback          0x800'684d      0x14  Code  Gb  FreeRTOS_IPv6.o [9]
xLastGratuitousARPTime  0x2000'0060       0x4  Data  Lc  FreeRTOS_ARP.o [9]
xMacInitStatus          0x2001'b08b       0x1  Data  Lc  NetworkInterface.o [17]
xMinimumEverFreeBytesRemaining
                        0x2000'3360       0x4  Data  Lc  heap_4.o [16]
xNDCache                0x2001'9e18     0x300  Data  Lc  FreeRTOS_ND.o [9]
xNetworkBufferSemaphore
                        0x2001'b038       0x4  Data  Lc  BufferAllocation_2.o [17]
xNetworkBuffersInitialise
                         0x800'3669      0x56  Code  Gb  BufferAllocation_2.o [17]
xNetworkBuffersInitialise::xNetworkBufferDescriptors
                        0x2001'65c0     0xd20  Data  Lc  BufferAllocation_2.o [17]
xNetworkBuffersInitialise{1}{2}{3}::xNetworkBufferSemaphoreBuffer
                        0x2001'72e0      0x50  Data  Lc  BufferAllocation_2.o [17]
xNetworkDownEventPending
                        0x2001'7338       0x4  Data  Lc  FreeRTOS_IP.o [9]
xNetworkEventQueue      0x2001'7334       0x4  Data  Gb  FreeRTOS_IP.o [9]
xNetworkTimer           0x2001'ae58      0x14  Data  Lc  FreeRTOS_IP_Timers.o [9]
xNextTaskUnblockTime    0x2000'3164       0x4  Data  Lc  tasks.o [10]
xNumOfOverflows         0x2000'315c       0x4  Data  Lc  tasks.o [10]
xNumberOfSuccessfulAllocations
                        0x2000'3364       0x4  Data  Lc  heap_4.o [16]
xNumberOfSuccessfulFrees
                        0x2000'3368       0x4  Data  Lc  heap_4.o [16]
xPHYProperties           0x801'01f0       0x4  Data  Gb  NetworkInterface.o [17]
xPendedTicks            0x2000'3154       0x4  Data  Lc  tasks.o [10]
xPendingReadyList       0x2000'30f8      0x14  Data  Lc  tasks.o [10]
xPhyCheckLinkStatus      0x801'0fd5      0xa8  Code  Gb  phyHandling.o [17]
xPhyConfigure            0x801'0bc1     0x1e2  Code  Gb  phyHandling.o [17]
xPhyDiscover             0x801'0b61      0x60  Code  Gb  phyHandling.o [17]
xPhyFixedValue           0x801'0da3      0x4a  Code  Gb  phyHandling.o [17]
xPhyObject              0x2000'0088      0x40  Data  Lc  NetworkInterface.o [17]
xPhyStartAutoNegotiation
                         0x801'0ded     0x1ce  Code  Gb  phyHandling.o [17]
xPortStartScheduler      0x800'6d0d      0xe0  Code  Gb  port.o [16]
xProcessReceivedTCPPacket
                         0x800'478d     0x204  Code  Gb  FreeRTOS_TCP_IP.o [9]
xProcessReceivedUDPPacket
                         0x800'599b      0x3e  Code  Gb  FreeRTOS_UDP_IP.o [9]
xProcessReceivedUDPPacket_IPv4
                         0x800'839b      0x94  Code  Gb  FreeRTOS_UDP_IPv4.o [9]
xProcessReceivedUDPPacket_IPv6
                         0x800'8569      0x8c  Code  Gb  FreeRTOS_UDP_IPv6.o [9]
xQueueCreateCountingSemaphore
                         0x800'4f29      0x1e  Code  Gb  queue.o [10]
xQueueCreateCountingSemaphoreStatic
                         0x800'4f05      0x24  Code  Gb  queue.o [10]
xQueueGenericCreate      0x800'4e8b      0x4a  Code  Gb  queue.o [10]
xQueueGenericCreateStatic
                         0x800'4e3b      0x50  Code  Gb  queue.o [10]
xQueueGenericReset       0x800'4da9      0x92  Code  Gb  queue.o [10]
xQueueGenericSend        0x800'4f47     0x12c  Code  Gb  queue.o [10]
xQueueGenericSendFromISR
                         0x800'5073      0xb0  Code  Gb  queue.o [10]
xQueueReceive            0x800'513b     0x110  Code  Gb  queue.o [10]
xQueueRegistry          0x2001'af94      0x40  Data  Gb  queue.o [10]
xQueueSemaphoreTake      0x800'524b     0x120  Code  Gb  queue.o [10]
xRecv_Update_IPv4        0x800'341f      0x18  Code  Gb  FreeRTOS_IPv4_Sockets.o [9]
xRecv_Update_IPv6        0x800'34e5      0x2e  Code  Gb  FreeRTOS_IPv6_Sockets.o [9]
xRegisteredCommands     0x2000'007c       0x8  Data  Lc  FreeRTOS_CLI.o [8]
xResetCommand            0x800'e674      0x10  Data  Gb  cli.o [3]
xRoutingStatistics      0x2001'376c      0x68  Data  Gb  FreeRTOS_Routing.o [9]
xSTM32F_GetPhyLinkStatus
                         0x800'fff5       0x2  Code  Lc  NetworkInterface.o [17]
xSTM32F_NetworkInterfaceInitialise
                         0x800'fc09      0xd0  Code  Lc  NetworkInterface.o [17]
xSTM32F_NetworkInterfaceOutput
                         0x800'fe5b      0x8c  Code  Lc  NetworkInterface.o [17]
xSTM32_PhyRead           0x800'ff1b       0xc  Code  Gb  NetworkInterface.o [17]
xSTM32_PhyWrite          0x800'ff27       0xa  Code  Gb  NetworkInterface.o [17]
xSchedulerRunning       0x2000'3150       0x4  Data  Lc  tasks.o [10]
xSegmentList            0x2001'b03c      0x14  Data  Lc  FreeRTOS_TCP_WIN.o [9]
xSendEventStructToIPTask
                         0x800'1911      0x48  Code  Gb  FreeRTOS_IP.o [9]
xSendEventToIPTask       0x800'18fd      0x14  Code  Gb  FreeRTOS_IP.o [9]
xSend_UDP_Update_IPv4    0x800'3409      0x16  Code  Gb  FreeRTOS_IPv4_Sockets.o [9]
xSend_UDP_Update_IPv6    0x800'349f      0x46  Code  Gb  FreeRTOS_IPv6_Sockets.o [9]
xSequenceGreaterThan     0x800'3d57       0xe  Code  Gb  FreeRTOS_TCP_WIN.o [9]
xSequenceGreaterThanOrEqual
                         0x800'3d65       0xc  Code  Lc  FreeRTOS_TCP_WIN.o [9]
xSequenceLessThan        0x800'3d49       0xe  Code  Gb  FreeRTOS_TCP_WIN.o [9]
xSetCommand              0x800'e654      0x10  Data  Gb  cli.o [3]
xSocketToClose          0x2001'b078       0x4  Data  Lc  FreeRTOS_TCP_IP.o [9]
xSocketToListen         0x2001'b07c       0x4  Data  Lc  FreeRTOS_TCP_IP.o [9]
xSocketValid             0x800'1233      0x10  Code  Gb  FreeRTOS_Sockets.o [9]
xStart                  0x2000'3350       0x8  Data  Lc  heap_4.o [16]
xStreamBufferLessThenEqual
                         0x800'4a53      0x12  Code  Gb  FreeRTOS_Stream_Buffer.o [9]
xSuspendedTaskList      0x2000'3120      0x14  Data  Lc  tasks.o [10]
xTCPCheckNewClient       0x800'499d      0x40  Code  Gb  FreeRTOS_TCP_IP.o [9]
xTCPSegments            0x2001'b050       0x4  Data  Lc  FreeRTOS_TCP_WIN.o [9]
xTCPSocketCheck          0x800'4501      0x7c  Code  Gb  FreeRTOS_TCP_IP.o [9]
xTCPTimer               0x2001'ae2c      0x14  Data  Lc  FreeRTOS_IP_Timers.o [9]
xTCPTimerCheck           0x800'0fe3      0x7a  Code  Gb  FreeRTOS_Sockets.o [9]
xTCPTimerCheck::xLastTime
                        0x2001'affc       0x4  Data  Lc  FreeRTOS_Sockets.o [9]
xTCPWindowCreate         0x800'3ed5      0x96  Code  Gb  FreeRTOS_TCP_WIN.o [9]
xTCPWindowGetHead        0x800'3e4b      0x16  Code  Lc  FreeRTOS_TCP_WIN.o [9]
xTCPWindowLoggingLevel  0x2001'b080       0x4  Data  Gb  FreeRTOS_TCP_WIN.o [9]
xTCPWindowNew            0x800'3dbb      0x66  Code  Lc  FreeRTOS_TCP_WIN.o [9]
xTCPWindowPeekHead       0x800'3e61       0xe  Code  Lc  FreeRTOS_TCP_WIN.o [9]
xTCPWindowRxEmpty        0x800'3e2f      0x1c  Code  Gb  FreeRTOS_TCP_WIN.o [9]
xTCPWindowRxFind         0x800'3d99      0x22  Code  Lc  FreeRTOS_TCP_WIN.o [9]
xTCPWindowTxDone         0x800'41bf       0xc  Code  Gb  FreeRTOS_TCP_WIN.o [9]
xTCPWindowTxHasData      0x800'420b      0x66  Code  Gb  FreeRTOS_TCP_WIN.o [9]
xTXDescriptorSemaphore  0x2000'00c8       0x4  Data  Lc  NetworkInterface.o [17]
xTaskCheckForTimeOut     0x800'2b5f      0x60  Code  Gb  tasks.o [10]
xTaskCreate              0x800'2241      0x5c  Code  Gb  tasks.o [10]
xTaskCreateStatic        0x800'21cd      0x74  Code  Gb  tasks.o [10]
xTaskGenericNotify       0x800'2f81      0xfa  Code  Gb  tasks.o [10]
xTaskGenericNotifyFromISR
                         0x800'307d     0x11c  Code  Gb  tasks.o [10]
xTaskGenericNotifyStateClear
                         0x800'3291      0x26  Code  Gb  tasks.o [10]
xTaskGenericNotifyWait   0x800'2ed5      0x8a  Code  Gb  tasks.o [10]
xTaskGetCurrentTaskHandle
                         0x800'2c5d       0x8  Code  Gb  tasks.o [10]
xTaskGetSchedulerState   0x800'2c65      0x18  Code  Gb  tasks.o [10]
xTaskGetTickCount        0x800'274f       0x8  Code  Gb  tasks.o [10]
xTaskGetTickCountFromISR
                         0x800'2757       0xe  Code  Gb  tasks.o [10]
xTaskIncrementTick       0x800'276d     0x12c  Code  Gb  tasks.o [10]
xTaskPriorityDisinherit
                         0x800'2d05      0x84  Code  Gb  tasks.o [10]
xTaskPriorityInherit     0x800'2c7d      0x88  Code  Gb  tasks.o [10]
xTaskRemoveFromEventList
                         0x800'29b1      0xbc  Code  Gb  tasks.o [10]
xTaskResumeAll           0x800'2649      0xf0  Code  Gb  tasks.o [10]
xTasksWaitingTermination
                        0x2000'310c      0x14  Data  Lc  tasks.o [10]
xTickCount              0x2000'3148       0x4  Data  Lc  tasks.o [10]
xTimerCreateStatic       0x800'6f85      0x40  Code  Gb  timers.o [10]
xTimerCreateTimerTask    0x800'6f31      0x54  Code  Gb  timers.o [10]
xTimerGenericCommandFromISR
                         0x800'7051      0x40  Code  Gb  timers.o [10]
xTimerGenericCommandFromTask
                         0x800'7005      0x4c  Code  Gb  timers.o [10]
xTimerIsTimerActive      0x800'730f       0xc  Code  Gb  timers.o [10]
xTimerQueue             0x2001'aba8       0x4  Data  Lc  timers.o [10]
xTimerTaskHandle        0x2001'abac       0x4  Data  Lc  timers.o [10]
xYieldPendings          0x2000'3158       0x4  Data  Lc  tasks.o [10]


[1] = C:\Users\Koche\Desktop\Work\Smart Dispenser PRJ\gateway\EWARM\Gateway_407\Obj\App_6048373297342892631.dir
[2] = C:\Users\Koche\Desktop\Work\Smart Dispenser PRJ\gateway\EWARM\Gateway_407\Obj\CMSIS_6603591812247902717.dir
[3] = C:\Users\Koche\Desktop\Work\Smart Dispenser PRJ\gateway\EWARM\Gateway_407\Obj\Cli_11707894225168942927.dir
[4] = C:\Users\Koche\Desktop\Work\Smart Dispenser PRJ\gateway\EWARM\Gateway_407\Obj\Core_13247989168731456611.dir
[5] = C:\Users\Koche\Desktop\Work\Smart Dispenser PRJ\gateway\EWARM\Gateway_407\Obj\EWARM_18443280873093131863.dir
[6] = C:\Users\Koche\Desktop\Work\Smart Dispenser PRJ\gateway\EWARM\Gateway_407\Obj\Ethernet_5605320102233052314.dir
[7] = C:\Users\Koche\Desktop\Work\Smart Dispenser PRJ\gateway\EWARM\Gateway_407\Obj\Flash_13912709933827620245.dir
[8] = C:\Users\Koche\Desktop\Work\Smart Dispenser PRJ\gateway\EWARM\Gateway_407\Obj\FreeRTOS-Plu-Cli_11501085631675054166.dir
[9] = C:\Users\Koche\Desktop\Work\Smart Dispenser PRJ\gateway\EWARM\Gateway_407\Obj\FreeRTOS-Plus-TCP_16686340316780321206.dir
[10] = C:\Users\Koche\Desktop\Work\Smart Dispenser PRJ\gateway\EWARM\Gateway_407\Obj\FreeRTOS_15068288790229095433.dir
[11] = C:\Users\Koche\Desktop\Work\Smart Dispenser PRJ\gateway\EWARM\Gateway_407\Obj\Gate_3448444589264835548.dir
[12] = C:\Users\Koche\Desktop\Work\Smart Dispenser PRJ\gateway\EWARM\Gateway_407\Obj\STM32F4xx_HAL_Driver_1244631019742807970.dir
[13] = C:\Users\Koche\Desktop\Work\Smart Dispenser PRJ\gateway\EWARM\Gateway_407\Obj\System_11455613988876714787.dir
[14] = C:\Users\Koche\Desktop\Work\Smart Dispenser PRJ\gateway\EWARM\Gateway_407\Obj\Target_2794460481546860895.dir
[15] = C:\Users\Koche\Desktop\Work\Smart Dispenser PRJ\gateway\EWARM\Gateway_407\Obj\USB_Device_Library_15009154495834662892.dir
[16] = C:\Users\Koche\Desktop\Work\Smart Dispenser PRJ\gateway\EWARM\Gateway_407\Obj\portable_15954926109208205999.dir
[17] = C:\Users\Koche\Desktop\Work\Smart Dispenser PRJ\gateway\EWARM\Gateway_407\Obj\portable_7947777220660125680.dir
[18] = dl7M_tlf.a
[19] = m7M_tls.a
[20] = rt7M_tl.a
[21] = shb_l.a

   73'694 bytes of readonly  code memory
    1'458 bytes of readonly  data memory
  111'757 bytes of readwrite data memory

Errors: none
Warnings: none
