###############################################################################
#
# IAR ELF Linker V9.60.3.422/W64 for ARM                  29/Sep/2025  18:02:44
# Copyright 2007-2024 IAR Systems AB.
#
#    Output file  =
#        C:\Users\Koche\Desktop\Work\Smart Dispenser
#        PRJ\gateway\EWARM\Gateway_407\Exe\Gateway_407.out
#    Map file     =
#        C:\Users\Koche\Desktop\Work\Smart Dispenser
#        PRJ\gateway\EWARM\Gateway_407\List\Gateway_407.map
#    Command line =
#        -f "C:\Users\Koche\Desktop\Work\Smart Dispenser
#        PRJ\gateway\EWARM\Gateway_407\Exe\Gateway_407.out.rsp"
#        ("C:\Users\Koche\Desktop\Work\Smart Dispenser
#        PRJ\gateway\EWARM\Gateway_407\Obj\portable_7947777220660125680.dir\BufferAllocation_2.o"
#        "C:\Users\Koche\Desktop\Work\Smart Dispenser
#        PRJ\gateway\EWARM\Gateway_407\Obj\Cli_11707894225168942927.dir\cli.o"
#        "C:\Users\Koche\Desktop\Work\Smart Dispenser
#        PRJ\gateway\EWARM\Gateway_407\Obj\Cli_11707894225168942927.dir\cli_handlers.o"
#        "C:\Users\Koche\Desktop\Work\Smart Dispenser
#        PRJ\gateway\EWARM\Gateway_407\Obj\Cli_11707894225168942927.dir\cli_helper.o"
#        "C:\Users\Koche\Desktop\Work\Smart Dispenser
#        PRJ\gateway\EWARM\Gateway_407\Obj\Core_13247989168731456611.dir\dma.o"
#        "C:\Users\Koche\Desktop\Work\Smart Dispenser
#        PRJ\gateway\EWARM\Gateway_407\Obj\Ethernet_5605320102233052314.dir\eth.o"
#        "C:\Users\Koche\Desktop\Work\Smart Dispenser
#        PRJ\gateway\EWARM\Gateway_407\Obj\Ethernet_5605320102233052314.dir\eth_helper.o"
#        "C:\Users\Koche\Desktop\Work\Smart Dispenser
#        PRJ\gateway\EWARM\Gateway_407\Obj\FreeRTOS_15068288790229095433.dir\event_groups.o"
#        "C:\Users\Koche\Desktop\Work\Smart Dispenser
#        PRJ\gateway\EWARM\Gateway_407\Obj\Flash_13912709933827620245.dir\flash.o"
#        "C:\Users\Koche\Desktop\Work\Smart Dispenser
#        PRJ\gateway\EWARM\Gateway_407\Obj\FreeRTOS-Plus-TCP_16686340316780321206.dir\FreeRTOS_ARP.o"
#        "C:\Users\Koche\Desktop\Work\Smart Dispenser
#        PRJ\gateway\EWARM\Gateway_407\Obj\FreeRTOS-Plus-TCP_16686340316780321206.dir\FreeRTOS_BitConfig.o"
#        "C:\Users\Koche\Desktop\Work\Smart Dispenser
#        PRJ\gateway\EWARM\Gateway_407\Obj\FreeRTOS-Plu-Cli_11501085631675054166.dir\FreeRTOS_CLI.o"
#        "C:\Users\Koche\Desktop\Work\Smart Dispenser
#        PRJ\gateway\EWARM\Gateway_407\Obj\FreeRTOS-Plus-TCP_16686340316780321206.dir\FreeRTOS_DHCP.o"
#        "C:\Users\Koche\Desktop\Work\Smart Dispenser
#        PRJ\gateway\EWARM\Gateway_407\Obj\FreeRTOS-Plus-TCP_16686340316780321206.dir\FreeRTOS_DHCPv6.o"
#        "C:\Users\Koche\Desktop\Work\Smart Dispenser
#        PRJ\gateway\EWARM\Gateway_407\Obj\FreeRTOS-Plus-TCP_16686340316780321206.dir\FreeRTOS_DNS.o"
#        "C:\Users\Koche\Desktop\Work\Smart Dispenser
#        PRJ\gateway\EWARM\Gateway_407\Obj\FreeRTOS-Plus-TCP_16686340316780321206.dir\FreeRTOS_DNS_Cache.o"
#        "C:\Users\Koche\Desktop\Work\Smart Dispenser
#        PRJ\gateway\EWARM\Gateway_407\Obj\FreeRTOS-Plus-TCP_16686340316780321206.dir\FreeRTOS_DNS_Callback.o"
#        "C:\Users\Koche\Desktop\Work\Smart Dispenser
#        PRJ\gateway\EWARM\Gateway_407\Obj\FreeRTOS-Plus-TCP_16686340316780321206.dir\FreeRTOS_DNS_Networking.o"
#        "C:\Users\Koche\Desktop\Work\Smart Dispenser
#        PRJ\gateway\EWARM\Gateway_407\Obj\FreeRTOS-Plus-TCP_16686340316780321206.dir\FreeRTOS_DNS_Parser.o"
#        "C:\Users\Koche\Desktop\Work\Smart Dispenser
#        PRJ\gateway\EWARM\Gateway_407\Obj\FreeRTOS-Plus-TCP_16686340316780321206.dir\FreeRTOS_ICMP.o"
#        "C:\Users\Koche\Desktop\Work\Smart Dispenser
#        PRJ\gateway\EWARM\Gateway_407\Obj\FreeRTOS-Plus-TCP_16686340316780321206.dir\FreeRTOS_IP.o"
#        "C:\Users\Koche\Desktop\Work\Smart Dispenser
#        PRJ\gateway\EWARM\Gateway_407\Obj\FreeRTOS-Plus-TCP_16686340316780321206.dir\FreeRTOS_IP_Timers.o"
#        "C:\Users\Koche\Desktop\Work\Smart Dispenser
#        PRJ\gateway\EWARM\Gateway_407\Obj\FreeRTOS-Plus-TCP_16686340316780321206.dir\FreeRTOS_IP_Utils.o"
#        "C:\Users\Koche\Desktop\Work\Smart Dispenser
#        PRJ\gateway\EWARM\Gateway_407\Obj\FreeRTOS-Plus-TCP_16686340316780321206.dir\FreeRTOS_IPv4.o"
#        "C:\Users\Koche\Desktop\Work\Smart Dispenser
#        PRJ\gateway\EWARM\Gateway_407\Obj\FreeRTOS-Plus-TCP_16686340316780321206.dir\FreeRTOS_IPv4_Sockets.o"
#        "C:\Users\Koche\Desktop\Work\Smart Dispenser
#        PRJ\gateway\EWARM\Gateway_407\Obj\FreeRTOS-Plus-TCP_16686340316780321206.dir\FreeRTOS_IPv4_Utils.o"
#        "C:\Users\Koche\Desktop\Work\Smart Dispenser
#        PRJ\gateway\EWARM\Gateway_407\Obj\FreeRTOS-Plus-TCP_16686340316780321206.dir\FreeRTOS_IPv6.o"
#        "C:\Users\Koche\Desktop\Work\Smart Dispenser
#        PRJ\gateway\EWARM\Gateway_407\Obj\FreeRTOS-Plus-TCP_16686340316780321206.dir\FreeRTOS_IPv6_Sockets.o"
#        "C:\Users\Koche\Desktop\Work\Smart Dispenser
#        PRJ\gateway\EWARM\Gateway_407\Obj\FreeRTOS-Plus-TCP_16686340316780321206.dir\FreeRTOS_IPv6_Utils.o"
#        "C:\Users\Koche\Desktop\Work\Smart Dispenser
#        PRJ\gateway\EWARM\Gateway_407\Obj\FreeRTOS-Plus-TCP_16686340316780321206.dir\FreeRTOS_ND.o"
#        "C:\Users\Koche\Desktop\Work\Smart Dispenser
#        PRJ\gateway\EWARM\Gateway_407\Obj\FreeRTOS-Plus-TCP_16686340316780321206.dir\FreeRTOS_RA.o"
#        "C:\Users\Koche\Desktop\Work\Smart Dispenser
#        PRJ\gateway\EWARM\Gateway_407\Obj\FreeRTOS-Plus-TCP_16686340316780321206.dir\FreeRTOS_Routing.o"
#        "C:\Users\Koche\Desktop\Work\Smart Dispenser
#        PRJ\gateway\EWARM\Gateway_407\Obj\FreeRTOS-Plus-TCP_16686340316780321206.dir\FreeRTOS_Sockets.o"
#        "C:\Users\Koche\Desktop\Work\Smart Dispenser
#        PRJ\gateway\EWARM\Gateway_407\Obj\FreeRTOS-Plus-TCP_16686340316780321206.dir\FreeRTOS_Stream_Buffer.o"
#        "C:\Users\Koche\Desktop\Work\Smart Dispenser
#        PRJ\gateway\EWARM\Gateway_407\Obj\FreeRTOS-Plus-TCP_16686340316780321206.dir\FreeRTOS_TCP_IP.o"
#        "C:\Users\Koche\Desktop\Work\Smart Dispenser
#        PRJ\gateway\EWARM\Gateway_407\Obj\FreeRTOS-Plus-TCP_16686340316780321206.dir\FreeRTOS_TCP_IP_IPv4.o"
#        "C:\Users\Koche\Desktop\Work\Smart Dispenser
#        PRJ\gateway\EWARM\Gateway_407\Obj\FreeRTOS-Plus-TCP_16686340316780321206.dir\FreeRTOS_TCP_IP_IPv6.o"
#        "C:\Users\Koche\Desktop\Work\Smart Dispenser
#        PRJ\gateway\EWARM\Gateway_407\Obj\FreeRTOS-Plus-TCP_16686340316780321206.dir\FreeRTOS_TCP_Reception.o"
#        "C:\Users\Koche\Desktop\Work\Smart Dispenser
#        PRJ\gateway\EWARM\Gateway_407\Obj\FreeRTOS-Plus-TCP_16686340316780321206.dir\FreeRTOS_TCP_State_Handling.o"
#        "C:\Users\Koche\Desktop\Work\Smart Dispenser
#        PRJ\gateway\EWARM\Gateway_407\Obj\FreeRTOS-Plus-TCP_16686340316780321206.dir\FreeRTOS_TCP_State_Handling_IPv4.o"
#        "C:\Users\Koche\Desktop\Work\Smart Dispenser
#        PRJ\gateway\EWARM\Gateway_407\Obj\FreeRTOS-Plus-TCP_16686340316780321206.dir\FreeRTOS_TCP_State_Handling_IPv6.o"
#        "C:\Users\Koche\Desktop\Work\Smart Dispenser
#        PRJ\gateway\EWARM\Gateway_407\Obj\FreeRTOS-Plus-TCP_16686340316780321206.dir\FreeRTOS_TCP_Transmission.o"
#        "C:\Users\Koche\Desktop\Work\Smart Dispenser
#        PRJ\gateway\EWARM\Gateway_407\Obj\FreeRTOS-Plus-TCP_16686340316780321206.dir\FreeRTOS_TCP_Transmission_IPv4.o"
#        "C:\Users\Koche\Desktop\Work\Smart Dispenser
#        PRJ\gateway\EWARM\Gateway_407\Obj\FreeRTOS-Plus-TCP_16686340316780321206.dir\FreeRTOS_TCP_Transmission_IPv6.o"
#        "C:\Users\Koche\Desktop\Work\Smart Dispenser
#        PRJ\gateway\EWARM\Gateway_407\Obj\FreeRTOS-Plus-TCP_16686340316780321206.dir\FreeRTOS_TCP_Utils.o"
#        "C:\Users\Koche\Desktop\Work\Smart Dispenser
#        PRJ\gateway\EWARM\Gateway_407\Obj\FreeRTOS-Plus-TCP_16686340316780321206.dir\FreeRTOS_TCP_Utils_IPv4.o"
#        "C:\Users\Koche\Desktop\Work\Smart Dispenser
#        PRJ\gateway\EWARM\Gateway_407\Obj\FreeRTOS-Plus-TCP_16686340316780321206.dir\FreeRTOS_TCP_Utils_IPv6.o"
#        "C:\Users\Koche\Desktop\Work\Smart Dispenser
#        PRJ\gateway\EWARM\Gateway_407\Obj\FreeRTOS-Plus-TCP_16686340316780321206.dir\FreeRTOS_TCP_WIN.o"
#        "C:\Users\Koche\Desktop\Work\Smart Dispenser
#        PRJ\gateway\EWARM\Gateway_407\Obj\FreeRTOS-Plus-TCP_16686340316780321206.dir\FreeRTOS_Tiny_TCP.o"
#        "C:\Users\Koche\Desktop\Work\Smart Dispenser
#        PRJ\gateway\EWARM\Gateway_407\Obj\FreeRTOS-Plus-TCP_16686340316780321206.dir\FreeRTOS_UDP_IP.o"
#        "C:\Users\Koche\Desktop\Work\Smart Dispenser
#        PRJ\gateway\EWARM\Gateway_407\Obj\FreeRTOS-Plus-TCP_16686340316780321206.dir\FreeRTOS_UDP_IPv4.o"
#        "C:\Users\Koche\Desktop\Work\Smart Dispenser
#        PRJ\gateway\EWARM\Gateway_407\Obj\FreeRTOS-Plus-TCP_16686340316780321206.dir\FreeRTOS_UDP_IPv6.o"
#        "C:\Users\Koche\Desktop\Work\Smart Dispenser
#        PRJ\gateway\EWARM\Gateway_407\Obj\Gate_3448444589264835548.dir\gate.o"
#        "C:\Users\Koche\Desktop\Work\Smart Dispenser
#        PRJ\gateway\EWARM\Gateway_407\Obj\Core_13247989168731456611.dir\gpio.o"
#        "C:\Users\Koche\Desktop\Work\Smart Dispenser
#        PRJ\gateway\EWARM\Gateway_407\Obj\portable_15954926109208205999.dir\heap_4.o"
#        "C:\Users\Koche\Desktop\Work\Smart Dispenser
#        PRJ\gateway\EWARM\Gateway_407\Obj\FreeRTOS_15068288790229095433.dir\list.o"
#        "C:\Users\Koche\Desktop\Work\Smart Dispenser
#        PRJ\gateway\EWARM\Gateway_407\Obj\Core_13247989168731456611.dir\main.o"
#        "C:\Users\Koche\Desktop\Work\Smart Dispenser
#        PRJ\gateway\EWARM\Gateway_407\Obj\portable_7947777220660125680.dir\NetworkInterface.o"
#        "C:\Users\Koche\Desktop\Work\Smart Dispenser
#        PRJ\gateway\EWARM\Gateway_407\Obj\portable_7947777220660125680.dir\phyHandling.o"
#        "C:\Users\Koche\Desktop\Work\Smart Dispenser
#        PRJ\gateway\EWARM\Gateway_407\Obj\portable_15954926109208205999.dir\port.o"
#        "C:\Users\Koche\Desktop\Work\Smart Dispenser
#        PRJ\gateway\EWARM\Gateway_407\Obj\portable_15954926109208205999.dir\portasm.o"
#        "C:\Users\Koche\Desktop\Work\Smart Dispenser
#        PRJ\gateway\EWARM\Gateway_407\Obj\FreeRTOS_15068288790229095433.dir\queue.o"
#        "C:\Users\Koche\Desktop\Work\Smart Dispenser
#        PRJ\gateway\EWARM\Gateway_407\Obj\Core_13247989168731456611.dir\spi.o"
#        "C:\Users\Koche\Desktop\Work\Smart Dispenser
#        PRJ\gateway\EWARM\Gateway_407\Obj\EWARM_18443280873093131863.dir\startup_stm32f407xx.o"
#        "C:\Users\Koche\Desktop\Work\Smart Dispenser
#        PRJ\gateway\EWARM\Gateway_407\Obj\STM32F4xx_HAL_Driver_1244631019742807970.dir\stm32f4xx_hal.o"
#        "C:\Users\Koche\Desktop\Work\Smart Dispenser
#        PRJ\gateway\EWARM\Gateway_407\Obj\STM32F4xx_HAL_Driver_1244631019742807970.dir\stm32f4xx_hal_cortex.o"
#        "C:\Users\Koche\Desktop\Work\Smart Dispenser
#        PRJ\gateway\EWARM\Gateway_407\Obj\STM32F4xx_HAL_Driver_1244631019742807970.dir\stm32f4xx_hal_dma.o"
#        "C:\Users\Koche\Desktop\Work\Smart Dispenser
#        PRJ\gateway\EWARM\Gateway_407\Obj\STM32F4xx_HAL_Driver_1244631019742807970.dir\stm32f4xx_hal_dma_ex.o"
#        "C:\Users\Koche\Desktop\Work\Smart Dispenser
#        PRJ\gateway\EWARM\Gateway_407\Obj\STM32F4xx_HAL_Driver_1244631019742807970.dir\stm32f4xx_hal_exti.o"
#        "C:\Users\Koche\Desktop\Work\Smart Dispenser
#        PRJ\gateway\EWARM\Gateway_407\Obj\STM32F4xx_HAL_Driver_1244631019742807970.dir\stm32f4xx_hal_flash.o"
#        "C:\Users\Koche\Desktop\Work\Smart Dispenser
#        PRJ\gateway\EWARM\Gateway_407\Obj\STM32F4xx_HAL_Driver_1244631019742807970.dir\stm32f4xx_hal_flash_ex.o"
#        "C:\Users\Koche\Desktop\Work\Smart Dispenser
#        PRJ\gateway\EWARM\Gateway_407\Obj\STM32F4xx_HAL_Driver_1244631019742807970.dir\stm32f4xx_hal_flash_ramfunc.o"
#        "C:\Users\Koche\Desktop\Work\Smart Dispenser
#        PRJ\gateway\EWARM\Gateway_407\Obj\STM32F4xx_HAL_Driver_1244631019742807970.dir\stm32f4xx_hal_gpio.o"
#        "C:\Users\Koche\Desktop\Work\Smart Dispenser
#        PRJ\gateway\EWARM\Gateway_407\Obj\Core_13247989168731456611.dir\stm32f4xx_hal_msp.o"
#        "C:\Users\Koche\Desktop\Work\Smart Dispenser
#        PRJ\gateway\EWARM\Gateway_407\Obj\STM32F4xx_HAL_Driver_1244631019742807970.dir\stm32f4xx_hal_pcd.o"
#        "C:\Users\Koche\Desktop\Work\Smart Dispenser
#        PRJ\gateway\EWARM\Gateway_407\Obj\STM32F4xx_HAL_Driver_1244631019742807970.dir\stm32f4xx_hal_pcd_ex.o"
#        "C:\Users\Koche\Desktop\Work\Smart Dispenser
#        PRJ\gateway\EWARM\Gateway_407\Obj\STM32F4xx_HAL_Driver_1244631019742807970.dir\stm32f4xx_hal_pwr.o"
#        "C:\Users\Koche\Desktop\Work\Smart Dispenser
#        PRJ\gateway\EWARM\Gateway_407\Obj\STM32F4xx_HAL_Driver_1244631019742807970.dir\stm32f4xx_hal_pwr_ex.o"
#        "C:\Users\Koche\Desktop\Work\Smart Dispenser
#        PRJ\gateway\EWARM\Gateway_407\Obj\STM32F4xx_HAL_Driver_1244631019742807970.dir\stm32f4xx_hal_rcc.o"
#        "C:\Users\Koche\Desktop\Work\Smart Dispenser
#        PRJ\gateway\EWARM\Gateway_407\Obj\STM32F4xx_HAL_Driver_1244631019742807970.dir\stm32f4xx_hal_rcc_ex.o"
#        "C:\Users\Koche\Desktop\Work\Smart Dispenser
#        PRJ\gateway\EWARM\Gateway_407\Obj\STM32F4xx_HAL_Driver_1244631019742807970.dir\stm32f4xx_hal_spi.o"
#        "C:\Users\Koche\Desktop\Work\Smart Dispenser
#        PRJ\gateway\EWARM\Gateway_407\Obj\STM32F4xx_HAL_Driver_1244631019742807970.dir\stm32f4xx_hal_tim.o"
#        "C:\Users\Koche\Desktop\Work\Smart Dispenser
#        PRJ\gateway\EWARM\Gateway_407\Obj\STM32F4xx_HAL_Driver_1244631019742807970.dir\stm32f4xx_hal_tim_ex.o"
#        "C:\Users\Koche\Desktop\Work\Smart Dispenser
#        PRJ\gateway\EWARM\Gateway_407\Obj\Core_13247989168731456611.dir\stm32f4xx_hal_timebase_tim.o"
#        "C:\Users\Koche\Desktop\Work\Smart Dispenser
#        PRJ\gateway\EWARM\Gateway_407\Obj\Core_13247989168731456611.dir\stm32f4xx_it.o"
#        "C:\Users\Koche\Desktop\Work\Smart Dispenser
#        PRJ\gateway\EWARM\Gateway_407\Obj\STM32F4xx_HAL_Driver_1244631019742807970.dir\stm32f4xx_ll_dma.o"
#        "C:\Users\Koche\Desktop\Work\Smart Dispenser
#        PRJ\gateway\EWARM\Gateway_407\Obj\STM32F4xx_HAL_Driver_1244631019742807970.dir\stm32f4xx_ll_exti.o"
#        "C:\Users\Koche\Desktop\Work\Smart Dispenser
#        PRJ\gateway\EWARM\Gateway_407\Obj\STM32F4xx_HAL_Driver_1244631019742807970.dir\stm32f4xx_ll_gpio.o"
#        "C:\Users\Koche\Desktop\Work\Smart Dispenser
#        PRJ\gateway\EWARM\Gateway_407\Obj\STM32F4xx_HAL_Driver_1244631019742807970.dir\stm32f4xx_ll_rcc.o"
#        "C:\Users\Koche\Desktop\Work\Smart Dispenser
#        PRJ\gateway\EWARM\Gateway_407\Obj\STM32F4xx_HAL_Driver_1244631019742807970.dir\stm32f4xx_ll_tim.o"
#        "C:\Users\Koche\Desktop\Work\Smart Dispenser
#        PRJ\gateway\EWARM\Gateway_407\Obj\STM32F4xx_HAL_Driver_1244631019742807970.dir\stm32f4xx_ll_usart.o"
#        "C:\Users\Koche\Desktop\Work\Smart Dispenser
#        PRJ\gateway\EWARM\Gateway_407\Obj\STM32F4xx_HAL_Driver_1244631019742807970.dir\stm32f4xx_ll_usb.o"
#        "C:\Users\Koche\Desktop\Work\Smart Dispenser
#        PRJ\gateway\EWARM\Gateway_407\Obj\STM32F4xx_HAL_Driver_1244631019742807970.dir\stm32f4xx_ll_utils.o"
#        "C:\Users\Koche\Desktop\Work\Smart Dispenser
#        PRJ\gateway\EWARM\Gateway_407\Obj\portable_7947777220660125680.dir\stm32fxx_hal_eth.o"
#        "C:\Users\Koche\Desktop\Work\Smart Dispenser
#        PRJ\gateway\EWARM\Gateway_407\Obj\FreeRTOS_15068288790229095433.dir\stream_buffer.o"
#        "C:\Users\Koche\Desktop\Work\Smart Dispenser
#        PRJ\gateway\EWARM\Gateway_407\Obj\System_11455613988876714787.dir\system.o"
#        "C:\Users\Koche\Desktop\Work\Smart Dispenser
#        PRJ\gateway\EWARM\Gateway_407\Obj\CMSIS_6603591812247902717.dir\system_stm32f4xx.o"
#        "C:\Users\Koche\Desktop\Work\Smart Dispenser
#        PRJ\gateway\EWARM\Gateway_407\Obj\System_11455613988876714787.dir\system_thread.o"
#        "C:\Users\Koche\Desktop\Work\Smart Dispenser
#        PRJ\gateway\EWARM\Gateway_407\Obj\System_11455613988876714787.dir\system_uart.o"
#        "C:\Users\Koche\Desktop\Work\Smart Dispenser
#        PRJ\gateway\EWARM\Gateway_407\Obj\FreeRTOS_15068288790229095433.dir\tasks.o"
#        "C:\Users\Koche\Desktop\Work\Smart Dispenser
#        PRJ\gateway\EWARM\Gateway_407\Obj\Core_13247989168731456611.dir\tim.o"
#        "C:\Users\Koche\Desktop\Work\Smart Dispenser
#        PRJ\gateway\EWARM\Gateway_407\Obj\FreeRTOS_15068288790229095433.dir\timers.o"
#        "C:\Users\Koche\Desktop\Work\Smart Dispenser
#        PRJ\gateway\EWARM\Gateway_407\Obj\App_6048373297342892631.dir\usb_device.o"
#        "C:\Users\Koche\Desktop\Work\Smart Dispenser
#        PRJ\gateway\EWARM\Gateway_407\Obj\USB_Device_Library_15009154495834662892.dir\usbd_cdc.o"
#        "C:\Users\Koche\Desktop\Work\Smart Dispenser
#        PRJ\gateway\EWARM\Gateway_407\Obj\App_6048373297342892631.dir\usbd_cdc_if.o"
#        "C:\Users\Koche\Desktop\Work\Smart Dispenser
#        PRJ\gateway\EWARM\Gateway_407\Obj\Target_2794460481546860895.dir\usbd_conf.o"
#        "C:\Users\Koche\Desktop\Work\Smart Dispenser
#        PRJ\gateway\EWARM\Gateway_407\Obj\USB_Device_Library_15009154495834662892.dir\usbd_core.o"
#        "C:\Users\Koche\Desktop\Work\Smart Dispenser
#        PRJ\gateway\EWARM\Gateway_407\Obj\USB_Device_Library_15009154495834662892.dir\usbd_ctlreq.o"
#        "C:\Users\Koche\Desktop\Work\Smart Dispenser
#        PRJ\gateway\EWARM\Gateway_407\Obj\App_6048373297342892631.dir\usbd_desc.o"
#        "C:\Users\Koche\Desktop\Work\Smart Dispenser
#        PRJ\gateway\EWARM\Gateway_407\Obj\USB_Device_Library_15009154495834662892.dir\usbd_ioreq.o"
#        --no_out_extension -o "C:\Users\Koche\Desktop\Work\Smart Dispenser
#        PRJ\gateway\EWARM\Gateway_407\Exe\Gateway_407.out" --redirect
#        _Printf=_PrintfFullNoMb --redirect _Scanf=_ScanfFullNoMb --map
#        "C:\Users\Koche\Desktop\Work\Smart Dispenser
#        PRJ\gateway\EWARM\Gateway_407\List\Gateway_407.map" --config
#        "C:\Users\Koche\Desktop\Work\Smart Dispenser
#        PRJ\gateway\EWARM/stm32f407xx_flash.icf" --semihosting --entry
#        __iar_program_start --redirect __iar_sh_stdout=__iar_sh_stdout_swo
#        --vfe --text_out locale --cpu=Cortex-M4 --fpu=VFPv4_sp)
#        --dependencies=n "C:\Users\Koche\Desktop\Work\Smart Dispenser
#        PRJ\gateway\EWARM\Gateway_407\Exe\Gateway_407.out.iar_deps"
#
###############################################################################

*******************************************************************************
*** RUNTIME MODEL ATTRIBUTES
***

CppFlavor        = *
__CPP_Exceptions = Disabled
__CPP_Language   = C++14
__CPP_Library    = DLib
__CPP_Runtime    = 1
__SystemLibrary  = DLib
__dlib_version   = 6


*******************************************************************************
*** HEAP SELECTION
***

The basic heap was selected because --advanced_heap
was not specified and the application did not appear to
be primarily optimized for speed.


*******************************************************************************
*** PLACEMENT SUMMARY
***

"A0":  place at address 0x800'0000 { ro section .intvec };
"P2":  place in [from 0x800'0000 to 0x80f'ffff] { ro };
define block CSTACK with size = 1K, alignment = 8 { };
define block HEAP with size = 512, alignment = 8 { };
"P3":  place in [from 0x2000'0000 to 0x2001'ffff] {
          rw, block CSTACK, block HEAP };
initialize by copy { rw };

No sections matched the following patterns:

  section .ccmram  in "P1"


  Section            Kind         Address  Alignment      Size  Object
  -------            ----         -------  ---------      ----  ------
"A0":                                                    0x188
  .intvec            ro code   0x800'0000          4     0x188  startup_stm32f407xx.o [5]
                             - 0x800'0188                0x188

"P2":                                                 0x1'1d7d
  .text              ro code   0x800'0188          4    0x1150  tasks.o [10]
  .text              ro code   0x800'12d8          4       0x6  ABImemclr.o [20]
  .text              ro code   0x800'12de          2      0x7e  lz77_init_single.o [20]
  .text              ro code   0x800'135c          4     0x228  heap_4.o [16]
  .text              ro code   0x800'1584          4      0x3a  ABImemset48.o [20]
  .text              ro code   0x800'15be          2      0x90  list.o [10]
  .text              ro code   0x800'164e          2      0x1a  xsnprout.o [18]
  .text              ro code   0x800'1668          4     0x216  port.o [16]
  .rodata            const     0x800'187e          2       0x2  xlocale_c.o [18]
  .text              ro code   0x800'1880          4      0x5c  eth_helper.o [6]
  .text              ro code   0x800'18dc          4     0x448  timers.o [10]
  .text              ro code   0x800'1d24          4      0x12  ABImemset_small.o [20]
  .rodata            const     0x800'1d36          2       0x2  xlocale_c.o [18]
  .text              ro code   0x800'1d38          4      0x28  port.o [16]
  CODE               ro code   0x800'1d60          4      0xb0  portasm.o [16]
  .text              ro code   0x800'1e10          4       0xc  stm32f4xx_hal.o [12]
  .text              ro code   0x800'1e1c          4     0x820  queue.o [10]
  .text              ro code   0x800'263c          4      0x18  ABImemcpy_small.o [20]
  .text              ro code   0x800'2654          4    0x109c  FreeRTOS_Sockets.o [9]
  .text              ro code   0x800'36f0          4     0x6bc  FreeRTOS_IP.o [9]
  .text              ro code   0x800'3dac          4     0x21c  event_groups.o [10]
  .text              ro code   0x800'3fc8          4     0x1fc  FreeRTOS_IP_Utils.o [9]
  .text              ro code   0x800'41c4          2      0xcc  FreeRTOS_IPv4_Sockets.o [9]
  .text              ro code   0x800'4290          4     0x1ba  FreeRTOS_IPv6_Sockets.o [9]
  .rodata            const     0x800'444a                  0x1  unwind_debug.o [21]
  .rodata            const     0x800'444b                  0x1  xlocale_c.o [18]
  .text              ro code   0x800'444c          4     0x17c  BufferAllocation_2.o [17]
  .text              ro code   0x800'45c8          4     0x508  FreeRTOS_Routing.o [9]
  .text              ro code   0x800'4ad0          4     0x784  FreeRTOS_TCP_WIN.o [9]
  .text              ro code   0x800'5254          4     0x51c  FreeRTOS_TCP_IP.o [9]
  .text              ro code   0x800'5770          2     0x1a0  FreeRTOS_Stream_Buffer.o [9]
  .text              ro code   0x800'5910          4       0x6  ABImemclr4.o [20]
  .text              ro code   0x800'5918          4     0x218  FreeRTOS_IP_Timers.o [9]
  .text              ro code   0x800'5b30          4     0x3b4  FreeRTOS_RA.o [9]
  .text              ro code   0x800'5ee4          2      0x6a  FreeRTOS_UDP_IP.o [9]
  .text              ro code   0x800'5f50          4     0x64c  FreeRTOS_ARP.o [9]
  .text              ro code   0x800'659c          4     0x63c  FreeRTOS_ND.o [9]
  .text              ro code   0x800'6bd8          4     0x1dc  FreeRTOS_IPv4.o [9]
  .text              ro code   0x800'6db4          4     0x318  FreeRTOS_IPv6.o [9]
  .text              ro code   0x800'70cc          2      0x46  FreeRTOS_ICMP.o [9]
  .text              ro code   0x800'7112          2      0xfe  FreeRTOS_IPv6_Utils.o [9]
  .text              ro code   0x800'7210          4      0x1e  memcmp_small.o [20]
  .text              ro code   0x800'7230          4     0x5f8  FreeRTOS_TCP_Transmission.o [9]
  .text              ro code   0x800'7828          4     0x58a  FreeRTOS_TCP_State_Handling.o [9]
  .text              ro code   0x800'7db4          4     0x106  I64DivMod_small.o [20]
  .text              ro code   0x800'7eba          2     0x2be  FreeRTOS_TCP_Reception.o [9]
  .text              ro code   0x800'8178          4     0x188  FreeRTOS_UDP_IPv4.o [9]
  .text              ro code   0x800'8300          2     0x1ae  FreeRTOS_UDP_IPv6.o [9]
  .text              ro code   0x800'84ae          2      0x30  FreeRTOS_IPv4_Utils.o [9]
  .text              ro code   0x800'84e0          4      0x1e  ABImemmove_small.o [20]
  .text              ro code   0x800'84fe          2     0x318  FreeRTOS_TCP_Transmission_IPv6.o [9]
  .text              ro code   0x800'8818          4     0x2c2  FreeRTOS_TCP_Transmission_IPv4.o [9]
  .text              ro code   0x800'8ada          2     0x13c  FreeRTOS_TCP_State_Handling_IPv4.o [9]
  .text              ro code   0x800'8c16          2     0x132  FreeRTOS_TCP_State_Handling_IPv6.o [9]
  .text              ro code   0x800'8d48          4       0x2  I64DivZer.o [20]
  .text              ro code   0x800'8d4a          2      0x16  FreeRTOS_TCP_Utils.o [9]
  .text              ro code   0x800'8d60          2      0x3e  FreeRTOS_TCP_Utils_IPv4.o [9]
  .text              ro code   0x800'8d9e          2      0x2c  FreeRTOS_TCP_Utils_IPv6.o [9]
  .text              ro code   0x800'8dcc          4     0xece  xprintffull_nomb.o [18]
  .text              ro code   0x800'9c9c          4      0x16  strchr.o [20]
  .text              ro code   0x800'9cb4          4      0x40  xfail_s.o [18]
  .text              ro code   0x800'9cf4          4      0x14  strlen_small.o [20]
  .text              ro code   0x800'9d08          4      0x58  memchr.o [20]
  .text              ro code   0x800'9d60          4      0x70  frexp.o [19]
  .text              ro code   0x800'9dd0          4      0x34  DblCmpLe.o [19]
  .text              ro code   0x800'9e04          4      0x34  DblCmpGe.o [19]
  .text              ro code   0x800'9e38          4     0x13a  ldexp.o [19]
  .text              ro code   0x800'9f74          4      0x36  DblToS32.o [19]
  .text              ro code   0x800'9fac          4      0x22  S32ToDbl.o [19]
  .text              ro code   0x800'9fd0          4     0x24e  DblAddSub.o [19]
  .text              ro code   0x800'a220          4     0x246  DblDiv.o [19]
  .text              ro code   0x800'a468          4      0x22  DblToU32.o [19]
  .text              ro code   0x800'a48c          4      0x1c  U32ToDbl.o [19]
  .text              ro code   0x800'a4a8          4     0x1aa  DblMul.o [19]
  .text              ro code   0x800'a654          4      0x3c  xlocale_c.o [18]
  .text              ro code   0x800'a690          2       0x6  abort.o [18]
  .text              ro code   0x800'a698          4      0x14  exit.o [21]
  .text              ro code   0x800'a6ac          4     0x9ec  stm32f4xx_ll_usb.o [12]
  .text              ro code   0x800'b098          4      0x28  stm32f4xx_hal.o [12]
  .text              ro code   0x800'b0c0          4     0x990  stm32f4xx_hal_pcd.o [12]
  .text              ro code   0x800'ba50          4     0x24c  usbd_conf.o [14]
  .text              ro code   0x800'bc9c          2       0x2  stm32f4xx_hal_pcd_ex.o [12]
  .text              ro code   0x800'bca0          4     0x17c  stm32f4xx_hal_rcc.o [12]
  .text              ro code   0x800'be1c          4     0x1ec  stm32f4xx_hal_gpio.o [12]
  .text              ro code   0x800'c008          4      0x90  stm32f4xx_hal_cortex.o [12]
  .text              ro code   0x800'c098          2     0x362  usbd_core.o [15]
  .text              ro code   0x800'c3fc          4      0xe0  main.o [4]
  .text              ro code   0x800'c4dc          2      0x4a  stm32f4xx_hal_pcd_ex.o [12]
  .text              ro code   0x800'c528          4      0x60  stm32f4xx_hal_rcc.o [12]
  .text              ro code   0x800'c588          4      0xa0  stm32f4xx_hal_timebase_tim.o [4]
  .text              ro code   0x800'c628          4     0x504  usbd_ctlreq.o [15]
  .text              ro code   0x800'cb2c          2      0x64  usbd_ioreq.o [15]
  .text              ro code   0x800'cb90          4      0x34  stm32f4xx_hal.o [12]
  .text              ro code   0x800'cbc4          4     0x282  gpio.o [4]
  .text              ro code   0x800'ce48          4      0x64  dma.o [4]
  .text              ro code   0x800'ceac          4      0x54  usb_device.o [1]
  .text              ro code   0x800'cf00          4     0x1f4  tim.o [4]
  .text              ro code   0x800'd0f4          4      0xc0  system.o [13]
  .text              ro code   0x800'd1b4          4     0x310  stm32f4xx_hal_rcc.o [12]
  .text              ro code   0x800'd4c4          4      0x10  stm32f4xx_hal.o [12]
  .text              ro code   0x800'd4d4          4     0x7e6  stm32f4xx_hal_tim.o [12]
  .text              ro code   0x800'dcbc          4      0x38  stm32f4xx_hal_msp.o [4]
  .text              ro code   0x800'dcf4          4      0xee  stm32f4xx_ll_gpio.o [12]
  .text              ro code   0x800'dde4          4      0xb0  stm32f4xx_ll_exti.o [12]
  .text              ro code   0x800'de94          4     0x40e  usbd_cdc.o [15]
  .text              ro code   0x800'e2a4          4      0xc0  stm32f4xx_ll_tim.o [12]
  .text              ro code   0x800'e364          4      0xf0  cli.o [3]
  .text              ro code   0x800'e454          4     0x124  flash.o [7]
  .text              ro code   0x800'e578          4      0x28  printf.o [18]
  .text              ro code   0x800'e5a0          4     0x4a4  eth.o [6]
  .text              ro code   0x800'ea44          4      0xfc  system_thread.o [13]
  .text              ro code   0x800'eb40          4     0x290  system_uart.o [13]
  .text              ro code   0x800'edd0          4     0x318  gate.o [11]
  .text              ro code   0x800'f0e8          2       0x2  stm32f4xx_hal_tim.o [12]
  .text              ro code   0x800'f0ea          2       0x2  stm32f4xx_hal_tim.o [12]
  .text              ro code   0x800'f0ec          2       0x2  stm32f4xx_hal_tim.o [12]
  .text              ro code   0x800'f0ee          2       0x2  stm32f4xx_hal_tim_ex.o [12]
  .text              ro code   0x800'f0f0          2       0x2  stm32f4xx_hal_tim.o [12]
  .text              ro code   0x800'f0f2          2       0x2  stm32f4xx_hal_tim_ex.o [12]
  .text              ro code   0x800'f0f4          2       0x2  stm32f4xx_hal_tim.o [12]
  .text              ro code   0x800'f0f8          4     0x1b4  FreeRTOS_CLI.o [8]
  .text              ro code   0x800'f2ac          4      0x78  usbd_cdc_if.o [1]
  .text              ro code   0x800'f324          4     0x1e8  stm32f4xx_hal_flash.o [12]
  .text              ro code   0x800'f50c          4     0x15c  stm32f4xx_hal_flash_ex.o [12]
  .text              ro code   0x800'f668          4     0x654  NetworkInterface.o [17]
  .text              ro code   0x800'fcbc          2      0x2c  strstr.o [18]
  .text              ro code   0x800'fce8          4     0x10c  stm32f4xx_ll_usart.o [12]
  .text              ro code   0x800'fdf4          4      0xb4  spi.o [4]
  .text              ro code   0x800'fea8          2      0x2a  strncmp.o [18]
  .text              ro code   0x800'fed4          4      0x1e  strncpy_small.o [20]
  .text              ro code   0x800'fef4          4      0x9c  cli_helper.o [3]
  .text              ro code   0x800'ff90          4     0x676  stm32fxx_hal_eth.o [17]
  .text              ro code   0x801'0608          4     0x530  phyHandling.o [17]
  .text              ro code   0x801'0b38          4      0x44  snprintf.o [18]
  .text              ro code   0x801'0b7c          4      0xb8  stm32f4xx_ll_rcc.o [12]
  .text              ro code   0x801'0c34          4      0xc8  stm32f4xx_hal_spi.o [12]
  .text              ro code   0x801'0cfc          2       0x2  stm32fxx_hal_eth.o [17]
  .text              ro code   0x801'0d00          4     0x66c  cli_handlers.o [3]
  .text              ro code   0x801'136c          4      0x12  strcmp.o [20]
  .text              ro code   0x801'1380          4     0x136  iar_Stoulx.o [18]
  .text              ro code   0x801'14b6          2      0x14  isspace.o [18]
  .text              ro code   0x801'14ca          2      0x14  tolower.o [18]
  .text              ro code   0x801'14e0          4     0x100  usbd_desc.o [1]
  .text              ro code   0x801'15e0          4      0xc8  stm32f4xx_it.o [4]
  .rodata            const     0x801'16a8          4      0xa8  FreeRTOS_CLI.o [8]
  .rodata            const     0x801'1750          4      0x78  cli_handlers.o [3]
  .rodata            const     0x801'17c8          4      0x6c  cli_handlers.o [3]
  .rodata            const     0x801'1834          4      0x60  cli.o [3]
  .rodata            const     0x801'1894          4      0x58  cli.o [3]
  .rodata            const     0x801'18ec          4      0x50  iar_Stoulx.o [18]
  .text              ro code   0x801'193c          4      0x4c  iarwstdswo.o [21]
  .text              ro code   0x801'1988          4      0x44  putchar.o [18]
  .text              ro code   0x801'19cc          2      0x10  write.o [21]
  .text              ro code   0x801'19dc          2      0x1e  dwrite.o [21]
  .text              ro code   0x801'19fa          2      0x22  iarwrite.o [21]
  .text              ro code   0x801'1a1c          2      0x38  zero_init3.o [20]
  .rodata            const     0x801'1a54          4      0x30  FreeRTOS_CLI.o [8]
  .rodata            const     0x801'1a84          4      0x28  FreeRTOS_ARP.o [9]
  .text              ro code   0x801'1aac          4      0x28  data_init.o [20]
  .rodata            const     0x801'1ad4          4      0x24  system_thread.o [13]
  .text              ro code   0x801'1af8          4      0x22  fpinit_M.o [19]
  .iar.init_table    const     0x801'1b1c          4      0x20  - Linker created -
  .text              ro code   0x801'1b3c          4      0x20  system_stm32f4xx.o [2]
  .text              ro code   0x801'1b5c          4      0x1e  cmain.o [20]
  .text              ro code   0x801'1b7a          2       0x4  low_level_init.o [18]
  .text              ro code   0x801'1b7e          2       0x4  exit.o [18]
  .text              ro code   0x801'1b84          4       0xa  cexit.o [20]
  .text              ro code   0x801'1b90          4      0x1c  cstartup_M.o [20]
  .rodata            const     0x801'1bac          4      0x18  cli.o [3]
  .text              ro code   0x801'1bc4          2      0x16  xprout.o [18]
  .rodata            const     0x801'1bdc          4      0x10  FreeRTOS_CLI.o [8]
  .text              ro code   0x801'1bec          4      0x10  startup_stm32f407xx.o [5]
  .rodata            const     0x801'1bfc          4       0x8  cli.o [3]
  .rodata            const     0x801'1c04          4       0x8  FreeRTOS_CLI.o [8]
  .rodata            const     0x801'1c0c          4       0x8  system_stm32f4xx.o [2]
  .rodata            const     0x801'1c14          4       0x4  BufferAllocation_2.o [17]
  .rodata            const     0x801'1c18          4       0x4  cli.o [3]
  .rodata            const     0x801'1c1c          4       0x4  cli.o [3]
  .text              ro code   0x801'1c20          2       0x4  startup_stm32f407xx.o [5]
  .text              ro code   0x801'1c24          2       0x4  startup_stm32f407xx.o [5]
  .text              ro code   0x801'1c28          2       0x4  startup_stm32f407xx.o [5]
  .text              ro code   0x801'1c2c          2       0x4  startup_stm32f407xx.o [5]
  .text              ro code   0x801'1c30          2       0x4  startup_stm32f407xx.o [5]
  .text              ro code   0x801'1c34          2       0x4  startup_stm32f407xx.o [5]
  .text              ro code   0x801'1c38          2       0x4  startup_stm32f407xx.o [5]
  .text              ro code   0x801'1c3c          2       0x4  startup_stm32f407xx.o [5]
  .text              ro code   0x801'1c40          2       0x4  startup_stm32f407xx.o [5]
  .text              ro code   0x801'1c44          2       0x4  startup_stm32f407xx.o [5]
  .text              ro code   0x801'1c48          2       0x4  startup_stm32f407xx.o [5]
  .text              ro code   0x801'1c4c          2       0x4  startup_stm32f407xx.o [5]
  .text              ro code   0x801'1c50          2       0x4  startup_stm32f407xx.o [5]
  .text              ro code   0x801'1c54          2       0x4  startup_stm32f407xx.o [5]
  .text              ro code   0x801'1c58          2       0x4  startup_stm32f407xx.o [5]
  .text              ro code   0x801'1c5c          2       0x4  startup_stm32f407xx.o [5]
  .text              ro code   0x801'1c60          2       0x4  startup_stm32f407xx.o [5]
  .text              ro code   0x801'1c64          2       0x4  startup_stm32f407xx.o [5]
  .text              ro code   0x801'1c68          2       0x4  startup_stm32f407xx.o [5]
  .text              ro code   0x801'1c6c          2       0x4  startup_stm32f407xx.o [5]
  .text              ro code   0x801'1c70          2       0x4  startup_stm32f407xx.o [5]
  .text              ro code   0x801'1c74          2       0x4  startup_stm32f407xx.o [5]
  .text              ro code   0x801'1c78          2       0x4  startup_stm32f407xx.o [5]
  .text              ro code   0x801'1c7c          2       0x4  startup_stm32f407xx.o [5]
  .text              ro code   0x801'1c80          2       0x4  startup_stm32f407xx.o [5]
  .text              ro code   0x801'1c84          2       0x4  startup_stm32f407xx.o [5]
  .text              ro code   0x801'1c88          2       0x4  startup_stm32f407xx.o [5]
  .text              ro code   0x801'1c8c          2       0x4  startup_stm32f407xx.o [5]
  .text              ro code   0x801'1c90          2       0x4  startup_stm32f407xx.o [5]
  .text              ro code   0x801'1c94          2       0x4  startup_stm32f407xx.o [5]
  .text              ro code   0x801'1c98          2       0x4  startup_stm32f407xx.o [5]
  .text              ro code   0x801'1c9c          2       0x4  startup_stm32f407xx.o [5]
  .text              ro code   0x801'1ca0          2       0x4  startup_stm32f407xx.o [5]
  .text              ro code   0x801'1ca4          2       0x4  startup_stm32f407xx.o [5]
  .text              ro code   0x801'1ca8          2       0x4  startup_stm32f407xx.o [5]
  .text              ro code   0x801'1cac          2       0x4  startup_stm32f407xx.o [5]
  .text              ro code   0x801'1cb0          2       0x4  startup_stm32f407xx.o [5]
  .text              ro code   0x801'1cb4          2       0x4  startup_stm32f407xx.o [5]
  .text              ro code   0x801'1cb8          2       0x4  startup_stm32f407xx.o [5]
  .text              ro code   0x801'1cbc          2       0x4  startup_stm32f407xx.o [5]
  .text              ro code   0x801'1cc0          2       0x4  startup_stm32f407xx.o [5]
  .text              ro code   0x801'1cc4          2       0x4  startup_stm32f407xx.o [5]
  .text              ro code   0x801'1cc8          2       0x4  startup_stm32f407xx.o [5]
  .text              ro code   0x801'1ccc          2       0x4  startup_stm32f407xx.o [5]
  .text              ro code   0x801'1cd0          2       0x4  startup_stm32f407xx.o [5]
  .text              ro code   0x801'1cd4          2       0x4  startup_stm32f407xx.o [5]
  .text              ro code   0x801'1cd8          2       0x4  startup_stm32f407xx.o [5]
  .text              ro code   0x801'1cdc          2       0x4  startup_stm32f407xx.o [5]
  .text              ro code   0x801'1ce0          2       0x4  startup_stm32f407xx.o [5]
  .text              ro code   0x801'1ce4          2       0x4  startup_stm32f407xx.o [5]
  .text              ro code   0x801'1ce8          2       0x4  startup_stm32f407xx.o [5]
  .text              ro code   0x801'1cec          2       0x4  startup_stm32f407xx.o [5]
  .text              ro code   0x801'1cf0          2       0x4  startup_stm32f407xx.o [5]
  .text              ro code   0x801'1cf4          2       0x4  startup_stm32f407xx.o [5]
  .text              ro code   0x801'1cf8          2       0x4  startup_stm32f407xx.o [5]
  .text              ro code   0x801'1cfc          2       0x4  startup_stm32f407xx.o [5]
  .text              ro code   0x801'1d00          2       0x4  startup_stm32f407xx.o [5]
  .text              ro code   0x801'1d04          2       0x4  startup_stm32f407xx.o [5]
  .text              ro code   0x801'1d08          2       0x4  startup_stm32f407xx.o [5]
  .text              ro code   0x801'1d0c          2       0x4  startup_stm32f407xx.o [5]
  .text              ro code   0x801'1d10          2       0x4  startup_stm32f407xx.o [5]
  .text              ro code   0x801'1d14          2       0x4  startup_stm32f407xx.o [5]
  .text              ro code   0x801'1d18          2       0x4  startup_stm32f407xx.o [5]
  .text              ro code   0x801'1d1c          2       0x4  startup_stm32f407xx.o [5]
  .text              ro code   0x801'1d20          2       0x4  startup_stm32f407xx.o [5]
  .text              ro code   0x801'1d24          2       0x4  startup_stm32f407xx.o [5]
  .text              ro code   0x801'1d28          2       0x4  startup_stm32f407xx.o [5]
  .text              ro code   0x801'1d2c          2       0x4  startup_stm32f407xx.o [5]
  .text              ro code   0x801'1d30          2       0x4  startup_stm32f407xx.o [5]
  .text              ro code   0x801'1d34          2       0x4  startup_stm32f407xx.o [5]
  .text              ro code   0x801'1d38          2       0x4  startup_stm32f407xx.o [5]
  .text              ro code   0x801'1d3c          2       0x4  startup_stm32f407xx.o [5]
  .text              ro code   0x801'1d40          2       0x4  startup_stm32f407xx.o [5]
  .rodata            const     0x801'1d44                  0x0  zero_init3.o [20]
  .rodata            const     0x801'1d44                  0x0  lz77_init_single.o [20]
  Initializer bytes  const     0x801'1d44                0x1c1  <for P3-1>
                             - 0x801'1f05             0x1'1d7d

"P3", part 1 of 3:                                      0x3350
  P3-1                        0x2000'0000               0x3350  <Init block>
    .data            inited   0x2000'0000          4      0x74  FreeRTOS_ARP.o [9]
    .data            inited   0x2000'0074          4      0x10  FreeRTOS_CLI.o [8]
    .data            inited   0x2000'0084          4       0x4  FreeRTOS_CLI.o [8]
    .data            inited   0x2000'0088          4    0x3054  NetworkInterface.o [17]
    .data            inited   0x2000'30dc          4       0xc  port.o [16]
    .data            inited   0x2000'30e8          4       0xc  stm32f4xx_hal.o [12]
    .data            inited   0x2000'30f4          4       0x4  system_stm32f4xx.o [2]
    .data            inited   0x2000'30f8          4      0xa4  tasks.o [10]
    .data            inited   0x2000'319c          4       0xc  usbd_cdc.o [15]
    .data            inited   0x2000'31a8          4      0x38  usbd_cdc.o [15]
    .data            inited   0x2000'31e0          4      0x44  usbd_cdc.o [15]
    .data            inited   0x2000'3224          4      0x14  usbd_cdc_if.o [1]
    .data            inited   0x2000'3238          4      0x1c  usbd_desc.o [1]
    .data            inited   0x2000'3254          4      0x14  usbd_desc.o [1]
    .data            inited   0x2000'3268          4       0x4  usbd_desc.o [1]
    .data            inited   0x2000'326c          4      0x1c  usbd_desc.o [1]
    .data            inited   0x2000'3288          4      0x38  xlocale_c.o [18]
    .data            inited   0x2000'32c0          4      0x48  xlocale_c.o [18]
    .data            inited   0x2000'3308          4      0x48  xfiles.o [18]
                            - 0x2000'3350               0x3350

"P3", part 2 of 3:                                    0x1'7178
  .bss               zero     0x2000'3350          4  0x1'041c  heap_4.o [16]
  .bss               zero     0x2001'376c          4      0x6c  FreeRTOS_Routing.o [9]
  .bss               zero     0x2001'37d8          8    0x1488  system.o [13]
  .bss               zero     0x2001'4c60          4    0x1000  usbd_cdc_if.o [1]
  .bss               zero     0x2001'5c60          4     0xd70  BufferAllocation_2.o [17]
  .bss               zero     0x2001'69d0          4     0xcec  FreeRTOS_IP.o [9]
  .bss               zero     0x2001'76bc          4     0x8f8  gate.o [11]
  .bss               zero     0x2001'7fb4          4     0x65c  cli.o [3]
  .bss               zero     0x2001'8610          4     0x4e4  usbd_conf.o [14]
  .bss               zero     0x2001'8af4          4     0x468  eth_helper.o [6]
  .bss               zero     0x2001'8f5c          4     0x300  cli.o [3]
  .bss               zero     0x2001'925c          4     0x300  FreeRTOS_ND.o [9]
  .bss               zero     0x2001'955c          4     0x2dc  usb_device.o [1]
  .bss               zero     0x2001'9838          4     0x260  eth_helper.o [6]
  .bss               zero     0x2001'9a98          4     0x220  usbd_conf.o [14]
  .bss               zero     0x2001'9cb8          4     0x200  usbd_desc.o [1]
  .bss               zero     0x2001'9eb8          4     0x12c  tasks.o [10]
  .bss               zero     0x2001'9fe4          4     0x104  timers.o [10]
  .bss               zero     0x2001'a100         32      0x80  NetworkInterface.o [17]
  .bss               zero     0x2001'a180         32      0x80  NetworkInterface.o [17]
  .bss               zero     0x2001'a200          4      0x58  spi.o [4]
  .bss               zero     0x2001'a258          4      0x54  FreeRTOS_IP_Timers.o [9]
  .bss               zero     0x2001'a2ac          4      0x50  xfiles.o [18]
  .bss               zero     0x2001'a2fc          4      0x48  NetworkInterface.o [17]
  .bss               zero     0x2001'a344          4      0x48  stm32f4xx_hal_timebase_tim.o [4]
  .bss               zero     0x2001'a38c          4      0x48  tim.o [4]
  .bss               zero     0x2001'a3d4          4      0x40  queue.o [10]
  .bss               zero     0x2001'a414          4      0x2c  FreeRTOS_Sockets.o [9]
  .bss               zero     0x2001'a440          4      0x20  stm32f4xx_hal_flash.o [12]
  .bss               zero     0x2001'a460          4      0x1c  BufferAllocation_2.o [17]
  .bss               zero     0x2001'a47c          4      0x18  FreeRTOS_TCP_WIN.o [9]
  .bss               zero     0x2001'a494          4      0x14  NetworkInterface.o [17]
  .bss               zero     0x2001'a4a8          4       0x4  eth.o [6]
  .bss               zero     0x2001'a4ac          4       0x4  FreeRTOS_Routing.o [9]
  .bss               zero     0x2001'a4b0          4       0x4  FreeRTOS_TCP_IP.o [9]
  .bss               zero     0x2001'a4b4          4       0x4  FreeRTOS_TCP_IP.o [9]
  .bss               zero     0x2001'a4b8          4       0x4  FreeRTOS_TCP_WIN.o [9]
  .bss               zero     0x2001'a4bc          4       0x4  xfail_s.o [18]
  .bss               zero     0x2001'a4c0          2       0x2  FreeRTOS_IP.o [9]
  .bss               zero     0x2001'a4c2                  0x1  cli_helper.o [3]
  .bss               zero     0x2001'a4c3                  0x1  NetworkInterface.o [17]
  .bss               zero     0x2001'a4c4                  0x1  usbd_ctlreq.o [15]
                            - 0x2001'a4c5             0x1'7175

"P3", part 3 of 3:                                       0x400
  CSTACK                      0x2001'a4c8          8     0x400  <Block>
    CSTACK           uninit   0x2001'a4c8                0x400  <Block tail>
                            - 0x2001'a8c8                0x400

Unused ranges:

         From           To      Size
         ----           --      ----
   0x801'1f05   0x80f'ffff  0xe'e0fb
  0x2001'a8c8  0x2001'ffff    0x5738


*******************************************************************************
*** INIT TABLE
***

          Address      Size
          -------      ----
Zero (__iar_zero_init3)
    1 destination range, total size 0x1'7175:
          0x2000'3350  0x1'7175

Copy/lz77 (__iar_lz77_init_single3)
    1 source range, total size 0x1c1 (3% of destination):
           0x801'1d44     0x1c1
    1 destination range, total size 0x3350:
          0x2000'0000    0x3350



*******************************************************************************
*** MODULE SUMMARY
***

    Module                              ro code  ro data  rw data
    ------                              -------  -------  -------
command line/config:
    -------------------------------------------------------------
    Total:

C:\Users\Koche\Desktop\Work\Smart Dispenser PRJ\gateway\EWARM\Gateway_407\Obj\App_6048373297342892631.dir: [1]
    usb_device.o                             84               732
    usbd_cdc_if.o                           120        1    4'116
    usbd_desc.o                             256        3      592
    -------------------------------------------------------------
    Total:                                  460        4    5'440

C:\Users\Koche\Desktop\Work\Smart Dispenser PRJ\gateway\EWARM\Gateway_407\Obj\CMSIS_6603591812247902717.dir: [2]
    system_stm32f4xx.o                       32        8        4
    -------------------------------------------------------------
    Total:                                   32        8        4

C:\Users\Koche\Desktop\Work\Smart Dispenser PRJ\gateway\EWARM\Gateway_407\Obj\Cli_11707894225168942927.dir: [3]
    cli.o                                   240      224    2'396
    cli_handlers.o                        1'644      228
    cli_helper.o                            156                 1
    -------------------------------------------------------------
    Total:                                2'040      452    2'397

C:\Users\Koche\Desktop\Work\Smart Dispenser PRJ\gateway\EWARM\Gateway_407\Obj\Core_13247989168731456611.dir: [4]
    dma.o                                   100
    gpio.o                                  642
    main.o                                  224
    spi.o                                   180                88
    stm32f4xx_hal_msp.o                      56
    stm32f4xx_hal_timebase_tim.o            160                72
    stm32f4xx_it.o                          200
    tim.o                                   500                72
    -------------------------------------------------------------
    Total:                                2'062               232

C:\Users\Koche\Desktop\Work\Smart Dispenser PRJ\gateway\EWARM\Gateway_407\Obj\EWARM_18443280873093131863.dir: [5]
    startup_stm32f407xx.o                   700
    -------------------------------------------------------------
    Total:                                  700

C:\Users\Koche\Desktop\Work\Smart Dispenser PRJ\gateway\EWARM\Gateway_407\Obj\Ethernet_5605320102233052314.dir: [6]
    eth.o                                 1'188                 4
    eth_helper.o                             92             1'736
    -------------------------------------------------------------
    Total:                                1'280             1'740

C:\Users\Koche\Desktop\Work\Smart Dispenser PRJ\gateway\EWARM\Gateway_407\Obj\Flash_13912709933827620245.dir: [7]
    flash.o                                 292
    -------------------------------------------------------------
    Total:                                  292

C:\Users\Koche\Desktop\Work\Smart Dispenser PRJ\gateway\EWARM\Gateway_407\Obj\FreeRTOS-Plu-Cli_11501085631675054166.dir: [8]
    FreeRTOS_CLI.o                          436      241       20
    -------------------------------------------------------------
    Total:                                  436      241       20

C:\Users\Koche\Desktop\Work\Smart Dispenser PRJ\gateway\EWARM\Gateway_407\Obj\FreeRTOS-Plus-TCP_16686340316780321206.dir: [9]
    FreeRTOS_ARP.o                        1'612       43      116
    FreeRTOS_ICMP.o                          70
    FreeRTOS_IP.o                         1'724             3'310
    FreeRTOS_IP_Timers.o                    536                84
    FreeRTOS_IP_Utils.o                     508
    FreeRTOS_IPv4.o                         476
    FreeRTOS_IPv4_Sockets.o                 204
    FreeRTOS_IPv4_Utils.o                    48
    FreeRTOS_IPv6.o                         792
    FreeRTOS_IPv6_Sockets.o                 442
    FreeRTOS_IPv6_Utils.o                   254
    FreeRTOS_ND.o                         1'596               768
    FreeRTOS_RA.o                           948
    FreeRTOS_Routing.o                    1'288               112
    FreeRTOS_Sockets.o                    4'252                44
    FreeRTOS_Stream_Buffer.o                416
    FreeRTOS_TCP_IP.o                     1'308                 8
    FreeRTOS_TCP_Reception.o                702
    FreeRTOS_TCP_State_Handling.o         1'418
    FreeRTOS_TCP_State_Handling_IPv4.o      316
    FreeRTOS_TCP_State_Handling_IPv6.o      306
    FreeRTOS_TCP_Transmission.o           1'528
    FreeRTOS_TCP_Transmission_IPv4.o        706
    FreeRTOS_TCP_Transmission_IPv6.o        792
    FreeRTOS_TCP_Utils.o                     22
    FreeRTOS_TCP_Utils_IPv4.o                62
    FreeRTOS_TCP_Utils_IPv6.o                44
    FreeRTOS_TCP_WIN.o                    1'924                28
    FreeRTOS_UDP_IP.o                       106
    FreeRTOS_UDP_IPv4.o                     392
    FreeRTOS_UDP_IPv6.o                     430
    -------------------------------------------------------------
    Total:                               25'222       43    4'470

C:\Users\Koche\Desktop\Work\Smart Dispenser PRJ\gateway\EWARM\Gateway_407\Obj\FreeRTOS_15068288790229095433.dir: [10]
    event_groups.o                          540
    list.o                                  144
    queue.o                               2'080                64
    tasks.o                               4'432        6      464
    timers.o                              1'096               260
    -------------------------------------------------------------
    Total:                                8'292        6      788

C:\Users\Koche\Desktop\Work\Smart Dispenser PRJ\gateway\EWARM\Gateway_407\Obj\Gate_3448444589264835548.dir: [11]
    gate.o                                  792             2'296
    -------------------------------------------------------------
    Total:                                  792             2'296

C:\Users\Koche\Desktop\Work\Smart Dispenser PRJ\gateway\EWARM\Gateway_407\Obj\STM32F4xx_HAL_Driver_1244631019742807970.dir: [12]
    stm32f4xx_hal.o                         120        1       12
    stm32f4xx_hal_cortex.o                  144
    stm32f4xx_hal_flash.o                   488                32
    stm32f4xx_hal_flash_ex.o                348
    stm32f4xx_hal_gpio.o                    492
    stm32f4xx_hal_pcd.o                   2'448
    stm32f4xx_hal_pcd_ex.o                   76
    stm32f4xx_hal_rcc.o                   1'260
    stm32f4xx_hal_spi.o                     200
    stm32f4xx_hal_tim.o                   2'032
    stm32f4xx_hal_tim_ex.o                    4
    stm32f4xx_ll_exti.o                     176
    stm32f4xx_ll_gpio.o                     238
    stm32f4xx_ll_rcc.o                      184
    stm32f4xx_ll_tim.o                      192
    stm32f4xx_ll_usart.o                    268
    stm32f4xx_ll_usb.o                    2'540
    -------------------------------------------------------------
    Total:                               11'210        1       44

C:\Users\Koche\Desktop\Work\Smart Dispenser PRJ\gateway\EWARM\Gateway_407\Obj\System_11455613988876714787.dir: [13]
    system.o                                192             5'256
    system_thread.o                         252       36
    system_uart.o                           656
    -------------------------------------------------------------
    Total:                                1'100       36    5'256

C:\Users\Koche\Desktop\Work\Smart Dispenser PRJ\gateway\EWARM\Gateway_407\Obj\Target_2794460481546860895.dir: [14]
    usbd_conf.o                             588             1'796
    -------------------------------------------------------------
    Total:                                  588             1'796

C:\Users\Koche\Desktop\Work\Smart Dispenser PRJ\gateway\EWARM\Gateway_407\Obj\USB_Device_Library_15009154495834662892.dir: [15]
    usbd_cdc.o                            1'038        4      136
    usbd_core.o                             866
    usbd_ctlreq.o                         1'284                 1
    usbd_ioreq.o                            100
    -------------------------------------------------------------
    Total:                                3'288        4      137

C:\Users\Koche\Desktop\Work\Smart Dispenser PRJ\gateway\EWARM\Gateway_407\Obj\portable_15954926109208205999.dir: [16]
    heap_4.o                                552            66'588
    port.o                                  574                12
    portasm.o                               176
    -------------------------------------------------------------
    Total:                                1'302            66'600

C:\Users\Koche\Desktop\Work\Smart Dispenser PRJ\gateway\EWARM\Gateway_407\Obj\portable_7947777220660125680.dir: [17]
    BufferAllocation_2.o                    380        4    3'468
    NetworkInterface.o                    1'620      423   12'721
    phyHandling.o                         1'328
    stm32fxx_hal_eth.o                    1'656
    -------------------------------------------------------------
    Total:                                4'984      427   16'189

dl7M_tlf.a: [18]
    abort.o                                   6
    exit.o                                    4
    iar_Stoulx.o                            310       80
    isspace.o                                20
    low_level_init.o                          4
    printf.o                                 40
    putchar.o                                68
    snprintf.o                               68
    strncmp.o                                42
    strstr.o                                 44
    tolower.o                                20
    xfail_s.o                                64                 4
    xfiles.o                                           2      152
    xlocale_c.o                              60        9      128
    xprintffull_nomb.o                    3'790
    xprout.o                                 22
    xsnprout.o                               26
    -------------------------------------------------------------
    Total:                                4'588       91      284

m7M_tls.a: [19]
    DblAddSub.o                             590
    DblCmpGe.o                               52
    DblCmpLe.o                               52
    DblDiv.o                                582
    DblMul.o                                426
    DblToS32.o                               54
    DblToU32.o                               34
    S32ToDbl.o                               34
    U32ToDbl.o                               28
    fpinit_M.o                               34
    frexp.o                                 112
    ldexp.o                                 314
    -------------------------------------------------------------
    Total:                                2'312

rt7M_tl.a: [20]
    ABImemclr.o                               6
    ABImemclr4.o                              6
    ABImemcpy_small.o                        24
    ABImemmove_small.o                       30
    ABImemset48.o                            58
    ABImemset_small.o                        18
    I64DivMod_small.o                       262
    I64DivZer.o                               2
    cexit.o                                  10
    cmain.o                                  30
    cstartup_M.o                             28
    data_init.o                              40
    lz77_init_single.o                      126
    memchr.o                                 88
    memcmp_small.o                           30
    strchr.o                                 22
    strcmp.o                                 18
    strlen_small.o                           20
    strncpy_small.o                          30
    zero_init3.o                             56
    -------------------------------------------------------------
    Total:                                  904

shb_l.a: [21]
    dwrite.o                                 30
    exit.o                                   20
    iarwrite.o                               34
    iarwstdswo.o                             76
    unwind_debug.o                                     1
    write.o                                  16
    -------------------------------------------------------------
    Total:                                  176        1

    Gaps                                     66        4       24
    Linker created                                    33    1'024
-----------------------------------------------------------------
    Grand Total:                         72'126    1'351  108'741


*******************************************************************************
*** ENTRY LIST
***

Entry                       Address      Size  Type      Object
-----                       -------      ----  ----      ------
.iar.init_table$$Base    0x801'1b1c             --   Gb  - Linker created -
.iar.init_table$$Limit   0x801'1b3c             --   Gb  - Linker created -
?main                    0x801'1b5d            Code  Gb  cmain.o [20]
ADC_IRQHandler           0x801'1c65            Code  Wk  startup_stm32f407xx.o [5]
AHBPrescTable            0x801'1b4c      0x10  Data  Gb  system_stm32f4xx.o [2]
APBPrescTable            0x801'1c0c       0x8  Data  Gb  system_stm32f4xx.o [2]
BusFault_Handler         0x801'1609       0x2  Code  Gb  stm32f4xx_it.o [4]
CAN1_RX0_IRQHandler      0x801'1c6d            Code  Wk  startup_stm32f407xx.o [5]
CAN1_RX1_IRQHandler      0x801'1c71            Code  Wk  startup_stm32f407xx.o [5]
CAN1_SCE_IRQHandler      0x801'1c75            Code  Wk  startup_stm32f407xx.o [5]
CAN1_TX_IRQHandler       0x801'1c69            Code  Wk  startup_stm32f407xx.o [5]
CAN2_RX0_IRQHandler      0x801'1d05            Code  Wk  startup_stm32f407xx.o [5]
CAN2_RX1_IRQHandler      0x801'1d09            Code  Wk  startup_stm32f407xx.o [5]
CAN2_SCE_IRQHandler      0x801'1d0d            Code  Wk  startup_stm32f407xx.o [5]
CAN2_TX_IRQHandler       0x801'1d01            Code  Wk  startup_stm32f407xx.o [5]
CDC_Control_FS           0x800'f2cf       0x4  Code  Lc  usbd_cdc_if.o [1]
CDC_DeInit_FS            0x800'f2cb       0x4  Code  Lc  usbd_cdc_if.o [1]
CDC_Init_FS              0x800'f2ad      0x1e  Code  Lc  usbd_cdc_if.o [1]
CDC_ReceiveData          0x800'ff5d      0x1a  Code  Gb  cli_helper.o [3]
CDC_Receive_FS           0x800'f2d3      0x20  Code  Lc  usbd_cdc_if.o [1]
CDC_TransmitCplt_FS      0x800'f321       0x4  Code  Lc  usbd_cdc_if.o [1]
CDC_Transmit_FS          0x800'f2f3      0x26  Code  Gb  usbd_cdc_if.o [1]
CLI_USB_Receive_Char     0x800'fef5      0x58  Code  Gb  cli_helper.o [3]
CSTACK$$Base            0x2001'a4c8             --   Gb  - Linker created -
CSTACK$$Limit           0x2001'a8c8             --   Gb  - Linker created -
DCMI_IRQHandler          0x801'1d39            Code  Wk  startup_stm32f407xx.o [5]
DMA1_Stream0_IRQHandler
                         0x801'1c49            Code  Wk  startup_stm32f407xx.o [5]
DMA1_Stream1_IRQHandler
                         0x801'1c4d            Code  Wk  startup_stm32f407xx.o [5]
DMA1_Stream2_IRQHandler
                         0x801'1c51            Code  Wk  startup_stm32f407xx.o [5]
DMA1_Stream3_IRQHandler
                         0x801'1c55            Code  Wk  startup_stm32f407xx.o [5]
DMA1_Stream4_IRQHandler
                         0x801'1c59            Code  Wk  startup_stm32f407xx.o [5]
DMA1_Stream5_IRQHandler
                         0x801'1c5d            Code  Wk  startup_stm32f407xx.o [5]
DMA1_Stream6_IRQHandler
                         0x801'1c61            Code  Wk  startup_stm32f407xx.o [5]
DMA1_Stream7_IRQHandler
                         0x801'1cd1            Code  Wk  startup_stm32f407xx.o [5]
DMA2_Stream0_IRQHandler
                         0x801'1ced            Code  Wk  startup_stm32f407xx.o [5]
DMA2_Stream1_IRQHandler
                         0x801'1cf1            Code  Wk  startup_stm32f407xx.o [5]
DMA2_Stream2_IRQHandler
                         0x801'1685       0x2  Code  Gb  stm32f4xx_it.o [4]
DMA2_Stream3_IRQHandler
                         0x801'1cf5            Code  Wk  startup_stm32f407xx.o [5]
DMA2_Stream4_IRQHandler
                         0x801'1cf9            Code  Wk  startup_stm32f407xx.o [5]
DMA2_Stream5_IRQHandler
                         0x801'1d11            Code  Wk  startup_stm32f407xx.o [5]
DMA2_Stream6_IRQHandler
                         0x801'1d15            Code  Wk  startup_stm32f407xx.o [5]
DMA2_Stream7_IRQHandler
                         0x801'1d19            Code  Wk  startup_stm32f407xx.o [5]
DMARxDscrTab            0x2001'a100      0x80  Data  Gb  NetworkInterface.o [17]
DMATxDescToClear        0x2000'00cc       0x4  Data  Lc  NetworkInterface.o [17]
DMATxDscrTab            0x2001'a180      0x80  Data  Gb  NetworkInterface.o [17]
DebugMon_Handler         0x801'160d       0x2  Code  Gb  stm32f4xx_it.o [4]
ETH_FlushTransmitFIFO    0x801'05f1      0x16  Code  Lc  stm32fxx_hal_eth.o [17]
ETH_IRQHandler           0x800'fc4d       0x6  Code  Gb  NetworkInterface.o [17]
ETH_WKUP_IRQHandler      0x801'1cfd            Code  Wk  startup_stm32f407xx.o [5]
EXTI0_IRQHandler         0x801'1c39            Code  Wk  startup_stm32f407xx.o [5]
EXTI15_10_IRQHandler     0x801'1cb5            Code  Wk  startup_stm32f407xx.o [5]
EXTI1_IRQHandler         0x801'1c3d            Code  Wk  startup_stm32f407xx.o [5]
EXTI2_IRQHandler         0x801'1c41            Code  Wk  startup_stm32f407xx.o [5]
EXTI3_IRQHandler         0x801'160f      0x12  Code  Gb  stm32f4xx_it.o [4]
EXTI4_IRQHandler         0x801'1c45            Code  Wk  startup_stm32f407xx.o [5]
EXTI9_5_IRQHandler       0x801'1621      0x16  Code  Gb  stm32f4xx_it.o [4]
Error_Handler            0x800'c4d9       0x4  Code  Gb  main.o [4]
Ethernet::Ethernet(EthernetConfig)
                         0x800'e5a1     0x19c  Code  Gb  eth.o [6]
Ethernet::printConfig()
                         0x800'e7a9      0x52  Code  Gb  eth.o [6]
Ethernet::xTCPSendAndReceive(char const *, unsigned int, unsigned int)
                         0x800'e80b     0x15c  Code  Gb  eth.o [6]
Ethernet::xUdpTask(void *)
                         0x800'e73d      0x6a  Code  Gb  eth.o [6]
FLASH_Erase_Sector       0x800'f5bf      0x4c  Code  Gb  stm32f4xx_hal_flash_ex.o [12]
FLASH_FlushCaches        0x800'f60b      0x50  Code  Gb  stm32f4xx_hal_flash_ex.o [12]
FLASH_IRQHandler         0x801'1c31            Code  Wk  startup_stm32f407xx.o [5]
FLASH_MassErase          0x800'f59f      0x20  Code  Lc  stm32f4xx_hal_flash_ex.o [12]
FLASH_Program_Byte       0x800'f47d      0x14  Code  Lc  stm32f4xx_hal_flash.o [12]
FLASH_Program_DoubleWord
                         0x800'f417      0x28  Code  Lc  stm32f4xx_hal_flash.o [12]
FLASH_Program_HalfWord   0x800'f451      0x12  Code  Lc  stm32f4xx_hal_flash.o [12]
FLASH_Program_Word       0x800'f43f      0x12  Code  Lc  stm32f4xx_hal_flash.o [12]
FLASH_SetErrorCode       0x800'f491      0x60  Code  Lc  stm32f4xx_hal_flash.o [12]
FLASH_WaitForLastOperation
                         0x800'f3c9      0x4e  Code  Gb  stm32f4xx_hal_flash.o [12]
FPU_IRQHandler           0x801'1d41            Code  Wk  startup_stm32f407xx.o [5]
FSMC_IRQHandler          0x801'1cd5            Code  Wk  startup_stm32f407xx.o [5]
FS_Desc                 0x2000'3238      0x1c  Data  Gb  usbd_desc.o [1]
Flash_Read_Data          0x800'e565      0x14  Code  Gb  flash.o [7]
Flash_Write_Data         0x800'e4c3      0x7c  Code  Gb  flash.o [7]
FreeRTOS_AddEndPoint     0x800'46ab      0x32  Code  Lc  FreeRTOS_Routing.o [9]
FreeRTOS_AddNetworkInterface
                         0x800'467b      0x22  Code  Gb  FreeRTOS_Routing.o [9]
FreeRTOS_AllEndPointsUp
                         0x800'3d35      0x2a  Code  Gb  FreeRTOS_IP.o [9]
FreeRTOS_CLIGetParameter
                         0x800'f1dd      0x52  Code  Gb  FreeRTOS_CLI.o [8]
FreeRTOS_CLIProcessCommand
                         0x800'f121      0xbc  Code  Gb  FreeRTOS_CLI.o [8]
FreeRTOS_CLIProcessCommand::pxCommand
                        0x2000'0074       0x4  Data  Lc  FreeRTOS_CLI.o [8]
FreeRTOS_CLIRegisterCommand
                         0x800'f0f9      0x28  Code  Gb  FreeRTOS_CLI.o [8]
FreeRTOS_ClearARP        0x800'6559      0x2e  Code  Gb  FreeRTOS_ARP.o [9]
FreeRTOS_CreateIPv6Address
                         0x800'6b1b      0x94  Code  Gb  FreeRTOS_ND.o [9]
FreeRTOS_FillEndPoint    0x800'45c9      0xb2  Code  Gb  FreeRTOS_Routing.o [9]
FreeRTOS_FindEndPointOnIP_IPv4
                         0x800'4719      0x40  Code  Gb  FreeRTOS_Routing.o [9]
FreeRTOS_FindEndPointOnIP_IPv6
                         0x800'4759       0x6  Code  Gb  FreeRTOS_Routing.o [9]
FreeRTOS_FindEndPointOnMAC
                         0x800'475f      0x3e  Code  Gb  FreeRTOS_Routing.o [9]
FreeRTOS_FindEndPointOnNetMask
                         0x800'479d       0x6  Code  Gb  FreeRTOS_Routing.o [9]
FreeRTOS_FindGateWay     0x800'4a11      0x46  Code  Gb  FreeRTOS_Routing.o [9]
FreeRTOS_FirstEndPoint   0x800'46dd      0x1e  Code  Gb  FreeRTOS_Routing.o [9]
FreeRTOS_FirstNetworkInterface
                         0x800'469d       0x8  Code  Gb  FreeRTOS_Routing.o [9]
FreeRTOS_GetIPTaskHandle
                         0x800'3ae7       0x8  Code  Gb  FreeRTOS_IP.o [9]
FreeRTOS_GetLocalAddress
                         0x800'2e6d      0x56  Code  Gb  FreeRTOS_Sockets.o [9]
FreeRTOS_IPInit_Multi    0x800'3b55      0x74  Code  Gb  FreeRTOS_IP.o [9]
FreeRTOS_IPInit_Multi{3}::ucNetworkEventQueueStorageArea
                        0x2001'6a34     0x208  Data  Lc  FreeRTOS_IP.o [9]
FreeRTOS_IPInit_Multi{3}::xNetworkEventStaticQueue
                        0x2001'69e4      0x50  Data  Lc  FreeRTOS_IP.o [9]
FreeRTOS_IPInit_Multi{4}{5}{7}{8}{9}::xIPTaskBuffer
                        0x2001'6c3c      0x58  Data  Lc  FreeRTOS_IP.o [9]
FreeRTOS_IPInit_Multi{4}{5}{7}{8}{9}::xIPTaskStack
                        0x2001'6c94     0xa28  Data  Lc  FreeRTOS_IP.o [9]
FreeRTOS_InterfaceEPInSameSubnet_IPv6
                         0x800'47f7      0x3c  Code  Gb  FreeRTOS_Routing.o [9]
FreeRTOS_InterfaceEndPointOnNetMask
                         0x800'47a3      0x54  Code  Gb  FreeRTOS_Routing.o [9]
FreeRTOS_IsEndPointUp    0x800'3d23      0x12  Code  Gb  FreeRTOS_IP.o [9]
FreeRTOS_IsNetworkUp     0x800'3d1f       0x4  Code  Gb  FreeRTOS_IP.o [9]
FreeRTOS_MatchingEndpoint
                         0x800'4939      0xca  Code  Gb  FreeRTOS_Routing.o [9]
FreeRTOS_NetworkDown     0x800'3b1d      0x38  Code  Gb  FreeRTOS_IP.o [9]
FreeRTOS_NextEndPoint    0x800'46fb      0x1e  Code  Gb  FreeRTOS_Routing.o [9]
FreeRTOS_NextNetworkInterface
                         0x800'46a5       0x6  Code  Gb  FreeRTOS_Routing.o [9]
FreeRTOS_OutputARPRequest
                         0x800'64c3      0x16  Code  Gb  FreeRTOS_ARP.o [9]
FreeRTOS_OutputARPRequest_Multi
                         0x800'6463      0x60  Code  Gb  FreeRTOS_ARP.o [9]
FreeRTOS_OutputAdvertiseIPv6
                         0x800'69ed      0xdc  Code  Gb  FreeRTOS_ND.o [9]
FreeRTOS_bind            0x800'28c5      0xc8  Code  Gb  FreeRTOS_Sockets.o [9]
FreeRTOS_closesocket     0x800'2ac3      0x26  Code  Gb  FreeRTOS_Sockets.o [9]
FreeRTOS_connect         0x800'2efd     0x138  Code  Gb  FreeRTOS_Sockets.o [9]
FreeRTOS_in6addr_any     0x800'709c      0x10  Data  Gb  FreeRTOS_IPv6.o [9]
FreeRTOS_in6addr_loopback
                         0x800'70ac      0x10  Data  Gb  FreeRTOS_IPv6.o [9]
FreeRTOS_inet_addr       0x800'2e59      0x14  Code  Gb  FreeRTOS_Sockets.o [9]
FreeRTOS_inet_ntoa       0x800'2dcd      0x62  Code  Gb  FreeRTOS_Sockets.o [9]
FreeRTOS_inet_ntop       0x800'2e2f      0x2a  Code  Gb  FreeRTOS_Sockets.o [9]
FreeRTOS_inet_ntop4      0x800'425f      0x1a  Code  Gb  FreeRTOS_IPv4_Sockets.o [9]
FreeRTOS_inet_ntop6      0x800'4395      0xb6  Code  Gb  FreeRTOS_IPv6_Sockets.o [9]
FreeRTOS_inet_pton4      0x800'41c5      0x9a  Code  Gb  FreeRTOS_IPv4_Sockets.o [9]
FreeRTOS_issocketconnected
                         0x800'356f      0x1c  Code  Gb  FreeRTOS_Sockets.o [9]
FreeRTOS_listen          0x800'32b5      0x6c  Code  Gb  FreeRTOS_Sockets.o [9]
FreeRTOS_max_size_t      0x800'4163       0x8  Code  Gb  FreeRTOS_IP_Utils.o [9]
FreeRTOS_min_int32       0x800'416b       0x8  Code  Gb  FreeRTOS_IP_Utils.o [9]
FreeRTOS_min_size_t      0x800'417b       0x8  Code  Gb  FreeRTOS_IP_Utils.o [9]
FreeRTOS_min_uint32      0x800'4173       0x8  Code  Gb  FreeRTOS_IP_Utils.o [9]
FreeRTOS_recv            0x800'3067      0xe0  Code  Gb  FreeRTOS_Sockets.o [9]
FreeRTOS_recvfrom        0x800'27eb      0xda  Code  Gb  FreeRTOS_Sockets.o [9]
FreeRTOS_round_up        0x800'4183      0x18  Code  Gb  FreeRTOS_IP_Utils.o [9]
FreeRTOS_rx_size         0x800'358b      0x18  Code  Gb  FreeRTOS_Sockets.o [9]
FreeRTOS_send            0x800'31b5      0xfa  Code  Gb  FreeRTOS_Sockets.o [9]
FreeRTOS_setsockopt      0x800'2c19     0x162  Code  Gb  FreeRTOS_Sockets.o [9]
FreeRTOS_shutdown        0x800'3321      0x32  Code  Gb  FreeRTOS_Sockets.o [9]
FreeRTOS_socket          0x800'2695     0x128  Code  Gb  FreeRTOS_Sockets.o [9]
FreeRTOS_tx_size         0x800'3557      0x18  Code  Gb  FreeRTOS_Sockets.o [9]
FreeRTOS_tx_space        0x800'3535      0x1c  Code  Gb  FreeRTOS_Sockets.o [9]
Gate::Gate()             0x800'ee79      0x8a  Code  Gb  gate.o [11]
Gate::controlGateMotor(GateAction)
                         0x800'f059      0x2a  Code  Gb  gate.o [11]
Gate::gateControlTask(void *)
                         0x800'ee07      0x58  Code  Gb  gate.o [11]
Gate::gateHandler(GateAction)
                         0x800'eff9      0x60  Code  Gb  gate.o [11]
Gate::gateMonitorTask(void *)
                         0x800'ee5f      0x18  Code  Gb  gate.o [11]
Gate::getGateActualState()
                         0x800'efbd      0x3c  Code  Gb  gate.o [11]
Gate::getInstance()      0x800'ede1      0x16  Code  Gb  gate.o [11]
Gate::getInstance()::instance
                        0x2001'76c0     0x8f4  Data  Lc  gate.o [11]
Gate::getInstance()::static guard for instance
                        0x2001'76bc       0x1  Data  Lc  gate.o [11]
Gate::handleClosedState()
                         0x800'ef9d      0x20  Code  Gb  gate.o [11]
Gate::handleOpenedState()
                         0x800'ef79      0x18  Code  Gb  gate.o [11]
Gate::restartTimer()     0x800'ef47      0x32  Code  Gb  gate.o [11]
Gate::restartTimerISR()
                         0x800'ef09      0x3e  Code  Gb  gate.o [11]
GetSector                0x800'e455      0x6e  Code  Lc  flash.o [7]
HAL_Delay                0x800'b099      0x28  Code  Wk  stm32f4xx_hal.o [12]
HAL_ETH_ConfigMAC        0x801'0485     0x106  Code  Gb  stm32fxx_hal_eth.o [17]
HAL_ETH_ErrorCallback    0x801'0cfd       0x2  Code  Wk  stm32fxx_hal_eth.o [17]
HAL_ETH_IRQHandler       0x801'0229      0x3a  Code  Gb  stm32fxx_hal_eth.o [17]
HAL_ETH_Init             0x800'ff91     0x19c  Code  Gb  stm32fxx_hal_eth.o [17]
HAL_ETH_MspInit          0x801'012d      0xe2  Code  Gb  stm32fxx_hal_eth.o [17]
HAL_ETH_ReadPHYRegister
                         0x801'0263      0x6e  Code  Gb  stm32fxx_hal_eth.o [17]
HAL_ETH_RxCpltCallback   0x800'f669      0x1e  Code  Gb  NetworkInterface.o [17]
HAL_ETH_Start            0x801'034d      0x54  Code  Gb  stm32fxx_hal_eth.o [17]
HAL_ETH_Stop             0x801'03a1      0x52  Code  Gb  stm32fxx_hal_eth.o [17]
HAL_ETH_TxCpltCallback   0x800'f69b      0x1e  Code  Gb  NetworkInterface.o [17]
HAL_ETH_WritePHYRegister
                         0x801'02d1      0x6e  Code  Gb  stm32fxx_hal_eth.o [17]
HAL_FLASHEx_Erase        0x800'f50d      0x92  Code  Gb  stm32f4xx_hal_flash_ex.o [12]
HAL_FLASH_GetError       0x800'f3c3       0x6  Code  Gb  stm32f4xx_hal_flash.o [12]
HAL_FLASH_Lock           0x800'f3b3       0xa  Code  Gb  stm32f4xx_hal_flash.o [12]
HAL_FLASH_Program        0x800'f325      0x6e  Code  Gb  stm32f4xx_hal_flash.o [12]
HAL_FLASH_Unlock         0x800'f393      0x20  Code  Gb  stm32f4xx_hal_flash.o [12]
HAL_GPIO_Init            0x800'be1d     0x1be  Code  Gb  stm32f4xx_hal_gpio.o [12]
HAL_GetTick              0x800'1e11       0xc  Code  Wk  stm32f4xx_hal.o [12]
HAL_IncTick              0x800'd4c5      0x10  Code  Wk  stm32f4xx_hal.o [12]
HAL_Init                 0x800'cb91      0x30  Code  Gb  stm32f4xx_hal.o [12]
HAL_InitTick             0x800'c589      0x8a  Code  Gb  stm32f4xx_hal_timebase_tim.o [4]
HAL_MspInit              0x800'dcbd      0x38  Code  Gb  stm32f4xx_hal_msp.o [4]
HAL_NVIC_EnableIRQ       0x800'c071      0x16  Code  Gb  stm32f4xx_hal_cortex.o [12]
HAL_NVIC_SetPriority     0x800'c037      0x3a  Code  Gb  stm32f4xx_hal_cortex.o [12]
HAL_NVIC_SetPriorityGrouping
                         0x800'c023      0x14  Code  Gb  stm32f4xx_hal_cortex.o [12]
HAL_PCDEx_LPM_Callback   0x800'bc9d       0x2  Code  Wk  stm32f4xx_hal_pcd_ex.o [12]
HAL_PCDEx_SetRxFiFo      0x800'c51f       0x8  Code  Gb  stm32f4xx_hal_pcd_ex.o [12]
HAL_PCDEx_SetTxFiFo      0x800'c4dd      0x42  Code  Gb  stm32f4xx_hal_pcd_ex.o [12]
HAL_PCD_ConnectCallback
                         0x800'bb75       0x8  Code  Gb  usbd_conf.o [14]
HAL_PCD_DataInStageCallback
                         0x800'baed      0x12  Code  Gb  usbd_conf.o [14]
HAL_PCD_DataOutStageCallback
                         0x800'bad9      0x14  Code  Gb  usbd_conf.o [14]
HAL_PCD_DisconnectCallback
                         0x800'bb7d       0x8  Code  Gb  usbd_conf.o [14]
HAL_PCD_EP_Abort         0x800'ba35      0x1c  Code  Gb  stm32f4xx_hal_pcd.o [12]
HAL_PCD_EP_Close         0x800'b8d9      0x20  Code  Gb  stm32f4xx_hal_pcd.o [12]
HAL_PCD_EP_ClrStall      0x800'b9d1      0x2e  Code  Gb  stm32f4xx_hal_pcd.o [12]
HAL_PCD_EP_GetRxCount    0x800'b915      0x10  Code  Gb  stm32f4xx_hal_pcd.o [12]
HAL_PCD_EP_Open          0x800'b87f      0x5a  Code  Gb  stm32f4xx_hal_pcd.o [12]
HAL_PCD_EP_Receive       0x800'b8f9      0x1c  Code  Gb  stm32f4xx_hal_pcd.o [12]
HAL_PCD_EP_SetStall      0x800'b967      0x62  Code  Gb  stm32f4xx_hal_pcd.o [12]
HAL_PCD_EP_Transmit      0x800'b925      0x18  Code  Gb  stm32f4xx_hal_pcd.o [12]
HAL_PCD_IRQHandler       0x800'b1ab     0x66e  Code  Gb  stm32f4xx_hal_pcd.o [12]
HAL_PCD_ISOINIncompleteCallback
                         0x800'bb6d       0x8  Code  Gb  usbd_conf.o [14]
HAL_PCD_ISOOUTIncompleteCallback
                         0x800'bb65       0x8  Code  Gb  usbd_conf.o [14]
HAL_PCD_Init             0x800'b0c1      0xc2  Code  Gb  stm32f4xx_hal_pcd.o [12]
HAL_PCD_MspInit          0x800'ba51      0x7c  Code  Gb  usbd_conf.o [14]
HAL_PCD_ResetCallback    0x800'bb07      0x2c  Code  Gb  usbd_conf.o [14]
HAL_PCD_ResumeCallback   0x800'bb5d       0x8  Code  Gb  usbd_conf.o [14]
HAL_PCD_SOFCallback      0x800'baff       0x8  Code  Gb  usbd_conf.o [14]
HAL_PCD_SetAddress       0x800'b85f      0x20  Code  Gb  stm32f4xx_hal_pcd.o [12]
HAL_PCD_SetupStageCallback
                         0x800'bacd       0xc  Code  Gb  usbd_conf.o [14]
HAL_PCD_Start            0x800'b18d      0x1e  Code  Gb  stm32f4xx_hal_pcd.o [12]
HAL_PCD_SuspendCallback
                         0x800'bb33      0x2a  Code  Gb  usbd_conf.o [14]
HAL_RCC_ClockConfig      0x800'bca1     0x100  Code  Gb  stm32f4xx_hal_rcc.o [12]
HAL_RCC_GetClockConfig   0x800'bdc9      0x36  Code  Gb  stm32f4xx_hal_rcc.o [12]
HAL_RCC_GetHCLKFreq      0x800'bdad       0x6  Code  Gb  stm32f4xx_hal_rcc.o [12]
HAL_RCC_GetPCLK1Freq     0x800'bdb3      0x10  Code  Gb  stm32f4xx_hal_rcc.o [12]
HAL_RCC_GetSysClockFreq
                         0x800'c529      0x60  Code  Wk  stm32f4xx_hal_rcc.o [12]
[...]
vListInsertEnd           0x800'15df      0x1a  Code  Gb  list.o [10]
vListInsertFifo          0x800'4af9      0x1a  Code  Lc  FreeRTOS_TCP_WIN.o [9]
vMACBProbePhy            0x800'fa11      0x22  Code  Gb  NetworkInterface.o [17]
vManageSolicitedNodeAddress
                         0x800'719b      0x68  Code  Gb  FreeRTOS_IPv6_Utils.o [9]
vNDAgeCache              0x800'66db      0x44  Code  Gb  FreeRTOS_ND.o [9]
vNDRefreshCacheEntry     0x800'665d      0x7e  Code  Gb  FreeRTOS_ND.o [9]
vNDSendNeighbourSolicitation
                         0x800'67a3     0x112  Code  Gb  FreeRTOS_ND.o [9]
vNDSendRouterSolicitation
                         0x800'5b31     0x10a  Code  Gb  FreeRTOS_RA.o [9]
vNetworkSocketsInit      0x800'267d      0x18  Code  Gb  FreeRTOS_Sockets.o [9]
vNetworkTimerReload      0x800'5a71       0x6  Code  Gb  FreeRTOS_IP_Timers.o [9]
vPhyInitialise           0x801'0609      0x14  Code  Gb  phyHandling.o [17]
vPortEnableVFP           0x800'1df5            Code  Gb  portasm.o [16]
vPortEnterCritical       0x800'179b      0x32  Code  Gb  port.o [16]
vPortExitCritical        0x800'17cd      0x22  Code  Gb  port.o [16]
vPortFree                0x800'14bf      0xb0  Code  Gb  heap_4.o [16]
vPortSetupTimerInterrupt
                         0x800'1d39      0x28  Code  Wk  port.o [16]
vPortStartFirstTask      0x800'1dd5            Code  Gb  portasm.o [16]
vPortValidateInterruptPriority
                         0x800'1815      0x2c  Code  Gb  port.o [16]
vPreCheckConfigs         0x800'4127      0x2a  Code  Gb  FreeRTOS_IP_Utils.o [9]
vProcessGeneratedUDPPacket
                         0x800'5ee5      0x1e  Code  Gb  FreeRTOS_UDP_IP.o [9]
vProcessGeneratedUDPPacket_IPv4
                         0x800'8179      0xce  Code  Gb  FreeRTOS_UDP_IPv4.o [9]
vProcessGeneratedUDPPacket_IPv4{5}{6}{7}{8}::ucDefaultPartUDPPacketHeader
                         0x800'82e8      0x18  Data  Lc  FreeRTOS_UDP_IPv4.o [9]
vProcessGeneratedUDPPacket_IPv6
                         0x800'8301     0x114  Code  Gb  FreeRTOS_UDP_IPv6.o [9]
vQueueAddToRegistry      0x800'2589      0x3a  Code  Gb  queue.o [10]
vQueueDelete             0x800'245d      0x22  Code  Gb  queue.o [10]
vQueueUnregisterQueue    0x800'25c3      0x2a  Code  Gb  queue.o [10]
vQueueWaitForMessageRestricted
                         0x800'25f5      0x48  Code  Gb  queue.o [10]
vRAProcess               0x800'5d8b     0x154  Code  Gb  FreeRTOS_RA.o [9]
vReceiveNA               0x800'5c3b      0x54  Code  Gb  FreeRTOS_RA.o [9]
vReceiveRA               0x800'5c8f      0xec  Code  Gb  FreeRTOS_RA.o [9]
vRegisterDelay           0x801'041b      0x24  Code  Lc  stm32fxx_hal_eth.o [17]
vReleaseNetworkBuffer    0x800'44b7       0xc  Code  Gb  BufferAllocation_2.o [17]
vReleaseNetworkBufferAndDescriptor
                         0x800'4573      0x42  Code  Gb  BufferAllocation_2.o [17]
vReturnEthernetFrame     0x800'3c67      0xa2  Code  Gb  FreeRTOS_IP.o [9]
vSetAllNetworksUp        0x800'5b0b       0x6  Code  Gb  FreeRTOS_IP_Timers.o [9]
vSetMultiCastIPv4MacAddress
                         0x800'84af      0x30  Code  Gb  FreeRTOS_IPv4_Utils.o [9]
vSetMultiCastIPv6MacAddress
                         0x800'7113      0x18  Code  Gb  FreeRTOS_IPv6_Utils.o [9]
vSocketBind              0x800'2997     0x12c  Code  Gb  FreeRTOS_Sockets.o [9]
vSocketClose             0x800'2ae9      0xd2  Code  Gb  FreeRTOS_Sockets.o [9]
vSocketCloseNextTime     0x800'5255      0x18  Code  Gb  FreeRTOS_TCP_IP.o [9]
vSocketListenNextTime    0x800'526d      0x1c  Code  Gb  FreeRTOS_TCP_IP.o [9]
vSocketSelect            0x800'35b3     0x110  Code  Gb  FreeRTOS_Sockets.o [9]
vSocketWakeUpUser        0x800'2ec3      0x3a  Code  Gb  FreeRTOS_Sockets.o [9]
vStreamBufferClear       0x800'57ab      0x10  Code  Gb  FreeRTOS_Stream_Buffer.o [9]
vStreamBufferMoveMid     0x800'57bb      0x20  Code  Gb  FreeRTOS_Stream_Buffer.o [9]
vTCPStateChange          0x800'5311     0x170  Code  Gb  FreeRTOS_TCP_IP.o [9]
vTCPTimerReload          0x800'5a61       0x6  Code  Gb  FreeRTOS_IP_Timers.o [9]
vTCPWindowDestroy        0x800'4c29      0x34  Code  Gb  FreeRTOS_TCP_WIN.o [9]
vTCPWindowFree           0x800'4bf7      0x32  Code  Lc  FreeRTOS_TCP_WIN.o [9]
vTCPWindowInit           0x800'4cf3      0x42  Code  Gb  FreeRTOS_TCP_WIN.o [9]
vTaskDelay               0x800'03a9      0x30  Code  Gb  tasks.o [10]
vTaskGenericNotifyGiveFromISR
                         0x800'1153      0xcc  Code  Gb  tasks.o [10]
vTaskInternalSetTimeOutState
                         0x800'0b05       0xe  Code  Gb  tasks.o [10]
vTaskMissedYield         0x800'0b73       0xa  Code  Gb  tasks.o [10]
vTaskPlaceOnEventList    0x800'089d      0x24  Code  Gb  tasks.o [10]
vTaskPlaceOnEventListRestricted
                         0x800'091d      0x48  Code  Gb  tasks.o [10]
vTaskPlaceOnUnorderedEventList
                         0x800'08c1      0x5c  Code  Gb  tasks.o [10]
vTaskPriorityDisinheritAfterTimeout
                         0x800'0d5f      0x78  Code  Gb  tasks.o [10]
vTaskRemoveFromUnorderedEventList
                         0x800'0a2d      0xae  Code  Gb  tasks.o [10]
vTaskResume              0x800'04c7      0x68  Code  Gb  tasks.o [10]
vTaskSetTimeOutState     0x800'0adb      0x24  Code  Gb  tasks.o [10]
vTaskStartScheduler      0x800'0551      0x98  Code  Gb  tasks.o [10]
vTaskSuspend             0x800'03df      0xa0  Code  Gb  tasks.o [10]
vTaskSuspendAll          0x800'05f1       0xc  Code  Gb  tasks.o [10]
vTaskSwitchContext       0x800'084d      0x50  Code  Gb  tasks.o [10]
xARPCache               0x2000'0000      0x60  Data  Lc  FreeRTOS_ARP.o [9]
xARPResolutionTimer     0x2001'a284      0x14  Data  Lc  FreeRTOS_IP_Timers.o [9]
xARPTimer               0x2001'a258      0x14  Data  Lc  FreeRTOS_IP_Timers.o [9]
xActiveTimerList1       0x2001'9ff8      0x14  Data  Lc  timers.o [10]
xActiveTimerList2       0x2001'a00c      0x14  Data  Lc  timers.o [10]
xAllNetworksUp          0x2001'a280       0x4  Data  Lc  FreeRTOS_IP_Timers.o [9]
xApplicationGetRandomNumber
                         0x800'1881       0xe  Code  Gb  eth_helper.o [6]
xBadIPv4Loopback         0x800'6bfd      0x26  Code  Gb  FreeRTOS_IPv4.o [9]
xBadIPv6Loopback         0x800'6dc9      0x34  Code  Gb  FreeRTOS_IPv6.o [9]
xBoundTCPSocketsList    0x2001'a414      0x14  Data  Gb  FreeRTOS_Sockets.o [9]
xBoundUDPSocketsList    0x2001'a428      0x14  Data  Gb  FreeRTOS_Sockets.o [9]
xBroadcastMACAddress     0x800'3da4       0x8  Data  Gb  FreeRTOS_IP.o [9]
xBufferAllocFixedSize    0x801'1c14       0x4  Data  Gb  BufferAllocation_2.o [17]
xCalculateSleepTime      0x800'5919      0x4a  Code  Gb  FreeRTOS_IP_Timers.o [9]
xCheckRequiresARPResolution
                         0x800'6159      0x88  Code  Gb  FreeRTOS_ARP.o [9]
xCompareIPv6_Address     0x800'6e51      0x9e  Code  Gb  FreeRTOS_IPv6.o [9]
xCompareIPv6_Address::FreeRTOS_in6addr_allnodes
                         0x800'70bc      0x10  Data  Lc  FreeRTOS_IPv6.o [9]
xDelayedTaskList1       0x2000'3174      0x14  Data  Lc  tasks.o [10]
xDelayedTaskList2       0x2000'3188      0x14  Data  Lc  tasks.o [10]
xEMACTaskHandle         0x2000'00d4       0x4  Data  Lc  NetworkInterface.o [17]
xETH                    0x2001'a2fc      0x48  Data  Lc  NetworkInterface.o [17]
xEventGroupClearBits     0x800'3ec7      0x30  Code  Gb  event_groups.o [10]
xEventGroupCreate        0x800'3dbb      0x1e  Code  Gb  event_groups.o [10]
xEventGroupSetBits       0x800'3ef7      0x72  Code  Gb  event_groups.o [10]
xEventGroupWaitBits      0x800'3dd9      0xd6  Code  Gb  event_groups.o [10]
xFreeBuffersList        0x2001'a460      0x14  Data  Lc  BufferAllocation_2.o [17]
xFreeBytesRemaining     0x2000'335c       0x4  Data  Lc  heap_4.o [16]
xGetCommand              0x800'e434      0x10  Data  Gb  cli.o [3]
xGetExtensionOrder       0x800'6fe9      0x44  Code  Gb  FreeRTOS_IPv6.o [9]
xHelpCommand             0x801'1bdc      0x10  Data  Lc  FreeRTOS_CLI.o [8]
xIPIsNetworkTaskReady    0x800'3d19       0x6  Code  Gb  FreeRTOS_IP.o [9]
xIPTaskHandle           0x2001'69dc       0x4  Data  Lc  FreeRTOS_IP.o [9]
xIPTaskInitialised      0x2001'69e0       0x4  Data  Lc  FreeRTOS_IP.o [9]
xIPv6_GetIPType          0x800'4a65      0x4c  Code  Gb  FreeRTOS_Routing.o [9]
xIPv6_GetIPType::xIPCouples
                         0x800'4ab0      0x20  Data  Lc  FreeRTOS_Routing.o [9]
xIdleTaskHandles        0x2000'3168       0x4  Data  Lc  tasks.o [10]
xIsCallingFromIPTask     0x800'402d      0x18  Code  Gb  FreeRTOS_IP_Utils.o [9]
xIsIPInARPCache          0x800'6131      0x28  Code  Gb  FreeRTOS_ARP.o [9]
xIsIPv4Loopback          0x800'6c23      0x28  Code  Gb  FreeRTOS_IPv4.o [9]
xIsIPv4Multicast         0x800'6bd9      0x24  Code  Gb  FreeRTOS_IPv4.o [9]
xIsIPv6AllowedMulticast
                         0x800'6dfd      0x52  Code  Gb  FreeRTOS_IPv6.o [9]
xIsIPv6Loopback          0x800'6db5      0x14  Code  Gb  FreeRTOS_IPv6.o [9]
xLastGratuitousARPTime  0x2000'0060       0x4  Data  Lc  FreeRTOS_ARP.o [9]
xMacInitStatus          0x2001'a4c3       0x1  Data  Lc  NetworkInterface.o [17]
xMinimumEverFreeBytesRemaining
                        0x2000'3360       0x4  Data  Lc  heap_4.o [16]
xNDCache                0x2001'925c     0x300  Data  Lc  FreeRTOS_ND.o [9]
xNetworkBufferSemaphore
                        0x2001'a478       0x4  Data  Lc  BufferAllocation_2.o [17]
xNetworkBuffersInitialise
                         0x800'444d      0x56  Code  Gb  BufferAllocation_2.o [17]
xNetworkBuffersInitialise::xNetworkBufferDescriptors
                        0x2001'5c60     0xd20  Data  Lc  BufferAllocation_2.o [17]
xNetworkBuffersInitialise{1}{2}{3}::xNetworkBufferSemaphoreBuffer
                        0x2001'6980      0x50  Data  Lc  BufferAllocation_2.o [17]
xNetworkDownEventPending
                        0x2001'69d8       0x4  Data  Lc  FreeRTOS_IP.o [9]
xNetworkEventQueue      0x2001'69d4       0x4  Data  Gb  FreeRTOS_IP.o [9]
xNetworkTimer           0x2001'a298      0x14  Data  Lc  FreeRTOS_IP_Timers.o [9]
xNextTaskUnblockTime    0x2000'3164       0x4  Data  Lc  tasks.o [10]
xNumOfOverflows         0x2000'315c       0x4  Data  Lc  tasks.o [10]
xNumberOfSuccessfulAllocations
                        0x2000'3364       0x4  Data  Lc  heap_4.o [16]
xNumberOfSuccessfulFrees
                        0x2000'3368       0x4  Data  Lc  heap_4.o [16]
xPHYProperties           0x800'fcb8       0x4  Data  Gb  NetworkInterface.o [17]
xPendedTicks            0x2000'3154       0x4  Data  Lc  tasks.o [10]
xPendingReadyList       0x2000'30f8      0x14  Data  Lc  tasks.o [10]
xPhyCheckLinkStatus      0x801'0a91      0xa8  Code  Gb  phyHandling.o [17]
xPhyConfigure            0x801'067d     0x1e2  Code  Gb  phyHandling.o [17]
xPhyDiscover             0x801'061d      0x60  Code  Gb  phyHandling.o [17]
xPhyFixedValue           0x801'085f      0x4a  Code  Gb  phyHandling.o [17]
xPhyObject              0x2000'0088      0x40  Data  Lc  NetworkInterface.o [17]
xPhyStartAutoNegotiation
                         0x801'08a9     0x1ce  Code  Gb  phyHandling.o [17]
xPortStartScheduler      0x800'16ad      0xe0  Code  Gb  port.o [16]
xProcessReceivedTCPPacket
                         0x800'5515     0x204  Code  Gb  FreeRTOS_TCP_IP.o [9]
xProcessReceivedUDPPacket
                         0x800'5f03      0x3e  Code  Gb  FreeRTOS_UDP_IP.o [9]
xProcessReceivedUDPPacket_IPv4
                         0x800'8247      0x94  Code  Gb  FreeRTOS_UDP_IPv4.o [9]
xProcessReceivedUDPPacket_IPv6
                         0x800'8415      0x8c  Code  Gb  FreeRTOS_UDP_IPv6.o [9]
xQueueCreateCountingSemaphore
                         0x800'1f9d      0x1e  Code  Gb  queue.o [10]
xQueueCreateCountingSemaphoreStatic
                         0x800'1f79      0x24  Code  Gb  queue.o [10]
xQueueGenericCreate      0x800'1eff      0x4a  Code  Gb  queue.o [10]
xQueueGenericCreateStatic
                         0x800'1eaf      0x50  Code  Gb  queue.o [10]
xQueueGenericReset       0x800'1e1d      0x92  Code  Gb  queue.o [10]
xQueueGenericSend        0x800'1fbb     0x12c  Code  Gb  queue.o [10]
xQueueGenericSendFromISR
                         0x800'20e7      0xb0  Code  Gb  queue.o [10]
xQueueReceive            0x800'21af     0x110  Code  Gb  queue.o [10]
xQueueRegistry          0x2001'a3d4      0x40  Data  Gb  queue.o [10]
xQueueSemaphoreTake      0x800'22bf     0x120  Code  Gb  queue.o [10]
xRecv_Update_IPv4        0x800'4279      0x18  Code  Gb  FreeRTOS_IPv4_Sockets.o [9]
xRecv_Update_IPv6        0x800'42c7      0x2e  Code  Gb  FreeRTOS_IPv6_Sockets.o [9]
xRegisteredCommands     0x2000'007c       0x8  Data  Lc  FreeRTOS_CLI.o [8]
xResetCommand            0x800'e444      0x10  Data  Gb  cli.o [3]
xRoutingStatistics      0x2001'376c      0x68  Data  Gb  FreeRTOS_Routing.o [9]
xSTM32F_GetPhyLinkStatus
                         0x800'fabd       0x2  Code  Lc  NetworkInterface.o [17]
xSTM32F_NetworkInterfaceInitialise
                         0x800'f6d1      0xd0  Code  Lc  NetworkInterface.o [17]
xSTM32F_NetworkInterfaceOutput
                         0x800'f923      0x8c  Code  Lc  NetworkInterface.o [17]
xSTM32_PhyRead           0x800'f9e3       0xc  Code  Gb  NetworkInterface.o [17]
xSTM32_PhyWrite          0x800'f9ef       0xa  Code  Gb  NetworkInterface.o [17]
xSchedulerRunning       0x2000'3150       0x4  Data  Lc  tasks.o [10]
xSegmentList            0x2001'a47c      0x14  Data  Lc  FreeRTOS_TCP_WIN.o [9]
xSendEventStructToIPTask
                         0x800'3bf1      0x48  Code  Gb  FreeRTOS_IP.o [9]
xSendEventToIPTask       0x800'3bdd      0x14  Code  Gb  FreeRTOS_IP.o [9]
xSequenceGreaterThan     0x800'4adf       0xe  Code  Gb  FreeRTOS_TCP_WIN.o [9]
xSequenceGreaterThanOrEqual
                         0x800'4aed       0xc  Code  Lc  FreeRTOS_TCP_WIN.o [9]
xSequenceLessThan        0x800'4ad1       0xe  Code  Gb  FreeRTOS_TCP_WIN.o [9]
xSetCommand              0x800'e424      0x10  Data  Gb  cli.o [3]
xSocketToClose          0x2001'a4b0       0x4  Data  Lc  FreeRTOS_TCP_IP.o [9]
xSocketToListen         0x2001'a4b4       0x4  Data  Lc  FreeRTOS_TCP_IP.o [9]
xSocketValid             0x800'35a3      0x10  Code  Gb  FreeRTOS_Sockets.o [9]
xStart                  0x2000'3350       0x8  Data  Lc  heap_4.o [16]
xStreamBufferLessThenEqual
                         0x800'57db      0x12  Code  Gb  FreeRTOS_Stream_Buffer.o [9]
xSuspendedTaskList      0x2000'3120      0x14  Data  Lc  tasks.o [10]
xTCPCheckNewClient       0x800'5725      0x40  Code  Gb  FreeRTOS_TCP_IP.o [9]
xTCPSegments            0x2001'a490       0x4  Data  Lc  FreeRTOS_TCP_WIN.o [9]
xTCPSocketCheck          0x800'5289      0x7c  Code  Gb  FreeRTOS_TCP_IP.o [9]
xTCPTimer               0x2001'a26c      0x14  Data  Lc  FreeRTOS_IP_Timers.o [9]
xTCPTimerCheck           0x800'3353      0x7a  Code  Gb  FreeRTOS_Sockets.o [9]
xTCPTimerCheck::xLastTime
                        0x2001'a43c       0x4  Data  Lc  FreeRTOS_Sockets.o [9]
xTCPWindowCreate         0x800'4c5d      0x96  Code  Gb  FreeRTOS_TCP_WIN.o [9]
xTCPWindowGetHead        0x800'4bd3      0x16  Code  Lc  FreeRTOS_TCP_WIN.o [9]
xTCPWindowLoggingLevel  0x2001'a4b8       0x4  Data  Gb  FreeRTOS_TCP_WIN.o [9]
xTCPWindowNew            0x800'4b43      0x66  Code  Lc  FreeRTOS_TCP_WIN.o [9]
xTCPWindowPeekHead       0x800'4be9       0xe  Code  Lc  FreeRTOS_TCP_WIN.o [9]
xTCPWindowRxEmpty        0x800'4bb7      0x1c  Code  Gb  FreeRTOS_TCP_WIN.o [9]
xTCPWindowRxFind         0x800'4b21      0x22  Code  Lc  FreeRTOS_TCP_WIN.o [9]
xTCPWindowTxDone         0x800'4f47       0xc  Code  Gb  FreeRTOS_TCP_WIN.o [9]
xTCPWindowTxHasData      0x800'4f93      0x66  Code  Gb  FreeRTOS_TCP_WIN.o [9]
xTXDescriptorSemaphore  0x2000'00c8       0x4  Data  Lc  NetworkInterface.o [17]
xTaskCheckForTimeOut     0x800'0b13      0x60  Code  Gb  tasks.o [10]
xTaskCreate              0x800'01fd      0x5c  Code  Gb  tasks.o [10]
xTaskCreateStatic        0x800'0189      0x74  Code  Gb  tasks.o [10]
xTaskGenericNotify       0x800'0f35      0xfa  Code  Gb  tasks.o [10]
xTaskGenericNotifyFromISR
                         0x800'1031     0x11c  Code  Gb  tasks.o [10]
xTaskGenericNotifyWait   0x800'0e89      0x8a  Code  Gb  tasks.o [10]
xTaskGetCurrentTaskHandle
                         0x800'0c11       0x8  Code  Gb  tasks.o [10]
xTaskGetSchedulerState   0x800'0c19      0x18  Code  Gb  tasks.o [10]
xTaskGetTickCount        0x800'0703       0x8  Code  Gb  tasks.o [10]
xTaskGetTickCountFromISR
                         0x800'070b       0xe  Code  Gb  tasks.o [10]
xTaskIncrementTick       0x800'0721     0x12c  Code  Gb  tasks.o [10]
xTaskPriorityDisinherit
                         0x800'0cb9      0x84  Code  Gb  tasks.o [10]
xTaskPriorityInherit     0x800'0c31      0x88  Code  Gb  tasks.o [10]
xTaskRemoveFromEventList
                         0x800'0965      0xbc  Code  Gb  tasks.o [10]
xTaskResumeAll           0x800'05fd      0xf0  Code  Gb  tasks.o [10]
xTasksWaitingTermination
                        0x2000'310c      0x14  Data  Lc  tasks.o [10]
xTickCount              0x2000'3148       0x4  Data  Lc  tasks.o [10]
xTimerCreateStatic       0x800'1931      0x40  Code  Gb  timers.o [10]
xTimerCreateTimerTask    0x800'18dd      0x54  Code  Gb  timers.o [10]
xTimerGenericCommandFromISR
                         0x800'19fd      0x40  Code  Gb  timers.o [10]
xTimerGenericCommandFromTask
                         0x800'19b1      0x4c  Code  Gb  timers.o [10]
xTimerIsTimerActive      0x800'1cbb       0xc  Code  Gb  timers.o [10]
xTimerQueue             0x2001'9fec       0x4  Data  Lc  timers.o [10]
xTimerTaskHandle        0x2001'9ff0       0x4  Data  Lc  timers.o [10]
xUdpTaskHandle          0x2001'a4a8       0x4  Data  Gb  eth.o [6]
xYieldPendings          0x2000'3158       0x4  Data  Lc  tasks.o [10]


[1] = C:\Users\Koche\Desktop\Work\Smart Dispenser PRJ\gateway\EWARM\Gateway_407\Obj\App_6048373297342892631.dir
[2] = C:\Users\Koche\Desktop\Work\Smart Dispenser PRJ\gateway\EWARM\Gateway_407\Obj\CMSIS_6603591812247902717.dir
[3] = C:\Users\Koche\Desktop\Work\Smart Dispenser PRJ\gateway\EWARM\Gateway_407\Obj\Cli_11707894225168942927.dir
[4] = C:\Users\Koche\Desktop\Work\Smart Dispenser PRJ\gateway\EWARM\Gateway_407\Obj\Core_13247989168731456611.dir
[5] = C:\Users\Koche\Desktop\Work\Smart Dispenser PRJ\gateway\EWARM\Gateway_407\Obj\EWARM_18443280873093131863.dir
[6] = C:\Users\Koche\Desktop\Work\Smart Dispenser PRJ\gateway\EWARM\Gateway_407\Obj\Ethernet_5605320102233052314.dir
[7] = C:\Users\Koche\Desktop\Work\Smart Dispenser PRJ\gateway\EWARM\Gateway_407\Obj\Flash_13912709933827620245.dir
[8] = C:\Users\Koche\Desktop\Work\Smart Dispenser PRJ\gateway\EWARM\Gateway_407\Obj\FreeRTOS-Plu-Cli_11501085631675054166.dir
[9] = C:\Users\Koche\Desktop\Work\Smart Dispenser PRJ\gateway\EWARM\Gateway_407\Obj\FreeRTOS-Plus-TCP_16686340316780321206.dir
[10] = C:\Users\Koche\Desktop\Work\Smart Dispenser PRJ\gateway\EWARM\Gateway_407\Obj\FreeRTOS_15068288790229095433.dir
[11] = C:\Users\Koche\Desktop\Work\Smart Dispenser PRJ\gateway\EWARM\Gateway_407\Obj\Gate_3448444589264835548.dir
[12] = C:\Users\Koche\Desktop\Work\Smart Dispenser PRJ\gateway\EWARM\Gateway_407\Obj\STM32F4xx_HAL_Driver_1244631019742807970.dir
[13] = C:\Users\Koche\Desktop\Work\Smart Dispenser PRJ\gateway\EWARM\Gateway_407\Obj\System_11455613988876714787.dir
[14] = C:\Users\Koche\Desktop\Work\Smart Dispenser PRJ\gateway\EWARM\Gateway_407\Obj\Target_2794460481546860895.dir
[15] = C:\Users\Koche\Desktop\Work\Smart Dispenser PRJ\gateway\EWARM\Gateway_407\Obj\USB_Device_Library_15009154495834662892.dir
[16] = C:\Users\Koche\Desktop\Work\Smart Dispenser PRJ\gateway\EWARM\Gateway_407\Obj\portable_15954926109208205999.dir
[17] = C:\Users\Koche\Desktop\Work\Smart Dispenser PRJ\gateway\EWARM\Gateway_407\Obj\portable_7947777220660125680.dir
[18] = dl7M_tlf.a
[19] = m7M_tls.a
[20] = rt7M_tl.a
[21] = shb_l.a

   72'126 bytes of readonly  code memory
    1'351 bytes of readonly  data memory
  108'741 bytes of readwrite data memory

Errors: none
Warnings: none
