###############################################################################
#
# IAR ELF Linker V9.60.3.422/W64 for ARM                  27/Aug/2025  23:00:18
# Copyright 2007-2024 IAR Systems AB.
#
#    Output file  =
#        C:\Users\Koche\Desktop\Work\Smart Dispenser
#        PRJ\gateway\EWARM\Gateway_407\Exe\Gateway_407.out
#    Map file     =
#        C:\Users\Koche\Desktop\Work\Smart Dispenser
#        PRJ\gateway\EWARM\Gateway_407\List\Gateway_407.map
#    Command line =
#        -f "C:\Users\Koche\Desktop\Work\Smart Dispenser
#        PRJ\gateway\EWARM\Gateway_407\Exe\Gateway_407.out.rsp"
#        ("C:\Users\Koche\Desktop\Work\Smart Dispenser
#        PRJ\gateway\EWARM\Gateway_407\Obj\portable_7947777220660125680.dir\BufferAllocation_2.o"
#        "C:\Users\Koche\Desktop\Work\Smart Dispenser
#        PRJ\gateway\EWARM\Gateway_407\Obj\Cli_11707894225168942927.dir\cli.o"
#        "C:\Users\Koche\Desktop\Work\Smart Dispenser
#        PRJ\gateway\EWARM\Gateway_407\Obj\Cli_11707894225168942927.dir\cli_helper.o"
#        "C:\Users\Koche\Desktop\Work\Smart Dispenser
#        PRJ\gateway\EWARM\Gateway_407\Obj\Core_13247989168731456611.dir\dma.o"
#        "C:\Users\Koche\Desktop\Work\Smart Dispenser
#        PRJ\gateway\EWARM\Gateway_407\Obj\Ethernet_5605320102233052314.dir\eth_helper.o"
#        "C:\Users\Koche\Desktop\Work\Smart Dispenser
#        PRJ\gateway\EWARM\Gateway_407\Obj\Ethernet_5605320102233052314.dir\eth_init.o"
#        "C:\Users\Koche\Desktop\Work\Smart Dispenser
#        PRJ\gateway\EWARM\Gateway_407\Obj\FreeRTOS_15068288790229095433.dir\event_groups.o"
#        "C:\Users\Koche\Desktop\Work\Smart Dispenser
#        PRJ\gateway\EWARM\Gateway_407\Obj\FreeRTOS-Plus-TCP_16686340316780321206.dir\FreeRTOS_ARP.o"
#        "C:\Users\Koche\Desktop\Work\Smart Dispenser
#        PRJ\gateway\EWARM\Gateway_407\Obj\FreeRTOS-Plus-TCP_16686340316780321206.dir\FreeRTOS_BitConfig.o"
#        "C:\Users\Koche\Desktop\Work\Smart Dispenser
#        PRJ\gateway\EWARM\Gateway_407\Obj\FreeRTOS-Plu-Cli_11501085631675054166.dir\FreeRTOS_CLI.o"
#        "C:\Users\Koche\Desktop\Work\Smart Dispenser
#        PRJ\gateway\EWARM\Gateway_407\Obj\FreeRTOS-Plus-TCP_16686340316780321206.dir\FreeRTOS_DHCP.o"
#        "C:\Users\Koche\Desktop\Work\Smart Dispenser
#        PRJ\gateway\EWARM\Gateway_407\Obj\FreeRTOS-Plus-TCP_16686340316780321206.dir\FreeRTOS_DHCPv6.o"
#        "C:\Users\Koche\Desktop\Work\Smart Dispenser
#        PRJ\gateway\EWARM\Gateway_407\Obj\FreeRTOS-Plus-TCP_16686340316780321206.dir\FreeRTOS_DNS.o"
#        "C:\Users\Koche\Desktop\Work\Smart Dispenser
#        PRJ\gateway\EWARM\Gateway_407\Obj\FreeRTOS-Plus-TCP_16686340316780321206.dir\FreeRTOS_DNS_Cache.o"
#        "C:\Users\Koche\Desktop\Work\Smart Dispenser
#        PRJ\gateway\EWARM\Gateway_407\Obj\FreeRTOS-Plus-TCP_16686340316780321206.dir\FreeRTOS_DNS_Callback.o"
#        "C:\Users\Koche\Desktop\Work\Smart Dispenser
#        PRJ\gateway\EWARM\Gateway_407\Obj\FreeRTOS-Plus-TCP_16686340316780321206.dir\FreeRTOS_DNS_Networking.o"
#        "C:\Users\Koche\Desktop\Work\Smart Dispenser
#        PRJ\gateway\EWARM\Gateway_407\Obj\FreeRTOS-Plus-TCP_16686340316780321206.dir\FreeRTOS_DNS_Parser.o"
#        "C:\Users\Koche\Desktop\Work\Smart Dispenser
#        PRJ\gateway\EWARM\Gateway_407\Obj\FreeRTOS-Plus-TCP_16686340316780321206.dir\FreeRTOS_ICMP.o"
#        "C:\Users\Koche\Desktop\Work\Smart Dispenser
#        PRJ\gateway\EWARM\Gateway_407\Obj\FreeRTOS-Plus-TCP_16686340316780321206.dir\FreeRTOS_IP.o"
#        "C:\Users\Koche\Desktop\Work\Smart Dispenser
#        PRJ\gateway\EWARM\Gateway_407\Obj\FreeRTOS-Plus-TCP_16686340316780321206.dir\FreeRTOS_IP_Timers.o"
#        "C:\Users\Koche\Desktop\Work\Smart Dispenser
#        PRJ\gateway\EWARM\Gateway_407\Obj\FreeRTOS-Plus-TCP_16686340316780321206.dir\FreeRTOS_IP_Utils.o"
#        "C:\Users\Koche\Desktop\Work\Smart Dispenser
#        PRJ\gateway\EWARM\Gateway_407\Obj\FreeRTOS-Plus-TCP_16686340316780321206.dir\FreeRTOS_IPv4.o"
#        "C:\Users\Koche\Desktop\Work\Smart Dispenser
#        PRJ\gateway\EWARM\Gateway_407\Obj\FreeRTOS-Plus-TCP_16686340316780321206.dir\FreeRTOS_IPv4_Sockets.o"
#        "C:\Users\Koche\Desktop\Work\Smart Dispenser
#        PRJ\gateway\EWARM\Gateway_407\Obj\FreeRTOS-Plus-TCP_16686340316780321206.dir\FreeRTOS_IPv4_Utils.o"
#        "C:\Users\Koche\Desktop\Work\Smart Dispenser
#        PRJ\gateway\EWARM\Gateway_407\Obj\FreeRTOS-Plus-TCP_16686340316780321206.dir\FreeRTOS_IPv6.o"
#        "C:\Users\Koche\Desktop\Work\Smart Dispenser
#        PRJ\gateway\EWARM\Gateway_407\Obj\FreeRTOS-Plus-TCP_16686340316780321206.dir\FreeRTOS_IPv6_Sockets.o"
#        "C:\Users\Koche\Desktop\Work\Smart Dispenser
#        PRJ\gateway\EWARM\Gateway_407\Obj\FreeRTOS-Plus-TCP_16686340316780321206.dir\FreeRTOS_IPv6_Utils.o"
#        "C:\Users\Koche\Desktop\Work\Smart Dispenser
#        PRJ\gateway\EWARM\Gateway_407\Obj\FreeRTOS-Plus-TCP_16686340316780321206.dir\FreeRTOS_ND.o"
#        "C:\Users\Koche\Desktop\Work\Smart Dispenser
#        PRJ\gateway\EWARM\Gateway_407\Obj\FreeRTOS-Plus-TCP_16686340316780321206.dir\FreeRTOS_RA.o"
#        "C:\Users\Koche\Desktop\Work\Smart Dispenser
#        PRJ\gateway\EWARM\Gateway_407\Obj\FreeRTOS-Plus-TCP_16686340316780321206.dir\FreeRTOS_Routing.o"
#        "C:\Users\Koche\Desktop\Work\Smart Dispenser
#        PRJ\gateway\EWARM\Gateway_407\Obj\FreeRTOS-Plus-TCP_16686340316780321206.dir\FreeRTOS_Sockets.o"
#        "C:\Users\Koche\Desktop\Work\Smart Dispenser
#        PRJ\gateway\EWARM\Gateway_407\Obj\FreeRTOS-Plus-TCP_16686340316780321206.dir\FreeRTOS_Stream_Buffer.o"
#        "C:\Users\Koche\Desktop\Work\Smart Dispenser
#        PRJ\gateway\EWARM\Gateway_407\Obj\FreeRTOS-Plus-TCP_16686340316780321206.dir\FreeRTOS_TCP_IP.o"
#        "C:\Users\Koche\Desktop\Work\Smart Dispenser
#        PRJ\gateway\EWARM\Gateway_407\Obj\FreeRTOS-Plus-TCP_16686340316780321206.dir\FreeRTOS_TCP_IP_IPv4.o"
#        "C:\Users\Koche\Desktop\Work\Smart Dispenser
#        PRJ\gateway\EWARM\Gateway_407\Obj\FreeRTOS-Plus-TCP_16686340316780321206.dir\FreeRTOS_TCP_IP_IPv6.o"
#        "C:\Users\Koche\Desktop\Work\Smart Dispenser
#        PRJ\gateway\EWARM\Gateway_407\Obj\FreeRTOS-Plus-TCP_16686340316780321206.dir\FreeRTOS_TCP_Reception.o"
#        "C:\Users\Koche\Desktop\Work\Smart Dispenser
#        PRJ\gateway\EWARM\Gateway_407\Obj\FreeRTOS-Plus-TCP_16686340316780321206.dir\FreeRTOS_TCP_State_Handling.o"
#        "C:\Users\Koche\Desktop\Work\Smart Dispenser
#        PRJ\gateway\EWARM\Gateway_407\Obj\FreeRTOS-Plus-TCP_16686340316780321206.dir\FreeRTOS_TCP_State_Handling_IPv4.o"
#        "C:\Users\Koche\Desktop\Work\Smart Dispenser
#        PRJ\gateway\EWARM\Gateway_407\Obj\FreeRTOS-Plus-TCP_16686340316780321206.dir\FreeRTOS_TCP_State_Handling_IPv6.o"
#        "C:\Users\Koche\Desktop\Work\Smart Dispenser
#        PRJ\gateway\EWARM\Gateway_407\Obj\FreeRTOS-Plus-TCP_16686340316780321206.dir\FreeRTOS_TCP_Transmission.o"
#        "C:\Users\Koche\Desktop\Work\Smart Dispenser
#        PRJ\gateway\EWARM\Gateway_407\Obj\FreeRTOS-Plus-TCP_16686340316780321206.dir\FreeRTOS_TCP_Transmission_IPv4.o"
#        "C:\Users\Koche\Desktop\Work\Smart Dispenser
#        PRJ\gateway\EWARM\Gateway_407\Obj\FreeRTOS-Plus-TCP_16686340316780321206.dir\FreeRTOS_TCP_Transmission_IPv6.o"
#        "C:\Users\Koche\Desktop\Work\Smart Dispenser
#        PRJ\gateway\EWARM\Gateway_407\Obj\FreeRTOS-Plus-TCP_16686340316780321206.dir\FreeRTOS_TCP_Utils.o"
#        "C:\Users\Koche\Desktop\Work\Smart Dispenser
#        PRJ\gateway\EWARM\Gateway_407\Obj\FreeRTOS-Plus-TCP_16686340316780321206.dir\FreeRTOS_TCP_Utils_IPv4.o"
#        "C:\Users\Koche\Desktop\Work\Smart Dispenser
#        PRJ\gateway\EWARM\Gateway_407\Obj\FreeRTOS-Plus-TCP_16686340316780321206.dir\FreeRTOS_TCP_Utils_IPv6.o"
#        "C:\Users\Koche\Desktop\Work\Smart Dispenser
#        PRJ\gateway\EWARM\Gateway_407\Obj\FreeRTOS-Plus-TCP_16686340316780321206.dir\FreeRTOS_TCP_WIN.o"
#        "C:\Users\Koche\Desktop\Work\Smart Dispenser
#        PRJ\gateway\EWARM\Gateway_407\Obj\FreeRTOS-Plus-TCP_16686340316780321206.dir\FreeRTOS_Tiny_TCP.o"
#        "C:\Users\Koche\Desktop\Work\Smart Dispenser
#        PRJ\gateway\EWARM\Gateway_407\Obj\FreeRTOS-Plus-TCP_16686340316780321206.dir\FreeRTOS_UDP_IP.o"
#        "C:\Users\Koche\Desktop\Work\Smart Dispenser
#        PRJ\gateway\EWARM\Gateway_407\Obj\FreeRTOS-Plus-TCP_16686340316780321206.dir\FreeRTOS_UDP_IPv4.o"
#        "C:\Users\Koche\Desktop\Work\Smart Dispenser
#        PRJ\gateway\EWARM\Gateway_407\Obj\FreeRTOS-Plus-TCP_16686340316780321206.dir\FreeRTOS_UDP_IPv6.o"
#        "C:\Users\Koche\Desktop\Work\Smart Dispenser
#        PRJ\gateway\EWARM\Gateway_407\Obj\Core_13247989168731456611.dir\gpio.o"
#        "C:\Users\Koche\Desktop\Work\Smart Dispenser
#        PRJ\gateway\EWARM\Gateway_407\Obj\portable_15954926109208205999.dir\heap_4.o"
#        "C:\Users\Koche\Desktop\Work\Smart Dispenser
#        PRJ\gateway\EWARM\Gateway_407\Obj\FreeRTOS_15068288790229095433.dir\list.o"
#        "C:\Users\Koche\Desktop\Work\Smart Dispenser
#        PRJ\gateway\EWARM\Gateway_407\Obj\Core_13247989168731456611.dir\main.o"
#        "C:\Users\Koche\Desktop\Work\Smart Dispenser
#        PRJ\gateway\EWARM\Gateway_407\Obj\portable_7947777220660125680.dir\NetworkInterface.o"
#        "C:\Users\Koche\Desktop\Work\Smart Dispenser
#        PRJ\gateway\EWARM\Gateway_407\Obj\portable_7947777220660125680.dir\phyHandling.o"
#        "C:\Users\Koche\Desktop\Work\Smart Dispenser
#        PRJ\gateway\EWARM\Gateway_407\Obj\portable_15954926109208205999.dir\port.o"
#        "C:\Users\Koche\Desktop\Work\Smart Dispenser
#        PRJ\gateway\EWARM\Gateway_407\Obj\portable_15954926109208205999.dir\portasm.o"
#        "C:\Users\Koche\Desktop\Work\Smart Dispenser
#        PRJ\gateway\EWARM\Gateway_407\Obj\Qr_16551614283803889394.dir\qr.o"
#        "C:\Users\Koche\Desktop\Work\Smart Dispenser
#        PRJ\gateway\EWARM\Gateway_407\Obj\FreeRTOS_15068288790229095433.dir\queue.o"
#        "C:\Users\Koche\Desktop\Work\Smart Dispenser
#        PRJ\gateway\EWARM\Gateway_407\Obj\EWARM_18443280873093131863.dir\startup_stm32f407xx.o"
#        "C:\Users\Koche\Desktop\Work\Smart Dispenser
#        PRJ\gateway\EWARM\Gateway_407\Obj\STM32F4xx_HAL_Driver_1244631019742807970.dir\stm32f4xx_hal.o"
#        "C:\Users\Koche\Desktop\Work\Smart Dispenser
#        PRJ\gateway\EWARM\Gateway_407\Obj\STM32F4xx_HAL_Driver_1244631019742807970.dir\stm32f4xx_hal_cortex.o"
#        "C:\Users\Koche\Desktop\Work\Smart Dispenser
#        PRJ\gateway\EWARM\Gateway_407\Obj\STM32F4xx_HAL_Driver_1244631019742807970.dir\stm32f4xx_hal_dma.o"
#        "C:\Users\Koche\Desktop\Work\Smart Dispenser
#        PRJ\gateway\EWARM\Gateway_407\Obj\STM32F4xx_HAL_Driver_1244631019742807970.dir\stm32f4xx_hal_dma_ex.o"
#        "C:\Users\Koche\Desktop\Work\Smart Dispenser
#        PRJ\gateway\EWARM\Gateway_407\Obj\STM32F4xx_HAL_Driver_1244631019742807970.dir\stm32f4xx_hal_exti.o"
#        "C:\Users\Koche\Desktop\Work\Smart Dispenser
#        PRJ\gateway\EWARM\Gateway_407\Obj\STM32F4xx_HAL_Driver_1244631019742807970.dir\stm32f4xx_hal_flash.o"
#        "C:\Users\Koche\Desktop\Work\Smart Dispenser
#        PRJ\gateway\EWARM\Gateway_407\Obj\STM32F4xx_HAL_Driver_1244631019742807970.dir\stm32f4xx_hal_flash_ex.o"
#        "C:\Users\Koche\Desktop\Work\Smart Dispenser
#        PRJ\gateway\EWARM\Gateway_407\Obj\STM32F4xx_HAL_Driver_1244631019742807970.dir\stm32f4xx_hal_flash_ramfunc.o"
#        "C:\Users\Koche\Desktop\Work\Smart Dispenser
#        PRJ\gateway\EWARM\Gateway_407\Obj\STM32F4xx_HAL_Driver_1244631019742807970.dir\stm32f4xx_hal_gpio.o"
#        "C:\Users\Koche\Desktop\Work\Smart Dispenser
#        PRJ\gateway\EWARM\Gateway_407\Obj\Core_13247989168731456611.dir\stm32f4xx_hal_msp.o"
#        "C:\Users\Koche\Desktop\Work\Smart Dispenser
#        PRJ\gateway\EWARM\Gateway_407\Obj\STM32F4xx_HAL_Driver_1244631019742807970.dir\stm32f4xx_hal_pcd.o"
#        "C:\Users\Koche\Desktop\Work\Smart Dispenser
#        PRJ\gateway\EWARM\Gateway_407\Obj\STM32F4xx_HAL_Driver_1244631019742807970.dir\stm32f4xx_hal_pcd_ex.o"
#        "C:\Users\Koche\Desktop\Work\Smart Dispenser
#        PRJ\gateway\EWARM\Gateway_407\Obj\STM32F4xx_HAL_Driver_1244631019742807970.dir\stm32f4xx_hal_pwr.o"
#        "C:\Users\Koche\Desktop\Work\Smart Dispenser
#        PRJ\gateway\EWARM\Gateway_407\Obj\STM32F4xx_HAL_Driver_1244631019742807970.dir\stm32f4xx_hal_pwr_ex.o"
#        "C:\Users\Koche\Desktop\Work\Smart Dispenser
#        PRJ\gateway\EWARM\Gateway_407\Obj\STM32F4xx_HAL_Driver_1244631019742807970.dir\stm32f4xx_hal_rcc.o"
#        "C:\Users\Koche\Desktop\Work\Smart Dispenser
#        PRJ\gateway\EWARM\Gateway_407\Obj\STM32F4xx_HAL_Driver_1244631019742807970.dir\stm32f4xx_hal_rcc_ex.o"
#        "C:\Users\Koche\Desktop\Work\Smart Dispenser
#        PRJ\gateway\EWARM\Gateway_407\Obj\STM32F4xx_HAL_Driver_1244631019742807970.dir\stm32f4xx_hal_tim.o"
#        "C:\Users\Koche\Desktop\Work\Smart Dispenser
#        PRJ\gateway\EWARM\Gateway_407\Obj\STM32F4xx_HAL_Driver_1244631019742807970.dir\stm32f4xx_hal_tim_ex.o"
#        "C:\Users\Koche\Desktop\Work\Smart Dispenser
#        PRJ\gateway\EWARM\Gateway_407\Obj\Core_13247989168731456611.dir\stm32f4xx_hal_timebase_tim.o"
#        "C:\Users\Koche\Desktop\Work\Smart Dispenser
#        PRJ\gateway\EWARM\Gateway_407\Obj\Core_13247989168731456611.dir\stm32f4xx_it.o"
#        "C:\Users\Koche\Desktop\Work\Smart Dispenser
#        PRJ\gateway\EWARM\Gateway_407\Obj\STM32F4xx_HAL_Driver_1244631019742807970.dir\stm32f4xx_ll_dma.o"
#        "C:\Users\Koche\Desktop\Work\Smart Dispenser
#        PRJ\gateway\EWARM\Gateway_407\Obj\STM32F4xx_HAL_Driver_1244631019742807970.dir\stm32f4xx_ll_exti.o"
#        "C:\Users\Koche\Desktop\Work\Smart Dispenser
#        PRJ\gateway\EWARM\Gateway_407\Obj\STM32F4xx_HAL_Driver_1244631019742807970.dir\stm32f4xx_ll_gpio.o"
#        "C:\Users\Koche\Desktop\Work\Smart Dispenser
#        PRJ\gateway\EWARM\Gateway_407\Obj\STM32F4xx_HAL_Driver_1244631019742807970.dir\stm32f4xx_ll_rcc.o"
#        "C:\Users\Koche\Desktop\Work\Smart Dispenser
#        PRJ\gateway\EWARM\Gateway_407\Obj\STM32F4xx_HAL_Driver_1244631019742807970.dir\stm32f4xx_ll_tim.o"
#        "C:\Users\Koche\Desktop\Work\Smart Dispenser
#        PRJ\gateway\EWARM\Gateway_407\Obj\STM32F4xx_HAL_Driver_1244631019742807970.dir\stm32f4xx_ll_usart.o"
#        "C:\Users\Koche\Desktop\Work\Smart Dispenser
#        PRJ\gateway\EWARM\Gateway_407\Obj\STM32F4xx_HAL_Driver_1244631019742807970.dir\stm32f4xx_ll_usb.o"
#        "C:\Users\Koche\Desktop\Work\Smart Dispenser
#        PRJ\gateway\EWARM\Gateway_407\Obj\STM32F4xx_HAL_Driver_1244631019742807970.dir\stm32f4xx_ll_utils.o"
#        "C:\Users\Koche\Desktop\Work\Smart Dispenser
#        PRJ\gateway\EWARM\Gateway_407\Obj\portable_7947777220660125680.dir\stm32fxx_hal_eth.o"
#        "C:\Users\Koche\Desktop\Work\Smart Dispenser
#        PRJ\gateway\EWARM\Gateway_407\Obj\FreeRTOS_15068288790229095433.dir\stream_buffer.o"
#        "C:\Users\Koche\Desktop\Work\Smart Dispenser
#        PRJ\gateway\EWARM\Gateway_407\Obj\CMSIS_6603591812247902717.dir\system_stm32f4xx.o"
#        "C:\Users\Koche\Desktop\Work\Smart Dispenser
#        PRJ\gateway\EWARM\Gateway_407\Obj\FreeRTOS_15068288790229095433.dir\tasks.o"
#        "C:\Users\Koche\Desktop\Work\Smart Dispenser
#        PRJ\gateway\EWARM\Gateway_407\Obj\Core_13247989168731456611.dir\tim.o"
#        "C:\Users\Koche\Desktop\Work\Smart Dispenser
#        PRJ\gateway\EWARM\Gateway_407\Obj\FreeRTOS_15068288790229095433.dir\timers.o"
#        "C:\Users\Koche\Desktop\Work\Smart Dispenser
#        PRJ\gateway\EWARM\Gateway_407\Obj\Core_13247989168731456611.dir\usart.o"
#        "C:\Users\Koche\Desktop\Work\Smart Dispenser
#        PRJ\gateway\EWARM\Gateway_407\Obj\App_6048373297342892631.dir\usb_device.o"
#        "C:\Users\Koche\Desktop\Work\Smart Dispenser
#        PRJ\gateway\EWARM\Gateway_407\Obj\USB_Device_Library_15009154495834662892.dir\usbd_cdc.o"
#        "C:\Users\Koche\Desktop\Work\Smart Dispenser
#        PRJ\gateway\EWARM\Gateway_407\Obj\App_6048373297342892631.dir\usbd_cdc_if.o"
#        "C:\Users\Koche\Desktop\Work\Smart Dispenser
#        PRJ\gateway\EWARM\Gateway_407\Obj\Target_2794460481546860895.dir\usbd_conf.o"
#        "C:\Users\Koche\Desktop\Work\Smart Dispenser
#        PRJ\gateway\EWARM\Gateway_407\Obj\USB_Device_Library_15009154495834662892.dir\usbd_core.o"
#        "C:\Users\Koche\Desktop\Work\Smart Dispenser
#        PRJ\gateway\EWARM\Gateway_407\Obj\USB_Device_Library_15009154495834662892.dir\usbd_ctlreq.o"
#        "C:\Users\Koche\Desktop\Work\Smart Dispenser
#        PRJ\gateway\EWARM\Gateway_407\Obj\App_6048373297342892631.dir\usbd_desc.o"
#        "C:\Users\Koche\Desktop\Work\Smart Dispenser
#        PRJ\gateway\EWARM\Gateway_407\Obj\USB_Device_Library_15009154495834662892.dir\usbd_ioreq.o"
#        --no_out_extension -o "C:\Users\Koche\Desktop\Work\Smart Dispenser
#        PRJ\gateway\EWARM\Gateway_407\Exe\Gateway_407.out" --redirect
#        _Printf=_PrintfFullNoMb --redirect _Scanf=_ScanfFullNoMb --map
#        "C:\Users\Koche\Desktop\Work\Smart Dispenser
#        PRJ\gateway\EWARM\Gateway_407\List\Gateway_407.map" --config
#        "C:\Users\Koche\Desktop\Work\Smart Dispenser
#        PRJ\gateway\EWARM/stm32f407xx_flash.icf" --semihosting --entry
#        __iar_program_start --vfe --text_out locale --cpu=Cortex-M4
#        --fpu=VFPv4_sp) --dependencies=n "C:\Users\Koche\Desktop\Work\Smart
#        Dispenser PRJ\gateway\EWARM\Gateway_407\Exe\Gateway_407.out.iar_deps"
#
###############################################################################

*******************************************************************************
*** RUNTIME MODEL ATTRIBUTES
***

CppFlavor       = *
__CPP_Runtime   = 1
__SystemLibrary = DLib
__dlib_version  = 6


*******************************************************************************
*** HEAP SELECTION
***

The basic heap was selected because --advanced_heap
was not specified and the application did not appear to
be primarily optimized for speed.


*******************************************************************************
*** PLACEMENT SUMMARY
***

"A0":  place at address 0x800'0000 { ro section .intvec };
"P1":  place in [from 0x800'0000 to 0x80f'ffff] { ro };
define block CSTACK with size = 1K, alignment = 8 { };
define block HEAP with size = 512, alignment = 8 { };
"P2":  place in [from 0x2000'0000 to 0x2001'ffff] {
          rw, block CSTACK, block HEAP };
initialize by copy { rw };

  Section            Kind         Address  Alignment    Size  Object
  -------            ----         -------  ---------    ----  ------
"A0":                                                  0x188
  .intvec            ro code   0x800'0000          4   0x188  startup_stm32f407xx.o [5]
                             - 0x800'0188              0x188

"P1":                                                 0x5e79
  .text              ro code   0x800'0188          4   0xece  xprintffull_nomb.o [16]
  .text              ro code   0x800'1056          2    0x7e  lz77_init_single.o [18]
  .text              ro code   0x800'10d4          4    0x16  strchr.o [18]
  .rodata            const     0x800'10ea          2     0x2  xlocale_c.o [16]
  .text              ro code   0x800'10ec          4    0x40  xfail_s.o [16]
  .text              ro code   0x800'112c          4    0x14  strlen_small.o [18]
  .text              ro code   0x800'1140          4    0x58  memchr.o [18]
  .text              ro code   0x800'1198          4    0x18  ABImemcpy_small.o [18]
  .text              ro code   0x800'11b0          4    0x70  frexp.o [17]
  .text              ro code   0x800'1220          4    0x34  DblCmpLe.o [17]
  .text              ro code   0x800'1254          4    0x34  DblCmpGe.o [17]
  .text              ro code   0x800'1288          4   0x13a  ldexp.o [17]
  .rodata            const     0x800'13c2                0x1  xlocale_c.o [16]
  .text              ro code   0x800'13c4          4    0x36  DblToS32.o [17]
  .text              ro code   0x800'13fc          4    0x22  S32ToDbl.o [17]
  .text              ro code   0x800'1420          4   0x24e  DblAddSub.o [17]
  .text              ro code   0x800'1670          4   0x246  DblDiv.o [17]
  .text              ro code   0x800'18b8          4    0x22  DblToU32.o [17]
  .text              ro code   0x800'18dc          4    0x1c  U32ToDbl.o [17]
  .text              ro code   0x800'18f8          4   0x1aa  DblMul.o [17]
  .text              ro code   0x800'1aa4          4     0x8  xlocale_c.o [16]
  .text              ro code   0x800'1aac          4   0x106  I64DivMod_small.o [18]
  .text              ro code   0x800'1bb2          2     0x6  abort.o [16]
  .text              ro code   0x800'1bb8          4     0x2  I64DivZer.o [18]
  .text              ro code   0x800'1bbc          4    0x14  exit.o [19]
  .text              ro code   0x800'1bd0          4    0x7c  iarttio.o [19]
  .text              ro code   0x800'1c4c          4     0x8  XShttio.o [16]
  .text              ro code   0x800'1c54          4   0x9ec  stm32f4xx_ll_usb.o [11]
  .text              ro code   0x800'2640          4    0x28  stm32f4xx_hal.o [11]
  .text              ro code   0x800'2668          4     0xc  stm32f4xx_hal.o [11]
  .text              ro code   0x800'2674          4   0x990  stm32f4xx_hal_pcd.o [11]
  .text              ro code   0x800'3004          4   0x24c  usbd_conf.o [12]
  .text              ro code   0x800'3250          2     0x2  stm32f4xx_hal_pcd_ex.o [11]
  .text              ro code   0x800'3254          4   0x17c  stm32f4xx_hal_rcc.o [11]
  .text              ro code   0x800'33d0          4     0x6  ABImemclr4.o [18]
  .text              ro code   0x800'33d8          4   0x1ec  stm32f4xx_hal_gpio.o [11]
  .text              ro code   0x800'35c4          4    0x90  stm32f4xx_hal_cortex.o [11]
  .text              ro code   0x800'3654          2   0x362  usbd_core.o [13]
  .text              ro code   0x800'39b8          4    0xdc  main.o [4]
  .text              ro code   0x800'3a94          2    0x4a  stm32f4xx_hal_pcd_ex.o [11]
  .text              ro code   0x800'3ae0          4    0x60  stm32f4xx_hal_rcc.o [11]
  .text              ro code   0x800'3b40          4    0xa0  stm32f4xx_hal_timebase_tim.o [4]
  .text              ro code   0x800'3be0          4    0x32  ABImemset48.o [18]
  .text              ro code   0x800'3c14          4   0x504  usbd_ctlreq.o [13]
  .text              ro code   0x800'4118          2    0x64  usbd_ioreq.o [13]
  .text              ro code   0x800'417c          4    0x34  stm32f4xx_hal.o [11]
  .text              ro code   0x800'41b0          4   0x1fe  gpio.o [4]
  .text              ro code   0x800'43b0          4    0x64  dma.o [4]
  .text              ro code   0x800'4414          4    0x54  usb_device.o [1]
  .text              ro code   0x800'4468          4   0x138  usart.o [4]
  .text              ro code   0x800'45a0          4   0x310  stm32f4xx_hal_rcc.o [11]
  .text              ro code   0x800'48b0          4    0x10  stm32f4xx_hal.o [11]
  .text              ro code   0x800'48c0          4   0x2e0  stm32f4xx_hal_tim.o [11]
  .text              ro code   0x800'4ba0          4    0x38  stm32f4xx_hal_msp.o [4]
  .text              ro code   0x800'4bd8          4    0x12  ABImemset_small.o [18]
  .text              ro code   0x800'4bec          4    0xee  stm32f4xx_ll_gpio.o [11]
  .text              ro code   0x800'4cdc          4    0xb0  stm32f4xx_ll_exti.o [11]
  .text              ro code   0x800'4d8c          4   0x3e2  usbd_cdc.o [13]
  .text              ro code   0x800'5170          4   0x10c  stm32f4xx_ll_usart.o [11]
  .text              ro code   0x800'527c          2     0x2  stm32f4xx_hal_tim.o [11]
  .text              ro code   0x800'527e          2     0x2  stm32f4xx_hal_tim.o [11]
  .text              ro code   0x800'5280          2     0x2  stm32f4xx_hal_tim.o [11]
  .text              ro code   0x800'5282          2     0x2  stm32f4xx_hal_tim_ex.o [11]
  .text              ro code   0x800'5284          2     0x2  stm32f4xx_hal_tim.o [11]
  .text              ro code   0x800'5286          2     0x2  stm32f4xx_hal_tim_ex.o [11]
  .text              ro code   0x800'5288          2     0x2  stm32f4xx_hal_tim.o [11]
  .text              ro code   0x800'528c          4     0x6  ABImemclr.o [18]
  .text              ro code   0x800'5294          4    0xb8  stm32f4xx_ll_rcc.o [11]
  .text              ro code   0x800'534c          4   0x3d4  tasks.o [9]
  .text              ro code   0x800'5720          4    0x76  port.o [14]
  .text              ro code   0x800'5798          4   0x100  usbd_desc.o [1]
  CODE               ro code   0x800'5898          4    0xb0  portasm.o [14]
  .text              ro code   0x800'5948          4    0x9c  cli_helper.o [3]
  .text              ro code   0x800'59e4          4    0x28  printf.o [16]
  .text              ro code   0x800'5a0c          4    0x7c  NetworkInterface.o [15]
  .text              ro code   0x800'5a88          4    0x40  stm32fxx_hal_eth.o [15]
  .text              ro code   0x800'5ac8          2     0x2  stm32fxx_hal_eth.o [15]
  .text              ro code   0x800'5acc          4    0x54  usbd_cdc_if.o [1]
  .text              ro code   0x800'5b20          4    0x44  putchar.o [16]
  .text              ro code   0x800'5b64          2    0x10  write.o [19]
  .text              ro code   0x800'5b74          2    0x1e  dwrite.o [19]
  .text              ro code   0x800'5b92          2    0x20  iarwstd.o [19]
  .text              ro code   0x800'5bb2          2    0x22  iarwrite.o [19]
  .text              ro code   0x800'5bd4          2    0x38  zero_init3.o [18]
  .text              ro code   0x800'5c0c          4    0x28  data_init.o [18]
  .text              ro code   0x800'5c34          4    0x24  stm32f4xx_it.o [4]
  .text              ro code   0x800'5c58          4    0x22  fpinit_M.o [17]
  .iar.init_table    const     0x800'5c7c          4    0x20  - Linker created -
  .text              ro code   0x800'5c9c          4    0x20  system_stm32f4xx.o [2]
  .text              ro code   0x800'5cbc          4    0x1e  cmain.o [18]
  .text              ro code   0x800'5cda          2     0x4  low_level_init.o [16]
  .text              ro code   0x800'5cde          2     0x4  exit.o [16]
  .text              ro code   0x800'5ce4          4     0xa  cexit.o [18]
  .text              ro code   0x800'5cf0          4    0x1c  cstartup_M.o [18]
  .text              ro code   0x800'5d0c          2    0x16  xprout.o [16]
  .text              ro code   0x800'5d24          4    0x10  startup_stm32f407xx.o [5]
  .rodata            const     0x800'5d34          4     0x8  system_stm32f4xx.o [2]
  .text              ro code   0x800'5d3c          2     0x4  startup_stm32f407xx.o [5]
  .text              ro code   0x800'5d40          2     0x4  startup_stm32f407xx.o [5]
  .text              ro code   0x800'5d44          2     0x4  startup_stm32f407xx.o [5]
  .text              ro code   0x800'5d48          2     0x4  startup_stm32f407xx.o [5]
  .text              ro code   0x800'5d4c          2     0x4  startup_stm32f407xx.o [5]
  .text              ro code   0x800'5d50          2     0x4  startup_stm32f407xx.o [5]
  .text              ro code   0x800'5d54          2     0x4  startup_stm32f407xx.o [5]
  .text              ro code   0x800'5d58          2     0x4  startup_stm32f407xx.o [5]
  .text              ro code   0x800'5d5c          2     0x4  startup_stm32f407xx.o [5]
  .text              ro code   0x800'5d60          2     0x4  startup_stm32f407xx.o [5]
  .text              ro code   0x800'5d64          2     0x4  startup_stm32f407xx.o [5]
  .text              ro code   0x800'5d68          2     0x4  startup_stm32f407xx.o [5]
  .text              ro code   0x800'5d6c          2     0x4  startup_stm32f407xx.o [5]
  .text              ro code   0x800'5d70          2     0x4  startup_stm32f407xx.o [5]
  .text              ro code   0x800'5d74          2     0x4  startup_stm32f407xx.o [5]
  .text              ro code   0x800'5d78          2     0x4  startup_stm32f407xx.o [5]
  .text              ro code   0x800'5d7c          2     0x4  startup_stm32f407xx.o [5]
  .text              ro code   0x800'5d80          2     0x4  startup_stm32f407xx.o [5]
  .text              ro code   0x800'5d84          2     0x4  startup_stm32f407xx.o [5]
  .text              ro code   0x800'5d88          2     0x4  startup_stm32f407xx.o [5]
  .text              ro code   0x800'5d8c          2     0x4  startup_stm32f407xx.o [5]
  .text              ro code   0x800'5d90          2     0x4  startup_stm32f407xx.o [5]
  .text              ro code   0x800'5d94          2     0x4  startup_stm32f407xx.o [5]
  .text              ro code   0x800'5d98          2     0x4  startup_stm32f407xx.o [5]
  .text              ro code   0x800'5d9c          2     0x4  startup_stm32f407xx.o [5]
  .text              ro code   0x800'5da0          2     0x4  startup_stm32f407xx.o [5]
  .text              ro code   0x800'5da4          2     0x4  startup_stm32f407xx.o [5]
  .text              ro code   0x800'5da8          2     0x4  startup_stm32f407xx.o [5]
  .text              ro code   0x800'5dac          2     0x4  startup_stm32f407xx.o [5]
  .text              ro code   0x800'5db0          2     0x4  startup_stm32f407xx.o [5]
  .text              ro code   0x800'5db4          2     0x4  startup_stm32f407xx.o [5]
  .text              ro code   0x800'5db8          2     0x4  startup_stm32f407xx.o [5]
  .text              ro code   0x800'5dbc          2     0x4  startup_stm32f407xx.o [5]
  .text              ro code   0x800'5dc0          2     0x4  startup_stm32f407xx.o [5]
  .text              ro code   0x800'5dc4          2     0x4  startup_stm32f407xx.o [5]
  .text              ro code   0x800'5dc8          2     0x4  startup_stm32f407xx.o [5]
  .text              ro code   0x800'5dcc          2     0x4  startup_stm32f407xx.o [5]
  .text              ro code   0x800'5dd0          2     0x4  startup_stm32f407xx.o [5]
  .text              ro code   0x800'5dd4          2     0x4  startup_stm32f407xx.o [5]
  .text              ro code   0x800'5dd8          2     0x4  startup_stm32f407xx.o [5]
  .text              ro code   0x800'5ddc          2     0x4  startup_stm32f407xx.o [5]
  .text              ro code   0x800'5de0          2     0x4  startup_stm32f407xx.o [5]
  .text              ro code   0x800'5de4          2     0x4  startup_stm32f407xx.o [5]
  .text              ro code   0x800'5de8          2     0x4  startup_stm32f407xx.o [5]
  .text              ro code   0x800'5dec          2     0x4  startup_stm32f407xx.o [5]
  .text              ro code   0x800'5df0          2     0x4  startup_stm32f407xx.o [5]
  .text              ro code   0x800'5df4          2     0x4  startup_stm32f407xx.o [5]
  .text              ro code   0x800'5df8          2     0x4  startup_stm32f407xx.o [5]
  .text              ro code   0x800'5dfc          2     0x4  startup_stm32f407xx.o [5]
  .text              ro code   0x800'5e00          2     0x4  startup_stm32f407xx.o [5]
  .text              ro code   0x800'5e04          2     0x4  startup_stm32f407xx.o [5]
  .text              ro code   0x800'5e08          2     0x4  startup_stm32f407xx.o [5]
  .text              ro code   0x800'5e0c          2     0x4  startup_stm32f407xx.o [5]
  .text              ro code   0x800'5e10          2     0x4  startup_stm32f407xx.o [5]
  .text              ro code   0x800'5e14          2     0x4  startup_stm32f407xx.o [5]
  .text              ro code   0x800'5e18          2     0x4  startup_stm32f407xx.o [5]
  .text              ro code   0x800'5e1c          2     0x4  startup_stm32f407xx.o [5]
  .text              ro code   0x800'5e20          2     0x4  startup_stm32f407xx.o [5]
  .text              ro code   0x800'5e24          2     0x4  startup_stm32f407xx.o [5]
  .text              ro code   0x800'5e28          2     0x4  startup_stm32f407xx.o [5]
  .text              ro code   0x800'5e2c          2     0x4  startup_stm32f407xx.o [5]
  .text              ro code   0x800'5e30          2     0x4  startup_stm32f407xx.o [5]
  .text              ro code   0x800'5e34          2     0x4  startup_stm32f407xx.o [5]
  .text              ro code   0x800'5e38          2     0x4  startup_stm32f407xx.o [5]
  .text              ro code   0x800'5e3c          2     0x4  startup_stm32f407xx.o [5]
  .text              ro code   0x800'5e40          2     0x4  startup_stm32f407xx.o [5]
  .text              ro code   0x800'5e44          2     0x4  startup_stm32f407xx.o [5]
  .text              ro code   0x800'5e48          2     0x4  startup_stm32f407xx.o [5]
  .text              ro code   0x800'5e4c          2     0x4  startup_stm32f407xx.o [5]
  .text              ro code   0x800'5e50          2     0x4  startup_stm32f407xx.o [5]
  .text              ro code   0x800'5e54          2     0x4  startup_stm32f407xx.o [5]
  .text              ro code   0x800'5e58          2     0x4  startup_stm32f407xx.o [5]
  .text              ro code   0x800'5e5c          2     0x4  startup_stm32f407xx.o [5]
  .text              ro code   0x800'5e60          2     0x4  startup_stm32f407xx.o [5]
  .text              ro code   0x800'5e64          2     0x4  startup_stm32f407xx.o [5]
  .text              ro code   0x800'5e68          2     0x4  startup_stm32f407xx.o [5]
  .rodata            const     0x800'5e6c                0x0  zero_init3.o [18]
  .rodata            const     0x800'5e6c                0x0  lz77_init_single.o [18]
  Initializer bytes  const     0x800'5e6c              0x195  <for P2-1>
                             - 0x800'6001             0x5e79

"P2", part 1 of 3:                                    0x3288
  P2-1                        0x2000'0000             0x3288  <Init block>
    .data            inited   0x2000'0000          4  0x3054  NetworkInterface.o [15]
    .data            inited   0x2000'3054          4     0xc  port.o [14]
    .data            inited   0x2000'3060          4     0xc  stm32f4xx_hal.o [11]
    .data            inited   0x2000'306c          4     0x4  system_stm32f4xx.o [2]
    .data            inited   0x2000'3070          4    0xa4  tasks.o [9]
    .data            inited   0x2000'3114          4     0xc  usbd_cdc.o [13]
    .data            inited   0x2000'3120          4    0x38  usbd_cdc.o [13]
    .data            inited   0x2000'3158          4    0x44  usbd_cdc.o [13]
    .data            inited   0x2000'319c          4    0x14  usbd_cdc_if.o [1]
    .data            inited   0x2000'31b0          4    0x1c  usbd_desc.o [1]
    .data            inited   0x2000'31cc          4    0x14  usbd_desc.o [1]
    .data            inited   0x2000'31e0          4     0x4  usbd_desc.o [1]
    .data            inited   0x2000'31e4          4    0x1c  usbd_desc.o [1]
    .data            inited   0x2000'3200          4    0x38  xlocale_c.o [16]
    .data            inited   0x2000'3238          4    0x48  xfiles.o [16]
    .data            inited   0x2000'3280          4     0x8  XShttio.o [16]
                            - 0x2000'3288             0x3288

"P2", part 2 of 3:                                    0x2750
  .bss               zero     0x2000'3288          4  0x1000  usbd_cdc_if.o [1]
  .bss               zero     0x2000'4288          4   0x65c  cli.o [3]
  .bss               zero     0x2000'48e4          4   0x4e4  usbd_conf.o [12]
  .bss               zero     0x2000'4dc8          4   0x300  cli.o [3]
  .bss               zero     0x2000'50c8          4   0x2dc  usb_device.o [1]
  .bss               zero     0x2000'53a4          4   0x220  usbd_conf.o [12]
  .bss               zero     0x2000'55c4          4   0x200  usbd_desc.o [1]
  .bss               zero     0x2000'57c4          4   0x12c  tasks.o [9]
  .bss               zero     0x2000'58f0          4    0x50  xfiles.o [16]
  .bss               zero     0x2000'5940          4    0x48  NetworkInterface.o [15]
  .bss               zero     0x2000'5988          4    0x48  stm32f4xx_hal_timebase_tim.o [4]
  .bss               zero     0x2000'59d0          4     0x4  xfail_s.o [16]
  .bss               zero     0x2000'59d4                0x1  cli_helper.o [3]
  .bss               zero     0x2000'59d5                0x1  usbd_ctlreq.o [13]
                            - 0x2000'59d6             0x274e

"P2", part 3 of 3:                                     0x400
  CSTACK                      0x2000'59d8          8   0x400  <Block>
    CSTACK           uninit   0x2000'59d8              0x400  <Block tail>
                            - 0x2000'5dd8              0x400

Unused ranges:

         From           To      Size
         ----           --      ----
   0x800'6001   0x80f'ffff  0xf'9fff
  0x2000'5dd8  0x2001'ffff  0x1'a228


*******************************************************************************
*** INIT TABLE
***

          Address      Size
          -------      ----
Zero (__iar_zero_init3)
    1 destination range, total size 0x274e:
          0x2000'3288  0x274e

Copy/lz77 (__iar_lz77_init_single3)
    1 source range, total size 0x195 (3% of destination):
           0x800'5e6c   0x195
    1 destination range, total size 0x3288:
          0x2000'0000  0x3288



*******************************************************************************
*** MODULE SUMMARY
***

    Module                        ro code  ro data  rw data
    ------                        -------  -------  -------
command line/config:
    -------------------------------------------------------
    Total:

C:\Users\Koche\Desktop\Work\Smart Dispenser PRJ\gateway\EWARM\Gateway_407\Obj\App_6048373297342892631.dir: [1]
    usb_device.o                       84               732
    usbd_cdc_if.o                      84        1    4'116
    usbd_desc.o                       256        2      592
    -------------------------------------------------------
    Total:                            424        3    5'440

C:\Users\Koche\Desktop\Work\Smart Dispenser PRJ\gateway\EWARM\Gateway_407\Obj\CMSIS_6603591812247902717.dir: [2]
    system_stm32f4xx.o                 32        8        4
    -------------------------------------------------------
    Total:                             32        8        4

C:\Users\Koche\Desktop\Work\Smart Dispenser PRJ\gateway\EWARM\Gateway_407\Obj\Cli_11707894225168942927.dir: [3]
    cli.o                                             2'396
    cli_helper.o                      156                 1
    -------------------------------------------------------
    Total:                            156             2'397

C:\Users\Koche\Desktop\Work\Smart Dispenser PRJ\gateway\EWARM\Gateway_407\Obj\Core_13247989168731456611.dir: [4]
    dma.o                             100
    gpio.o                            510
    main.o                            220
    stm32f4xx_hal_msp.o                56
    stm32f4xx_hal_timebase_tim.o      160                72
    stm32f4xx_it.o                     36
    usart.o                           312
    -------------------------------------------------------
    Total:                          1'394                72

C:\Users\Koche\Desktop\Work\Smart Dispenser PRJ\gateway\EWARM\Gateway_407\Obj\EWARM_18443280873093131863.dir: [5]
    startup_stm32f407xx.o             712
    -------------------------------------------------------
    Total:                            712

C:\Users\Koche\Desktop\Work\Smart Dispenser PRJ\gateway\EWARM\Gateway_407\Obj\Ethernet_5605320102233052314.dir: [6]
    -------------------------------------------------------
    Total:

C:\Users\Koche\Desktop\Work\Smart Dispenser PRJ\gateway\EWARM\Gateway_407\Obj\FreeRTOS-Plu-Cli_11501085631675054166.dir: [7]
    -------------------------------------------------------
    Total:

C:\Users\Koche\Desktop\Work\Smart Dispenser PRJ\gateway\EWARM\Gateway_407\Obj\FreeRTOS-Plus-TCP_16686340316780321206.dir: [8]
    -------------------------------------------------------
    Total:

C:\Users\Koche\Desktop\Work\Smart Dispenser PRJ\gateway\EWARM\Gateway_407\Obj\FreeRTOS_15068288790229095433.dir: [9]
    tasks.o                           980        5      464
    -------------------------------------------------------
    Total:                            980        5      464

C:\Users\Koche\Desktop\Work\Smart Dispenser PRJ\gateway\EWARM\Gateway_407\Obj\Qr_16551614283803889394.dir: [10]
    -------------------------------------------------------
    Total:

C:\Users\Koche\Desktop\Work\Smart Dispenser PRJ\gateway\EWARM\Gateway_407\Obj\STM32F4xx_HAL_Driver_1244631019742807970.dir: [11]
    stm32f4xx_hal.o                   120        1       12
    stm32f4xx_hal_cortex.o            144
    stm32f4xx_hal_gpio.o              492
    stm32f4xx_hal_pcd.o             2'448
    stm32f4xx_hal_pcd_ex.o             76
    stm32f4xx_hal_rcc.o             1'260
    stm32f4xx_hal_tim.o               746
    stm32f4xx_hal_tim_ex.o              4
    stm32f4xx_ll_exti.o               176
    stm32f4xx_ll_gpio.o               238
    stm32f4xx_ll_rcc.o                184
    stm32f4xx_ll_usart.o              268
    stm32f4xx_ll_usb.o              2'540
    -------------------------------------------------------
    Total:                          8'696        1       12

C:\Users\Koche\Desktop\Work\Smart Dispenser PRJ\gateway\EWARM\Gateway_407\Obj\Target_2794460481546860895.dir: [12]
    usbd_conf.o                       588             1'796
    -------------------------------------------------------
    Total:                            588             1'796

C:\Users\Koche\Desktop\Work\Smart Dispenser PRJ\gateway\EWARM\Gateway_407\Obj\USB_Device_Library_15009154495834662892.dir: [13]
    usbd_cdc.o                        994        4      136
    usbd_core.o                       866
    usbd_ctlreq.o                   1'284                 1
    usbd_ioreq.o                      100
    -------------------------------------------------------
    Total:                          3'244        4      137

C:\Users\Koche\Desktop\Work\Smart Dispenser PRJ\gateway\EWARM\Gateway_407\Obj\portable_15954926109208205999.dir: [14]
    port.o                            118                12
    portasm.o                         176
    -------------------------------------------------------
    Total:                            294                12

C:\Users\Koche\Desktop\Work\Smart Dispenser PRJ\gateway\EWARM\Gateway_407\Obj\portable_7947777220660125680.dir: [15]
    NetworkInterface.o                124      387   12'444
    stm32fxx_hal_eth.o                 66
    -------------------------------------------------------
    Total:                            190      387   12'444

dl7M_tlf.a: [16]
    XShttio.o                           8                 8
    abort.o                             6
    exit.o                              4
    low_level_init.o                    4
    printf.o                           40
    putchar.o                          68
    xfail_s.o                          64                 4
    xfiles.o                                     2      152
    xlocale_c.o                         8        5       56
    xprintffull_nomb.o              3'790
    xprout.o                           22
    -------------------------------------------------------
    Total:                          4'014        7      220

m7M_tls.a: [17]
    DblAddSub.o                       590
    DblCmpGe.o                         52
    DblCmpLe.o                         52
    DblDiv.o                          582
    DblMul.o                          426
    DblToS32.o                         54
    DblToU32.o                         34
    S32ToDbl.o                         34
    U32ToDbl.o                         28
    fpinit_M.o                         34
    frexp.o                           112
    ldexp.o                           314
    -------------------------------------------------------
    Total:                          2'312

rt7M_tl.a: [18]
    ABImemclr.o                         6
    ABImemclr4.o                        6
    ABImemcpy_small.o                  24
    ABImemset48.o                      50
    ABImemset_small.o                  18
    I64DivMod_small.o                 262
    I64DivZer.o                         2
    cexit.o                            10
    cmain.o                            30
    cstartup_M.o                       28
    data_init.o                        40
    lz77_init_single.o                126
    memchr.o                           88
    strchr.o                           22
    strlen_small.o                     20
    zero_init3.o                       56
    -------------------------------------------------------
    Total:                            788

shb_l.a: [19]
    dwrite.o                           30
    exit.o                             20
    iarttio.o                         124
    iarwrite.o                         34
    iarwstd.o                          32
    write.o                            16
    -------------------------------------------------------
    Total:                            256

    Gaps                               47        2
    Linker created                              33    1'024
-----------------------------------------------------------
    Grand Total:                   24'127      450   24'022


*******************************************************************************
*** ENTRY LIST
***

Entry                       Address    Size  Type      Object
-----                       -------    ----  ----      ------
.iar.init_table$$Base    0x800'5c7c           --   Gb  - Linker created -
.iar.init_table$$Limit   0x800'5c9c           --   Gb  - Linker created -
?main                    0x800'5cbd          Code  Gb  cmain.o [18]
ADC_IRQHandler           0x800'5d85          Code  Wk  startup_stm32f407xx.o [5]
AHBPrescTable            0x800'5cac    0x10  Data  Gb  system_stm32f4xx.o [2]
APBPrescTable            0x800'5d34     0x8  Data  Gb  system_stm32f4xx.o [2]
BusFault_Handler         0x800'5c3b     0x2  Code  Gb  stm32f4xx_it.o [4]
CAN1_RX0_IRQHandler      0x800'5d8d          Code  Wk  startup_stm32f407xx.o [5]
CAN1_RX1_IRQHandler      0x800'5d91          Code  Wk  startup_stm32f407xx.o [5]
CAN1_SCE_IRQHandler      0x800'5d95          Code  Wk  startup_stm32f407xx.o [5]
CAN1_TX_IRQHandler       0x800'5d89          Code  Wk  startup_stm32f407xx.o [5]
CAN2_RX0_IRQHandler      0x800'5e2d          Code  Wk  startup_stm32f407xx.o [5]
CAN2_RX1_IRQHandler      0x800'5e31          Code  Wk  startup_stm32f407xx.o [5]
CAN2_SCE_IRQHandler      0x800'5e35          Code  Wk  startup_stm32f407xx.o [5]
CAN2_TX_IRQHandler       0x800'5e29          Code  Wk  startup_stm32f407xx.o [5]
CDC_Control_FS           0x800'5aef     0x4  Code  Lc  usbd_cdc_if.o [1]
CDC_DeInit_FS            0x800'5aeb     0x4  Code  Lc  usbd_cdc_if.o [1]
CDC_Init_FS              0x800'5acd    0x1e  Code  Lc  usbd_cdc_if.o [1]
CDC_ReceiveData          0x800'59b1    0x1a  Code  Gb  cli_helper.o [3]
CDC_Receive_FS           0x800'5af3    0x20  Code  Lc  usbd_cdc_if.o [1]
CDC_TransmitCplt_FS      0x800'5b1d     0x4  Code  Lc  usbd_cdc_if.o [1]
CLI_USB_Receive_Char     0x800'5949    0x58  Code  Gb  cli_helper.o [3]
CSTACK$$Base            0x2000'59d8           --   Gb  - Linker created -
CSTACK$$Limit           0x2000'5dd8           --   Gb  - Linker created -
DCMI_IRQHandler          0x800'5e61          Code  Wk  startup_stm32f407xx.o [5]
DMA1_Stream0_IRQHandler
                         0x800'5d69          Code  Wk  startup_stm32f407xx.o [5]
DMA1_Stream1_IRQHandler
                         0x800'5d6d          Code  Wk  startup_stm32f407xx.o [5]
DMA1_Stream2_IRQHandler
                         0x800'5d71          Code  Wk  startup_stm32f407xx.o [5]
DMA1_Stream3_IRQHandler
                         0x800'5d75          Code  Wk  startup_stm32f407xx.o [5]
DMA1_Stream4_IRQHandler
                         0x800'5d79          Code  Wk  startup_stm32f407xx.o [5]
DMA1_Stream5_IRQHandler
                         0x800'5d7d          Code  Wk  startup_stm32f407xx.o [5]
DMA1_Stream6_IRQHandler
                         0x800'5d81          Code  Wk  startup_stm32f407xx.o [5]
DMA1_Stream7_IRQHandler
                         0x800'5df5          Code  Wk  startup_stm32f407xx.o [5]
DMA2_Stream0_IRQHandler
                         0x800'5e15          Code  Wk  startup_stm32f407xx.o [5]
DMA2_Stream1_IRQHandler
                         0x800'5e19          Code  Wk  startup_stm32f407xx.o [5]
DMA2_Stream2_IRQHandler
                         0x800'5c49     0x2  Code  Gb  stm32f4xx_it.o [4]
DMA2_Stream3_IRQHandler
                         0x800'5e1d          Code  Wk  startup_stm32f407xx.o [5]
DMA2_Stream4_IRQHandler
                         0x800'5e21          Code  Wk  startup_stm32f407xx.o [5]
DMA2_Stream5_IRQHandler
                         0x800'5e39          Code  Wk  startup_stm32f407xx.o [5]
DMA2_Stream6_IRQHandler
                         0x800'5e3d          Code  Wk  startup_stm32f407xx.o [5]
DMA2_Stream7_IRQHandler
                         0x800'5e41          Code  Wk  startup_stm32f407xx.o [5]
DMATxDescToClear        0x2000'0044     0x4  Data  Lc  NetworkInterface.o [15]
DebugMon_Handler         0x800'5c3f     0x2  Code  Gb  stm32f4xx_it.o [4]
ETH_IRQHandler           0x800'5a75     0x6  Code  Gb  NetworkInterface.o [15]
ETH_WKUP_IRQHandler      0x800'5e25          Code  Wk  startup_stm32f407xx.o [5]
EXTI0_IRQHandler         0x800'5d55          Code  Wk  startup_stm32f407xx.o [5]
EXTI15_10_IRQHandler     0x800'5dd9          Code  Wk  startup_stm32f407xx.o [5]
EXTI1_IRQHandler         0x800'5d59          Code  Wk  startup_stm32f407xx.o [5]
EXTI2_IRQHandler         0x800'5d5d          Code  Wk  startup_stm32f407xx.o [5]
EXTI3_IRQHandler         0x800'5d61          Code  Wk  startup_stm32f407xx.o [5]
EXTI4_IRQHandler         0x800'5d65          Code  Wk  startup_stm32f407xx.o [5]
EXTI9_5_IRQHandler       0x800'5d99          Code  Wk  startup_stm32f407xx.o [5]
Error_Handler            0x800'3a91     0x4  Code  Gb  main.o [4]
FLASH_IRQHandler         0x800'5d4d          Code  Wk  startup_stm32f407xx.o [5]
FPU_IRQHandler           0x800'5e69          Code  Wk  startup_stm32f407xx.o [5]
FSMC_IRQHandler          0x800'5df9          Code  Wk  startup_stm32f407xx.o [5]
FS_Desc                 0x2000'31b0    0x1c  Data  Gb  usbd_desc.o [1]
HAL_Delay                0x800'2641    0x28  Code  Wk  stm32f4xx_hal.o [11]
HAL_ETH_ErrorCallback    0x800'5ac9     0x2  Code  Wk  stm32fxx_hal_eth.o [15]
HAL_ETH_IRQHandler       0x800'5a89    0x3a  Code  Gb  stm32fxx_hal_eth.o [15]
HAL_ETH_RxCpltCallback   0x800'5a0d    0x1e  Code  Gb  NetworkInterface.o [15]
HAL_ETH_TxCpltCallback   0x800'5a3f    0x1e  Code  Gb  NetworkInterface.o [15]
HAL_GPIO_Init            0x800'33d9   0x1be  Code  Gb  stm32f4xx_hal_gpio.o [11]
HAL_GetTick              0x800'2669     0xc  Code  Wk  stm32f4xx_hal.o [11]
HAL_IncTick              0x800'48b1    0x10  Code  Wk  stm32f4xx_hal.o [11]
HAL_Init                 0x800'417d    0x30  Code  Gb  stm32f4xx_hal.o [11]
HAL_InitTick             0x800'3b41    0x8a  Code  Gb  stm32f4xx_hal_timebase_tim.o [4]
HAL_MspInit              0x800'4ba1    0x38  Code  Gb  stm32f4xx_hal_msp.o [4]
HAL_NVIC_EnableIRQ       0x800'362d    0x16  Code  Gb  stm32f4xx_hal_cortex.o [11]
HAL_NVIC_SetPriority     0x800'35f3    0x3a  Code  Gb  stm32f4xx_hal_cortex.o [11]
HAL_NVIC_SetPriorityGrouping
                         0x800'35df    0x14  Code  Gb  stm32f4xx_hal_cortex.o [11]
HAL_PCDEx_LPM_Callback   0x800'3251     0x2  Code  Wk  stm32f4xx_hal_pcd_ex.o [11]
HAL_PCDEx_SetRxFiFo      0x800'3ad7     0x8  Code  Gb  stm32f4xx_hal_pcd_ex.o [11]
HAL_PCDEx_SetTxFiFo      0x800'3a95    0x42  Code  Gb  stm32f4xx_hal_pcd_ex.o [11]
HAL_PCD_ConnectCallback
                         0x800'3129     0x8  Code  Gb  usbd_conf.o [12]
HAL_PCD_DataInStageCallback
                         0x800'30a1    0x12  Code  Gb  usbd_conf.o [12]
HAL_PCD_DataOutStageCallback
                         0x800'308d    0x14  Code  Gb  usbd_conf.o [12]
HAL_PCD_DisconnectCallback
                         0x800'3131     0x8  Code  Gb  usbd_conf.o [12]
HAL_PCD_EP_Abort         0x800'2fe9    0x1c  Code  Gb  stm32f4xx_hal_pcd.o [11]
HAL_PCD_EP_Close         0x800'2e8d    0x20  Code  Gb  stm32f4xx_hal_pcd.o [11]
HAL_PCD_EP_ClrStall      0x800'2f85    0x2e  Code  Gb  stm32f4xx_hal_pcd.o [11]
HAL_PCD_EP_GetRxCount    0x800'2ec9    0x10  Code  Gb  stm32f4xx_hal_pcd.o [11]
HAL_PCD_EP_Open          0x800'2e33    0x5a  Code  Gb  stm32f4xx_hal_pcd.o [11]
HAL_PCD_EP_Receive       0x800'2ead    0x1c  Code  Gb  stm32f4xx_hal_pcd.o [11]
HAL_PCD_EP_SetStall      0x800'2f1b    0x62  Code  Gb  stm32f4xx_hal_pcd.o [11]
HAL_PCD_EP_Transmit      0x800'2ed9    0x18  Code  Gb  stm32f4xx_hal_pcd.o [11]
HAL_PCD_IRQHandler       0x800'275f   0x66e  Code  Gb  stm32f4xx_hal_pcd.o [11]
HAL_PCD_ISOINIncompleteCallback
                         0x800'3121     0x8  Code  Gb  usbd_conf.o [12]
HAL_PCD_ISOOUTIncompleteCallback
                         0x800'3119     0x8  Code  Gb  usbd_conf.o [12]
HAL_PCD_Init             0x800'2675    0xc2  Code  Gb  stm32f4xx_hal_pcd.o [11]
HAL_PCD_MspInit          0x800'3005    0x7c  Code  Gb  usbd_conf.o [12]
HAL_PCD_ResetCallback    0x800'30bb    0x2c  Code  Gb  usbd_conf.o [12]
HAL_PCD_ResumeCallback   0x800'3111     0x8  Code  Gb  usbd_conf.o [12]
HAL_PCD_SOFCallback      0x800'30b3     0x8  Code  Gb  usbd_conf.o [12]
HAL_PCD_SetAddress       0x800'2e13    0x20  Code  Gb  stm32f4xx_hal_pcd.o [11]
HAL_PCD_SetupStageCallback
                         0x800'3081     0xc  Code  Gb  usbd_conf.o [12]
HAL_PCD_Start            0x800'2741    0x1e  Code  Gb  stm32f4xx_hal_pcd.o [11]
HAL_PCD_SuspendCallback
                         0x800'30e7    0x2a  Code  Gb  usbd_conf.o [12]
HAL_RCC_ClockConfig      0x800'3255   0x100  Code  Gb  stm32f4xx_hal_rcc.o [11]
HAL_RCC_GetClockConfig   0x800'337d    0x36  Code  Gb  stm32f4xx_hal_rcc.o [11]
HAL_RCC_GetHCLKFreq      0x800'3361     0x6  Code  Gb  stm32f4xx_hal_rcc.o [11]
HAL_RCC_GetPCLK1Freq     0x800'3367    0x10  Code  Gb  stm32f4xx_hal_rcc.o [11]
HAL_RCC_GetSysClockFreq
                         0x800'3ae1    0x60  Code  Wk  stm32f4xx_hal_rcc.o [11]
HAL_RCC_OscConfig        0x800'45a1   0x310  Code  Wk  stm32f4xx_hal_rcc.o [11]
HAL_TIMEx_BreakCallback
                         0x800'5283     0x2  Code  Wk  stm32f4xx_hal_tim_ex.o [11]
HAL_TIMEx_CommutCallback
                         0x800'5287     0x2  Code  Wk  stm32f4xx_hal_tim_ex.o [11]
HAL_TIM_Base_Init        0x800'48c1    0x1a  Code  Gb  stm32f4xx_hal_tim.o [11]
HAL_TIM_Base_MspInit     0x800'527d     0x2  Code  Wk  stm32f4xx_hal_tim.o [11]
HAL_TIM_Base_Start_IT    0x800'48db    0x76  Code  Gb  stm32f4xx_hal_tim.o [11]
HAL_TIM_IC_CaptureCallback
                         0x800'527f     0x2  Code  Wk  stm32f4xx_hal_tim.o [11]
HAL_TIM_IRQHandler       0x800'49a5   0x12a  Code  Gb  stm32f4xx_hal_tim.o [11]
HAL_TIM_OC_DelayElapsedCallback
                         0x800'5281     0x2  Code  Wk  stm32f4xx_hal_tim.o [11]
HAL_TIM_PWM_PulseFinishedCallback
                         0x800'5289     0x2  Code  Wk  stm32f4xx_hal_tim.o [11]
HAL_TIM_PeriodElapsedCallback
                         0x800'3a75     0xe  Code  Gb  main.o [4]
HAL_TIM_TriggerCallback
                         0x800'5285     0x2  Code  Wk  stm32f4xx_hal_tim.o [11]
HASH_RNG_IRQHandler      0x800'5e65          Code  Wk  startup_stm32f407xx.o [5]
HardFault_Handler        0x800'5c37     0x2  Code  Gb  stm32f4xx_it.o [4]
I2C1_ER_IRQHandler       0x800'5dbd          Code  Wk  startup_stm32f407xx.o [5]
I2C1_EV_IRQHandler       0x800'5db9          Code  Wk  startup_stm32f407xx.o [5]
I2C2_ER_IRQHandler       0x800'5dc5          Code  Wk  startup_stm32f407xx.o [5]
I2C2_EV_IRQHandler       0x800'5dc1          Code  Wk  startup_stm32f407xx.o [5]
I2C3_ER_IRQHandler       0x800'5e4d          Code  Wk  startup_stm32f407xx.o [5]
I2C3_EV_IRQHandler       0x800'5e49          Code  Wk  startup_stm32f407xx.o [5]
IntToUnicode             0x800'5829    0x26  Code  Lc  usbd_desc.o [1]
LL_AHB1_GRP1_EnableClock
                         0x800'4207    0x16  Code  Lc  gpio.o [4]
LL_EXTI_Init             0x800'4cdd    0xaa  Code  Gb  stm32f4xx_ll_exti.o [11]
LL_GPIO_Init             0x800'4bed    0xee  Code  Gb  stm32f4xx_ll_gpio.o [11]
LL_GPIO_SetPinMode       0x800'41cf    0x10  Code  Lc  gpio.o [4]
LL_GPIO_SetPinPull       0x800'41e9    0x10  Code  Lc  gpio.o [4]
LL_RCC_GetSystemClocksFreq
                         0x800'5295    0x20  Code  Gb  stm32f4xx_ll_rcc.o [11]
LL_SYSCFG_SetEXTISource
                         0x800'41b1    0x1e  Code  Lc  gpio.o [4]
LL_USART_Init            0x800'5171    0xe2  Code  Gb  stm32f4xx_ll_usart.o [11]
MX_DMA_Init              0x800'43b1    0x64  Code  Gb  dma.o [4]
MX_GPIO_Init             0x800'421d   0x152  Code  Gb  gpio.o [4]
MX_USART1_UART_Init      0x800'4469   0x138  Code  Gb  usart.o [4]
MX_USB_DEVICE_Init       0x800'4415    0x54  Code  Gb  usb_device.o [1]
MemManage_Handler        0x800'5c39     0x2  Code  Gb  stm32f4xx_it.o [4]
NMI_Handler              0x800'5c35     0x2  Code  Gb  stm32f4xx_it.o [4]
OTG_FS_IRQHandler        0x800'5c4b     0x6  Code  Gb  stm32f4xx_it.o [4]
OTG_FS_WKUP_IRQHandler   0x800'5de1          Code  Wk  startup_stm32f407xx.o [5]
OTG_HS_EP1_IN_IRQHandler
                         0x800'5e55          Code  Wk  startup_stm32f407xx.o [5]
OTG_HS_EP1_OUT_IRQHandler
                         0x800'5e51          Code  Wk  startup_stm32f407xx.o [5]
OTG_HS_IRQHandler        0x800'5e5d          Code  Wk  startup_stm32f407xx.o [5]
OTG_HS_WKUP_IRQHandler   0x800'5e59          Code  Wk  startup_stm32f407xx.o [5]
PVD_IRQHandler           0x800'5d41          Code  Wk  startup_stm32f407xx.o [5]
PendSV_Handler           0x800'5899          Code  Gb  portasm.o [14]
RCC_GetHCLKClockFreq     0x800'52d1     0xc  Code  Gb  stm32f4xx_ll_rcc.o [11]
RCC_GetPCLK1ClockFreq    0x800'52dd     0xa  Code  Gb  stm32f4xx_ll_rcc.o [11]
RCC_GetPCLK2ClockFreq    0x800'52ed     0xc  Code  Gb  stm32f4xx_ll_rcc.o [11]
RCC_GetSystemClockFreq   0x800'52b5    0x1c  Code  Gb  stm32f4xx_ll_rcc.o [11]
RCC_IRQHandler           0x800'5d51          Code  Wk  startup_stm32f407xx.o [5]
RCC_PLL_GetFreqDomain_SYS
                         0x800'52f9    0x3c  Code  Gb  stm32f4xx_ll_rcc.o [11]
RTC_Alarm_IRQHandler     0x800'5ddd          Code  Wk  startup_stm32f407xx.o [5]
RTC_WKUP_IRQHandler      0x800'5d49          Code  Wk  startup_stm32f407xx.o [5]
Region$$Table$$Base      0x800'5c7c           --   Gb  - Linker created -
Region$$Table$$Limit     0x800'5c9c           --   Gb  - Linker created -
Reset_Handler            0x800'5d25          Code  Wk  startup_stm32f407xx.o [5]
Rx_Buff                 0x2000'0054  0x1800  Data  Gb  NetworkInterface.o [15]
SDIO_IRQHandler          0x800'5dfd          Code  Wk  startup_stm32f407xx.o [5]
SPI1_IRQHandler          0x800'5dc9          Code  Wk  startup_stm32f407xx.o [5]
SPI2_IRQHandler          0x800'5dcd          Code  Wk  startup_stm32f407xx.o [5]
SPI3_IRQHandler          0x800'5e05          Code  Wk  startup_stm32f407xx.o [5]
SVC_Handler              0x800'58f1          Code  Gb  portasm.o [14]
SWAPBYTE                 0x800'3c15     0xa  Code  Lc  usbd_ctlreq.o [13]
SysTick_Handler          0x800'5721    0x26  Code  Gb  port.o [14]
SystemClock_Config       0x800'39d5    0xa0  Code  Gb  main.o [4]
SystemCoreClock         0x2000'306c     0x4  Data  Gb  system_stm32f4xx.o [2]
SystemInit               0x800'5c9d     0xc  Code  Gb  system_stm32f4xx.o [2]
TAMP_STAMP_IRQHandler    0x800'5d45          Code  Wk  startup_stm32f407xx.o [5]
TIM1_BRK_TIM9_IRQHandler
                         0x800'5d9d          Code  Wk  startup_stm32f407xx.o [5]
TIM1_CC_IRQHandler       0x800'5da9          Code  Wk  startup_stm32f407xx.o [5]
TIM1_TRG_COM_TIM11_IRQHandler
                         0x800'5da5          Code  Wk  startup_stm32f407xx.o [5]
TIM1_UP_TIM10_IRQHandler
                         0x800'5da1          Code  Wk  startup_stm32f407xx.o [5]
TIM2_IRQHandler          0x800'5dad          Code  Wk  startup_stm32f407xx.o [5]
TIM3_IRQHandler          0x800'5db1          Code  Wk  startup_stm32f407xx.o [5]
TIM4_IRQHandler          0x800'5db5          Code  Wk  startup_stm32f407xx.o [5]
TIM5_IRQHandler          0x800'5e01          Code  Wk  startup_stm32f407xx.o [5]
TIM6_DAC_IRQHandler      0x800'5c43     0x6  Code  Gb  stm32f4xx_it.o [4]
TIM7_IRQHandler          0x800'5e11          Code  Wk  startup_stm32f407xx.o [5]
TIM8_BRK_TIM12_IRQHandler
                         0x800'5de5          Code  Wk  startup_stm32f407xx.o [5]
TIM8_CC_IRQHandler       0x800'5df1          Code  Wk  startup_stm32f407xx.o [5]
TIM8_TRG_COM_TIM14_IRQHandler
                         0x800'5ded          Code  Wk  startup_stm32f407xx.o [5]
TIM8_UP_TIM13_IRQHandler
                         0x800'5de9          Code  Wk  startup_stm32f407xx.o [5]
TIM_Base_SetConfig       0x800'4ad5    0x9e  Code  Gb  stm32f4xx_hal_tim.o [11]
Tx_Buff                 0x2000'1854  0x1800  Data  Gb  NetworkInterface.o [15]
UART4_IRQHandler         0x800'5e09          Code  Wk  startup_stm32f407xx.o [5]
UART5_IRQHandler         0x800'5e0d          Code  Wk  startup_stm32f407xx.o [5]
USART1_IRQHandler        0x800'5c41     0x2  Code  Gb  stm32f4xx_it.o [4]
USART2_IRQHandler        0x800'5dd1          Code  Wk  startup_stm32f407xx.o [5]
USART3_IRQHandler        0x800'5dd5          Code  Wk  startup_stm32f407xx.o [5]
USART6_IRQHandler        0x800'5e45          Code  Wk  startup_stm32f407xx.o [5]
USBD_CDC                0x2000'3120    0x38  Data  Gb  usbd_cdc.o [13]
USBD_CDC_CfgDesc        0x2000'3158    0x44  Data  Lc  usbd_cdc.o [13]
USBD_CDC_DataIn          0x800'4f89    0x74  Code  Lc  usbd_cdc.o [13]
USBD_CDC_DataOut         0x800'4ffd    0x3c  Code  Lc  usbd_cdc.o [13]
USBD_CDC_DeInit          0x800'4e59    0x60  Code  Lc  usbd_cdc.o [13]
USBD_CDC_DeviceQualifierDesc
                        0x2000'3114     0xc  Data  Lc  usbd_cdc.o [13]
USBD_CDC_EP0_RxReady     0x800'5039    0x34  Code  Lc  usbd_cdc.o [13]
USBD_CDC_GetDeviceQualifierDescriptor
                         0x800'50db     0x8  Code  Gb  usbd_cdc.o [13]
USBD_CDC_GetFSCfgDesc    0x800'506d     0x4  Code  Lc  usbd_cdc.o [13]
USBD_CDC_GetHSCfgDesc    0x800'5071    0x22  Code  Lc  usbd_cdc.o [13]
USBD_CDC_GetOtherSpeedCfgDesc
                         0x800'5093     0x2  Code  Lc  usbd_cdc.o [13]
USBD_CDC_Init            0x800'4d8d    0xc2  Code  Lc  usbd_cdc.o [13]
USBD_CDC_ReceivePacket   0x800'513b    0x26  Code  Gb  usbd_cdc.o [13]
USBD_CDC_RegisterInterface
                         0x800'50ed    0x16  Code  Gb  usbd_cdc.o [13]
USBD_CDC_SetRxBuffer     0x800'5121    0x1a  Code  Gb  usbd_cdc.o [13]
USBD_CDC_SetTxBuffer     0x800'5103    0x1e  Code  Gb  usbd_cdc.o [13]
USBD_CDC_Setup           0x800'4eb9    0xd0  Code  Lc  usbd_cdc.o [13]
USBD_ClrClassConfig      0x800'36c3    0x14  Code  Gb  usbd_core.o [13]
USBD_CoreFindEP          0x800'396b     0x4  Code  Gb  usbd_core.o [13]
USBD_CoreFindIF          0x800'3967     0x4  Code  Gb  usbd_core.o [13]
USBD_CtlContinueRx       0x800'4151     0x4  Code  Gb  usbd_ioreq.o [13]
USBD_CtlContinueSendData
                         0x800'412b     0x4  Code  Gb  usbd_ioreq.o [13]
USBD_CtlError            0x800'40af    0x16  Code  Gb  usbd_ctlreq.o [13]
USBD_CtlPrepareRx        0x800'413b    0x16  Code  Gb  usbd_ioreq.o [13]
USBD_CtlReceiveStatus    0x800'416f     0xe  Code  Gb  usbd_ioreq.o [13]
USBD_CtlSendData         0x800'4119    0x12  Code  Gb  usbd_ioreq.o [13]
USBD_CtlSendStatus       0x800'4161     0xe  Code  Gb  usbd_ioreq.o [13]
USBD_FS_ConfigStrDescriptor
                         0x800'57f5     0xc  Code  Gb  usbd_desc.o [1]
USBD_FS_DeviceDesc      0x2000'31cc    0x14  Data  Gb  usbd_desc.o [1]
USBD_FS_DeviceDescriptor
                         0x800'5799     0x8  Code  Gb  usbd_desc.o [1]
USBD_FS_InterfaceStrDescriptor
                         0x800'581d     0xc  Code  Gb  usbd_desc.o [1]
USBD_FS_LangIDStrDescriptor
                         0x800'57a1     0x8  Code  Gb  usbd_desc.o [1]
USBD_FS_ManufacturerStrDescriptor
                         0x800'57b5     0xa  Code  Gb  usbd_desc.o [1]
USBD_FS_ProductStrDescriptor
                         0x800'57a9     0xc  Code  Gb  usbd_desc.o [1]
USBD_FS_SerialStrDescriptor
                         0x800'57c9    0x2c  Code  Gb  usbd_desc.o [1]
USBD_GetEpDesc           0x800'396f    0x3a  Code  Gb  usbd_core.o [13]
USBD_GetLen              0x800'4105    0x14  Code  Lc  usbd_ctlreq.o [13]
USBD_GetNextDesc         0x800'39a9     0xe  Code  Gb  usbd_core.o [13]
USBD_GetString           0x800'40c5    0x40  Code  Gb  usbd_ctlreq.o [13]
USBD_Get_USB_Status      0x800'323f    0x12  Code  Gb  usbd_conf.o [12]
USBD_Init                0x800'3655    0x26  Code  Gb  usbd_core.o [13]
USBD_Interface_fops_FS  0x2000'319c    0x14  Data  Gb  usbd_cdc_if.o [1]
USBD_LL_ClearStallEP     0x800'31cd     0xc  Code  Gb  usbd_conf.o [12]
USBD_LL_CloseEP          0x800'31b5     0xc  Code  Gb  usbd_conf.o [12]
USBD_LL_DataInStage      0x800'37ad    0xa4  Code  Gb  usbd_core.o [13]
USBD_LL_DataOutStage     0x800'3733    0x7a  Code  Gb  usbd_core.o [13]
USBD_LL_DevConnected     0x800'3943     0x4  Code  Gb  usbd_core.o [13]
USBD_LL_DevDisconnected
                         0x800'3947    0x20  Code  Gb  usbd_core.o [13]
USBD_LL_GetRxDataSize    0x800'3219     0x8  Code  Gb  usbd_conf.o [12]
USBD_LL_Init             0x800'3139    0x56  Code  Gb  usbd_conf.o [12]
USBD_LL_IsStallEP        0x800'31d9    0x1c  Code  Gb  usbd_conf.o [12]
USBD_LL_IsoINIncomplete
                         0x800'38fb    0x1c  Code  Gb  usbd_core.o [13]
USBD_LL_IsoOUTIncomplete
                         0x800'3917    0x1c  Code  Gb  usbd_core.o [13]
USBD_LL_OpenEP           0x800'319f    0x16  Code  Gb  usbd_conf.o [12]
USBD_LL_PrepareReceive   0x800'320d     0xc  Code  Gb  usbd_conf.o [12]
USBD_LL_Reset            0x800'3851    0x60  Code  Gb  usbd_core.o [13]
USBD_LL_Resume           0x800'38cd    0x12  Code  Gb  usbd_core.o [13]
USBD_LL_SOF              0x800'38df    0x1c  Code  Gb  usbd_core.o [13]
USBD_LL_SetSpeed         0x800'38b1     0x6  Code  Gb  usbd_core.o [13]
USBD_LL_SetUSBAddress    0x800'31f5     0xc  Code  Gb  usbd_conf.o [12]
USBD_LL_SetupStage       0x800'36d7    0x5c  Code  Gb  usbd_core.o [13]
USBD_LL_StallEP          0x800'31c1     0xc  Code  Gb  usbd_conf.o [12]
USBD_LL_Start            0x800'318f     0xa  Code  Gb  usbd_conf.o [12]
USBD_LL_Suspend          0x800'38b7    0x16  Code  Gb  usbd_core.o [13]
USBD_LL_Transmit         0x800'3201     0xc  Code  Gb  usbd_conf.o [12]
USBD_LangIDDesc         0x2000'31e0     0x4  Data  Gb  usbd_desc.o [1]
USBD_ParseSetupRequest   0x800'4085    0x2a  Code  Gb  usbd_ctlreq.o [13]
USBD_RegisterClass       0x800'367b    0x32  Code  Gb  usbd_core.o [13]
USBD_SetClassConfig      0x800'36b1    0x12  Code  Gb  usbd_core.o [13]
USBD_SetConfig::cfgidx  0x2000'59d5     0x1  Data  Lc  usbd_ctlreq.o [13]
USBD_Start               0x800'36ad     0x4  Code  Gb  usbd_core.o [13]
USBD_StdDevReq           0x800'3c21   0x296  Code  Gb  usbd_ctlreq.o [13]
USBD_StdEPReq            0x800'3f35   0x148  Code  Gb  usbd_ctlreq.o [13]
USBD_StdItfReq           0x800'3ec5    0x64  Code  Gb  usbd_ctlreq.o [13]
USBD_StrDesc            0x2000'55c4   0x200  Data  Gb  usbd_desc.o [1]
USBD_StringSerial       0x2000'31e4    0x1c  Data  Gb  usbd_desc.o [1]
USBD_static_free         0x800'323d     0x2  Code  Gb  usbd_conf.o [12]
USBD_static_malloc       0x800'3221     0x4  Code  Gb  usbd_conf.o [12]
USBD_static_malloc::mem
                        0x2000'53a4   0x220  Data  Lc  usbd_conf.o [12]
USB_ActivateEndpoint     0x800'2025    0x5a  Code  Gb  stm32f4xx_ll_usb.o [11]
USB_ActivateSetup        0x800'2503    0x18  Code  Gb  stm32f4xx_ll_usb.o [11]
USB_CoreInit             0x800'1c55    0x80  Code  Gb  stm32f4xx_ll_usb.o [11]
USB_CoreReset            0x800'255f    0x54  Code  Lc  stm32f4xx_ll_usb.o [11]
USB_DeactivateEndpoint   0x800'2091    0x48  Code  Gb  stm32f4xx_ll_usb.o [11]
USB_DevConnect           0x800'2465    0x18  Code  Gb  stm32f4xx_ll_usb.o [11]
USB_DevDisconnect        0x800'247d    0x16  Code  Gb  stm32f4xx_ll_usb.o [11]
USB_DevInit              0x800'1e0f   0x16a  Code  Gb  stm32f4xx_ll_usb.o [11]
USB_DisableGlobalInt     0x800'1dab     0x6  Code  Gb  stm32f4xx_ll_usb.o [11]
USB_EP0_OutStart         0x800'251b    0x44  Code  Gb  stm32f4xx_ll_usb.o [11]
USB_EPClearStall         0x800'2417    0x32  Code  Gb  stm32f4xx_ll_usb.o [11]
USB_EPSetStall           0x800'23e7    0x30  Code  Gb  stm32f4xx_ll_usb.o [11]
USB_EPStartXfer          0x800'211d   0x1a8  Code  Gb  stm32f4xx_ll_usb.o [11]
USB_EPStopXfer           0x800'22e5    0x80  Code  Gb  stm32f4xx_ll_usb.o [11]
USB_EnableGlobalInt      0x800'1da3     0x8  Code  Gb  stm32f4xx_ll_usb.o [11]
USB_FlushRxFifo          0x800'1fbd    0x42  Code  Gb  stm32f4xx_ll_usb.o [11]
USB_FlushTxFifo          0x800'1f79    0x44  Code  Gb  stm32f4xx_ll_usb.o [11]
USB_GetDevSpeed          0x800'2009    0x1c  Code  Gb  stm32f4xx_ll_usb.o [11]
USB_GetMode              0x800'24fb     0x8  Code  Gb  stm32f4xx_ll_usb.o [11]
USB_ReadDevAllInEpInterrupt
                         0x800'24b1     0xe  Code  Gb  stm32f4xx_ll_usb.o [11]
USB_ReadDevAllOutEpInterrupt
                         0x800'24a3     0xe  Code  Gb  stm32f4xx_ll_usb.o [11]
USB_ReadDevInEPInterrupt
                         0x800'24d5    0x26  Code  Gb  stm32f4xx_ll_usb.o [11]
USB_ReadDevOutEPInterrupt
                         0x800'24bf    0x16  Code  Gb  stm32f4xx_ll_usb.o [11]
USB_ReadInterrupts       0x800'2499     0xa  Code  Gb  stm32f4xx_ll_usb.o [11]
USB_ReadPacket           0x800'23a7    0x40  Code  Gb  stm32f4xx_ll_usb.o [11]
USB_SetCurrentMode       0x800'1db7    0x58  Code  Gb  stm32f4xx_ll_usb.o [11]
USB_SetDevAddress        0x800'2449    0x16  Code  Gb  stm32f4xx_ll_usb.o [11]
USB_SetDevSpeed          0x800'1fff     0xa  Code  Gb  stm32f4xx_ll_usb.o [11]
USB_SetTurnaroundTime    0x800'1cd5    0xce  Code  Gb  stm32f4xx_ll_usb.o [11]
USB_WritePacket          0x800'2381    0x26  Code  Gb  stm32f4xx_ll_usb.o [11]
UsageFault_Handler       0x800'5c3d     0x2  Code  Gb  stm32f4xx_it.o [4]
UserRxBufferFS          0x2000'3288   0x800  Data  Gb  usbd_cdc_if.o [1]
UserTxBufferFS          0x2000'3a88   0x800  Data  Gb  usbd_cdc_if.o [1]
WWDG_IRQHandler          0x800'5d3d          Code  Wk  startup_stm32f407xx.o [5]
_LC                      0x800'0189     0x6  Code  Lc  xprintffull_nomb.o [16]
_LitobFullNoMb           0x800'0e75   0x114  Code  Lc  xprintffull_nomb.o [16]
_Locale_lconv           0x2000'3200    0x38  Data  Lc  xlocale_c.o [16]
_PrintfFullNoMb          0x800'018f   0xcb8  Code  Gb  xprintffull_nomb.o [16]
_Prout                   0x800'5d0d    0x16  Code  Gb  xprout.o [16]
_PutcharsFullNoMb        0x800'0fe1    0x2e  Code  Lc  xprintffull_nomb.o [16]
__NVIC_SetPriority       0x800'35c5    0x1a  Code  Lc  stm32f4xx_hal_cortex.o [11]
__aeabi_cdcmple          0x800'1221          Code  Gb  DblCmpLe.o [17]
__aeabi_cdrcmple         0x800'1255          Code  Gb  DblCmpGe.o [17]
__aeabi_d2iz             0x800'13c5          Code  Gb  DblToS32.o [17]
__aeabi_d2uiz            0x800'18b9          Code  Gb  DblToU32.o [17]
__aeabi_ddiv             0x800'1671          Code  Gb  DblDiv.o [17]
__aeabi_dmul             0x800'18f9          Code  Gb  DblMul.o [17]
__aeabi_dsub             0x800'158d          Code  Gb  DblAddSub.o [17]
__aeabi_i2d              0x800'13fd          Code  Gb  S32ToDbl.o [17]
__aeabi_ldiv0            0x800'1bb9          Code  Gb  I64DivZer.o [18]
__aeabi_memclr           0x800'528d          Code  Gb  ABImemclr.o [18]
__aeabi_memclr4          0x800'33d1          Code  Gb  ABImemclr4.o [18]
__aeabi_ui2d             0x800'18dd          Code  Gb  U32ToDbl.o [17]
__cmain                  0x800'5cbd          Code  Gb  cmain.o [18]
__dwrite                 0x800'5b75    0x1e  Code  Gb  dwrite.o [19]
__exit                   0x800'1bbd    0x14  Code  Gb  exit.o [19]
__iar_Fail_s             0x800'10ed    0x1c  Code  Gb  xfail_s.o [16]
__iar_Memchr             0x800'1141          Code  Gb  memchr.o [18]
__iar_Memset4_word       0x800'3be1          Code  Gb  ABImemset48.o [18]
__iar_Memset8_word       0x800'3be1          Code  Gb  ABImemset48.o [18]
__iar_Stdout            0x2000'3238    0x48  Data  Gb  xfiles.o [16]
__iar_Strchr             0x800'10d5          Code  Gb  strchr.o [18]
__iar_close_ttio         0x800'1bd1    0x2c  Code  Gb  iarttio.o [19]
__iar_data_init3         0x800'5c0d    0x28  Code  Gb  data_init.o [18]
__iar_frexp              0x800'11bd          Code  Gb  frexp.o [17]
__iar_frexpl             0x800'11bd          Code  Gb  frexp.o [17]
__iar_get_ttio           0x800'1bfd    0x4c  Code  Gb  iarttio.o [19]
__iar_init_vfp           0x800'5c59          Code  Gb  fpinit_M.o [17]
__iar_ldexp64            0x800'1289          Code  Gb  ldexp.o [17]
__iar_lookup_ttioh       0x800'1c4d     0x8  Code  Gb  XShttio.o [16]
__iar_lz77_init_single3
                         0x800'1057    0x7e  Code  Gb  lz77_init_single.o [18]
__iar_program_start      0x800'5cf1          Code  Gb  cstartup_M.o [18]
__iar_scalbln64          0x800'1289          Code  Gb  ldexp.o [17]
__iar_scalbn64           0x800'1289          Code  Gb  ldexp.o [17]
__iar_sh_stdout          0x800'5b93    0x20  Code  Gb  iarwstd.o [19]
__iar_sh_write           0x800'5bb3    0x22  Code  Gb  iarwrite.o [19]
__iar_small_Memcpy       0x800'119d          Code  Gb  ABImemcpy_small.o [18]
__iar_small_Memset       0x800'4bd9          Code  Gb  ABImemset_small.o [18]
__iar_small_Memset_word
                         0x800'4bd9          Code  Gb  ABImemset_small.o [18]
__iar_small_memcpy       0x800'1199          Code  Gb  ABImemcpy_small.o [18]
__iar_small_memcpy4      0x800'1199          Code  Gb  ABImemcpy_small.o [18]
__iar_small_memcpy8      0x800'1199          Code  Gb  ABImemcpy_small.o [18]
__iar_small_memset       0x800'4bd9          Code  Gb  ABImemset_small.o [18]
__iar_small_strlen       0x800'112d          Code  Gb  strlen_small.o [18]
__iar_small_uldivmod     0x800'1aad          Code  Gb  I64DivMod_small.o [18]
__iar_softfp___iar_frexp64
                         0x800'11b1          Code  Gb  frexp.o [17]
__iar_softfp_frexp       0x800'11b1          Code  Gb  frexp.o [17]
__iar_softfp_frexpl      0x800'11b1          Code  Gb  frexp.o [17]
__iar_ttio_handles      0x2000'3280     0x8  Data  Lc  XShttio.o [16]
__iar_zero_init3         0x800'5bd5    0x38  Code  Gb  zero_init3.o [18]
__low_level_init         0x800'5cdb     0x4  Code  Gb  low_level_init.o [16]
__vector_table           0x800'0000          Data  Gb  startup_stm32f407xx.o [5]
__write                  0x800'5b65    0x10  Code  Gb  write.o [19]
_call_main               0x800'5cc9          Code  Gb  cmain.o [18]
_exit                    0x800'5ce5          Code  Gb  cexit.o [18]
abort                    0x800'1bb3     0x6  Code  Gb  abort.o [16]
cliTaskHandle           0x2000'4288     0x4  Data  Gb  cli.o [3]
cliTaskStack            0x2000'42e4   0x600  Data  Gb  cli.o [3]
cliTaskTCB              0x2000'428c    0x58  Data  Gb  cli.o [3]
exit                     0x800'5cdf     0x4  Code  Gb  exit.o [16]
hUsbDeviceFS            0x2000'50c8   0x2dc  Data  Gb  usb_device.o [1]
hpcd_USB_OTG_FS         0x2000'48e4   0x4e4  Data  Gb  usbd_conf.o [12]
htim6                   0x2000'5988    0x48  Data  Gb  stm32f4xx_hal_timebase_tim.o [4]
inputBuffer             0x2000'4dc8   0x100  Data  Gb  cli.o [3]
inputIndex              0x2000'59d4     0x1  Data  Lc  cli_helper.o [3]
ldexp                    0x800'1289          Code  Gb  ldexp.o [17]
ldexpl                   0x800'1289          Code  Gb  ldexp.o [17]
localeconv               0x800'1aa5     0x4  Code  Gb  xlocale_c.o [16]
main                     0x800'39b9    0x1c  Code  Gb  main.o [4]
memchr                   0x800'1141          Code  Gb  memchr.o [18]
obuf                    0x2000'58f0    0x50  Data  Lc  xfiles.o [16]
outputBuffer            0x2000'4ec8   0x200  Data  Gb  cli.o [3]
printf                   0x800'59e5    0x28  Code  Gb  printf.o [16]
prvEMACHandlerTask{2}{3}{4}{5}::uxLowestSemCount
                        0x2000'0050     0x4  Data  Lc  NetworkInterface.o [15]
prvResetNextTaskUnblockTime
                         0x800'54d9    0x1c  Code  Lc  tasks.o [9]
putchar                  0x800'5b21    0x44  Code  Gb  putchar.o [16]
pxCurrentTCB            0x2000'30ac     0x4  Data  Gb  tasks.o [9]
pxDelayedTaskList       0x2000'30b0     0x4  Data  Lc  tasks.o [9]
pxMyInterface           0x2000'0048     0x4  Data  Lc  NetworkInterface.o [15]
pxOverflowDelayedTaskList
                        0x2000'30b4     0x4  Data  Lc  tasks.o [9]
pxReadyTasksLists       0x2000'57c4   0x12c  Data  Lc  tasks.o [9]
scalbln                  0x800'1289          Code  Gb  ldexp.o [17]
scalblnl                 0x800'1289          Code  Gb  ldexp.o [17]
scalbn                   0x800'1289          Code  Gb  ldexp.o [17]
scalbnl                  0x800'1289          Code  Gb  ldexp.o [17]
scale                    0x800'0f89    0x46  Code  Lc  xprintffull_nomb.o [16]
sec_hand                0x2000'59d0     0x4  Data  Lc  xfail_s.o [16]
strchr                   0x800'10d5          Code  Gb  strchr.o [18]
ucMaxSysCallPriority    0x2000'3054     0x1  Data  Lc  port.o [14]
ulMaxPRIGROUPValue      0x2000'305c     0x4  Data  Lc  port.o [14]
uwTick                  0x2000'3064     0x4  Data  Gb  stm32f4xx_hal.o [11]
uwTickFreq              0x2000'3060     0x1  Data  Gb  stm32f4xx_hal.o [11]
uwTickPrio              0x2000'3068     0x4  Data  Gb  stm32f4xx_hal.o [11]
uxCriticalNesting       0x2000'3058     0x4  Data  Lc  port.o [14]
uxCurrentNumberOfTasks  0x2000'30bc     0x4  Data  Lc  tasks.o [9]
uxDeletedTasksWaitingCleanUp
                        0x2000'30b8     0x4  Data  Lc  tasks.o [9]
uxSchedulerSuspended    0x2000'30e8     0x4  Data  Lc  tasks.o [9]
uxTaskNumber            0x2000'30d8     0x4  Data  Lc  tasks.o [9]
uxTopReadyPriority      0x2000'30c4     0x4  Data  Lc  tasks.o [9]
uxTopUsedPriority       0x2000'30e4     0x4  Data  Lc  tasks.o [9]
vPortEnableVFP           0x800'592d          Code  Gb  portasm.o [14]
vPortStartFirstTask      0x800'590d          Code  Gb  portasm.o [14]
vPortValidateInterruptPriority
                         0x800'5749    0x2c  Code  Gb  port.o [14]
vTaskGenericNotifyGiveFromISR
                         0x800'5627    0xcc  Code  Gb  tasks.o [9]
vTaskSwitchContext       0x800'5481    0x50  Code  Gb  tasks.o [9]
xDelayedTaskList1       0x2000'30ec    0x14  Data  Lc  tasks.o [9]
xDelayedTaskList2       0x2000'3100    0x14  Data  Lc  tasks.o [9]
xEMACTaskHandle         0x2000'004c     0x4  Data  Lc  NetworkInterface.o [15]
xETH                    0x2000'5940    0x48  Data  Lc  NetworkInterface.o [15]
xIdleTaskHandles        0x2000'30e0     0x4  Data  Lc  tasks.o [9]
xNextTaskUnblockTime    0x2000'30dc     0x4  Data  Lc  tasks.o [9]
xNumOfOverflows         0x2000'30d4     0x4  Data  Lc  tasks.o [9]
xPendedTicks            0x2000'30cc     0x4  Data  Lc  tasks.o [9]
xPendingReadyList       0x2000'3070    0x14  Data  Lc  tasks.o [9]
xPhyObject              0x2000'0000    0x40  Data  Lc  NetworkInterface.o [15]
xSchedulerRunning       0x2000'30c8     0x4  Data  Lc  tasks.o [9]
xSuspendedTaskList      0x2000'3098    0x14  Data  Lc  tasks.o [9]
xTXDescriptorSemaphore  0x2000'0040     0x4  Data  Lc  NetworkInterface.o [15]
xTaskGenericNotifyFromISR
                         0x800'5505   0x11c  Code  Gb  tasks.o [9]
xTaskIncrementTick       0x800'5355   0x12c  Code  Gb  tasks.o [9]
xTasksWaitingTermination
                        0x2000'3084    0x14  Data  Lc  tasks.o [9]
xTickCount              0x2000'30c0     0x4  Data  Lc  tasks.o [9]
xYieldPendings          0x2000'30d0     0x4  Data  Lc  tasks.o [9]


[1] = C:\Users\Koche\Desktop\Work\Smart Dispenser PRJ\gateway\EWARM\Gateway_407\Obj\App_6048373297342892631.dir
[2] = C:\Users\Koche\Desktop\Work\Smart Dispenser PRJ\gateway\EWARM\Gateway_407\Obj\CMSIS_6603591812247902717.dir
[3] = C:\Users\Koche\Desktop\Work\Smart Dispenser PRJ\gateway\EWARM\Gateway_407\Obj\Cli_11707894225168942927.dir
[4] = C:\Users\Koche\Desktop\Work\Smart Dispenser PRJ\gateway\EWARM\Gateway_407\Obj\Core_13247989168731456611.dir
[5] = C:\Users\Koche\Desktop\Work\Smart Dispenser PRJ\gateway\EWARM\Gateway_407\Obj\EWARM_18443280873093131863.dir
[6] = C:\Users\Koche\Desktop\Work\Smart Dispenser PRJ\gateway\EWARM\Gateway_407\Obj\Ethernet_5605320102233052314.dir
[7] = C:\Users\Koche\Desktop\Work\Smart Dispenser PRJ\gateway\EWARM\Gateway_407\Obj\FreeRTOS-Plu-Cli_11501085631675054166.dir
[8] = C:\Users\Koche\Desktop\Work\Smart Dispenser PRJ\gateway\EWARM\Gateway_407\Obj\FreeRTOS-Plus-TCP_16686340316780321206.dir
[9] = C:\Users\Koche\Desktop\Work\Smart Dispenser PRJ\gateway\EWARM\Gateway_407\Obj\FreeRTOS_15068288790229095433.dir
[10] = C:\Users\Koche\Desktop\Work\Smart Dispenser PRJ\gateway\EWARM\Gateway_407\Obj\Qr_16551614283803889394.dir
[11] = C:\Users\Koche\Desktop\Work\Smart Dispenser PRJ\gateway\EWARM\Gateway_407\Obj\STM32F4xx_HAL_Driver_1244631019742807970.dir
[12] = C:\Users\Koche\Desktop\Work\Smart Dispenser PRJ\gateway\EWARM\Gateway_407\Obj\Target_2794460481546860895.dir
[13] = C:\Users\Koche\Desktop\Work\Smart Dispenser PRJ\gateway\EWARM\Gateway_407\Obj\USB_Device_Library_15009154495834662892.dir
[14] = C:\Users\Koche\Desktop\Work\Smart Dispenser PRJ\gateway\EWARM\Gateway_407\Obj\portable_15954926109208205999.dir
[15] = C:\Users\Koche\Desktop\Work\Smart Dispenser PRJ\gateway\EWARM\Gateway_407\Obj\portable_7947777220660125680.dir
[16] = dl7M_tlf.a
[17] = m7M_tls.a
[18] = rt7M_tl.a
[19] = shb_l.a

  24'127 bytes of readonly  code memory
     450 bytes of readonly  data memory
  24'022 bytes of readwrite data memory

Errors: none
Warnings: none
